terrain: 128x128, 1639 land cells, 22 in basins, 0.0 s
  secs: air 1.6, water 1.0, life 0.0, sums 0.3
year   1: land 10.6 C, rain 1957 mm, evap 45, transp 0, to sea 1817, land bio 0.000, cover 0.00/0.00, h 0.0, eaters 0.00e0, burnt 0, genotypes 0/0, leading 0, mutants -0.000, errs w 5e-14 A 1e-15 C 0e0, 2.9 s
  life secs: accumulate 0.0, cells 0.0, fire 0.0, eaters 0.0, seeds 0.0
  secs: air 1.6, water 1.0, life 0.0, sums 0.3
year   2: land 13.3 C, rain 2128 mm, evap 52, transp 0, to sea 2074, land bio 0.000, cover 0.00/0.00, h 0.0, eaters 0.00e0, burnt 0, genotypes 0/0, leading 0, mutants -0.000, errs w 4e-14 A 4e-16 C 0e0, 2.9 s
  life secs: accumulate 0.0, cells 0.0, fire 0.0, eaters 0.0, seeds 0.0
  secs: air 1.5, water 0.9, life 5.2, sums 0.2
year   3: land 15.0 C, rain 2194 mm, evap 56, transp 2, to sea 2135, land bio 0.007, cover 0.15/0.54, h 0.9, eaters 3.46e-7, burnt 0, genotypes 780/67, leading 253, mutants -0.000, errs w 3e-14 A 6e-15 C 1e-13, 7.8 s
  life secs: accumulate 0.1, cells 4.1, fire 0.0, eaters 0.7, seeds 0.3
  secs: air 1.5, water 0.9, life 4.9, sums 0.2
year   4: land 16.4 C, rain 2231 mm, evap 58, transp 6, to sea 2167, land bio 0.019, cover 0.33/0.60, h 1.2, eaters 4.27e-9, burnt 0, genotypes 835/64, leading 256, mutants 0.000, errs w 5e-14 A 2e-14 C 5e-14, 7.6 s
  life secs: accumulate 0.1, cells 4.3, fire 0.0, eaters 0.1, seeds 0.3
  secs: air 1.6, water 0.9, life 4.3, sums 0.2
year   5: land 17.9 C, rain 2121 mm, evap 60, transp 12, to sea 2051, land bio 0.041, cover 0.49/0.64, h 1.3, eaters 1.78e-10, burnt 0, genotypes 926/52, leading 255, mutants 0.001, errs w 6e-14 A 8e-15 C 8e-15, 7.0 s
  life secs: accumulate 0.1, cells 3.8, fire 0.0, eaters 0.0, seeds 0.3
  secs: air 1.5, water 0.9, life 4.3, sums 0.2
year   6: land 18.0 C, rain 3138 mm, evap 59, transp 22, to sea 3044, land bio 0.073, cover 0.60/0.67, h 1.4, eaters 2.03e-10, burnt 0, genotypes 1001/27, leading 251, mutants 0.001, errs w 4e-14 A 2e-14 C 3e-14, 6.9 s
  life secs: accumulate 0.1, cells 3.7, fire 0.0, eaters 0.0, seeds 0.3
  secs: air 1.6, water 0.9, life 4.2, sums 0.2
year   7: land 17.7 C, rain 2695 mm, evap 55, transp 31, to sea 2617, land bio 0.112, cover 0.70/0.68, h 1.5, eaters 1.44e-9, burnt 0, genotypes 1074/16, leading 253, mutants 0.001, errs w 8e-14 A 7e-15 C 1e-14, 6.9 s
  life secs: accumulate 0.1, cells 3.7, fire 0.0, eaters 0.0, seeds 0.4
  secs: air 1.5, water 0.9, life 4.2, sums 0.2
year   8: land 17.6 C, rain 2813 mm, evap 52, transp 42, to sea 2716, land bio 0.158, cover 0.76/0.69, h 1.6, eaters 1.67e-8, burnt 0, genotypes 1224/26, leading 252, mutants 0.001, errs w 8e-14 A 1e-14 C 4e-15, 6.9 s
  life secs: accumulate 0.2, cells 3.7, fire 0.0, eaters 0.0, seeds 0.4
  secs: air 1.5, water 0.9, life 4.2, sums 0.2
year   9: land 17.2 C, rain 3285 mm, evap 50, transp 49, to sea 3179, land bio 0.206, cover 0.79/0.70, h 1.7, eaters 3.27e-7, burnt 0, genotypes 1342/41, leading 246, mutants 0.001, errs w 6e-14 A 2e-14 C 7e-15, 6.9 s
  life secs: accumulate 0.1, cells 3.7, fire 0.0, eaters 0.0, seeds 0.4
  secs: air 1.6, water 0.9, life 4.4, sums 0.2
year  10: land 18.1 C, rain 3231 mm, evap 51, transp 55, to sea 3128, land bio 0.262, cover 0.82/0.70, h 1.7, eaters 1.43e-5, burnt 0, genotypes 1395/89, leading 243, mutants 0.001, errs w 7e-14 A 8e-15 C 3e-14, 7.1 s
  life secs: accumulate 0.2, cells 3.8, fire 0.0, eaters 0.1, seeds 0.4
  secs: air 1.6, water 0.9, life 4.5, sums 0.2
year  11: land 18.6 C, rain 2716 mm, evap 51, transp 57, to sea 2616, land bio 0.316, cover 0.85/0.70, h 1.8, eaters 3.13e-5, burnt 0, genotypes 1520/110, leading 240, mutants 0.001, errs w 6e-14 A 3e-14 C 9e-15, 7.3 s
  life secs: accumulate 0.1, cells 3.9, fire 0.0, eaters 0.2, seeds 0.3
  secs: air 1.6, water 0.9, life 4.7, sums 0.2
year  12: land 18.1 C, rain 3195 mm, evap 50, transp 59, to sea 3079, land bio 0.360, cover 0.87/0.70, h 1.8, eaters 5.24e-5, burnt 0, genotypes 1612/136, leading 240, mutants 0.001, errs w 8e-14 A 2e-14 C 1e-14, 7.5 s
  life secs: accumulate 0.1, cells 4.0, fire 0.0, eaters 0.2, seeds 0.3
  secs: air 1.6, water 0.9, life 4.7, sums 0.2
year  13: land 18.0 C, rain 3043 mm, evap 49, transp 58, to sea 2940, land bio 0.403, cover 0.88/0.71, h 1.9, eaters 4.84e-5, burnt 0, genotypes 1636/181, leading 242, mutants 0.001, errs w 7e-14 A 7e-15 C 1e-14, 7.4 s
  life secs: accumulate 0.1, cells 4.0, fire 0.0, eaters 0.3, seeds 0.3
  secs: air 1.6, water 0.9, life 5.0, sums 0.2
year  14: land 16.9 C, rain 2653 mm, evap 47, transp 62, to sea 2550, land bio 0.434, cover 0.88/0.71, h 1.9, eaters 1.07e-4, burnt 0, genotypes 1699/221, leading 242, mutants 0.001, errs w 1e-13 A 2e-14 C 1e-14, 7.7 s
  life secs: accumulate 0.1, cells 4.1, fire 0.0, eaters 0.4, seeds 0.3
  secs: air 1.6, water 0.9, life 5.0, sums 0.2
year  15: land 17.2 C, rain 2833 mm, evap 48, transp 57, to sea 2725, land bio 0.464, cover 0.89/0.71, h 1.9, eaters 1.02e-4, burnt 0, genotypes 1674/235, leading 239, mutants 0.001, errs w 1e-13 A 7e-16 C 2e-14, 7.7 s
  life secs: accumulate 0.1, cells 4.1, fire 0.0, eaters 0.5, seeds 0.3
bodies sown: 25 (no form 56, no soil 219, no water 0)
  secs: air 1.7, water 1.0, life 10.3, sums 0.2
year  16: land 16.2 C, rain 3056 mm, evap 46, transp 60, to sea 2948, land bio 0.488, cover 0.89/0.71, h 2.0, eaters 1.08e-4, burnt 0, genotypes 1717/175, leading 243, mutants 0.001, errs w 1e-13 A 1e-14 C 2e-15, 13.3 s
  life secs: accumulate 0.2, cells 4.4, fire 0.0, eaters 0.5, seeds 0.4
  bodies 103 (616310148 animals, 3.4% of land cells, 35% at sea), genotypes 24, births 81, splits 12, deaths [5.0, 0.0, 7.0, 1.0, 0.0, 0.0, 2.0, 0.0, 0.0], ate [0.023, 0.032, 0.001, 34.452, 0.0, 0.0], catches 22104 presses 13350 breaks 4 killed 149782 riders 13350, secs 1.7/0.1/1.6/0.0
  secs: air 1.7, water 1.0, life 12.5, sums 0.3
year  17: land 16.3 C, rain 3557 mm, evap 46, transp 61, to sea 3444, land bio 0.520, cover 0.88/0.71, h 2.0, eaters 1.25e-4, burnt 0, genotypes 1855/134, leading 244, mutants 0.001, errs w 1e-13 A 3e-14 C 2e-14, 15.4 s
  life secs: accumulate 0.2, cells 4.3, fire 0.0, eaters 0.5, seeds 0.4
  bodies 360 (491733471 animals, 8.1% of land cells, 52% at sea), genotypes 33, births 188, splits 100, deaths [7.0, 1.0, 0.0, 0.0, 0.0, 0.0, 23.0, 0.0, 0.0], ate [0.059, 0.095, 0.004, 228.962, 0.003, 0.003], catches 46694 presses 3338 breaks 12 killed 321832 riders 3338, secs 2.8/0.2/2.6/0.1
  secs: air 1.7, water 1.1, life 17.1, sums 0.3
year  18: land 15.5 C, rain 3589 mm, evap 45, transp 62, to sea 3483, land bio 0.558, cover 0.88/0.72, h 2.0, eaters 1.27e-4, burnt 0, genotypes 1911/104, leading 242, mutants 0.001, errs w 1e-13 A 2e-14 C 4e-15, 20.2 s
  life secs: accumulate 0.2, cells 4.2, fire 0.0, eaters 0.5, seeds 0.4
  bodies 644 (474772461 animals, 10.8% of land cells, 65% at sea), genotypes 38, births 143, splits 168, deaths [14.0, 0.0, 2.0, 0.0, 0.0, 0.0, 11.0, 0.0, 0.0], ate [0.269, 0.276, 0.038, 720.387, 0.006, 0.069], catches 58409 presses 10444 breaks 5 killed 99104 riders 10114, secs 5.2/0.4/4.6/0.3
  secs: air 1.7, water 1.1, life 19.9, sums 0.3
year  19: land 14.3 C, rain 3933 mm, evap 43, transp 64, to sea 3822, land bio 0.591, cover 0.87/0.75, h 2.0, eaters 1.38e-4, burnt 0, genotypes 2151/105, leading 232, mutants 0.001, errs w 1e-13 A 5e-15 C 4e-15, 23.1 s
  life secs: accumulate 0.2, cells 4.1, fire 0.0, eaters 0.6, seeds 0.4
  bodies 738 (56118081 animals, 13.4% of land cells, 62% at sea), genotypes 38, births 91, splits 125, deaths [89.0, 0.0, 0.0, 2.0, 0.0, 0.0, 25.0, 0.0, 6.0], ate [0.282, 0.319, 0.017, 1010.291, 0.058, 0.035], catches 33372 presses 913 breaks 6 killed 224972 riders 385, secs 6.7/0.5/5.6/0.4
  secs: air 1.8, water 1.1, life 20.9, sums 0.3
year  20: land 14.2 C, rain 4030 mm, evap 43, transp 62, to sea 3925, land bio 0.622, cover 0.86/0.81, h 2.1, eaters 1.37e-4, burnt 1, genotypes 2523/81, leading 219, mutants 0.001, errs w 1e-13 A 1e-14 C 1e-14, 24.1 s
  life secs: accumulate 0.2, cells 4.1, fire 0.0, eaters 0.6, seeds 0.4
  bodies 732 (54841402 animals, 12.8% of land cells, 65% at sea), genotypes 40, births 60, splits 104, deaths [139.0, 0.0, 6.0, 6.0, 0.0, 0.0, 17.0, 0.0, 2.0], ate [0.346, 0.348, 0.02, 1149.133, 0.031, 0.007], catches 157 presses 139 breaks 1 killed 25958 riders 22, secs 7.3/0.5/6.0/0.4
  secs: air 1.7, water 1.1, life 20.2, sums 0.3
year  21: land 14.9 C, rain 3448 mm, evap 44, transp 61, to sea 3350, land bio 0.655, cover 0.85/0.89, h 2.1, eaters 1.28e-4, burnt 0, genotypes 2853/87, leading 181, mutants 0.001, errs w 1e-13 A 2e-14 C 8e-15, 23.3 s
  life secs: accumulate 0.2, cells 4.2, fire 0.0, eaters 0.6, seeds 0.4
  bodies 721 (53293051 animals, 12.3% of land cells, 65% at sea), genotypes 43, births 38, splits 74, deaths [115.0, 0.0, 0.0, 4.0, 0.0, 0.0, 4.0, 0.0, 0.0], ate [0.326, 0.404, 0.018, 1218.04, 0.013, 0.0], catches 8 presses 8 breaks 0 killed 0 riders 8, secs 6.8/0.5/5.7/0.4
  secs: air 1.7, water 1.1, life 20.2, sums 0.3
year  22: land 14.5 C, rain 3151 mm, evap 43, transp 62, to sea 3048, land bio 0.684, cover 0.85/0.95, h 2.0, eaters 1.36e-4, burnt 0, genotypes 3138/105, leading 178, mutants 0.002, errs w 1e-13 A 1e-14 C 2e-14, 23.3 s
  life secs: accumulate 0.2, cells 4.2, fire 0.0, eaters 0.6, seeds 0.4
  bodies 737 (52350724 animals, 11.7% of land cells, 67% at sea), genotypes 46, births 50, splits 90, deaths [110.0, 0.0, 2.0, 8.0, 0.0, 0.0, 4.0, 0.0, 0.0], ate [0.38, 0.525, 0.021, 1337.849, 0.007, 0.0], catches 0 presses 0 breaks 0 killed 0 riders 0, secs 6.9/0.5/5.6/0.4
  secs: air 1.7, water 1.1, life 20.4, sums 0.3
year  23: land 15.6 C, rain 2806 mm, evap 45, transp 61, to sea 2705, land bio 0.714, cover 0.85/0.98, h 2.1, eaters 1.33e-4, burnt 0, genotypes 3434/121, leading 166, mutants 0.002, errs w 1e-13 A 6e-15 C 3e-14, 23.5 s
  life secs: accumulate 0.2, cells 4.1, fire 0.0, eaters 0.6, seeds 0.4
  bodies 754 (52973872 animals, 11.2% of land cells, 70% at sea), genotypes 52, births 53, splits 62, deaths [96.0, 0.0, 0.0, 2.0, 0.0, 0.0, 0.0, 0.0, 0.0], ate [0.368, 0.73, 0.021, 1483.042, 0.003, 0.0], catches 0 presses 0 breaks 0 killed 0 riders 0, secs 7.1/0.5/5.7/0.4
  secs: air 1.7, water 1.1, life 20.5, sums 0.3
year  24: land 15.6 C, rain 2255 mm, evap 44, transp 62, to sea 2158, land bio 0.725, cover 0.85/0.99, h 2.0, eaters 1.41e-4, burnt 0, genotypes 3596/105, leading 165, mutants 0.002, errs w 1e-13 A 1e-14 C 4e-14, 23.6 s
  life secs: accumulate 0.2, cells 4.1, fire 0.0, eaters 0.6, seeds 0.4
  bodies 748 (51979720 animals, 9.6% of land cells, 73% at sea), genotypes 52, births 38, splits 70, deaths [108.0, 0.0, 0.0, 2.0, 0.0, 0.0, 4.0, 0.0, 0.0], ate [0.399, 0.693, 0.025, 1490.164, 0.003, 0.0], catches 0 presses 0 breaks 0 killed 0 riders 0, secs 7.1/0.5/5.7/0.4
  secs: air 1.7, water 1.0, life 20.7, sums 0.3
year  25: land 14.8 C, rain 2508 mm, evap 43, transp 63, to sea 2395, land bio 0.729, cover 0.86/0.99, h 2.1, eaters 1.63e-4, burnt 0, genotypes 3640/102, leading 165, mutants 0.002, errs w 1e-13 A 6e-15 C 1e-14, 23.7 s
  life secs: accumulate 0.2, cells 4.1, fire 0.0, eaters 0.6, seeds 0.4
  bodies 802 (55140962 animals, 10.6% of land cells, 73% at sea), genotypes 51, births 63, splits 103, deaths [99.0, 0.0, 0.0, 5.0, 0.0, 0.0, 8.0, 0.0, 0.0], ate [0.363, 0.554, 0.024, 1612.495, 0.007, 0.0], catches 0 presses 0 breaks 0 killed 0 riders 0, secs 7.1/0.6/5.8/0.4
  secs: air 1.7, water 1.1, life 21.2, sums 0.3
year  26: land 14.0 C, rain 2257 mm, evap 41, transp 63, to sea 2158, land bio 0.724, cover 0.86/1.00, h 2.1, eaters 1.86e-4, burnt 0, genotypes 3846/119, leading 162, mutants 0.002, errs w 1e-13 A 2e-14 C 8e-15, 24.2 s
  life secs: accumulate 0.2, cells 4.0, fire 0.0, eaters 0.6, seeds 0.4
  bodies 829 (59249796 animals, 11.4% of land cells, 74% at sea), genotypes 53, births 72, splits 72, deaths [86.0, 0.0, 0.0, 4.0, 0.0, 0.0, 27.0, 0.0, 0.0], ate [0.377, 0.443, 0.024, 1803.19, 0.003, 0.0], catches 0 presses 0 breaks 0 killed 0 riders 0, secs 7.5/0.6/6.0/0.4
  secs: air 1.7, water 1.1, life 22.0, sums 0.3
year  27: land 15.7 C, rain 2455 mm, evap 44, transp 60, to sea 2347, land bio 0.725, cover 0.86/1.00, h 2.2, eaters 1.64e-4, burnt 1, genotypes 3968/147, leading 160, mutants 0.002, errs w 1e-13 A 4e-15 C 1e-14, 25.1 s
  life secs: accumulate 0.2, cells 4.0, fire 0.0, eaters 0.6, seeds 0.4
  bodies 925 (67171743 animals, 12.3% of land cells, 74% at sea), genotypes 60, births 141, splits 160, deaths [95.0, 0.0, 0.0, 6.0, 0.0, 0.0, 104.0, 0.0, 0.0], ate [0.427, 0.497, 0.029, 2038.797, 0.005, 0.0], catches 0 presses 0 breaks 0 killed 0 riders 0, secs 7.9/0.6/6.5/0.4
  secs: air 1.7, water 1.1, life 23.3, sums 0.3
year  28: land 16.7 C, rain 2249 mm, evap 46, transp 60, to sea 2147, land bio 0.742, cover 0.87/1.00, h 2.2, eaters 1.36e-4, burnt 0, genotypes 4057/141, leading 157, mutants 0.003, errs w 1e-13 A 3e-14 C 5e-14, 26.3 s
  life secs: accumulate 0.2, cells 4.0, fire 0.0, eaters 0.5, seeds 0.4
  bodies 1022 (73652301 animals, 13.8% of land cells, 73% at sea), genotypes 64, births 149, splits 149, deaths [86.0, 1.0, 0.0, 4.0, 0.0, 0.0, 110.0, 0.0, 0.0], ate [0.475, 0.54, 0.042, 2218.727, 0.004, 0.0], catches 0 presses 0 breaks 0 killed 0 riders 0, secs 8.7/0.6/6.9/0.5
  secs: air 1.7, water 1.1, life 24.8, sums 0.3
year  29: land 16.3 C, rain 2598 mm, evap 45, transp 64, to sea 2482, land bio 0.760, cover 0.87/1.00, h 2.1, eaters 1.63e-4, burnt 0, genotypes 4389/114, leading 154, mutants 0.003, errs w 2e-13 A 2e-15 C 2e-14, 27.9 s
  life secs: accumulate 0.2, cells 3.9, fire 0.0, eaters 0.5, seeds 0.4
  bodies 1192 (85512904 animals, 16.7% of land cells, 72% at sea), genotypes 80, births 183, splits 153, deaths [97.0, 0.0, 2.0, 1.0, 0.0, 0.0, 66.0, 0.0, 0.0], ate [0.555, 0.63, 0.043, 2559.765, 0.004, 0.0], catches 0 presses 0 breaks 0 killed 0 riders 0, secs 9.6/0.7/7.5/0.6
  secs: air 1.8, water 1.1, life 29.5, sums 0.3
year  30: land 16.4 C, rain 2451 mm, evap 45, transp 63, to sea 2346, land bio 0.785, cover 0.88/1.00, h 2.1, eaters 1.63e-4, burnt 0, genotypes 4600/86, leading 154, mutants 0.003, errs w 2e-13 A 3e-14 C 7e-15, 32.7 s
  life secs: accumulate 0.2, cells 4.0, fire 0.0, eaters 0.5, seeds 0.4
  bodies 1566 (119324704 animals, 23.6% of land cells, 69% at sea), genotypes 110, births 387, splits 173, deaths [130.0, 1.0, 0.0, 4.0, 0.0, 0.0, 51.0, 0.0, 0.0], ate [0.722, 0.544, 0.053, 3310.541, 0.003, 0.0], catches 0 presses 0 breaks 0 killed 0 riders 0, secs 12.0/1.0/9.1/0.8
done: experiments/e111_holds/results/set/all in 450 s
