terrain: 128x128, 1639 land cells, 22 in basins, 0.0 s
  secs: air 1.1, water 0.6, life 0.0, sums 0.1
year   1: land 10.6 C, rain 1957 mm, evap 45, transp 0, to sea 1817, land bio 0.000, cover 0.00/0.00, h 0.0, eaters 0.00e0, burnt 0, genotypes 0/0, leading 0, mutants -0.000, errs w 5e-14 A 1e-15 C 0e0, 1.8 s
  life secs: accumulate 0.0, cells 0.0, fire 0.0, eaters 0.0, seeds 0.0
  secs: air 1.0, water 0.6, life 0.0, sums 0.1
year   2: land 13.3 C, rain 2128 mm, evap 52, transp 0, to sea 2074, land bio 0.000, cover 0.00/0.00, h 0.0, eaters 0.00e0, burnt 0, genotypes 0/0, leading 0, mutants -0.000, errs w 4e-14 A 4e-16 C 0e0, 1.8 s
  life secs: accumulate 0.0, cells 0.0, fire 0.0, eaters 0.0, seeds 0.0
  secs: air 1.1, water 0.6, life 3.0, sums 0.2
year   3: land 15.0 C, rain 2194 mm, evap 56, transp 2, to sea 2135, land bio 0.007, cover 0.15/0.54, h 0.9, eaters 3.46e-7, burnt 0, genotypes 780/67, leading 253, mutants -0.000, errs w 3e-14 A 6e-15 C 1e-13, 4.9 s
  life secs: accumulate 0.1, cells 2.2, fire 0.0, eaters 0.5, seeds 0.2
  secs: air 1.1, water 0.6, life 2.7, sums 0.2
year   4: land 16.4 C, rain 2231 mm, evap 58, transp 6, to sea 2167, land bio 0.019, cover 0.33/0.60, h 1.2, eaters 4.27e-9, burnt 0, genotypes 835/64, leading 256, mutants 0.000, errs w 5e-14 A 2e-14 C 5e-14, 4.6 s
  life secs: accumulate 0.1, cells 2.2, fire 0.0, eaters 0.1, seeds 0.3
  secs: air 1.1, water 0.6, life 2.3, sums 0.1
year   5: land 17.9 C, rain 2121 mm, evap 60, transp 12, to sea 2051, land bio 0.041, cover 0.49/0.64, h 1.3, eaters 1.78e-10, burnt 0, genotypes 926/52, leading 255, mutants 0.001, errs w 6e-14 A 8e-15 C 8e-15, 4.1 s
  life secs: accumulate 0.1, cells 1.9, fire 0.0, eaters 0.0, seeds 0.3
  secs: air 1.1, water 0.6, life 2.3, sums 0.1
year   6: land 18.0 C, rain 3138 mm, evap 59, transp 22, to sea 3044, land bio 0.073, cover 0.60/0.67, h 1.4, eaters 2.03e-10, burnt 0, genotypes 1001/27, leading 251, mutants 0.001, errs w 4e-14 A 2e-14 C 3e-14, 4.1 s
  life secs: accumulate 0.1, cells 1.9, fire 0.0, eaters 0.0, seeds 0.3
  secs: air 1.1, water 0.6, life 2.3, sums 0.1
year   7: land 17.7 C, rain 2695 mm, evap 55, transp 31, to sea 2617, land bio 0.112, cover 0.70/0.68, h 1.5, eaters 1.44e-9, burnt 0, genotypes 1074/16, leading 253, mutants 0.001, errs w 8e-14 A 7e-15 C 1e-14, 4.2 s
  life secs: accumulate 0.1, cells 1.9, fire 0.0, eaters 0.0, seeds 0.3
  secs: air 1.1, water 0.6, life 2.3, sums 0.1
year   8: land 17.6 C, rain 2813 mm, evap 52, transp 42, to sea 2716, land bio 0.158, cover 0.76/0.69, h 1.6, eaters 1.67e-8, burnt 0, genotypes 1224/26, leading 252, mutants 0.001, errs w 8e-14 A 1e-14 C 4e-15, 4.2 s
  life secs: accumulate 0.1, cells 1.9, fire 0.0, eaters 0.0, seeds 0.3
  secs: air 1.1, water 0.6, life 2.3, sums 0.1
year   9: land 17.2 C, rain 3285 mm, evap 50, transp 49, to sea 3179, land bio 0.206, cover 0.79/0.70, h 1.7, eaters 3.27e-7, burnt 0, genotypes 1342/41, leading 246, mutants 0.001, errs w 6e-14 A 2e-14 C 7e-15, 4.2 s
  life secs: accumulate 0.1, cells 1.9, fire 0.0, eaters 0.0, seeds 0.3
  secs: air 1.1, water 0.6, life 2.4, sums 0.1
year  10: land 18.1 C, rain 3231 mm, evap 51, transp 55, to sea 3128, land bio 0.262, cover 0.82/0.70, h 1.7, eaters 1.43e-5, burnt 0, genotypes 1395/89, leading 243, mutants 0.001, errs w 7e-14 A 8e-15 C 3e-14, 4.2 s
  life secs: accumulate 0.1, cells 1.9, fire 0.0, eaters 0.1, seeds 0.3
  secs: air 1.1, water 0.6, life 2.4, sums 0.1
year  11: land 18.6 C, rain 2716 mm, evap 51, transp 57, to sea 2616, land bio 0.316, cover 0.85/0.70, h 1.8, eaters 3.13e-5, burnt 0, genotypes 1520/110, leading 240, mutants 0.001, errs w 6e-14 A 3e-14 C 9e-15, 4.2 s
  life secs: accumulate 0.1, cells 1.9, fire 0.0, eaters 0.1, seeds 0.3
  secs: air 1.1, water 0.6, life 2.6, sums 0.1
year  12: land 18.1 C, rain 3195 mm, evap 50, transp 59, to sea 3079, land bio 0.360, cover 0.87/0.70, h 1.8, eaters 5.24e-5, burnt 0, genotypes 1612/136, leading 240, mutants 0.001, errs w 8e-14 A 2e-14 C 1e-14, 4.4 s
  life secs: accumulate 0.1, cells 2.0, fire 0.0, eaters 0.2, seeds 0.3
  secs: air 1.1, water 0.6, life 2.6, sums 0.2
year  13: land 18.0 C, rain 3043 mm, evap 49, transp 58, to sea 2940, land bio 0.403, cover 0.88/0.71, h 1.9, eaters 4.84e-5, burnt 0, genotypes 1636/181, leading 242, mutants 0.001, errs w 7e-14 A 7e-15 C 1e-14, 4.5 s
  life secs: accumulate 0.1, cells 2.0, fire 0.0, eaters 0.2, seeds 0.2
  secs: air 1.1, water 0.6, life 2.7, sums 0.1
year  14: land 16.9 C, rain 2653 mm, evap 47, transp 62, to sea 2550, land bio 0.434, cover 0.88/0.71, h 1.9, eaters 1.07e-4, burnt 0, genotypes 1699/221, leading 242, mutants 0.001, errs w 1e-13 A 2e-14 C 1e-14, 4.6 s
  life secs: accumulate 0.1, cells 2.0, fire 0.0, eaters 0.3, seeds 0.3
  secs: air 1.1, water 0.6, life 2.8, sums 0.1
year  15: land 17.2 C, rain 2833 mm, evap 48, transp 57, to sea 2725, land bio 0.464, cover 0.89/0.71, h 1.9, eaters 1.02e-4, burnt 0, genotypes 1674/235, leading 239, mutants 0.001, errs w 1e-13 A 7e-16 C 2e-14, 4.6 s
  life secs: accumulate 0.1, cells 2.1, fire 0.0, eaters 0.3, seeds 0.3
bodies sown: 25 (no form 56, no soil 219, no water 0)
  secs: air 1.1, water 0.6, life 6.3, sums 0.2
year  16: land 16.2 C, rain 3056 mm, evap 46, transp 60, to sea 2948, land bio 0.488, cover 0.89/0.71, h 2.0, eaters 1.08e-4, burnt 0, genotypes 1717/175, leading 243, mutants 0.001, errs w 1e-13 A 1e-14 C 2e-15, 8.3 s
  life secs: accumulate 0.1, cells 2.2, fire 0.0, eaters 0.4, seeds 0.3
  bodies 103 (616310148 animals, 3.4% of land cells, 35% at sea), genotypes 24, births 81, splits 12, deaths [5.0, 0.0, 7.0, 1.0, 0.0, 0.0, 2.0, 0.0, 0.0], ate [0.023, 0.032, 0.001, 34.452, 0.0, 0.0], catches 22104 presses 13350 breaks 4 killed 149782 riders 13350, secs 1.2/0.0/1.2/0.0
  secs: air 1.1, water 0.6, life 7.3, sums 0.2
year  17: land 16.3 C, rain 3557 mm, evap 46, transp 61, to sea 3444, land bio 0.520, cover 0.88/0.71, h 2.0, eaters 1.25e-4, burnt 0, genotypes 1855/134, leading 244, mutants 0.001, errs w 1e-13 A 3e-14 C 2e-14, 9.2 s
  life secs: accumulate 0.1, cells 2.1, fire 0.0, eaters 0.4, seeds 0.3
  bodies 360 (491733471 animals, 8.1% of land cells, 52% at sea), genotypes 33, births 188, splits 100, deaths [7.0, 1.0, 0.0, 0.0, 0.0, 0.0, 23.0, 0.0, 0.0], ate [0.059, 0.095, 0.004, 228.962, 0.003, 0.003], catches 46694 presses 3338 breaks 12 killed 321832 riders 3338, secs 1.7/0.1/1.6/0.1
  secs: air 1.1, water 0.6, life 9.8, sums 0.2
year  18: land 15.5 C, rain 3589 mm, evap 45, transp 62, to sea 3483, land bio 0.558, cover 0.88/0.72, h 2.0, eaters 1.27e-4, burnt 0, genotypes 1911/104, leading 242, mutants 0.001, errs w 1e-13 A 2e-14 C 4e-15, 11.7 s
  life secs: accumulate 0.1, cells 2.1, fire 0.0, eaters 0.4, seeds 0.3
  bodies 644 (474772461 animals, 10.8% of land cells, 65% at sea), genotypes 38, births 143, splits 168, deaths [14.0, 0.0, 2.0, 0.0, 0.0, 0.0, 11.0, 0.0, 0.0], ate [0.269, 0.276, 0.038, 720.387, 0.006, 0.069], catches 58409 presses 10444 breaks 5 killed 99104 riders 10114, secs 2.9/0.3/2.5/0.2
  secs: air 1.2, water 0.7, life 10.9, sums 0.2
year  19: land 14.3 C, rain 3933 mm, evap 43, transp 64, to sea 3822, land bio 0.591, cover 0.87/0.75, h 2.0, eaters 1.38e-4, burnt 0, genotypes 2151/105, leading 232, mutants 0.001, errs w 1e-13 A 5e-15 C 4e-15, 13.0 s
  life secs: accumulate 0.1, cells 2.1, fire 0.0, eaters 0.4, seeds 0.3
  bodies 738 (56118081 animals, 13.4% of land cells, 62% at sea), genotypes 38, births 91, splits 125, deaths [89.0, 0.0, 0.0, 2.0, 0.0, 0.0, 25.0, 0.0, 6.0], ate [0.282, 0.319, 0.017, 1010.291, 0.058, 0.035], catches 33372 presses 913 breaks 6 killed 224972 riders 385, secs 3.6/0.3/3.0/0.3
  secs: air 1.1, water 0.7, life 11.3, sums 0.2
year  20: land 14.2 C, rain 4030 mm, evap 43, transp 62, to sea 3925, land bio 0.622, cover 0.86/0.81, h 2.1, eaters 1.37e-4, burnt 1, genotypes 2523/81, leading 219, mutants 0.001, errs w 1e-13 A 1e-14 C 1e-14, 13.2 s
  life secs: accumulate 0.1, cells 2.1, fire 0.0, eaters 0.4, seeds 0.3
  bodies 732 (54841402 animals, 12.8% of land cells, 65% at sea), genotypes 40, births 60, splits 104, deaths [139.0, 0.0, 6.0, 6.0, 0.0, 0.0, 17.0, 0.0, 2.0], ate [0.346, 0.348, 0.02, 1149.133, 0.031, 0.007], catches 157 presses 139 breaks 1 killed 25958 riders 22, secs 3.7/0.3/3.1/0.3
designed body 302: adult 9.98 kg, voxels 56, frame 0.03 muscle 0.54 gut 0.34 fat 0.05, legs 0.368, bite 0.169, mouth 12.00, tip 0.00, pull [1.989990234375, -2.989990234375, -1.989990234375, -5.969970703125, 0.0, 0.0], press [1.0, 0.0, -3.97998046875, 0.0, 0.0, 0.0]
designed bodies put in: 50 of 50, 100 animals each
  secs: air 1.1, water 0.7, life 11.2, sums 0.2
year  21: land 14.9 C, rain 3448 mm, evap 44, transp 61, to sea 3350, land bio 0.655, cover 0.86/0.88, h 2.1, eaters 1.27e-4, burnt 0, genotypes 2820/100, leading 184, mutants 0.001, errs w 1e-13 A 1e-14 C 2e-14, 13.2 s
  life secs: accumulate 0.1, cells 2.1, fire 0.0, eaters 0.4, seeds 0.3
  bodies 739 (52941919 animals, 11.8% of land cells, 67% at sea), genotypes 42, births 38, splits 97, deaths [117.0, 0.0, 0.0, 7.0, 0.0, 1.0, 4.0, 0.0, 49.0], ate [0.421, 0.447, 0.023, 1252.543, 0.008, 0.003], catches 767 presses 767 breaks 14 killed 9089 riders 11, secs 3.7/0.3/3.0/0.3
  secs: air 1.1, water 0.7, life 11.2, sums 0.2
year  22: land 14.5 C, rain 3151 mm, evap 43, transp 62, to sea 3048, land bio 0.685, cover 0.85/0.94, h 2.0, eaters 1.36e-4, burnt 0, genotypes 3109/111, leading 177, mutants 0.002, errs w 2e-13 A 2e-15 C 0e0, 13.2 s
  life secs: accumulate 0.1, cells 2.0, fire 0.0, eaters 0.4, seeds 0.3
  bodies 713 (50971349 animals, 10.5% of land cells, 70% at sea), genotypes 44, births 40, splits 73, deaths [130.0, 0.0, 2.0, 3.0, 0.0, 0.0, 4.0, 0.0, 0.0], ate [0.411, 0.537, 0.026, 1339.445, 0.007, 0.0], catches 0 presses 0 breaks 0 killed 0 riders 0, secs 3.7/0.3/3.0/0.3
  secs: air 1.2, water 0.7, life 11.8, sums 0.2
year  23: land 15.6 C, rain 2806 mm, evap 45, transp 60, to sea 2705, land bio 0.714, cover 0.85/0.98, h 2.1, eaters 1.31e-4, burnt 0, genotypes 3371/107, leading 176, mutants 0.002, errs w 2e-13 A 1e-14 C 1e-14, 13.8 s
  life secs: accumulate 0.1, cells 2.0, fire 0.0, eaters 0.4, seeds 0.3
  bodies 959 (71641835 animals, 15.7% of land cells, 62% at sea), genotypes 68, births 257, splits 102, deaths [112.0, 0.0, 0.0, 1.0, 0.0, 0.0, 0.0, 0.0, 0.0], ate [0.368, 0.696, 0.02, 1670.765, 0.006, 0.0], catches 570 presses 0 breaks 0 killed 0 riders 0, secs 4.0/0.4/3.3/0.3
  secs: air 1.2, water 0.7, life 14.8, sums 0.2
year  24: land 15.6 C, rain 2255 mm, evap 44, transp 62, to sea 2158, land bio 0.725, cover 0.86/0.99, h 2.1, eaters 1.42e-4, burnt 2, genotypes 3593/93, leading 173, mutants 0.002, errs w 2e-13 A 3e-14 C 1e-14, 16.9 s
  life secs: accumulate 0.1, cells 2.0, fire 0.0, eaters 0.4, seeds 0.3
  bodies 1684 (129575832 animals, 27.8% of land cells, 61% at sea), genotypes 115, births 704, splits 290, deaths [257.0, 0.0, 0.0, 8.0, 0.0, 0.0, 4.0, 0.0, 0.0], ate [0.473, 0.634, 0.03, 3217.3, 0.004, 0.0], catches 597 presses 0 breaks 0 killed 0 riders 0, secs 5.5/0.5/4.4/0.5
  secs: air 1.2, water 0.7, life 22.5, sums 0.2
year  25: land 14.8 C, rain 2508 mm, evap 43, transp 62, to sea 2396, land bio 0.719, cover 0.87/1.00, h 2.1, eaters 1.58e-4, burnt 0, genotypes 3827/119, leading 161, mutants 0.002, errs w 2e-13 A 1e-14 C 6e-15, 24.6 s
  life secs: accumulate 0.1, cells 2.0, fire 0.0, eaters 0.4, seeds 0.3
  bodies 2890 (231892198 animals, 45.5% of land cells, 53% at sea), genotypes 245, births 1303, splits 312, deaths [391.0, 0.0, 1.0, 10.0, 0.0, 0.0, 7.0, 0.0, 0.0], ate [0.518, 0.523, 0.043, 6731.918, 0.003, 0.0], catches 5227 presses 0 breaks 0 killed 0 riders 0, secs 9.6/1.0/7.0/1.1
  secs: air 1.2, water 0.7, life 30.0, sums 0.2
year  26: land 14.0 C, rain 2257 mm, evap 42, transp 60, to sea 2160, land bio 0.708, cover 0.87/1.00, h 2.1, eaters 1.68e-4, burnt 0, genotypes 3931/134, leading 160, mutants 0.002, errs w 2e-13 A 1e-14 C 3e-15, 32.1 s
  life secs: accumulate 0.1, cells 2.1, fire 0.0, eaters 0.4, seeds 0.3
  bodies 3468 (277391388 animals, 48.8% of land cells, 55% at sea), genotypes 287, births 538, splits 149, deaths [104.0, 0.0, 0.0, 0.0, 0.0, 0.0, 5.0, 0.0, 0.0], ate [0.646, 0.39, 0.08, 10343.874, 0.001, 0.0], catches 10447 presses 0 breaks 0 killed 0 riders 0, secs 13.6/1.4/9.2/1.9
  secs: air 1.2, water 0.7, life 34.4, sums 0.2
year  27: land 15.7 C, rain 2454 mm, evap 45, transp 54, to sea 2350, land bio 0.695, cover 0.88/1.00, h 2.2, eaters 1.26e-4, burnt 0, genotypes 4052/131, leading 155, mutants 0.002, errs w 1e-13 A 6e-15 C 2e-15, 36.6 s
  life secs: accumulate 0.1, cells 2.0, fire 0.0, eaters 0.4, seeds 0.3
  bodies 3995 (324465740 animals, 54.4% of land cells, 56% at sea), genotypes 323, births 545, splits 130, deaths [116.0, 10.0, 3.0, 4.0, 0.0, 0.0, 15.0, 0.0, 0.0], ate [0.676, 0.262, 0.073, 11979.349, 0.002, 0.0], catches 15470 presses 0 breaks 0 killed 0 riders 0, secs 16.2/1.6/10.5/2.3
  secs: air 1.2, water 0.7, life 36.2, sums 0.2
year  28: land 16.7 C, rain 2248 mm, evap 47, transp 54, to sea 2151, land bio 0.692, cover 0.90/1.00, h 2.2, eaters 9.65e-5, burnt 0, genotypes 4244/127, leading 155, mutants 0.003, errs w 1e-13 A 2e-15 C 1e-14, 38.4 s
  life secs: accumulate 0.1, cells 1.9, fire 0.0, eaters 0.4, seeds 0.3
  bodies 3918 (346022592 animals, 55.9% of land cells, 54% at sea), genotypes 350, births 475, splits 153, deaths [181.0, 37.0, 8.0, 7.0, 0.0, 0.0, 472.0, 0.0, 0.0], ate [0.778, 0.302, 0.071, 12214.019, 0.001, 0.0], catches 13308 presses 0 breaks 0 killed 0 riders 0, secs 17.3/1.7/11.2/2.3
  secs: air 1.2, water 0.7, life 35.5, sums 0.2
year  29: land 16.3 C, rain 2597 mm, evap 46, transp 58, to sea 2486, land bio 0.698, cover 0.91/1.00, h 2.2, eaters 1.03e-4, burnt 0, genotypes 4487/106, leading 155, mutants 0.003, errs w 1e-13 A 4e-16 C 1e-14, 37.7 s
  life secs: accumulate 0.1, cells 1.9, fire 0.0, eaters 0.4, seeds 0.3
  bodies 3835 (340465370 animals, 57.6% of land cells, 51% at sea), genotypes 353, births 495, splits 197, deaths [84.0, 9.0, 6.0, 2.0, 0.0, 0.0, 674.0, 0.0, 0.0], ate [0.769, 0.273, 0.073, 12766.497, 0.0, 0.0], catches 30525 presses 0 breaks 0 killed 0 riders 0, secs 17.1/1.7/11.2/1.7
  secs: air 1.2, water 0.7, life 32.5, sums 0.2
year  30: land 16.4 C, rain 2450 mm, evap 46, transp 57, to sea 2349, land bio 0.708, cover 0.92/1.00, h 2.2, eaters 1.02e-4, burnt 0, genotypes 4639/95, leading 153, mutants 0.003, errs w 1e-13 A 2e-14 C 9e-15, 34.6 s
  life secs: accumulate 0.1, cells 2.0, fire 0.0, eaters 0.4, seeds 0.3
  bodies 3323 (280860185 animals, 58.9% of land cells, 45% at sea), genotypes 300, births 576, splits 382, deaths [40.0, 6.0, 1.0, 0.0, 0.0, 0.0, 1423.0, 0.0, 0.0], ate [0.758, 0.218, 0.073, 12884.937, 0.0, 0.0], catches 3712 presses 0 breaks 0 killed 0 riders 0, secs 15.3/1.5/10.4/1.5
done: experiments/e111_holds/results/set/all_hunter4 in 377 s
