terrain: 128x128, 1639 land cells, 22 in basins, 0.0 s
  secs: air 1.0, water 0.6, life 0.0, sums 0.1
year   1: land 10.6 C, rain 1957 mm, evap 45, transp 0, to sea 1817, land bio 0.000, cover 0.00/0.00, h 0.0, eaters 0.00e0, burnt 0, genotypes 0/0, leading 0, mutants -0.000, errs w 5e-14 A 1e-15 C 0e0, 1.8 s
  life secs: accumulate 0.0, cells 0.0, fire 0.0, eaters 0.0, seeds 0.0
  secs: air 1.1, water 0.6, life 0.0, sums 0.2
year   2: land 13.3 C, rain 2128 mm, evap 52, transp 0, to sea 2074, land bio 0.000, cover 0.00/0.00, h 0.0, eaters 0.00e0, burnt 0, genotypes 0/0, leading 0, mutants -0.000, errs w 4e-14 A 4e-16 C 0e0, 1.8 s
  life secs: accumulate 0.0, cells 0.0, fire 0.0, eaters 0.0, seeds 0.0
  secs: air 1.1, water 0.6, life 2.9, sums 0.2
year   3: land 15.0 C, rain 2194 mm, evap 56, transp 2, to sea 2135, land bio 0.007, cover 0.15/0.54, h 0.9, eaters 3.46e-7, burnt 0, genotypes 780/67, leading 253, mutants -0.000, errs w 3e-14 A 6e-15 C 1e-13, 4.9 s
  life secs: accumulate 0.1, cells 2.1, fire 0.0, eaters 0.5, seeds 0.2
  secs: air 1.1, water 0.6, life 2.6, sums 0.2
year   4: land 16.4 C, rain 2231 mm, evap 58, transp 6, to sea 2167, land bio 0.019, cover 0.33/0.60, h 1.2, eaters 4.27e-9, burnt 0, genotypes 835/64, leading 256, mutants 0.000, errs w 5e-14 A 2e-14 C 5e-14, 4.6 s
  life secs: accumulate 0.1, cells 2.2, fire 0.0, eaters 0.1, seeds 0.3
  secs: air 1.1, water 0.6, life 2.3, sums 0.2
year   5: land 17.9 C, rain 2121 mm, evap 60, transp 12, to sea 2051, land bio 0.041, cover 0.49/0.64, h 1.3, eaters 1.78e-10, burnt 0, genotypes 926/52, leading 255, mutants 0.001, errs w 6e-14 A 8e-15 C 8e-15, 4.3 s
  life secs: accumulate 0.1, cells 1.9, fire 0.0, eaters 0.0, seeds 0.3
  secs: air 1.1, water 0.6, life 2.3, sums 0.2
year   6: land 18.0 C, rain 3138 mm, evap 59, transp 22, to sea 3044, land bio 0.073, cover 0.60/0.67, h 1.4, eaters 2.03e-10, burnt 0, genotypes 1001/27, leading 251, mutants 0.001, errs w 4e-14 A 2e-14 C 3e-14, 4.3 s
  life secs: accumulate 0.1, cells 1.9, fire 0.0, eaters 0.0, seeds 0.3
  secs: air 1.1, water 0.6, life 2.3, sums 0.2
year   7: land 17.7 C, rain 2695 mm, evap 55, transp 31, to sea 2617, land bio 0.112, cover 0.70/0.68, h 1.5, eaters 1.44e-9, burnt 0, genotypes 1074/16, leading 253, mutants 0.001, errs w 8e-14 A 7e-15 C 1e-14, 4.2 s
  life secs: accumulate 0.1, cells 1.9, fire 0.0, eaters 0.0, seeds 0.3
  secs: air 1.1, water 0.6, life 2.3, sums 0.2
year   8: land 17.6 C, rain 2813 mm, evap 52, transp 42, to sea 2716, land bio 0.158, cover 0.76/0.69, h 1.6, eaters 1.67e-8, burnt 0, genotypes 1224/26, leading 252, mutants 0.001, errs w 8e-14 A 1e-14 C 4e-15, 4.2 s
  life secs: accumulate 0.1, cells 1.9, fire 0.0, eaters 0.0, seeds 0.3
  secs: air 1.1, water 0.7, life 2.3, sums 0.2
year   9: land 17.2 C, rain 3285 mm, evap 50, transp 49, to sea 3179, land bio 0.206, cover 0.79/0.70, h 1.7, eaters 3.27e-7, burnt 0, genotypes 1342/41, leading 246, mutants 0.001, errs w 6e-14 A 2e-14 C 7e-15, 4.2 s
  life secs: accumulate 0.1, cells 1.9, fire 0.0, eaters 0.0, seeds 0.3
  secs: air 1.1, water 0.6, life 2.4, sums 0.2
year  10: land 18.1 C, rain 3231 mm, evap 51, transp 55, to sea 3128, land bio 0.262, cover 0.82/0.70, h 1.7, eaters 1.43e-5, burnt 0, genotypes 1395/89, leading 243, mutants 0.001, errs w 7e-14 A 8e-15 C 3e-14, 4.3 s
  life secs: accumulate 0.1, cells 1.9, fire 0.0, eaters 0.1, seeds 0.3
  secs: air 1.1, water 0.7, life 2.4, sums 0.2
year  11: land 18.6 C, rain 2716 mm, evap 51, transp 57, to sea 2616, land bio 0.316, cover 0.85/0.70, h 1.8, eaters 3.13e-5, burnt 0, genotypes 1520/110, leading 240, mutants 0.001, errs w 6e-14 A 3e-14 C 9e-15, 4.3 s
  life secs: accumulate 0.1, cells 1.9, fire 0.0, eaters 0.1, seeds 0.3
  secs: air 1.1, water 0.7, life 2.5, sums 0.2
year  12: land 18.1 C, rain 3195 mm, evap 50, transp 59, to sea 3079, land bio 0.360, cover 0.87/0.70, h 1.8, eaters 5.24e-5, burnt 0, genotypes 1612/136, leading 240, mutants 0.001, errs w 8e-14 A 2e-14 C 1e-14, 4.4 s
  life secs: accumulate 0.1, cells 1.9, fire 0.0, eaters 0.2, seeds 0.3
  secs: air 1.1, water 0.7, life 2.6, sums 0.2
year  13: land 18.0 C, rain 3043 mm, evap 49, transp 58, to sea 2940, land bio 0.403, cover 0.88/0.71, h 1.9, eaters 4.84e-5, burnt 0, genotypes 1636/181, leading 242, mutants 0.001, errs w 7e-14 A 7e-15 C 1e-14, 4.5 s
  life secs: accumulate 0.1, cells 2.0, fire 0.0, eaters 0.2, seeds 0.2
  secs: air 1.1, water 0.7, life 2.7, sums 0.2
year  14: land 16.9 C, rain 2653 mm, evap 47, transp 62, to sea 2550, land bio 0.434, cover 0.88/0.71, h 1.9, eaters 1.07e-4, burnt 0, genotypes 1699/221, leading 242, mutants 0.001, errs w 1e-13 A 2e-14 C 1e-14, 4.6 s
  life secs: accumulate 0.1, cells 2.0, fire 0.0, eaters 0.3, seeds 0.3
  secs: air 1.1, water 0.6, life 2.7, sums 0.2
year  15: land 17.2 C, rain 2833 mm, evap 48, transp 57, to sea 2725, land bio 0.464, cover 0.89/0.71, h 1.9, eaters 1.02e-4, burnt 0, genotypes 1674/235, leading 239, mutants 0.001, errs w 1e-13 A 7e-16 C 2e-14, 4.6 s
  life secs: accumulate 0.1, cells 2.0, fire 0.0, eaters 0.3, seeds 0.3
bodies sown: 25 (no form 56, no soil 219, no water 0)
  secs: air 1.1, water 0.6, life 6.5, sums 0.2
year  16: land 16.2 C, rain 3056 mm, evap 46, transp 60, to sea 2948, land bio 0.488, cover 0.89/0.71, h 2.0, eaters 1.08e-4, burnt 0, genotypes 1717/175, leading 243, mutants 0.001, errs w 1e-13 A 1e-14 C 2e-15, 8.5 s
  life secs: accumulate 0.1, cells 2.0, fire 0.0, eaters 0.4, seeds 0.3
  bodies 103 (616310148 animals, 3.4% of land cells, 35% at sea), genotypes 24, births 81, splits 12, deaths [5.0, 0.0, 7.0, 1.0, 0.0, 0.0, 2.0, 0.0, 0.0], ate [0.023, 0.032, 0.001, 34.452, 0.0, 0.0], catches 22104 presses 13350 breaks 4 killed 149782 riders 13350, secs 1.3/0.0/1.3/0.0
  secs: air 1.1, water 0.7, life 7.5, sums 0.2
year  17: land 16.3 C, rain 3557 mm, evap 46, transp 61, to sea 3444, land bio 0.520, cover 0.88/0.71, h 2.0, eaters 1.25e-4, burnt 0, genotypes 1855/134, leading 244, mutants 0.001, errs w 1e-13 A 3e-14 C 2e-14, 9.4 s
  life secs: accumulate 0.1, cells 2.0, fire 0.0, eaters 0.4, seeds 0.2
  bodies 360 (491733471 animals, 8.1% of land cells, 52% at sea), genotypes 33, births 188, splits 100, deaths [7.0, 1.0, 0.0, 0.0, 0.0, 0.0, 23.0, 0.0, 0.0], ate [0.059, 0.095, 0.004, 228.962, 0.003, 0.003], catches 46694 presses 3338 breaks 12 killed 321832 riders 3338, secs 1.8/0.1/1.7/0.1
  secs: air 1.1, water 0.7, life 9.9, sums 0.2
year  18: land 15.5 C, rain 3589 mm, evap 45, transp 62, to sea 3483, land bio 0.558, cover 0.88/0.72, h 2.0, eaters 1.27e-4, burnt 0, genotypes 1911/104, leading 242, mutants 0.001, errs w 1e-13 A 2e-14 C 4e-15, 12.0 s
  life secs: accumulate 0.1, cells 2.0, fire 0.0, eaters 0.4, seeds 0.3
  bodies 644 (474772461 animals, 10.8% of land cells, 65% at sea), genotypes 38, births 143, splits 168, deaths [14.0, 0.0, 2.0, 0.0, 0.0, 0.0, 11.0, 0.0, 0.0], ate [0.269, 0.276, 0.038, 720.387, 0.006, 0.069], catches 58409 presses 10444 breaks 5 killed 99104 riders 10114, secs 3.0/0.2/2.7/0.2
  secs: air 1.2, water 0.7, life 11.2, sums 0.2
year  19: land 14.3 C, rain 3933 mm, evap 43, transp 64, to sea 3822, land bio 0.591, cover 0.87/0.75, h 2.0, eaters 1.38e-4, burnt 0, genotypes 2151/105, leading 232, mutants 0.001, errs w 1e-13 A 5e-15 C 4e-15, 13.3 s
  life secs: accumulate 0.1, cells 2.0, fire 0.0, eaters 0.4, seeds 0.3
  bodies 738 (56118081 animals, 13.4% of land cells, 62% at sea), genotypes 38, births 91, splits 125, deaths [89.0, 0.0, 0.0, 2.0, 0.0, 0.0, 25.0, 0.0, 6.0], ate [0.282, 0.319, 0.017, 1010.291, 0.058, 0.035], catches 33372 presses 913 breaks 6 killed 224972 riders 385, secs 3.6/0.3/3.1/0.3
  secs: air 1.2, water 0.7, life 11.6, sums 0.2
year  20: land 14.2 C, rain 4030 mm, evap 43, transp 62, to sea 3925, land bio 0.622, cover 0.86/0.81, h 2.1, eaters 1.37e-4, burnt 1, genotypes 2523/81, leading 219, mutants 0.001, errs w 1e-13 A 1e-14 C 1e-14, 13.7 s
  life secs: accumulate 0.1, cells 2.0, fire 0.0, eaters 0.4, seeds 0.3
  bodies 732 (54841402 animals, 12.8% of land cells, 65% at sea), genotypes 40, births 60, splits 104, deaths [139.0, 0.0, 6.0, 6.0, 0.0, 0.0, 17.0, 0.0, 2.0], ate [0.346, 0.348, 0.02, 1149.133, 0.031, 0.007], catches 157 presses 139 breaks 1 killed 25958 riders 22, secs 3.8/0.3/3.3/0.3
designed body 302: adult 9.98 kg, voxels 56, frame 0.10 muscle 0.61 gut 0.19 fat 0.05, legs 0.400, bite 0.671, mouth 3.93, tip 0.28, pull [1.989990234375, -2.989990234375, -1.989990234375, -5.969970703125, 0.0, 0.0], press [1.0, 0.0, -3.97998046875, 0.0, 0.0, 0.0]
designed bodies put in: 50 of 50, 100 animals each
  secs: air 1.1, water 0.7, life 6.3, sums 0.2
year  21: land 14.9 C, rain 3447 mm, evap 44, transp 60, to sea 3350, land bio 0.653, cover 0.86/0.88, h 2.1, eaters 1.22e-4, burnt 0, genotypes 2829/92, leading 189, mutants 0.001, errs w 1e-13 A 1e-14 C 1e-14, 8.3 s
  life secs: accumulate 0.1, cells 2.0, fire 0.0, eaters 0.4, seeds 0.3
  bodies 2 (192 animals, 0.0% of land cells, 100% at sea), genotypes 1, births 128, splits 0, deaths [130.0, 31.0, 2.0, 3.0, 0.0, 2.0, 0.0, 0.0, 740.0], ate [0.056, 0.101, 0.002, 32.997, 0.192, 3.83], catches 24745 presses 7396 breaks 7390 killed 54822921 riders 5076, secs 1.2/0.0/1.1/0.0
  secs: air 1.1, water 0.7, life 5.8, sums 0.2
year  22: land 14.5 C, rain 3151 mm, evap 43, transp 62, to sea 3048, land bio 0.686, cover 0.86/0.91, h 2.1, eaters 1.32e-4, burnt 0, genotypes 3048/100, leading 185, mutants 0.001, errs w 1e-13 A 9e-15 C 2e-14, 7.7 s
  life secs: accumulate 0.1, cells 2.0, fire 0.0, eaters 0.4, seeds 0.3
  bodies 0 (0 animals, 0.0% of land cells, 0% at sea), genotypes 0, births 0, splits 0, deaths [2.0, 0.0, 0.0, 0.0, 0.0, 0.0, 0.0, 0.0, 0.0], ate [0.0, 0.0, 0.0, 0.029, 0.001, 0.0], catches 0 presses 0 breaks 0 killed 0 riders 0, secs 0.9/0.0/1.0/0.0
  secs: air 1.1, water 0.7, life 5.7, sums 0.2
year  23: land 15.6 C, rain 2807 mm, evap 45, transp 61, to sea 2705, land bio 0.720, cover 0.86/0.92, h 2.0, eaters 1.33e-4, burnt 0, genotypes 3034/101, leading 182, mutants 0.002, errs w 9e-14 A 2e-14 C 8e-15, 7.7 s
  life secs: accumulate 0.1, cells 2.0, fire 0.0, eaters 0.4, seeds 0.2
  bodies 0 (0 animals, 0.0% of land cells, 0% at sea), genotypes 0, births 0, splits 0, deaths [0.0, 0.0, 0.0, 0.0, 0.0, 0.0, 0.0, 0.0, 0.0], ate [0.0, 0.0, 0.0, 0.0, 0.0, 0.0], catches 0 presses 0 breaks 0 killed 0 riders 0, secs 0.9/0.0/1.0/0.0
  secs: air 1.1, water 0.6, life 5.7, sums 0.2
year  24: land 15.6 C, rain 2256 mm, evap 44, transp 63, to sea 2157, land bio 0.737, cover 0.87/0.92, h 2.0, eaters 1.50e-4, burnt 0, genotypes 3052/82, leading 179, mutants 0.002, errs w 9e-14 A 1e-15 C 2e-14, 7.6 s
  life secs: accumulate 0.1, cells 2.0, fire 0.0, eaters 0.4, seeds 0.3
  bodies 0 (0 animals, 0.0% of land cells, 0% at sea), genotypes 0, births 0, splits 0, deaths [0.0, 0.0, 0.0, 0.0, 0.0, 0.0, 0.0, 0.0, 0.0], ate [0.0, 0.0, 0.0, 0.0, 0.0, 0.0], catches 0 presses 0 breaks 0 killed 0 riders 0, secs 0.9/0.0/1.0/0.0
  secs: air 1.1, water 0.6, life 5.4, sums 0.1
year  25: land 14.8 C, rain 2509 mm, evap 43, transp 65, to sea 2394, land bio 0.745, cover 0.88/0.92, h 2.0, eaters 1.76e-4, burnt 0, genotypes 3009/69, leading 181, mutants 0.002, errs w 1e-13 A 3e-14 C 6e-15, 7.3 s
  life secs: accumulate 0.1, cells 2.0, fire 0.0, eaters 0.4, seeds 0.3
  bodies 0 (0 animals, 0.0% of land cells, 0% at sea), genotypes 0, births 0, splits 0, deaths [0.0, 0.0, 0.0, 0.0, 0.0, 0.0, 0.0, 0.0, 0.0], ate [0.0, 0.0, 0.0, 0.0, 0.0, 0.0], catches 0 presses 0 breaks 0 killed 0 riders 0, secs 0.9/0.0/0.9/0.0
  secs: air 1.1, water 0.6, life 5.5, sums 0.1
year  26: land 14.0 C, rain 2258 mm, evap 41, transp 64, to sea 2158, land bio 0.746, cover 0.88/0.91, h 2.1, eaters 1.91e-4, burnt 0, genotypes 2983/84, leading 175, mutants 0.002, errs w 2e-13 A 1e-14 C 2e-14, 7.4 s
  life secs: accumulate 0.1, cells 2.0, fire 0.0, eaters 0.4, seeds 0.3
  bodies 0 (0 animals, 0.0% of land cells, 0% at sea), genotypes 0, births 0, splits 0, deaths [0.0, 0.0, 0.0, 0.0, 0.0, 0.0, 0.0, 0.0, 0.0], ate [0.0, 0.0, 0.0, 0.0, 0.0, 0.0], catches 0 presses 0 breaks 0 killed 0 riders 0, secs 0.9/0.0/0.9/0.0
  secs: air 1.1, water 0.6, life 5.4, sums 0.1
year  27: land 15.7 C, rain 2455 mm, evap 44, transp 61, to sea 2346, land bio 0.750, cover 0.88/0.91, h 2.2, eaters 1.77e-4, burnt 0, genotypes 2931/111, leading 173, mutants 0.002, errs w 2e-13 A 1e-15 C 2e-14, 7.3 s
  life secs: accumulate 0.1, cells 2.0, fire 0.0, eaters 0.4, seeds 0.3
  bodies 0 (0 animals, 0.0% of land cells, 0% at sea), genotypes 0, births 0, splits 0, deaths [0.0, 0.0, 0.0, 0.0, 0.0, 0.0, 0.0, 0.0, 0.0], ate [0.0, 0.0, 0.0, 0.0, 0.0, 0.0], catches 0 presses 0 breaks 0 killed 0 riders 0, secs 0.9/0.0/0.9/0.0
  secs: air 1.1, water 0.6, life 5.6, sums 0.2
year  28: land 16.7 C, rain 2250 mm, evap 46, transp 63, to sea 2146, land bio 0.774, cover 0.89/0.90, h 2.1, eaters 1.58e-4, burnt 0, genotypes 3060/87, leading 176, mutants 0.002, errs w 2e-13 A 5e-15 C 6e-15, 7.4 s
  life secs: accumulate 0.1, cells 2.0, fire 0.0, eaters 0.4, seeds 0.3
  bodies 0 (0 animals, 0.0% of land cells, 0% at sea), genotypes 0, births 0, splits 0, deaths [0.0, 0.0, 0.0, 0.0, 0.0, 0.0, 0.0, 0.0, 0.0], ate [0.0, 0.0, 0.0, 0.0, 0.0, 0.0], catches 0 presses 0 breaks 0 killed 0 riders 0, secs 0.9/0.0/0.9/0.0
  secs: air 1.1, water 0.6, life 5.5, sums 0.2
year  29: land 16.3 C, rain 2599 mm, evap 44, transp 68, to sea 2480, land bio 0.798, cover 0.89/0.90, h 2.1, eaters 1.85e-4, burnt 1, genotypes 3121/87, leading 169, mutants 0.003, errs w 1e-13 A 1e-14 C 3e-14, 7.3 s
  life secs: accumulate 0.1, cells 2.0, fire 0.0, eaters 0.4, seeds 0.3
  bodies 0 (0 animals, 0.0% of land cells, 0% at sea), genotypes 0, births 0, splits 0, deaths [0.0, 0.0, 0.0, 0.0, 0.0, 0.0, 0.0, 0.0, 0.0], ate [0.0, 0.0, 0.0, 0.0, 0.0, 0.0], catches 0 presses 0 breaks 0 killed 0 riders 0, secs 0.9/0.0/0.9/0.0
  secs: air 1.1, water 0.6, life 5.6, sums 0.2
year  30: land 16.4 C, rain 2452 mm, evap 45, transp 66, to sea 2344, land bio 0.830, cover 0.90/0.89, h 2.0, eaters 1.80e-4, burnt 0, genotypes 3184/86, leading 169, mutants 0.003, errs w 2e-13 A 3e-14 C 2e-14, 7.4 s
  life secs: accumulate 0.1, cells 2.0, fire 0.0, eaters 0.4, seeds 0.3
  bodies 0 (0 animals, 0.0% of land cells, 0% at sea), genotypes 0, births 0, splits 0, deaths [0.0, 0.0, 0.0, 0.0, 0.0, 0.0, 0.0, 0.0, 0.0], ate [0.0, 0.0, 0.0, 0.0, 0.0, 0.0], catches 0 presses 0 breaks 0 killed 0 riders 0, secs 0.9/0.0/0.9/0.0
done: experiments/e111_holds/results/set/all_hunter3 in 193 s
