terrain: 128x128, 1639 land cells, 22 in basins, 0.0 s
  secs: air 1.7, water 1.0, life 0.0, sums 0.3
year   1: land 10.6 C, rain 1957 mm, evap 45, transp 0, to sea 1817, land bio 0.000, cover 0.00/0.00, h 0.0, eaters 0.00e0, burnt 0, genotypes 0/0, leading 0, mutants -0.000, errs w 5e-14 A 1e-15 C 0e0, 3.0 s
  life secs: accumulate 0.0, cells 0.0, fire 0.0, eaters 0.0, seeds 0.0
  secs: air 1.7, water 1.0, life 0.0, sums 0.3
year   2: land 13.3 C, rain 2128 mm, evap 52, transp 0, to sea 2074, land bio 0.000, cover 0.00/0.00, h 0.0, eaters 0.00e0, burnt 0, genotypes 0/0, leading 0, mutants -0.000, errs w 4e-14 A 4e-16 C 0e0, 3.0 s
  life secs: accumulate 0.0, cells 0.0, fire 0.0, eaters 0.0, seeds 0.0
  secs: air 1.7, water 1.0, life 5.4, sums 0.3
year   3: land 15.0 C, rain 2194 mm, evap 56, transp 2, to sea 2135, land bio 0.007, cover 0.15/0.54, h 0.9, eaters 3.46e-7, burnt 0, genotypes 780/67, leading 253, mutants -0.000, errs w 3e-14 A 6e-15 C 1e-13, 8.4 s
  life secs: accumulate 0.2, cells 4.1, fire 0.0, eaters 0.7, seeds 0.3
  secs: air 1.7, water 1.0, life 5.0, sums 0.3
year   4: land 16.4 C, rain 2231 mm, evap 58, transp 6, to sea 2167, land bio 0.019, cover 0.33/0.60, h 1.2, eaters 4.27e-9, burnt 0, genotypes 835/64, leading 256, mutants 0.000, errs w 5e-14 A 2e-14 C 5e-14, 8.0 s
  life secs: accumulate 0.2, cells 4.3, fire 0.0, eaters 0.1, seeds 0.4
  secs: air 1.7, water 1.1, life 4.4, sums 0.3
year   5: land 17.9 C, rain 2121 mm, evap 60, transp 12, to sea 2051, land bio 0.041, cover 0.49/0.64, h 1.3, eaters 1.78e-10, burnt 0, genotypes 926/52, leading 255, mutants 0.001, errs w 6e-14 A 8e-15 C 8e-15, 7.5 s
  life secs: accumulate 0.2, cells 3.8, fire 0.0, eaters 0.0, seeds 0.4
  secs: air 1.7, water 1.1, life 4.3, sums 0.3
year   6: land 18.0 C, rain 3138 mm, evap 59, transp 22, to sea 3044, land bio 0.073, cover 0.60/0.67, h 1.4, eaters 2.03e-10, burnt 0, genotypes 1001/27, leading 251, mutants 0.001, errs w 4e-14 A 2e-14 C 3e-14, 7.3 s
  life secs: accumulate 0.2, cells 3.7, fire 0.0, eaters 0.0, seeds 0.4
  secs: air 1.7, water 1.1, life 4.3, sums 0.3
year   7: land 17.7 C, rain 2695 mm, evap 55, transp 31, to sea 2617, land bio 0.112, cover 0.70/0.68, h 1.5, eaters 1.44e-9, burnt 0, genotypes 1074/16, leading 253, mutants 0.001, errs w 8e-14 A 7e-15 C 1e-14, 7.3 s
  life secs: accumulate 0.2, cells 3.7, fire 0.0, eaters 0.0, seeds 0.4
  secs: air 1.7, water 1.1, life 4.3, sums 0.3
year   8: land 17.6 C, rain 2813 mm, evap 52, transp 42, to sea 2716, land bio 0.158, cover 0.76/0.69, h 1.6, eaters 1.67e-8, burnt 0, genotypes 1224/26, leading 252, mutants 0.001, errs w 8e-14 A 1e-14 C 4e-15, 7.3 s
  life secs: accumulate 0.2, cells 3.7, fire 0.0, eaters 0.0, seeds 0.4
  secs: air 1.7, water 1.1, life 4.3, sums 0.3
year   9: land 17.2 C, rain 3285 mm, evap 50, transp 49, to sea 3179, land bio 0.206, cover 0.79/0.70, h 1.7, eaters 3.27e-7, burnt 0, genotypes 1342/41, leading 246, mutants 0.001, errs w 6e-14 A 2e-14 C 7e-15, 7.4 s
  life secs: accumulate 0.2, cells 3.7, fire 0.0, eaters 0.0, seeds 0.4
  secs: air 1.7, water 1.1, life 4.4, sums 0.3
year  10: land 18.1 C, rain 3231 mm, evap 51, transp 55, to sea 3128, land bio 0.262, cover 0.82/0.70, h 1.7, eaters 1.43e-5, burnt 0, genotypes 1395/89, leading 243, mutants 0.001, errs w 7e-14 A 8e-15 C 3e-14, 7.5 s
  life secs: accumulate 0.2, cells 3.8, fire 0.0, eaters 0.1, seeds 0.4
  secs: air 1.7, water 1.1, life 4.5, sums 0.3
year  11: land 18.6 C, rain 2716 mm, evap 51, transp 57, to sea 2616, land bio 0.316, cover 0.85/0.70, h 1.8, eaters 3.13e-5, burnt 0, genotypes 1520/110, leading 240, mutants 0.001, errs w 6e-14 A 3e-14 C 9e-15, 7.6 s
  life secs: accumulate 0.2, cells 3.8, fire 0.0, eaters 0.2, seeds 0.4
  secs: air 1.7, water 1.0, life 4.7, sums 0.3
year  12: land 18.1 C, rain 3195 mm, evap 50, transp 59, to sea 3079, land bio 0.360, cover 0.87/0.70, h 1.8, eaters 5.24e-5, burnt 0, genotypes 1612/136, leading 240, mutants 0.001, errs w 8e-14 A 2e-14 C 1e-14, 7.7 s
  life secs: accumulate 0.2, cells 3.9, fire 0.0, eaters 0.2, seeds 0.4
  secs: air 1.7, water 1.1, life 4.7, sums 0.3
year  13: land 18.0 C, rain 3043 mm, evap 49, transp 58, to sea 2940, land bio 0.403, cover 0.88/0.71, h 1.9, eaters 4.84e-5, burnt 0, genotypes 1636/181, leading 242, mutants 0.001, errs w 7e-14 A 7e-15 C 1e-14, 7.8 s
  life secs: accumulate 0.2, cells 3.9, fire 0.0, eaters 0.3, seeds 0.3
  secs: air 1.7, water 1.0, life 4.9, sums 0.3
year  14: land 16.9 C, rain 2653 mm, evap 47, transp 62, to sea 2550, land bio 0.434, cover 0.88/0.71, h 1.9, eaters 1.07e-4, burnt 0, genotypes 1699/221, leading 242, mutants 0.001, errs w 1e-13 A 2e-14 C 1e-14, 8.0 s
  life secs: accumulate 0.2, cells 4.0, fire 0.0, eaters 0.4, seeds 0.4
  secs: air 1.7, water 1.1, life 5.0, sums 0.3
year  15: land 17.2 C, rain 2833 mm, evap 48, transp 57, to sea 2725, land bio 0.464, cover 0.89/0.71, h 1.9, eaters 1.02e-4, burnt 0, genotypes 1674/235, leading 239, mutants 0.001, errs w 1e-13 A 7e-16 C 2e-14, 8.1 s
  life secs: accumulate 0.2, cells 4.0, fire 0.0, eaters 0.5, seeds 0.4
bodies sown: 25 (no form 56, no soil 219, no water 0)
  secs: air 1.7, water 1.1, life 10.5, sums 0.3
year  16: land 16.2 C, rain 3056 mm, evap 46, transp 60, to sea 2948, land bio 0.488, cover 0.89/0.71, h 2.0, eaters 1.08e-4, burnt 0, genotypes 1717/175, leading 243, mutants 0.001, errs w 1e-13 A 1e-14 C 2e-15, 13.7 s
  life secs: accumulate 0.2, cells 4.1, fire 0.0, eaters 0.5, seeds 0.4
  bodies 103 (616310148 animals, 3.4% of land cells, 35% at sea), genotypes 24, births 81, splits 12, deaths [5.0, 0.0, 7.0, 1.0, 0.0, 0.0, 2.0, 0.0, 0.0], ate [0.023, 0.032, 0.001, 34.452, 0.0, 0.0], catches 22104 presses 13350 breaks 4 killed 149782 riders 13350, secs 2.0/0.1/1.8/0.0
  secs: air 1.7, water 1.1, life 12.6, sums 0.3
year  17: land 16.3 C, rain 3557 mm, evap 46, transp 61, to sea 3444, land bio 0.520, cover 0.88/0.71, h 2.0, eaters 1.25e-4, burnt 0, genotypes 1855/134, leading 244, mutants 0.001, errs w 1e-13 A 3e-14 C 2e-14, 15.6 s
  life secs: accumulate 0.2, cells 4.0, fire 0.0, eaters 0.5, seeds 0.4
  bodies 360 (491733471 animals, 8.1% of land cells, 52% at sea), genotypes 33, births 188, splits 100, deaths [7.0, 1.0, 0.0, 0.0, 0.0, 0.0, 23.0, 0.0, 0.0], ate [0.059, 0.095, 0.004, 228.962, 0.003, 0.003], catches 46694 presses 3338 breaks 12 killed 321832 riders 3338, secs 3.0/0.2/2.9/0.1
  secs: air 1.5, water 0.9, life 15.2, sums 0.2
year  18: land 15.5 C, rain 3589 mm, evap 45, transp 62, to sea 3483, land bio 0.558, cover 0.88/0.72, h 2.0, eaters 1.27e-4, burnt 0, genotypes 1911/104, leading 242, mutants 0.001, errs w 1e-13 A 2e-14 C 4e-15, 17.9 s
  life secs: accumulate 0.2, cells 3.6, fire 0.0, eaters 0.5, seeds 0.3
  bodies 644 (474772461 animals, 10.8% of land cells, 65% at sea), genotypes 38, births 143, splits 168, deaths [14.0, 0.0, 2.0, 0.0, 0.0, 0.0, 11.0, 0.0, 0.0], ate [0.269, 0.276, 0.038, 720.387, 0.006, 0.069], catches 58409 presses 10444 breaks 5 killed 99104 riders 10114, secs 4.6/0.3/4.1/0.2
  secs: air 1.6, water 0.9, life 17.4, sums 0.2
year  19: land 14.3 C, rain 3933 mm, evap 43, transp 64, to sea 3822, land bio 0.591, cover 0.87/0.75, h 2.0, eaters 1.38e-4, burnt 0, genotypes 2151/105, leading 232, mutants 0.001, errs w 1e-13 A 5e-15 C 4e-15, 20.2 s
  life secs: accumulate 0.2, cells 3.6, fire 0.0, eaters 0.5, seeds 0.3
  bodies 738 (56118081 animals, 13.4% of land cells, 62% at sea), genotypes 38, births 91, splits 125, deaths [89.0, 0.0, 0.0, 2.0, 0.0, 0.0, 25.0, 0.0, 6.0], ate [0.282, 0.319, 0.017, 1010.291, 0.058, 0.035], catches 33372 presses 913 breaks 6 killed 224972 riders 385, secs 5.9/0.5/4.9/0.3
  secs: air 1.6, water 0.9, life 18.2, sums 0.2
year  20: land 14.2 C, rain 4030 mm, evap 43, transp 62, to sea 3925, land bio 0.622, cover 0.86/0.81, h 2.1, eaters 1.37e-4, burnt 1, genotypes 2523/81, leading 219, mutants 0.001, errs w 1e-13 A 1e-14 C 1e-14, 20.9 s
  life secs: accumulate 0.2, cells 3.6, fire 0.0, eaters 0.5, seeds 0.3
  bodies 732 (54841402 animals, 12.8% of land cells, 65% at sea), genotypes 40, births 60, splits 104, deaths [139.0, 0.0, 6.0, 6.0, 0.0, 0.0, 17.0, 0.0, 2.0], ate [0.346, 0.348, 0.02, 1149.133, 0.031, 0.007], catches 157 presses 139 breaks 1 killed 25958 riders 22, secs 6.3/0.5/5.2/0.3
designed body 302: adult 9.98 kg, voxels 56, frame 0.10 muscle 0.61 gut 0.19 fat 0.05, legs 0.400, bite 0.671, mouth 3.93, tip 0.28, pull [0.0, 0.0, 0.0, 0.0, 0.0, 0.0], press [0.0, 0.0, 0.0, 0.0, 0.0, 0.0]
designed bodies put in: 50 of 50, 100 animals each
  secs: air 1.5, water 0.8, life 16.4, sums 0.2
year  21: land 14.9 C, rain 3448 mm, evap 44, transp 60, to sea 3350, land bio 0.655, cover 0.85/0.89, h 2.1, eaters 1.26e-4, burnt 0, genotypes 2833/110, leading 184, mutants 0.001, errs w 1e-13 A 2e-14 C 2e-14, 19.0 s
  life secs: accumulate 0.2, cells 3.1, fire 0.0, eaters 0.5, seeds 0.3
  bodies 736 (54945551 animals, 11.6% of land cells, 67% at sea), genotypes 42, births 59, splits 71, deaths [165.0, 0.0, 0.0, 7.0, 0.0, 0.0, 4.0, 0.0, 0.0], ate [0.322, 0.407, 0.016, 1223.919, 0.013, 0.0], catches 0 presses 0 breaks 0 killed 0 riders 0, secs 5.7/0.4/4.7/0.3
  secs: air 1.4, water 0.8, life 15.7, sums 0.2
year  22: land 14.5 C, rain 3151 mm, evap 43, transp 62, to sea 3048, land bio 0.684, cover 0.85/0.95, h 2.1, eaters 1.38e-4, burnt 0, genotypes 3127/98, leading 176, mutants 0.002, errs w 2e-13 A 3e-14 C 1e-14, 18.2 s
  life secs: accumulate 0.1, cells 2.9, fire 0.0, eaters 0.5, seeds 0.3
  bodies 732 (53335886 animals, 11.3% of land cells, 67% at sea), genotypes 44, births 43, splits 81, deaths [112.0, 0.0, 1.0, 9.0, 0.0, 0.0, 6.0, 0.0, 0.0], ate [0.405, 0.521, 0.024, 1352.748, 0.005, 0.0], catches 0 presses 0 breaks 0 killed 0 riders 0, secs 5.5/0.4/4.6/0.3
  secs: air 1.3, water 0.7, life 13.3, sums 0.2
year  23: land 15.6 C, rain 2806 mm, evap 45, transp 61, to sea 2705, land bio 0.713, cover 0.85/0.98, h 2.1, eaters 1.32e-4, burnt 0, genotypes 3418/109, leading 164, mutants 0.002, errs w 2e-13 A 3e-14 C 6e-15, 15.5 s
  life secs: accumulate 0.1, cells 2.5, fire 0.0, eaters 0.4, seeds 0.2
  bodies 769 (53084034 animals, 10.9% of land cells, 71% at sea), genotypes 51, births 48, splits 95, deaths [104.0, 0.0, 0.0, 2.0, 0.0, 0.0, 0.0, 0.0, 0.0], ate [0.436, 0.688, 0.033, 1504.048, 0.004, 0.0], catches 0 presses 0 breaks 0 killed 0 riders 0, secs 4.6/0.4/3.7/0.3
  secs: air 1.2, water 0.7, life 13.2, sums 0.2
year  24: land 15.6 C, rain 2255 mm, evap 44, transp 62, to sea 2158, land bio 0.725, cover 0.85/0.99, h 2.0, eaters 1.40e-4, burnt 0, genotypes 3605/96, leading 166, mutants 0.002, errs w 2e-13 A 2e-14 C 1e-14, 15.4 s
  life secs: accumulate 0.1, cells 2.4, fire 0.0, eaters 0.4, seeds 0.3
  bodies 755 (50417244 animals, 9.1% of land cells, 75% at sea), genotypes 49, births 32, splits 85, deaths [122.0, 0.0, 0.0, 5.0, 0.0, 0.0, 4.0, 0.0, 0.0], ate [0.401, 0.605, 0.026, 1551.127, 0.004, 0.0], catches 0 presses 0 breaks 0 killed 0 riders 0, secs 4.6/0.4/3.7/0.3
  secs: air 1.2, water 0.7, life 13.0, sums 0.2
year  25: land 14.8 C, rain 2508 mm, evap 43, transp 64, to sea 2395, land bio 0.728, cover 0.86/0.99, h 2.1, eaters 1.63e-4, burnt 0, genotypes 3771/90, leading 160, mutants 0.002, errs w 2e-13 A 4e-15 C 1e-14, 15.2 s
  life secs: accumulate 0.1, cells 2.4, fire 0.0, eaters 0.4, seeds 0.3
  bodies 764 (51655635 animals, 9.5% of land cells, 75% at sea), genotypes 52, births 54, splits 75, deaths [105.0, 0.0, 0.0, 7.0, 0.0, 0.0, 8.0, 0.0, 0.0], ate [0.351, 0.546, 0.022, 1615.776, 0.006, 0.0], catches 78 presses 0 breaks 0 killed 0 riders 0, secs 4.5/0.4/3.6/0.3
  secs: air 1.2, water 0.7, life 13.4, sums 0.2
year  26: land 14.0 C, rain 2257 mm, evap 41, transp 64, to sea 2158, land bio 0.724, cover 0.86/1.00, h 2.1, eaters 1.90e-4, burnt 0, genotypes 3796/115, leading 160, mutants 0.002, errs w 2e-13 A 3e-15 C 1e-14, 15.5 s
  life secs: accumulate 0.1, cells 2.4, fire 0.0, eaters 0.4, seeds 0.3
  bodies 791 (53674200 animals, 9.9% of land cells, 74% at sea), genotypes 52, births 59, splits 85, deaths [85.0, 0.0, 0.0, 6.0, 0.0, 0.0, 26.0, 0.0, 0.0], ate [0.338, 0.457, 0.02, 1752.298, 0.003, 0.0], catches 21 presses 0 breaks 0 killed 0 riders 0, secs 4.7/0.4/3.7/0.3
  secs: air 1.2, water 0.7, life 13.7, sums 0.2
year  27: land 15.7 C, rain 2455 mm, evap 44, transp 59, to sea 2347, land bio 0.726, cover 0.87/1.00, h 2.2, eaters 1.66e-4, burnt 0, genotypes 3985/144, leading 155, mutants 0.002, errs w 2e-13 A 9e-15 C 2e-14, 15.9 s
  life secs: accumulate 0.1, cells 2.4, fire 0.0, eaters 0.4, seeds 0.3
  bodies 808 (54196990 animals, 11.7% of land cells, 72% at sea), genotypes 57, births 80, splits 123, deaths [86.0, 0.0, 0.0, 1.0, 0.0, 0.0, 99.0, 0.0, 0.0], ate [0.367, 0.503, 0.021, 1868.355, 0.008, 0.0], catches 37 presses 0 breaks 0 killed 0 riders 0, secs 4.8/0.4/3.9/0.3
  secs: air 1.2, water 0.7, life 13.6, sums 0.2
year  28: land 16.7 C, rain 2249 mm, evap 46, transp 60, to sea 2147, land bio 0.738, cover 0.87/1.00, h 2.2, eaters 1.39e-4, burnt 5, genotypes 4129/117, leading 155, mutants 0.003, errs w 2e-13 A 2e-14 C 2e-14, 15.8 s
  life secs: accumulate 0.1, cells 2.4, fire 0.0, eaters 0.4, seeds 0.3
  bodies 842 (54631342 animals, 10.2% of land cells, 76% at sea), genotypes 59, births 78, splits 114, deaths [47.0, 0.0, 0.0, 3.0, 0.0, 0.0, 108.0, 0.0, 0.0], ate [0.454, 0.581, 0.026, 1836.428, 0.005, 0.0], catches 88 presses 0 breaks 0 killed 0 riders 0, secs 4.8/0.4/3.9/0.3
  secs: air 1.2, water 0.7, life 14.2, sums 0.2
year  29: land 16.3 C, rain 2598 mm, evap 45, transp 64, to sea 2482, land bio 0.764, cover 0.87/1.00, h 2.1, eaters 1.61e-4, burnt 0, genotypes 4420/89, leading 152, mutants 0.003, errs w 2e-13 A 3e-14 C 2e-15, 16.4 s
  life secs: accumulate 0.1, cells 2.4, fire 0.0, eaters 0.4, seeds 0.3
  bodies 965 (64333036 animals, 12.0% of land cells, 76% at sea), genotypes 65, births 124, splits 129, deaths [49.0, 0.0, 0.0, 1.0, 0.0, 0.0, 80.0, 0.0, 0.0], ate [0.439, 0.566, 0.027, 2036.865, 0.003, 0.0], catches 101 presses 0 breaks 0 killed 0 riders 0, secs 5.1/0.4/4.1/0.3
  secs: air 1.2, water 0.7, life 15.5, sums 0.2
year  30: land 16.4 C, rain 2451 mm, evap 45, transp 64, to sea 2346, land bio 0.792, cover 0.88/1.00, h 2.1, eaters 1.65e-4, burnt 0, genotypes 4708/84, leading 155, mutants 0.003, errs w 2e-13 A 4e-15 C 3e-15, 17.7 s
  life secs: accumulate 0.1, cells 2.4, fire 0.0, eaters 0.4, seeds 0.3
  bodies 1093 (74193476 animals, 13.6% of land cells, 76% at sea), genotypes 79, births 140, splits 144, deaths [73.0, 0.0, 2.0, 4.0, 0.0, 0.0, 77.0, 0.0, 0.0], ate [0.46, 0.575, 0.027, 2361.959, 0.007, 0.0], catches 29 presses 0 breaks 0 killed 0 riders 0, secs 5.8/0.5/4.6/0.4
done: experiments/e111_holds/results/set/all_twin in 359 s
