terrain: 128x128, 1639 land cells, 22 in basins, 0.0 s
  secs: air 1.6, water 1.0, life 0.0, sums 0.3
year   1: land 10.6 C, rain 1957 mm, evap 45, transp 0, to sea 1817, land bio 0.000, cover 0.00/0.00, h 0.0, eaters 0.00e0, burnt 0, genotypes 0/0, leading 0, mutants -0.000, errs w 5e-14 A 1e-15 C 0e0, 2.9 s
  life secs: accumulate 0.0, cells 0.0, fire 0.0, eaters 0.0, seeds 0.0
  secs: air 1.6, water 1.0, life 0.0, sums 0.3
year   2: land 13.3 C, rain 2128 mm, evap 52, transp 0, to sea 2074, land bio 0.000, cover 0.00/0.00, h 0.0, eaters 0.00e0, burnt 0, genotypes 0/0, leading 0, mutants -0.000, errs w 4e-14 A 4e-16 C 0e0, 2.9 s
  life secs: accumulate 0.0, cells 0.0, fire 0.0, eaters 0.0, seeds 0.0
  secs: air 1.5, water 0.9, life 5.2, sums 0.2
year   3: land 15.0 C, rain 2194 mm, evap 56, transp 2, to sea 2135, land bio 0.007, cover 0.15/0.54, h 0.9, eaters 3.46e-7, burnt 0, genotypes 780/67, leading 253, mutants -0.000, errs w 3e-14 A 6e-15 C 1e-13, 7.9 s
  life secs: accumulate 0.1, cells 4.1, fire 0.0, eaters 0.7, seeds 0.3
  secs: air 1.6, water 0.9, life 4.9, sums 0.2
year   4: land 16.4 C, rain 2231 mm, evap 58, transp 6, to sea 2167, land bio 0.019, cover 0.33/0.60, h 1.2, eaters 4.27e-9, burnt 0, genotypes 835/64, leading 256, mutants 0.000, errs w 5e-14 A 2e-14 C 5e-14, 7.6 s
  life secs: accumulate 0.1, cells 4.2, fire 0.0, eaters 0.1, seeds 0.4
  secs: air 1.6, water 0.9, life 4.3, sums 0.2
year   5: land 17.9 C, rain 2121 mm, evap 60, transp 12, to sea 2051, land bio 0.041, cover 0.49/0.64, h 1.3, eaters 1.78e-10, burnt 0, genotypes 926/52, leading 255, mutants 0.001, errs w 6e-14 A 8e-15 C 8e-15, 7.0 s
  life secs: accumulate 0.2, cells 3.8, fire 0.0, eaters 0.0, seeds 0.4
  secs: air 1.5, water 0.9, life 4.3, sums 0.2
year   6: land 18.0 C, rain 3138 mm, evap 59, transp 22, to sea 3044, land bio 0.073, cover 0.60/0.67, h 1.4, eaters 2.03e-10, burnt 0, genotypes 1001/27, leading 251, mutants 0.001, errs w 4e-14 A 2e-14 C 3e-14, 7.0 s
  life secs: accumulate 0.1, cells 3.7, fire 0.0, eaters 0.0, seeds 0.4
  secs: air 1.5, water 0.9, life 4.2, sums 0.2
year   7: land 17.7 C, rain 2695 mm, evap 55, transp 31, to sea 2617, land bio 0.112, cover 0.70/0.68, h 1.5, eaters 1.44e-9, burnt 0, genotypes 1074/16, leading 253, mutants 0.001, errs w 8e-14 A 7e-15 C 1e-14, 6.9 s
  life secs: accumulate 0.2, cells 3.7, fire 0.0, eaters 0.0, seeds 0.4
  secs: air 1.5, water 0.9, life 4.2, sums 0.2
year   8: land 17.6 C, rain 2813 mm, evap 52, transp 42, to sea 2716, land bio 0.158, cover 0.76/0.69, h 1.6, eaters 1.67e-8, burnt 0, genotypes 1224/26, leading 252, mutants 0.001, errs w 8e-14 A 1e-14 C 4e-15, 6.8 s
  life secs: accumulate 0.1, cells 3.6, fire 0.0, eaters 0.0, seeds 0.4
  secs: air 1.5, water 0.9, life 4.2, sums 0.2
year   9: land 17.2 C, rain 3285 mm, evap 50, transp 49, to sea 3179, land bio 0.206, cover 0.79/0.70, h 1.7, eaters 3.27e-7, burnt 0, genotypes 1342/41, leading 246, mutants 0.001, errs w 6e-14 A 2e-14 C 7e-15, 6.9 s
  life secs: accumulate 0.1, cells 3.7, fire 0.0, eaters 0.0, seeds 0.4
  secs: air 1.5, water 0.9, life 4.3, sums 0.2
year  10: land 18.1 C, rain 3231 mm, evap 51, transp 55, to sea 3128, land bio 0.262, cover 0.82/0.70, h 1.7, eaters 1.43e-5, burnt 0, genotypes 1395/89, leading 243, mutants 0.001, errs w 7e-14 A 8e-15 C 3e-14, 7.0 s
  life secs: accumulate 0.1, cells 3.8, fire 0.0, eaters 0.1, seeds 0.4
  secs: air 1.6, water 0.9, life 4.6, sums 0.2
year  11: land 18.6 C, rain 2716 mm, evap 51, transp 57, to sea 2616, land bio 0.316, cover 0.85/0.70, h 1.8, eaters 3.13e-5, burnt 0, genotypes 1520/110, leading 240, mutants 0.001, errs w 6e-14 A 3e-14 C 9e-15, 7.3 s
  life secs: accumulate 0.1, cells 3.9, fire 0.0, eaters 0.2, seeds 0.3
  secs: air 1.6, water 0.9, life 4.7, sums 0.2
year  12: land 18.1 C, rain 3195 mm, evap 50, transp 59, to sea 3079, land bio 0.360, cover 0.87/0.70, h 1.8, eaters 5.24e-5, burnt 0, genotypes 1612/136, leading 240, mutants 0.001, errs w 8e-14 A 2e-14 C 1e-14, 7.4 s
  life secs: accumulate 0.1, cells 4.0, fire 0.0, eaters 0.2, seeds 0.3
  secs: air 1.6, water 0.9, life 4.8, sums 0.2
year  13: land 18.0 C, rain 3043 mm, evap 49, transp 58, to sea 2940, land bio 0.403, cover 0.88/0.71, h 1.9, eaters 4.84e-5, burnt 0, genotypes 1636/181, leading 242, mutants 0.001, errs w 7e-14 A 7e-15 C 1e-14, 7.5 s
  life secs: accumulate 0.1, cells 4.0, fire 0.0, eaters 0.3, seeds 0.3
  secs: air 1.6, water 0.9, life 4.9, sums 0.2
year  14: land 16.9 C, rain 2653 mm, evap 47, transp 62, to sea 2550, land bio 0.434, cover 0.88/0.71, h 1.9, eaters 1.07e-4, burnt 0, genotypes 1699/221, leading 242, mutants 0.001, errs w 1e-13 A 2e-14 C 1e-14, 7.6 s
  life secs: accumulate 0.1, cells 4.0, fire 0.0, eaters 0.4, seeds 0.3
  secs: air 1.5, water 0.9, life 5.0, sums 0.2
year  15: land 17.2 C, rain 2833 mm, evap 48, transp 57, to sea 2725, land bio 0.464, cover 0.89/0.71, h 1.9, eaters 1.02e-4, burnt 0, genotypes 1674/235, leading 239, mutants 0.001, errs w 1e-13 A 7e-16 C 2e-14, 7.7 s
  life secs: accumulate 0.1, cells 4.1, fire 0.0, eaters 0.5, seeds 0.3
bodies sown: 25 (no form 56, no soil 219, no water 0)
  secs: air 1.7, water 1.0, life 10.3, sums 0.3
year  16: land 16.2 C, rain 3056 mm, evap 46, transp 60, to sea 2948, land bio 0.487, cover 0.89/0.71, h 2.0, eaters 1.08e-4, burnt 0, genotypes 1698/184, leading 240, mutants 0.001, errs w 1e-13 A 3e-15 C 3e-14, 13.3 s
  life secs: accumulate 0.2, cells 4.4, fire 0.0, eaters 0.5, seeds 0.4
  bodies 111 (2075283117 animals, 3.7% of land cells, 39% at sea), genotypes 26, births 96, splits 17, deaths [7.0, 5.0, 7.0, 1.0, 0.0, 0.0, 2.0, 0.0, 5.0], ate [0.022, 0.033, 0.001, 36.518, 0.001, 0.0], catches 22773 presses 11955 breaks 6 killed 1699301 riders 11955, secs 1.7/0.1/1.6/0.0
  secs: air 1.7, water 1.0, life 12.0, sums 0.3
year  17: land 16.3 C, rain 3557 mm, evap 46, transp 61, to sea 3444, land bio 0.520, cover 0.88/0.71, h 2.0, eaters 1.25e-4, burnt 0, genotypes 1796/147, leading 236, mutants 0.001, errs w 1e-13 A 2e-14 C 2e-14, 14.9 s
  life secs: accumulate 0.2, cells 4.3, fire 0.0, eaters 0.5, seeds 0.4
  bodies 272 (480901014 animals, 5.8% of land cells, 58% at sea), genotypes 32, births 121, splits 82, deaths [5.0, 9.0, 1.0, 0.0, 0.0, 1.0, 23.0, 0.0, 3.0], ate [0.043, 0.05, 0.003, 212.062, 0.003, 0.002], catches 51625 presses 5070 breaks 3 killed 610139 riders 5070, secs 2.6/0.1/2.3/0.1
  secs: air 1.7, water 1.1, life 16.0, sums 0.3
year  18: land 15.5 C, rain 3589 mm, evap 45, transp 62, to sea 3483, land bio 0.558, cover 0.88/0.72, h 2.0, eaters 1.25e-4, burnt 0, genotypes 1963/109, leading 235, mutants 0.001, errs w 1e-13 A 4e-15 C 1e-14, 19.0 s
  life secs: accumulate 0.2, cells 4.2, fire 0.0, eaters 0.5, seeds 0.4
  bodies 640 (467540304 animals, 14.3% of land cells, 55% at sea), genotypes 43, births 244, splits 163, deaths [10.0, 0.0, 6.0, 0.0, 0.0, 6.0, 11.0, 0.0, 6.0], ate [0.228, 0.17, 0.033, 604.152, 0.013, 0.024], catches 24826 presses 5916 breaks 11 killed 1794448 riders 5807, secs 4.5/0.3/4.1/0.2
  secs: air 1.7, water 1.1, life 21.4, sums 0.3
year  19: land 14.3 C, rain 3933 mm, evap 43, transp 64, to sea 3821, land bio 0.593, cover 0.87/0.75, h 2.0, eaters 1.36e-4, burnt 0, genotypes 2230/106, leading 228, mutants 0.001, errs w 1e-13 A 2e-14 C 2e-14, 24.5 s
  life secs: accumulate 0.2, cells 4.1, fire 0.0, eaters 0.6, seeds 0.4
  bodies 868 (71984935 animals, 18.4% of land cells, 55% at sea), genotypes 41, births 119, splits 195, deaths [73.0, 0.0, 2.0, 1.0, 0.0, 0.0, 8.0, 0.0, 2.0], ate [0.434, 0.357, 0.027, 1179.006, 0.013, 0.134], catches 622 presses 532 breaks 2 killed 577360 riders 389, secs 7.4/0.6/6.3/0.4
  secs: air 1.7, water 1.1, life 23.9, sums 0.3
year  20: land 14.2 C, rain 4030 mm, evap 42, transp 62, to sea 3925, land bio 0.624, cover 0.85/0.81, h 2.1, eaters 1.38e-4, burnt 0, genotypes 2483/126, leading 218, mutants 0.001, errs w 1e-13 A 3e-14 C 2e-14, 27.0 s
  life secs: accumulate 0.2, cells 4.1, fire 0.0, eaters 0.6, seeds 0.4
  bodies 951 (76165612 animals, 23.9% of land cells, 48% at sea), genotypes 48, births 117, splits 168, deaths [180.0, 0.0, 1.0, 3.0, 0.0, 2.0, 12.0, 0.0, 4.0], ate [0.737, 0.471, 0.047, 1396.887, 0.034, 0.028], catches 461 presses 296 breaks 4 killed 968139 riders 135, secs 8.6/0.7/7.4/0.5
designed body 319: adult 9.98 kg, voxels 56, frame 0.10 muscle 0.61 gut 0.19 fat 0.05, legs 0.400, bite 0.671, mouth 3.93, tip 0.28, pull [1.989990234375, -2.989990234375, -1.989990234375, 0.0, 0.0, 0.0], press [1.0, 0.0, -3.97998046875, 0.0, 0.0, 0.0]
designed bodies put in: 50 of 50, 100 animals each
  secs: air 1.7, water 1.0, life 9.4, sums 0.3
year  21: land 14.9 C, rain 3447 mm, evap 44, transp 59, to sea 3351, land bio 0.650, cover 0.85/0.87, h 2.1, eaters 1.18e-4, burnt 0, genotypes 2804/96, leading 189, mutants 0.001, errs w 1e-13 A 5e-15 C 1e-14, 12.5 s
  life secs: accumulate 0.2, cells 4.1, fire 0.0, eaters 0.6, seeds 0.4
  bodies 0 (0 animals, 0.0% of land cells, 0% at sea), genotypes 0, births 2, splits 2, deaths [43.0, 0.0, 0.0, 4.0, 0.0, 4.0, 0.0, 0.0, 954.0], ate [0.019, 0.03, 0.0, 10.019, 0.09, 0.932], catches 2530 presses 1306 breaks 1305 killed 76325612 riders 720, secs 1.4/0.0/1.3/0.0
  secs: air 1.7, water 1.1, life 9.2, sums 0.3
year  22: land 14.5 C, rain 3151 mm, evap 43, transp 62, to sea 3048, land bio 0.683, cover 0.85/0.90, h 2.1, eaters 1.28e-4, burnt 0, genotypes 2834/134, leading 186, mutants 0.001, errs w 2e-13 A 1e-14 C 1e-14, 12.3 s
  life secs: accumulate 0.2, cells 4.1, fire 0.0, eaters 0.6, seeds 0.4
  bodies 0 (0 animals, 0.0% of land cells, 0% at sea), genotypes 0, births 0, splits 0, deaths [0.0, 0.0, 0.0, 0.0, 0.0, 0.0, 0.0, 0.0, 0.0], ate [0.0, 0.0, 0.0, 0.0, 0.0, 0.0], catches 0 presses 0 breaks 0 killed 0 riders 0, secs 1.2/0.0/1.3/0.0
  secs: air 1.7, water 1.1, life 9.0, sums 0.3
year  23: land 15.6 C, rain 2807 mm, evap 45, transp 61, to sea 2705, land bio 0.719, cover 0.86/0.91, h 2.0, eaters 1.37e-4, burnt 0, genotypes 2944/103, leading 190, mutants 0.002, errs w 2e-13 A 2e-14 C 2e-14, 12.1 s
  life secs: accumulate 0.2, cells 4.1, fire 0.0, eaters 0.6, seeds 0.4
  bodies 0 (0 animals, 0.0% of land cells, 0% at sea), genotypes 0, births 0, splits 0, deaths [0.0, 0.0, 0.0, 0.0, 0.0, 0.0, 0.0, 0.0, 0.0], ate [0.0, 0.0, 0.0, 0.0, 0.0, 0.0], catches 0 presses 0 breaks 0 killed 0 riders 0, secs 1.2/0.0/1.2/0.0
  secs: air 1.7, water 1.1, life 9.1, sums 0.3
year  24: land 15.6 C, rain 2256 mm, evap 44, transp 63, to sea 2157, land bio 0.734, cover 0.87/0.91, h 2.0, eaters 1.56e-4, burnt 0, genotypes 2895/86, leading 187, mutants 0.002, errs w 2e-13 A 2e-14 C 6e-15, 12.2 s
  life secs: accumulate 0.2, cells 4.1, fire 0.0, eaters 0.6, seeds 0.4
  bodies 0 (0 animals, 0.0% of land cells, 0% at sea), genotypes 0, births 0, splits 0, deaths [0.0, 0.0, 0.0, 0.0, 0.0, 0.0, 0.0, 0.0, 0.0], ate [0.0, 0.0, 0.0, 0.0, 0.0, 0.0], catches 0 presses 0 breaks 0 killed 0 riders 0, secs 1.2/0.0/1.3/0.0
  secs: air 1.7, water 1.1, life 9.1, sums 0.3
year  25: land 14.8 C, rain 2509 mm, evap 43, transp 64, to sea 2395, land bio 0.742, cover 0.88/0.91, h 2.0, eaters 1.79e-4, burnt 0, genotypes 3010/102, leading 186, mutants 0.002, errs w 2e-13 A 3e-14 C 1e-14, 12.2 s
  life secs: accumulate 0.2, cells 4.1, fire 0.0, eaters 0.6, seeds 0.4
  bodies 0 (0 animals, 0.0% of land cells, 0% at sea), genotypes 0, births 0, splits 0, deaths [0.0, 0.0, 0.0, 0.0, 0.0, 0.0, 0.0, 0.0, 0.0], ate [0.0, 0.0, 0.0, 0.0, 0.0, 0.0], catches 0 presses 0 breaks 0 killed 0 riders 0, secs 1.2/0.0/1.2/0.0
  secs: air 1.7, water 1.1, life 9.2, sums 0.3
year  26: land 14.0 C, rain 2258 mm, evap 41, transp 64, to sea 2158, land bio 0.744, cover 0.88/0.91, h 2.1, eaters 1.93e-4, burnt 0, genotypes 3004/123, leading 189, mutants 0.002, errs w 2e-13 A 1e-14 C 2e-14, 12.3 s
  life secs: accumulate 0.2, cells 4.2, fire 0.0, eaters 0.6, seeds 0.4
  bodies 0 (0 animals, 0.0% of land cells, 0% at sea), genotypes 0, births 0, splits 0, deaths [0.0, 0.0, 0.0, 0.0, 0.0, 0.0, 0.0, 0.0, 0.0], ate [0.0, 0.0, 0.0, 0.0, 0.0, 0.0], catches 0 presses 0 breaks 0 killed 0 riders 0, secs 1.2/0.0/1.2/0.0
  secs: air 1.7, water 1.1, life 9.1, sums 0.3
year  27: land 15.7 C, rain 2455 mm, evap 44, transp 61, to sea 2346, land bio 0.749, cover 0.88/0.91, h 2.1, eaters 1.83e-4, burnt 0, genotypes 2941/122, leading 188, mutants 0.002, errs w 2e-13 A 3e-14 C 2e-14, 12.3 s
  life secs: accumulate 0.2, cells 4.1, fire 0.0, eaters 0.6, seeds 0.4
  bodies 0 (0 animals, 0.0% of land cells, 0% at sea), genotypes 0, births 0, splits 0, deaths [0.0, 0.0, 0.0, 0.0, 0.0, 0.0, 0.0, 0.0, 0.0], ate [0.0, 0.0, 0.0, 0.0, 0.0, 0.0], catches 0 presses 0 breaks 0 killed 0 riders 0, secs 1.2/0.0/1.3/0.0
  secs: air 1.7, water 1.1, life 9.1, sums 0.3
year  28: land 16.7 C, rain 2249 mm, evap 46, transp 62, to sea 2147, land bio 0.769, cover 0.89/0.90, h 2.1, eaters 1.65e-4, burnt 0, genotypes 3043/131, leading 189, mutants 0.003, errs w 2e-13 A 2e-14 C 4e-14, 12.2 s
  life secs: accumulate 0.2, cells 4.1, fire 0.0, eaters 0.5, seeds 0.4
  bodies 0 (0 animals, 0.0% of land cells, 0% at sea), genotypes 0, births 0, splits 0, deaths [0.0, 0.0, 0.0, 0.0, 0.0, 0.0, 0.0, 0.0, 0.0], ate [0.0, 0.0, 0.0, 0.0, 0.0, 0.0], catches 0 presses 0 breaks 0 killed 0 riders 0, secs 1.2/0.0/1.2/0.0
  secs: air 1.7, water 1.1, life 9.0, sums 0.3
year  29: land 16.3 C, rain 2599 mm, evap 44, transp 66, to sea 2481, land bio 0.795, cover 0.90/0.90, h 2.1, eaters 1.81e-4, burnt 0, genotypes 3185/129, leading 190, mutants 0.003, errs w 2e-13 A 6e-16 C 1e-14, 12.1 s
  life secs: accumulate 0.2, cells 4.1, fire 0.0, eaters 0.5, seeds 0.4
  bodies 0 (0 animals, 0.0% of land cells, 0% at sea), genotypes 0, births 0, splits 0, deaths [0.0, 0.0, 0.0, 0.0, 0.0, 0.0, 0.0, 0.0, 0.0], ate [0.0, 0.0, 0.0, 0.0, 0.0, 0.0], catches 0 presses 0 breaks 0 killed 0 riders 0, secs 1.2/0.0/1.2/0.0
  secs: air 1.7, water 1.1, life 9.1, sums 0.3
year  30: land 16.4 C, rain 2452 mm, evap 45, transp 66, to sea 2345, land bio 0.825, cover 0.90/0.90, h 2.0, eaters 1.72e-4, burnt 5, genotypes 3207/113, leading 185, mutants 0.003, errs w 2e-13 A 6e-15 C 1e-14, 12.2 s
  life secs: accumulate 0.2, cells 4.1, fire 0.0, eaters 0.5, seeds 0.4
  bodies 0 (0 animals, 0.0% of land cells, 0% at sea), genotypes 0, births 0, splits 0, deaths [0.0, 0.0, 0.0, 0.0, 0.0, 0.0, 0.0, 0.0, 0.0], ate [0.0, 0.0, 0.0, 0.0, 0.0, 0.0], catches 0 presses 0 breaks 0 killed 0 riders 0, secs 1.2/0.0/1.2/0.0
done: experiments/e111_holds/results/set/no_bite_hunter in 322 s
