terrain: 128x128, 1639 land cells, 22 in basins, 0.0 s
  secs: air 1.6, water 1.0, life 0.0, sums 0.3
year   1: land 10.6 C, rain 1957 mm, evap 45, transp 0, to sea 1817, land bio 0.000, cover 0.00/0.00, h 0.0, eaters 0.00e0, burnt 0, genotypes 0/0, leading 0, mutants -0.000, errs w 5e-14 A 1e-15 C 0e0, 2.9 s
  life secs: accumulate 0.0, cells 0.0, fire 0.0, eaters 0.0, seeds 0.0
  secs: air 1.6, water 1.0, life 0.0, sums 0.3
year   2: land 13.3 C, rain 2128 mm, evap 52, transp 0, to sea 2074, land bio 0.000, cover 0.00/0.00, h 0.0, eaters 0.00e0, burnt 0, genotypes 0/0, leading 0, mutants -0.000, errs w 4e-14 A 4e-16 C 0e0, 2.9 s
  life secs: accumulate 0.0, cells 0.0, fire 0.0, eaters 0.0, seeds 0.0
  secs: air 1.5, water 0.9, life 5.2, sums 0.2
year   3: land 15.0 C, rain 2194 mm, evap 56, transp 2, to sea 2135, land bio 0.007, cover 0.15/0.54, h 0.9, eaters 3.46e-7, burnt 0, genotypes 780/67, leading 253, mutants -0.000, errs w 3e-14 A 6e-15 C 1e-13, 7.9 s
  life secs: accumulate 0.1, cells 4.1, fire 0.0, eaters 0.7, seeds 0.3
  secs: air 1.5, water 0.9, life 4.9, sums 0.2
year   4: land 16.4 C, rain 2231 mm, evap 58, transp 6, to sea 2167, land bio 0.019, cover 0.33/0.60, h 1.2, eaters 4.27e-9, burnt 0, genotypes 835/64, leading 256, mutants 0.000, errs w 5e-14 A 2e-14 C 5e-14, 7.6 s
  life secs: accumulate 0.1, cells 4.3, fire 0.0, eaters 0.1, seeds 0.3
  secs: air 1.6, water 0.9, life 4.3, sums 0.2
year   5: land 17.9 C, rain 2121 mm, evap 60, transp 12, to sea 2051, land bio 0.041, cover 0.49/0.64, h 1.3, eaters 1.78e-10, burnt 0, genotypes 926/52, leading 255, mutants 0.001, errs w 6e-14 A 8e-15 C 8e-15, 7.0 s
  life secs: accumulate 0.1, cells 3.8, fire 0.0, eaters 0.0, seeds 0.3
  secs: air 1.5, water 0.9, life 4.3, sums 0.2
year   6: land 18.0 C, rain 3138 mm, evap 59, transp 22, to sea 3044, land bio 0.073, cover 0.60/0.67, h 1.4, eaters 2.03e-10, burnt 0, genotypes 1001/27, leading 251, mutants 0.001, errs w 4e-14 A 2e-14 C 3e-14, 6.9 s
  life secs: accumulate 0.1, cells 3.7, fire 0.0, eaters 0.0, seeds 0.4
  secs: air 1.6, water 0.9, life 4.2, sums 0.2
year   7: land 17.7 C, rain 2695 mm, evap 55, transp 31, to sea 2617, land bio 0.112, cover 0.70/0.68, h 1.5, eaters 1.44e-9, burnt 0, genotypes 1074/16, leading 253, mutants 0.001, errs w 8e-14 A 7e-15 C 1e-14, 6.9 s
  life secs: accumulate 0.1, cells 3.7, fire 0.0, eaters 0.0, seeds 0.4
  secs: air 1.5, water 0.9, life 4.3, sums 0.2
year   8: land 17.6 C, rain 2813 mm, evap 52, transp 42, to sea 2716, land bio 0.158, cover 0.76/0.69, h 1.6, eaters 1.67e-8, burnt 0, genotypes 1224/26, leading 252, mutants 0.001, errs w 8e-14 A 1e-14 C 4e-15, 6.9 s
  life secs: accumulate 0.1, cells 3.7, fire 0.0, eaters 0.0, seeds 0.4
  secs: air 1.6, water 0.9, life 4.2, sums 0.2
year   9: land 17.2 C, rain 3285 mm, evap 50, transp 49, to sea 3179, land bio 0.206, cover 0.79/0.70, h 1.7, eaters 3.27e-7, burnt 0, genotypes 1342/41, leading 246, mutants 0.001, errs w 6e-14 A 2e-14 C 7e-15, 6.9 s
  life secs: accumulate 0.2, cells 3.7, fire 0.0, eaters 0.0, seeds 0.4
  secs: air 1.6, water 0.9, life 4.4, sums 0.2
year  10: land 18.1 C, rain 3231 mm, evap 51, transp 55, to sea 3128, land bio 0.262, cover 0.82/0.70, h 1.7, eaters 1.43e-5, burnt 0, genotypes 1395/89, leading 243, mutants 0.001, errs w 7e-14 A 8e-15 C 3e-14, 7.0 s
  life secs: accumulate 0.1, cells 3.8, fire 0.0, eaters 0.1, seeds 0.4
  secs: air 1.6, water 0.9, life 4.5, sums 0.2
year  11: land 18.6 C, rain 2716 mm, evap 51, transp 57, to sea 2616, land bio 0.316, cover 0.85/0.70, h 1.8, eaters 3.13e-5, burnt 0, genotypes 1520/110, leading 240, mutants 0.001, errs w 6e-14 A 3e-14 C 9e-15, 7.3 s
  life secs: accumulate 0.2, cells 3.8, fire 0.0, eaters 0.2, seeds 0.4
  secs: air 1.6, water 0.9, life 4.7, sums 0.2
year  12: land 18.1 C, rain 3195 mm, evap 50, transp 59, to sea 3079, land bio 0.360, cover 0.87/0.70, h 1.8, eaters 5.24e-5, burnt 0, genotypes 1612/136, leading 240, mutants 0.001, errs w 8e-14 A 2e-14 C 1e-14, 7.4 s
  life secs: accumulate 0.1, cells 3.9, fire 0.0, eaters 0.2, seeds 0.4
  secs: air 1.6, water 0.9, life 4.7, sums 0.2
year  13: land 18.0 C, rain 3043 mm, evap 49, transp 58, to sea 2940, land bio 0.403, cover 0.88/0.71, h 1.9, eaters 4.84e-5, burnt 0, genotypes 1636/181, leading 242, mutants 0.001, errs w 7e-14 A 7e-15 C 1e-14, 7.4 s
  life secs: accumulate 0.2, cells 3.9, fire 0.0, eaters 0.3, seeds 0.3
  secs: air 1.6, water 0.9, life 4.9, sums 0.2
year  14: land 16.9 C, rain 2653 mm, evap 47, transp 62, to sea 2550, land bio 0.434, cover 0.88/0.71, h 1.9, eaters 1.07e-4, burnt 0, genotypes 1699/221, leading 242, mutants 0.001, errs w 1e-13 A 2e-14 C 1e-14, 7.6 s
  life secs: accumulate 0.1, cells 4.0, fire 0.0, eaters 0.4, seeds 0.4
  secs: air 1.6, water 0.9, life 5.0, sums 0.2
year  15: land 17.2 C, rain 2833 mm, evap 48, transp 57, to sea 2725, land bio 0.464, cover 0.89/0.71, h 1.9, eaters 1.02e-4, burnt 0, genotypes 1674/235, leading 239, mutants 0.001, errs w 1e-13 A 7e-16 C 2e-14, 7.7 s
  life secs: accumulate 0.1, cells 4.1, fire 0.0, eaters 0.5, seeds 0.3
bodies sown: 25 (no form 56, no soil 219, no water 0)
  secs: air 1.7, water 1.0, life 10.5, sums 0.3
year  16: land 16.2 C, rain 3056 mm, evap 46, transp 60, to sea 2948, land bio 0.486, cover 0.89/0.71, h 1.9, eaters 1.08e-4, burnt 0, genotypes 1728/216, leading 241, mutants 0.001, errs w 1e-13 A 3e-15 C 7e-16, 13.5 s
  life secs: accumulate 0.2, cells 4.4, fire 0.0, eaters 0.5, seeds 0.4
  bodies 130 (734145211 animals, 3.4% of land cells, 46% at sea), genotypes 25, births 131, splits 23, deaths [4.0, 33.0, 9.0, 0.0, 0.0, 0.0, 3.0, 0.0, 0.0], ate [0.022, 0.04, 0.001, 34.48, 0.052, 0.0], catches 51811 presses 40102 breaks 3 killed 81365 riders 40102, secs 1.8/0.1/1.7/0.0
  secs: air 1.7, water 1.0, life 14.6, sums 0.3
year  17: land 16.3 C, rain 3557 mm, evap 46, transp 60, to sea 3445, land bio 0.517, cover 0.88/0.70, h 2.0, eaters 1.22e-4, burnt 0, genotypes 1748/136, leading 241, mutants 0.001, errs w 1e-13 A 4e-15 C 2e-14, 17.6 s
  life secs: accumulate 0.2, cells 4.3, fire 0.0, eaters 0.5, seeds 0.4
  bodies 760 (578433894 animals, 14.6% of land cells, 60% at sea), genotypes 52, births 522, splits 198, deaths [4.0, 43.0, 1.0, 0.0, 0.0, 0.0, 42.0, 0.0, 0.0], ate [0.125, 0.33, 0.004, 231.256, 0.013, 0.055], catches 109203 presses 35593 breaks 7 killed 145684 riders 35548, secs 3.9/0.3/3.5/0.2
  secs: air 1.7, water 1.1, life 26.7, sums 0.3
year  18: land 15.5 C, rain 3589 mm, evap 45, transp 60, to sea 3484, land bio 0.540, cover 0.84/0.69, h 2.0, eaters 1.13e-4, burnt 0, genotypes 1697/100, leading 239, mutants 0.001, errs w 1e-13 A 3e-14 C 2e-14, 29.7 s
  life secs: accumulate 0.2, cells 4.2, fire 0.0, eaters 0.5, seeds 0.4
  bodies 1575 (613613569 animals, 24.2% of land cells, 62% at sea), genotypes 86, births 516, splits 345, deaths [10.0, 1.0, 1.0, 1.0, 0.0, 1.0, 26.0, 0.0, 6.0], ate [2.036, 2.32, 0.103, 559.65, 0.032, 0.286], catches 68263 presses 10150 breaks 7 killed 40960 riders 9174, secs 10.5/0.9/7.9/0.7
  secs: air 1.8, water 1.1, life 35.5, sums 0.3
year  19: land 14.3 C, rain 3932 mm, evap 44, transp 57, to sea 3826, land bio 0.548, cover 0.79/0.68, h 2.0, eaters 1.02e-4, burnt 0, genotypes 1716/95, leading 240, mutants 0.001, errs w 9e-14 A 3e-15 C 5e-15, 38.7 s
  life secs: accumulate 0.2, cells 4.1, fire 0.0, eaters 0.6, seeds 0.4
  bodies 1760 (203354061 animals, 24.8% of land cells, 63% at sea), genotypes 87, births 203, splits 205, deaths [189.0, 0.0, 0.0, 7.0, 0.0, 1.0, 24.0, 0.0, 2.0], ate [3.845, 3.353, 0.251, 514.792, 0.249, 0.048], catches 38969 presses 5335 breaks 1 killed 90 riders 4865, secs 15.7/1.4/10.6/1.1
  secs: air 1.7, water 1.0, life 34.9, sums 0.3
year  20: land 14.2 C, rain 4029 mm, evap 44, transp 53, to sea 3931, land bio 0.557, cover 0.77/0.66, h 2.1, eaters 1.02e-4, burnt 0, genotypes 1752/99, leading 244, mutants 0.001, errs w 1e-13 A 2e-14 C 3e-14, 37.9 s
  life secs: accumulate 0.2, cells 4.2, fire 0.0, eaters 0.6, seeds 0.4
  bodies 1636 (179863019 animals, 24.3% of land cells, 63% at sea), genotypes 97, births 165, splits 149, deaths [426.0, 0.0, 0.0, 10.0, 0.0, 0.0, 0.0, 0.0, 2.0], ate [3.209, 4.039, 0.238, 425.755, 0.287, 0.007], catches 2900 presses 443 breaks 0 killed 0 riders 343, secs 15.2/1.4/10.5/1.1
  secs: air 1.7, water 1.0, life 32.0, sums 0.3
year  21: land 14.9 C, rain 3446 mm, evap 46, transp 48, to sea 3358, land bio 0.565, cover 0.75/0.65, h 2.1, eaters 8.87e-5, burnt 0, genotypes 1674/92, leading 244, mutants 0.001, errs w 6e-14 A 2e-15 C 7e-15, 35.1 s
  life secs: accumulate 0.2, cells 4.1, fire 0.0, eaters 0.6, seeds 0.4
  bodies 1409 (140345300 animals, 21.4% of land cells, 64% at sea), genotypes 95, births 99, splits 120, deaths [424.0, 0.0, 0.0, 19.0, 0.0, 0.0, 2.0, 0.0, 1.0], ate [2.85, 4.552, 0.235, 343.995, 0.361, 0.004], catches 2935 presses 152 breaks 0 killed 0 riders 11, secs 13.6/1.2/9.6/0.9
  secs: air 1.7, water 1.0, life 28.7, sums 0.3
year  22: land 14.5 C, rain 3149 mm, evap 45, transp 49, to sea 3057, land bio 0.573, cover 0.75/0.64, h 2.1, eaters 9.08e-5, burnt 0, genotypes 1675/107, leading 245, mutants 0.001, errs w 8e-14 A 4e-14 C 2e-14, 31.7 s
  life secs: accumulate 0.2, cells 4.2, fire 0.0, eaters 0.5, seeds 0.3
  bodies 1223 (117868524 animals, 19.3% of land cells, 64% at sea), genotypes 90, births 92, splits 81, deaths [350.0, 0.0, 0.0, 8.0, 0.0, 0.0, 1.0, 0.0, 0.0], ate [2.305, 4.222, 0.203, 291.823, 0.197, 0.0], catches 258 presses 0 breaks 0 killed 0 riders 0, secs 11.6/1.0/8.5/0.8
  secs: air 1.7, water 1.0, life 26.4, sums 0.3
year  23: land 15.6 C, rain 2804 mm, evap 47, transp 47, to sea 2714, land bio 0.583, cover 0.75/0.63, h 2.0, eaters 8.54e-5, burnt 0, genotypes 1653/100, leading 244, mutants 0.001, errs w 4e-14 A 1e-15 C 2e-14, 29.4 s
  life secs: accumulate 0.2, cells 4.1, fire 0.0, eaters 0.5, seeds 0.3
  bodies 1110 (103774426 animals, 17.1% of land cells, 65% at sea), genotypes 88, births 112, splits 83, deaths [296.0, 0.0, 0.0, 12.0, 0.0, 0.0, 0.0, 0.0, 0.0], ate [2.356, 3.816, 0.207, 255.343, 0.122, 0.0], catches 21 presses 0 breaks 0 killed 0 riders 0, secs 10.4/0.8/7.8/0.7
  secs: air 1.7, water 1.0, life 25.1, sums 0.3
year  24: land 15.6 C, rain 2253 mm, evap 47, transp 48, to sea 2167, land bio 0.581, cover 0.76/0.61, h 2.1, eaters 9.68e-5, burnt 0, genotypes 1579/92, leading 250, mutants 0.001, errs w 2e-14 A 6e-15 C 2e-14, 28.1 s
  life secs: accumulate 0.2, cells 4.0, fire 0.0, eaters 0.5, seeds 0.3
  bodies 1064 (93894880 animals, 17.2% of land cells, 60% at sea), genotypes 87, births 135, splits 81, deaths [251.0, 0.0, 0.0, 6.0, 0.0, 0.0, 5.0, 0.0, 0.0], ate [2.911, 3.908, 0.253, 245.038, 0.092, 0.0], catches 55 presses 0 breaks 0 killed 0 riders 0, secs 9.9/0.7/7.4/0.6
  secs: air 1.7, water 1.1, life 25.0, sums 0.3
year  25: land 14.8 C, rain 2506 mm, evap 46, transp 48, to sea 2406, land bio 0.570, cover 0.76/0.60, h 2.1, eaters 1.05e-4, burnt 0, genotypes 1650/105, leading 248, mutants 0.001, errs w 2e-14 A 3e-14 C 1e-14, 28.0 s
  life secs: accumulate 0.2, cells 3.9, fire 0.0, eaters 0.5, seeds 0.3
  bodies 1042 (90473375 animals, 15.1% of land cells, 63% at sea), genotypes 92, births 114, splits 72, deaths [199.0, 0.0, 0.0, 3.0, 0.0, 0.0, 6.0, 0.0, 0.0], ate [2.634, 3.363, 0.222, 231.237, 0.183, 0.0], catches 268 presses 0 breaks 0 killed 0 riders 0, secs 9.9/0.7/7.4/0.6
  secs: air 1.7, water 1.1, life 24.2, sums 0.3
year  26: land 14.0 C, rain 2255 mm, evap 44, transp 48, to sea 2169, land bio 0.553, cover 0.77/0.58, h 2.1, eaters 1.23e-4, burnt 0, genotypes 1695/109, leading 256, mutants 0.001, errs w 2e-14 A 8e-15 C 2e-14, 27.2 s
  life secs: accumulate 0.2, cells 3.9, fire 0.0, eaters 0.5, seeds 0.3
  bodies 995 (86310574 animals, 14.9% of land cells, 61% at sea), genotypes 98, births 118, splits 67, deaths [209.0, 0.0, 0.0, 8.0, 0.0, 0.0, 15.0, 0.0, 0.0], ate [2.028, 3.653, 0.179, 215.043, 0.156, 0.0], catches 354 presses 0 breaks 0 killed 0 riders 0, secs 9.5/0.7/7.1/0.5
  secs: air 1.7, water 1.1, life 24.3, sums 0.3
year  27: land 15.7 C, rain 2453 mm, evap 47, transp 45, to sea 2357, land bio 0.544, cover 0.78/0.57, h 2.2, eaters 1.08e-4, burnt 0, genotypes 1783/109, leading 255, mutants 0.001, errs w 2e-14 A 7e-15 C 2e-14, 27.4 s
  life secs: accumulate 0.2, cells 3.9, fire 0.0, eaters 0.5, seeds 0.3
  bodies 960 (86184510 animals, 15.0% of land cells, 62% at sea), genotypes 95, births 164, splits 78, deaths [212.0, 0.0, 0.0, 8.0, 0.0, 0.0, 57.0, 0.0, 0.0], ate [2.228, 3.619, 0.209, 222.988, 0.159, 0.0], catches 2775 presses 0 breaks 0 killed 0 riders 0, secs 9.5/0.7/7.1/0.5
  secs: air 1.6, water 0.9, life 22.1, sums 0.3
year  28: land 16.7 C, rain 2247 mm, evap 49, transp 46, to sea 2157, land bio 0.550, cover 0.79/0.56, h 2.2, eaters 9.61e-5, burnt 0, genotypes 1786/85, leading 253, mutants 0.001, errs w 3e-14 A 4e-14 C 6e-14, 24.8 s
  life secs: accumulate 0.2, cells 3.7, fire 0.0, eaters 0.5, seeds 0.3
  bodies 953 (88490590 animals, 16.1% of land cells, 61% at sea), genotypes 103, births 156, splits 77, deaths [153.0, 0.0, 0.0, 4.0, 0.0, 0.0, 83.0, 0.0, 0.0], ate [1.897, 3.285, 0.186, 225.282, 0.095, 0.0], catches 583 presses 0 breaks 0 killed 0 riders 0, secs 8.5/0.6/6.4/0.5
  secs: air 1.5, water 0.9, life 21.9, sums 0.2
year  29: land 16.3 C, rain 2596 mm, evap 48, transp 49, to sea 2492, land bio 0.560, cover 0.80/0.56, h 2.1, eaters 1.05e-4, burnt 0, genotypes 1827/89, leading 258, mutants 0.001, errs w 2e-14 A 3e-15 C 2e-15, 24.6 s
  life secs: accumulate 0.2, cells 3.5, fire 0.0, eaters 0.4, seeds 0.3
  bodies 1033 (99903558 animals, 17.7% of land cells, 60% at sea), genotypes 111, births 196, splits 87, deaths [165.0, 0.0, 0.0, 6.0, 0.0, 0.0, 32.0, 0.0, 0.0], ate [1.802, 2.455, 0.152, 222.451, 0.071, 0.0], catches 502 presses 0 breaks 0 killed 0 riders 0, secs 8.5/0.6/6.5/0.5
  secs: air 1.6, water 0.9, life 23.1, sums 0.2
year  30: land 16.4 C, rain 2449 mm, evap 48, transp 48, to sea 2356, land bio 0.576, cover 0.80/0.57, h 2.1, eaters 1.06e-4, burnt 0, genotypes 1923/83, leading 258, mutants 0.001, errs w 6e-15 A 2e-14 C 9e-15, 25.8 s
  life secs: accumulate 0.2, cells 3.5, fire 0.0, eaters 0.4, seeds 0.3
  bodies 1167 (119701306 animals, 18.3% of land cells, 66% at sea), genotypes 122, births 258, splits 105, deaths [192.0, 0.0, 0.0, 5.0, 0.0, 0.0, 32.0, 0.0, 0.0], ate [2.116, 2.957, 0.171, 274.479, 0.074, 0.0], catches 1702 presses 0 breaks 0 killed 0 riders 0, secs 9.1/0.7/7.0/0.6
done: experiments/e111_holds/results/set/no_road in 520 s
