terrain: 128x128, 1639 land cells, 22 in basins, 0.0 s
  secs: air 1.6, water 1.0, life 0.0, sums 0.3
year   1: land 10.6 C, rain 1957 mm, evap 45, transp 0, to sea 1817, land bio 0.000, cover 0.00/0.00, h 0.0, eaters 0.00e0, burnt 0, genotypes 0/0, leading 0, mutants -0.000, errs w 5e-14 A 1e-15 C 0e0, 2.9 s
  life secs: accumulate 0.0, cells 0.0, fire 0.0, eaters 0.0, seeds 0.0
  secs: air 1.6, water 1.0, life 0.0, sums 0.3
year   2: land 13.3 C, rain 2128 mm, evap 52, transp 0, to sea 2074, land bio 0.000, cover 0.00/0.00, h 0.0, eaters 0.00e0, burnt 0, genotypes 0/0, leading 0, mutants -0.000, errs w 4e-14 A 4e-16 C 0e0, 2.9 s
  life secs: accumulate 0.0, cells 0.0, fire 0.0, eaters 0.0, seeds 0.0
  secs: air 1.5, water 0.9, life 5.2, sums 0.2
year   3: land 15.0 C, rain 2194 mm, evap 56, transp 2, to sea 2135, land bio 0.007, cover 0.15/0.54, h 0.9, eaters 3.46e-7, burnt 0, genotypes 780/67, leading 253, mutants -0.000, errs w 3e-14 A 6e-15 C 1e-13, 7.9 s
  life secs: accumulate 0.1, cells 4.1, fire 0.0, eaters 0.7, seeds 0.3
  secs: air 1.6, water 0.9, life 4.9, sums 0.2
year   4: land 16.4 C, rain 2231 mm, evap 58, transp 6, to sea 2167, land bio 0.019, cover 0.33/0.60, h 1.2, eaters 4.27e-9, burnt 0, genotypes 835/64, leading 256, mutants 0.000, errs w 5e-14 A 2e-14 C 5e-14, 7.6 s
  life secs: accumulate 0.1, cells 4.3, fire 0.0, eaters 0.1, seeds 0.4
  secs: air 1.6, water 0.9, life 4.3, sums 0.2
year   5: land 17.9 C, rain 2121 mm, evap 60, transp 12, to sea 2051, land bio 0.041, cover 0.49/0.64, h 1.3, eaters 1.78e-10, burnt 0, genotypes 926/52, leading 255, mutants 0.001, errs w 6e-14 A 8e-15 C 8e-15, 7.0 s
  life secs: accumulate 0.1, cells 3.8, fire 0.0, eaters 0.0, seeds 0.4
  secs: air 1.6, water 0.9, life 4.3, sums 0.2
year   6: land 18.0 C, rain 3138 mm, evap 59, transp 22, to sea 3044, land bio 0.073, cover 0.60/0.67, h 1.4, eaters 2.03e-10, burnt 0, genotypes 1001/27, leading 251, mutants 0.001, errs w 4e-14 A 2e-14 C 3e-14, 7.0 s
  life secs: accumulate 0.1, cells 3.7, fire 0.0, eaters 0.0, seeds 0.4
  secs: air 1.6, water 0.9, life 4.2, sums 0.2
year   7: land 17.7 C, rain 2695 mm, evap 55, transp 31, to sea 2617, land bio 0.112, cover 0.70/0.68, h 1.5, eaters 1.44e-9, burnt 0, genotypes 1074/16, leading 253, mutants 0.001, errs w 8e-14 A 7e-15 C 1e-14, 6.9 s
  life secs: accumulate 0.1, cells 3.7, fire 0.0, eaters 0.0, seeds 0.4
  secs: air 1.5, water 0.9, life 4.3, sums 0.2
year   8: land 17.6 C, rain 2813 mm, evap 52, transp 42, to sea 2716, land bio 0.158, cover 0.76/0.69, h 1.6, eaters 1.67e-8, burnt 0, genotypes 1224/26, leading 252, mutants 0.001, errs w 8e-14 A 1e-14 C 4e-15, 6.9 s
  life secs: accumulate 0.1, cells 3.7, fire 0.0, eaters 0.0, seeds 0.4
  secs: air 1.5, water 0.9, life 4.2, sums 0.2
year   9: land 17.2 C, rain 3285 mm, evap 50, transp 49, to sea 3179, land bio 0.206, cover 0.79/0.70, h 1.7, eaters 3.27e-7, burnt 0, genotypes 1342/41, leading 246, mutants 0.001, errs w 6e-14 A 2e-14 C 7e-15, 6.9 s
  life secs: accumulate 0.1, cells 3.7, fire 0.0, eaters 0.0, seeds 0.4
  secs: air 1.6, water 0.9, life 4.3, sums 0.2
year  10: land 18.1 C, rain 3231 mm, evap 51, transp 55, to sea 3128, land bio 0.262, cover 0.82/0.70, h 1.7, eaters 1.43e-5, burnt 0, genotypes 1395/89, leading 243, mutants 0.001, errs w 7e-14 A 8e-15 C 3e-14, 7.0 s
  life secs: accumulate 0.1, cells 3.7, fire 0.0, eaters 0.1, seeds 0.4
  secs: air 1.6, water 0.9, life 4.5, sums 0.2
year  11: land 18.6 C, rain 2716 mm, evap 51, transp 57, to sea 2616, land bio 0.316, cover 0.85/0.70, h 1.8, eaters 3.13e-5, burnt 0, genotypes 1520/110, leading 240, mutants 0.001, errs w 6e-14 A 3e-14 C 9e-15, 7.2 s
  life secs: accumulate 0.2, cells 3.8, fire 0.0, eaters 0.2, seeds 0.4
  secs: air 1.6, water 0.9, life 4.6, sums 0.2
year  12: land 18.1 C, rain 3195 mm, evap 50, transp 59, to sea 3079, land bio 0.360, cover 0.87/0.70, h 1.8, eaters 5.24e-5, burnt 0, genotypes 1612/136, leading 240, mutants 0.001, errs w 8e-14 A 2e-14 C 1e-14, 7.4 s
  life secs: accumulate 0.2, cells 3.9, fire 0.0, eaters 0.2, seeds 0.3
  secs: air 1.6, water 0.9, life 4.7, sums 0.2
year  13: land 18.0 C, rain 3043 mm, evap 49, transp 58, to sea 2940, land bio 0.403, cover 0.88/0.71, h 1.9, eaters 4.84e-5, burnt 0, genotypes 1636/181, leading 242, mutants 0.001, errs w 7e-14 A 7e-15 C 1e-14, 7.4 s
  life secs: accumulate 0.2, cells 3.9, fire 0.0, eaters 0.3, seeds 0.3
  secs: air 1.6, water 0.9, life 4.9, sums 0.2
year  14: land 16.9 C, rain 2653 mm, evap 47, transp 62, to sea 2550, land bio 0.434, cover 0.88/0.71, h 1.9, eaters 1.07e-4, burnt 0, genotypes 1699/221, leading 242, mutants 0.001, errs w 1e-13 A 2e-14 C 1e-14, 7.6 s
  life secs: accumulate 0.2, cells 4.0, fire 0.0, eaters 0.4, seeds 0.3
  secs: air 1.6, water 0.9, life 5.0, sums 0.2
year  15: land 17.2 C, rain 2833 mm, evap 48, transp 57, to sea 2725, land bio 0.464, cover 0.89/0.71, h 1.9, eaters 1.02e-4, burnt 0, genotypes 1674/235, leading 239, mutants 0.001, errs w 1e-13 A 7e-16 C 2e-14, 7.7 s
  life secs: accumulate 0.1, cells 4.1, fire 0.0, eaters 0.5, seeds 0.3
bodies sown: 25 (no form 56, no soil 219, no water 0)
  secs: air 1.7, water 1.0, life 10.5, sums 0.3
year  16: land 16.2 C, rain 3056 mm, evap 46, transp 60, to sea 2948, land bio 0.488, cover 0.88/0.71, h 1.9, eaters 1.07e-4, burnt 1, genotypes 1716/197, leading 239, mutants 0.001, errs w 1e-13 A 2e-14 C 7e-15, 13.5 s
  life secs: accumulate 0.2, cells 4.3, fire 0.0, eaters 0.5, seeds 0.4
  bodies 122 (637939608 animals, 3.9% of land cells, 35% at sea), genotypes 26, births 97, splits 13, deaths [5.0, 0.0, 7.0, 0.0, 0.0, 0.0, 1.0, 0.0, 0.0], ate [0.026, 0.256, 0.168, 34.204, 0.002, 0.003], catches 20962 presses 11924 breaks 14 killed 451570 riders 11924, secs 1.8/0.1/1.7/0.0
  secs: air 1.7, water 1.0, life 12.5, sums 0.3
year  17: land 16.3 C, rain 3557 mm, evap 46, transp 61, to sea 3444, land bio 0.520, cover 0.87/0.71, h 2.0, eaters 1.26e-4, burnt 0, genotypes 1838/122, leading 237, mutants 0.001, errs w 1e-13 A 2e-14 C 2e-14, 15.4 s
  life secs: accumulate 0.2, cells 4.3, fire 0.0, eaters 0.5, seeds 0.4
  bodies 319 (477101220 animals, 7.9% of land cells, 50% at sea), genotypes 28, births 142, splits 90, deaths [4.0, 0.0, 5.0, 0.0, 0.0, 0.0, 24.0, 0.0, 2.0], ate [0.073, 0.614, 0.304, 188.703, 0.004, 0.017], catches 5939 presses 4925 breaks 10 killed 280675 riders 4579, secs 2.7/0.2/2.6/0.1
  secs: air 1.7, water 1.1, life 17.1, sums 0.3
year  18: land 15.5 C, rain 3589 mm, evap 44, transp 62, to sea 3483, land bio 0.553, cover 0.84/0.72, h 2.0, eaters 1.30e-4, burnt 0, genotypes 1986/96, leading 237, mutants 0.001, errs w 2e-13 A 4e-15 C 2e-14, 20.1 s
  life secs: accumulate 0.2, cells 4.1, fire 0.0, eaters 0.5, seeds 0.4
  bodies 705 (494782811 animals, 16.8% of land cells, 50% at sea), genotypes 45, births 239, splits 184, deaths [11.0, 0.0, 4.0, 0.0, 0.0, 0.0, 20.0, 0.0, 2.0], ate [0.317, 2.17, 1.272, 615.698, 0.013, 0.139], catches 29729 presses 4768 breaks 13 killed 322829 riders 4202, secs 4.8/0.4/4.8/0.2
  secs: air 1.7, water 1.1, life 23.3, sums 0.3
year  19: land 14.3 C, rain 3933 mm, evap 42, transp 64, to sea 3822, land bio 0.587, cover 0.80/0.75, h 2.0, eaters 1.40e-4, burnt 1, genotypes 2202/105, leading 231, mutants 0.001, errs w 2e-13 A 2e-14 C 4e-16, 26.5 s
  life secs: accumulate 0.2, cells 4.1, fire 0.0, eaters 0.6, seeds 0.4
  bodies 979 (80298824 animals, 18.7% of land cells, 58% at sea), genotypes 41, births 143, splits 229, deaths [68.0, 0.0, 1.0, 2.0, 0.0, 2.0, 23.0, 0.0, 2.0], ate [0.782, 3.437, 2.708, 1291.256, 0.144, 0.062], catches 24805 presses 5925 breaks 7 killed 223679 riders 5524, secs 8.1/0.6/7.3/0.5
  secs: air 1.7, water 1.1, life 25.8, sums 0.3
year  20: land 14.2 C, rain 4030 mm, evap 42, transp 62, to sea 3925, land bio 0.611, cover 0.78/0.81, h 2.1, eaters 1.47e-4, burnt 0, genotypes 2519/102, leading 215, mutants 0.001, errs w 1e-13 A 2e-14 C 4e-14, 28.9 s
  life secs: accumulate 0.2, cells 4.1, fire 0.0, eaters 0.6, seeds 0.4
  bodies 1071 (79443246 animals, 20.8% of land cells, 56% at sea), genotypes 50, births 96, splits 187, deaths [179.0, 0.0, 0.0, 7.0, 0.0, 0.0, 5.0, 0.0, 0.0], ate [1.036, 3.687, 2.844, 1548.768, 0.03, 0.003], catches 18891 presses 450 breaks 0 killed 0 riders 397, secs 9.3/0.8/8.2/0.6
  secs: air 1.7, water 1.1, life 25.9, sums 0.3
year  21: land 14.9 C, rain 3447 mm, evap 44, transp 59, to sea 3351, land bio 0.639, cover 0.77/0.90, h 2.1, eaters 1.32e-4, burnt 0, genotypes 2931/113, leading 178, mutants 0.001, errs w 1e-13 A 2e-14 C 3e-14, 28.9 s
  life secs: accumulate 0.2, cells 4.1, fire 0.0, eaters 0.6, seeds 0.4
  bodies 1048 (74521442 animals, 20.9% of land cells, 58% at sea), genotypes 49, births 49, splits 121, deaths [186.0, 0.0, 0.0, 5.0, 0.0, 0.0, 2.0, 0.0, 0.0], ate [1.081, 3.773, 2.832, 1681.402, 0.061, 0.0], catches 44952 presses 34 breaks 0 killed 0 riders 34, secs 9.2/0.8/8.3/0.6
  secs: air 1.7, water 1.0, life 25.7, sums 0.3
year  22: land 14.5 C, rain 3151 mm, evap 43, transp 61, to sea 3049, land bio 0.662, cover 0.77/0.97, h 2.1, eaters 1.30e-4, burnt 0, genotypes 3292/103, leading 169, mutants 0.002, errs w 1e-13 A 4e-14 C 2e-14, 28.8 s
  life secs: accumulate 0.2, cells 4.2, fire 0.0, eaters 0.6, seeds 0.4
  bodies 1064 (71677090 animals, 20.6% of land cells, 60% at sea), genotypes 50, births 55, splits 136, deaths [163.0, 0.0, 0.0, 12.0, 0.0, 0.0, 0.0, 0.0, 0.0], ate [0.985, 4.009, 2.92, 1876.846, 0.037, 0.0], catches 32491 presses 0 breaks 0 killed 0 riders 0, secs 9.1/0.8/8.2/0.6
  secs: air 1.7, water 1.0, life 25.9, sums 0.3
year  23: land 15.6 C, rain 2806 mm, evap 45, transp 59, to sea 2706, land bio 0.686, cover 0.77/0.99, h 2.1, eaters 1.29e-4, burnt 0, genotypes 3556/119, leading 159, mutants 0.002, errs w 1e-13 A 3e-14 C 1e-14, 29.0 s
  life secs: accumulate 0.2, cells 4.1, fire 0.0, eaters 0.6, seeds 0.4
  bodies 1086 (68212576 animals, 20.2% of land cells, 64% at sea), genotypes 53, births 41, splits 138, deaths [145.0, 0.0, 0.0, 8.0, 0.0, 0.0, 4.0, 0.0, 0.0], ate [1.171, 4.263, 3.528, 2148.39, 0.022, 0.0], catches 25474 presses 0 breaks 0 killed 0 riders 0, secs 9.3/0.8/8.3/0.6
  secs: air 1.7, water 1.0, life 26.1, sums 0.3
year  24: land 15.6 C, rain 2255 mm, evap 44, transp 61, to sea 2159, land bio 0.690, cover 0.78/1.00, h 2.1, eaters 1.38e-4, burnt 0, genotypes 3820/111, leading 158, mutants 0.002, errs w 1e-13 A 7e-15 C 7e-16, 29.1 s
  life secs: accumulate 0.2, cells 4.1, fire 0.0, eaters 0.6, seeds 0.4
  bodies 1115 (71078448 animals, 19.9% of land cells, 65% at sea), genotypes 54, births 85, splits 115, deaths [164.0, 0.0, 0.0, 3.0, 0.0, 0.0, 4.0, 0.0, 0.0], ate [1.036, 3.93, 3.078, 2241.878, 0.009, 0.0], catches 28132 presses 0 breaks 0 killed 0 riders 0, secs 9.4/0.8/8.2/0.6
  secs: air 1.7, water 1.0, life 27.0, sums 0.3
year  25: land 14.8 C, rain 2508 mm, evap 43, transp 62, to sea 2397, land bio 0.697, cover 0.78/1.00, h 2.1, eaters 1.64e-4, burnt 0, genotypes 3998/99, leading 160, mutants 0.002, errs w 1e-13 A 5e-14 C 4e-15, 30.0 s
  life secs: accumulate 0.2, cells 4.0, fire 0.0, eaters 0.6, seeds 0.4
  bodies 1273 (80578263 animals, 23.2% of land cells, 62% at sea), genotypes 62, births 142, splits 155, deaths [122.0, 0.0, 0.0, 12.0, 0.0, 0.0, 5.0, 0.0, 0.0], ate [1.106, 3.969, 3.1, 2514.619, 0.01, 0.0], catches 32149 presses 0 breaks 0 killed 0 riders 0, secs 10.0/0.8/8.7/0.6
  secs: air 1.7, water 1.1, life 29.8, sums 0.3
year  26: land 14.0 C, rain 2257 mm, evap 41, transp 61, to sea 2160, land bio 0.689, cover 0.78/1.00, h 2.2, eaters 1.81e-4, burnt 0, genotypes 4180/130, leading 160, mutants 0.003, errs w 1e-13 A 4e-15 C 4e-14, 32.9 s
  life secs: accumulate 0.2, cells 4.0, fire 0.0, eaters 0.6, seeds 0.4
  bodies 1498 (97180416 animals, 26.5% of land cells, 61% at sea), genotypes 83, births 236, splits 184, deaths [178.0, 0.0, 0.0, 9.0, 0.0, 0.0, 8.0, 0.0, 0.0], ate [1.091, 3.677, 3.234, 3076.009, 0.023, 0.0], catches 93316 presses 0 breaks 0 killed 0 riders 0, secs 11.4/0.9/9.8/0.8
  secs: air 1.7, water 1.0, life 34.5, sums 0.3
year  27: land 15.7 C, rain 2454 mm, evap 45, transp 57, to sea 2349, land bio 0.687, cover 0.79/1.00, h 2.2, eaters 1.57e-4, burnt 0, genotypes 4273/115, leading 159, mutants 0.003, errs w 1e-13 A 1e-14 C 7e-15, 37.5 s
  life secs: accumulate 0.2, cells 4.0, fire 0.0, eaters 0.6, seeds 0.4
  bodies 1866 (131840238 animals, 35.6% of land cells, 58% at sea), genotypes 130, births 470, splits 239, deaths [301.0, 0.0, 0.0, 20.0, 0.0, 0.0, 20.0, 0.0, 0.0], ate [1.242, 3.928, 3.556, 4040.824, 0.019, 0.0], catches 32545 presses 0 breaks 0 killed 0 riders 0, secs 13.7/1.2/11.8/1.0
  secs: air 1.7, water 1.0, life 40.3, sums 0.3
year  28: land 16.7 C, rain 2248 mm, evap 46, transp 57, to sea 2150, land bio 0.693, cover 0.80/1.00, h 2.2, eaters 1.22e-4, burnt 0, genotypes 4414/112, leading 152, mutants 0.003, errs w 1e-13 A 9e-15 C 2e-15, 43.3 s
  life secs: accumulate 0.2, cells 4.0, fire 0.0, eaters 0.5, seeds 0.4
  bodies 2174 (162015367 animals, 39.8% of land cells, 55% at sea), genotypes 176, births 485, splits 241, deaths [362.0, 7.0, 1.0, 10.0, 0.0, 0.0, 38.0, 0.0, 0.0], ate [1.596, 3.776, 3.848, 5111.032, 0.009, 0.0], catches 28141 presses 0 breaks 0 killed 0 riders 0, secs 16.7/1.5/14.0/1.3
  secs: air 1.5, water 0.9, life 42.2, sums 0.2
year  29: land 16.3 C, rain 2597 mm, evap 45, transp 60, to sea 2485, land bio 0.708, cover 0.80/1.00, h 2.1, eaters 1.23e-4, burnt 0, genotypes 4609/89, leading 147, mutants 0.003, errs w 2e-13 A 3e-14 C 7e-15, 44.9 s
  life secs: accumulate 0.2, cells 3.7, fire 0.0, eaters 0.5, seeds 0.4
  bodies 2390 (176165133 animals, 40.6% of land cells, 57% at sea), genotypes 177, births 295, splits 171, deaths [207.0, 0.0, 1.0, 4.0, 0.0, 0.0, 38.0, 0.0, 0.0], ate [1.362, 3.815, 3.445, 6241.18, 0.012, 0.0], catches 25737 presses 0 breaks 0 killed 0 riders 0, secs 18.2/1.6/14.7/1.4
  secs: air 1.5, water 0.9, life 40.9, sums 0.2
year  30: land 16.4 C, rain 2451 mm, evap 46, transp 59, to sea 2349, land bio 0.731, cover 0.82/1.00, h 2.1, eaters 1.33e-4, burnt 0, genotypes 4869/80, leading 145, mutants 0.004, errs w 2e-13 A 2e-15 C 1e-14, 43.5 s
  life secs: accumulate 0.1, cells 3.2, fire 0.0, eaters 0.5, seeds 0.3
  bodies 2664 (194349159 animals, 42.9% of land cells, 60% at sea), genotypes 199, births 265, splits 124, deaths [100.0, 0.0, 3.0, 3.0, 0.0, 0.0, 9.0, 0.0, 0.0], ate [1.259, 3.866, 3.552, 7142.988, 0.016, 0.0], catches 21120 presses 0 breaks 0 killed 0 riders 0, secs 18.1/1.5/14.3/1.4
done: experiments/e111_holds/results/set/no_reach in 553 s
