terrain: 128x128, 1639 land cells, 22 in basins, 0.0 s
  secs: air 1.6, water 1.0, life 0.0, sums 0.3
year   1: land 10.6 C, rain 1957 mm, evap 45, transp 0, to sea 1817, land bio 0.000, cover 0.00/0.00, h 0.0, eaters 0.00e0, burnt 0, genotypes 0/0, leading 0, mutants -0.000, errs w 5e-14 A 1e-15 C 0e0, 2.9 s
  life secs: accumulate 0.0, cells 0.0, fire 0.0, eaters 0.0, seeds 0.0
  secs: air 1.6, water 1.0, life 0.0, sums 0.3
year   2: land 13.3 C, rain 2128 mm, evap 52, transp 0, to sea 2074, land bio 0.000, cover 0.00/0.00, h 0.0, eaters 0.00e0, burnt 0, genotypes 0/0, leading 0, mutants -0.000, errs w 4e-14 A 4e-16 C 0e0, 2.9 s
  life secs: accumulate 0.0, cells 0.0, fire 0.0, eaters 0.0, seeds 0.0
  secs: air 1.5, water 0.9, life 5.2, sums 0.2
year   3: land 15.0 C, rain 2194 mm, evap 56, transp 2, to sea 2135, land bio 0.007, cover 0.15/0.54, h 0.9, eaters 3.46e-7, burnt 0, genotypes 780/67, leading 253, mutants -0.000, errs w 3e-14 A 6e-15 C 1e-13, 7.8 s
  life secs: accumulate 0.1, cells 4.1, fire 0.0, eaters 0.7, seeds 0.3
  secs: air 1.5, water 0.9, life 4.9, sums 0.2
year   4: land 16.4 C, rain 2231 mm, evap 58, transp 6, to sea 2167, land bio 0.019, cover 0.33/0.60, h 1.2, eaters 4.27e-9, burnt 0, genotypes 835/64, leading 256, mutants 0.000, errs w 5e-14 A 2e-14 C 5e-14, 7.6 s
  life secs: accumulate 0.1, cells 4.3, fire 0.0, eaters 0.1, seeds 0.4
  secs: air 1.5, water 0.9, life 4.3, sums 0.2
year   5: land 17.9 C, rain 2121 mm, evap 60, transp 12, to sea 2051, land bio 0.041, cover 0.49/0.64, h 1.3, eaters 1.78e-10, burnt 0, genotypes 926/52, leading 255, mutants 0.001, errs w 6e-14 A 8e-15 C 8e-15, 7.0 s
  life secs: accumulate 0.1, cells 3.8, fire 0.0, eaters 0.0, seeds 0.3
  secs: air 1.5, water 0.9, life 4.2, sums 0.2
year   6: land 18.0 C, rain 3138 mm, evap 59, transp 22, to sea 3044, land bio 0.073, cover 0.60/0.67, h 1.4, eaters 2.03e-10, burnt 0, genotypes 1001/27, leading 251, mutants 0.001, errs w 4e-14 A 2e-14 C 3e-14, 6.9 s
  life secs: accumulate 0.1, cells 3.7, fire 0.0, eaters 0.0, seeds 0.4
  secs: air 1.6, water 0.9, life 4.2, sums 0.2
year   7: land 17.7 C, rain 2695 mm, evap 55, transp 31, to sea 2617, land bio 0.112, cover 0.70/0.68, h 1.5, eaters 1.44e-9, burnt 0, genotypes 1074/16, leading 253, mutants 0.001, errs w 8e-14 A 7e-15 C 1e-14, 6.9 s
  life secs: accumulate 0.1, cells 3.7, fire 0.0, eaters 0.0, seeds 0.4
  secs: air 1.5, water 0.9, life 4.3, sums 0.2
year   8: land 17.6 C, rain 2813 mm, evap 52, transp 42, to sea 2716, land bio 0.158, cover 0.76/0.69, h 1.6, eaters 1.67e-8, burnt 0, genotypes 1224/26, leading 252, mutants 0.001, errs w 8e-14 A 1e-14 C 4e-15, 6.9 s
  life secs: accumulate 0.1, cells 3.7, fire 0.0, eaters 0.0, seeds 0.4
  secs: air 1.5, water 0.9, life 4.3, sums 0.2
year   9: land 17.2 C, rain 3285 mm, evap 50, transp 49, to sea 3179, land bio 0.206, cover 0.79/0.70, h 1.7, eaters 3.27e-7, burnt 0, genotypes 1342/41, leading 246, mutants 0.001, errs w 6e-14 A 2e-14 C 7e-15, 7.0 s
  life secs: accumulate 0.1, cells 3.7, fire 0.0, eaters 0.0, seeds 0.4
  secs: air 1.6, water 0.9, life 4.4, sums 0.2
year  10: land 18.1 C, rain 3231 mm, evap 51, transp 55, to sea 3128, land bio 0.262, cover 0.82/0.70, h 1.7, eaters 1.43e-5, burnt 0, genotypes 1395/89, leading 243, mutants 0.001, errs w 7e-14 A 8e-15 C 3e-14, 7.1 s
  life secs: accumulate 0.1, cells 3.8, fire 0.0, eaters 0.1, seeds 0.4
  secs: air 1.6, water 0.9, life 4.6, sums 0.2
year  11: land 18.6 C, rain 2716 mm, evap 51, transp 57, to sea 2616, land bio 0.316, cover 0.85/0.70, h 1.8, eaters 3.13e-5, burnt 0, genotypes 1520/110, leading 240, mutants 0.001, errs w 6e-14 A 3e-14 C 9e-15, 7.3 s
  life secs: accumulate 0.1, cells 3.9, fire 0.0, eaters 0.2, seeds 0.4
  secs: air 1.6, water 0.9, life 4.7, sums 0.2
year  12: land 18.1 C, rain 3195 mm, evap 50, transp 59, to sea 3079, land bio 0.360, cover 0.87/0.70, h 1.8, eaters 5.24e-5, burnt 0, genotypes 1612/136, leading 240, mutants 0.001, errs w 8e-14 A 2e-14 C 1e-14, 7.4 s
  life secs: accumulate 0.2, cells 3.9, fire 0.0, eaters 0.2, seeds 0.4
  secs: air 1.6, water 0.9, life 4.7, sums 0.2
year  13: land 18.0 C, rain 3043 mm, evap 49, transp 58, to sea 2940, land bio 0.403, cover 0.88/0.71, h 1.9, eaters 4.84e-5, burnt 0, genotypes 1636/181, leading 242, mutants 0.001, errs w 7e-14 A 7e-15 C 1e-14, 7.4 s
  life secs: accumulate 0.2, cells 3.9, fire 0.0, eaters 0.3, seeds 0.3
  secs: air 1.6, water 0.9, life 5.0, sums 0.2
year  14: land 16.9 C, rain 2653 mm, evap 47, transp 62, to sea 2550, land bio 0.434, cover 0.88/0.71, h 1.9, eaters 1.07e-4, burnt 0, genotypes 1699/221, leading 242, mutants 0.001, errs w 1e-13 A 2e-14 C 1e-14, 7.6 s
  life secs: accumulate 0.1, cells 4.1, fire 0.0, eaters 0.4, seeds 0.3
  secs: air 1.5, water 0.9, life 5.0, sums 0.2
year  15: land 17.2 C, rain 2833 mm, evap 48, transp 57, to sea 2725, land bio 0.464, cover 0.89/0.71, h 1.9, eaters 1.02e-4, burnt 0, genotypes 1674/235, leading 239, mutants 0.001, errs w 1e-13 A 7e-16 C 2e-14, 7.7 s
  life secs: accumulate 0.1, cells 4.1, fire 0.0, eaters 0.5, seeds 0.3
bodies sown: 25 (no form 56, no soil 219, no water 0)
  secs: air 1.7, water 1.0, life 12.7, sums 0.3
year  16: land 16.2 C, rain 3056 mm, evap 46, transp 60, to sea 2948, land bio 0.488, cover 0.89/0.71, h 2.0, eaters 1.08e-4, burnt 0, genotypes 1752/209, leading 243, mutants 0.001, errs w 1e-13 A 2e-14 C 1e-14, 15.7 s
  life secs: accumulate 0.2, cells 4.3, fire 0.0, eaters 0.5, seeds 0.4
  bodies 928 (871326148 animals, 18.7% of land cells, 57% at sea), genotypes 79, births 803, splits 147, deaths [6.0, 25.0, 12.0, 1.0, 0.0, 0.0, 3.0, 0.0, 0.0], ate [0.074, 0.205, 0.003, 108.441, 0.001, 0.058], catches 93443 presses 83255 breaks 0 killed 0 riders 83006, secs 2.9/0.2/2.7/0.2
  secs: air 1.7, water 1.1, life 46.6, sums 0.3
year  17: land 16.3 C, rain 3557 mm, evap 46, transp 61, to sea 3444, land bio 0.500, cover 0.81/0.71, h 2.0, eaters 1.25e-4, burnt 0, genotypes 1800/145, leading 241, mutants 0.001, errs w 1e-13 A 2e-15 C 1e-14, 49.6 s
  life secs: accumulate 0.2, cells 4.2, fire 0.0, eaters 0.5, seeds 0.4
  bodies 3576 (1003370272 animals, 46.7% of land cells, 57% at sea), genotypes 267, births 2046, splits 740, deaths [14.0, 61.0, 3.0, 0.0, 0.0, 0.0, 57.0, 0.0, 3.0], ate [8.785, 8.067, 0.525, 625.403, 0.267, 0.099], catches 130604 presses 62955 breaks 9 killed 258991 riders 62517, secs 20.5/1.9/14.4/2.9
  secs: air 1.7, water 1.1, life 75.6, sums 0.3
year  18: land 15.5 C, rain 3587 mm, evap 46, transp 53, to sea 3488, land bio 0.466, cover 0.74/0.82, h 2.1, eaters 1.12e-4, burnt 0, genotypes 2357/110, leading 217, mutants 0.001, errs w 1e-13 A 7e-15 C 3e-14, 78.7 s
  life secs: accumulate 0.2, cells 4.2, fire 0.0, eaters 0.6, seeds 0.4
  bodies 4150 (993923176 animals, 51.1% of land cells, 62% at sea), genotypes 323, births 675, splits 372, deaths [403.0, 26.0, 7.0, 9.0, 0.0, 2.0, 24.0, 0.0, 2.0], ate [17.255, 22.714, 1.52, 623.251, 0.996, 0.142], catches 138140 presses 53452 breaks 22 killed 410578 riders 52910, secs 37.9/3.6/22.8/4.4
  secs: air 1.7, water 1.0, life 80.1, sums 0.3
year  19: land 14.3 C, rain 3930 mm, evap 46, transp 47, to sea 3832, land bio 0.434, cover 0.70/0.96, h 2.2, eaters 1.03e-4, burnt 0, genotypes 2892/109, leading 164, mutants 0.001, errs w 1e-13 A 2e-14 C 2e-15, 83.2 s
  life secs: accumulate 0.2, cells 4.2, fire 0.0, eaters 0.6, seeds 0.4
  bodies 4634 (613927162 animals, 57.3% of land cells, 60% at sea), genotypes 382, births 821, splits 276, deaths [535.0, 4.0, 3.0, 24.0, 0.0, 0.0, 45.0, 0.0, 2.0], ate [15.519, 20.134, 1.413, 673.312, 1.69, 0.003], catches 70275 presses 699 breaks 3 killed 160000 riders 599, secs 40.0/4.3/24.7/4.2
  secs: air 1.7, water 1.1, life 91.7, sums 0.3
year  20: land 14.2 C, rain 4027 mm, evap 47, transp 40, to sea 3939, land bio 0.387, cover 0.66/1.00, h 2.4, eaters 8.10e-5, burnt 0, genotypes 3456/99, leading 151, mutants 0.002, errs w 1e-13 A 7e-15 C 2e-16, 94.8 s
  life secs: accumulate 0.2, cells 4.1, fire 0.0, eaters 0.6, seeds 0.4
  bodies 5568 (717401290 animals, 65.2% of land cells, 58% at sea), genotypes 468, births 1095, splits 291, deaths [361.0, 8.0, 0.0, 16.0, 0.0, 0.0, 62.0, 0.0, 5.0], ate [19.379, 27.244, 1.708, 783.974, 1.723, 0.021], catches 33046 presses 182 breaks 19 killed 800000 riders 182, secs 46.6/4.5/28.1/5.8
  secs: air 1.6, water 0.9, life 101.4, sums 0.3
year  21: land 14.9 C, rain 3443 mm, evap 50, transp 30, to sea 3369, land bio 0.328, cover 0.62/1.00, h 2.5, eaters 5.50e-5, burnt 0, genotypes 3941/74, leading 156, mutants 0.002, errs w 1e-13 A 3e-14 C 1e-14, 104.2 s
  life secs: accumulate 0.2, cells 3.8, fire 0.0, eaters 0.6, seeds 0.4
  bodies 6100 (710076118 animals, 70.0% of land cells, 59% at sea), genotypes 513, births 720, splits 257, deaths [289.0, 9.0, 0.0, 21.0, 0.0, 0.0, 126.0, 0.0, 0.0], ate [21.469, 30.253, 2.288, 815.472, 2.601, 0.0], catches 22753 presses 4436 breaks 0 killed 0 riders 4436, secs 52.6/5.2/31.1/6.2
  secs: air 1.3, water 0.8, life 78.0, sums 0.2
year  22: land 14.5 C, rain 3145 mm, evap 50, transp 25, to sea 3071, land bio 0.293, cover 0.59/1.00, h 2.7, eaters 4.39e-5, burnt 0, genotypes 4105/96, leading 155, mutants 0.003, errs w 2e-13 A 3e-14 C 7e-15, 80.3 s
  life secs: accumulate 0.1, cells 2.8, fire 0.0, eaters 0.4, seeds 0.3
  bodies 6202 (716619266 animals, 74.8% of land cells, 56% at sea), genotypes 531, births 527, splits 160, deaths [311.0, 2.0, 0.0, 17.0, 0.0, 0.0, 255.0, 0.0, 0.0], ate [20.249, 20.981, 2.41, 818.336, 4.123, 0.0], catches 10263 presses 0 breaks 0 killed 0 riders 0, secs 40.9/3.9/23.9/4.4
  secs: air 1.3, water 0.7, life 71.0, sums 0.2
year  23: land 15.6 C, rain 2800 mm, evap 53, transp 21, to sea 2729, land bio 0.282, cover 0.60/1.00, h 2.7, eaters 4.02e-5, burnt 0, genotypes 4307/106, leading 153, mutants 0.003, errs w 1e-13 A 2e-14 C 2e-14, 73.2 s
  life secs: accumulate 0.1, cells 2.7, fire 0.0, eaters 0.4, seeds 0.2
  bodies 5863 (674895840 animals, 71.3% of land cells, 61% at sea), genotypes 533, births 315, splits 114, deaths [345.0, 9.0, 0.0, 10.0, 0.0, 0.0, 404.0, 0.0, 0.0], ate [19.839, 16.636, 2.452, 830.149, 5.541, 0.0], catches 19184 presses 0 breaks 0 killed 0 riders 0, secs 37.8/3.2/22.3/3.2
  secs: air 1.2, water 0.8, life 59.2, sums 0.2
year  24: land 15.6 C, rain 2249 mm, evap 53, transp 21, to sea 2183, land bio 0.269, cover 0.59/1.00, h 2.8, eaters 4.43e-5, burnt 0, genotypes 4378/142, leading 151, mutants 0.003, errs w 1e-13 A 2e-14 C 3e-14, 61.5 s
  life secs: accumulate 0.1, cells 2.2, fire 0.0, eaters 0.4, seeds 0.3
  bodies 5655 (634842499 animals, 65.8% of land cells, 63% at sea), genotypes 528, births 258, splits 138, deaths [285.0, 2.0, 1.0, 8.0, 0.0, 0.0, 308.0, 0.0, 0.0], ate [22.476, 19.182, 3.019, 834.634, 5.234, 0.0], catches 3105 presses 0 breaks 0 killed 0 riders 0, secs 31.4/2.6/18.7/2.6
  secs: air 1.2, water 0.8, life 56.1, sums 0.2
year  25: land 14.8 C, rain 2502 mm, evap 51, transp 21, to sea 2423, land bio 0.257, cover 0.58/1.00, h 2.9, eaters 5.22e-5, burnt 0, genotypes 4302/145, leading 150, mutants 0.003, errs w 2e-13 A 6e-14 C 2e-14, 58.3 s
  life secs: accumulate 0.1, cells 2.2, fire 0.0, eaters 0.4, seeds 0.3
  bodies 5481 (605065208 animals, 66.9% of land cells, 64% at sea), genotypes 509, births 261, splits 125, deaths [198.0, 3.0, 3.0, 7.0, 0.0, 0.0, 349.0, 0.0, 0.0], ate [22.959, 18.232, 2.976, 850.673, 5.428, 0.0], catches 2744 presses 0 breaks 0 killed 0 riders 0, secs 29.8/2.4/17.6/2.4
  secs: air 1.2, water 0.8, life 53.5, sums 0.2
year  26: land 14.0 C, rain 2251 mm, evap 50, transp 19, to sea 2187, land bio 0.243, cover 0.56/1.00, h 3.1, eaters 5.23e-5, burnt 0, genotypes 4412/160, leading 149, mutants 0.004, errs w 2e-13 A 5e-14 C 8e-15, 55.8 s
  life secs: accumulate 0.1, cells 2.2, fire 0.0, eaters 0.4, seeds 0.3
  bodies 4931 (539662685 animals, 59.8% of land cells, 64% at sea), genotypes 478, births 174, splits 219, deaths [178.0, 0.0, 0.0, 6.0, 0.0, 0.0, 759.0, 0.0, 0.0], ate [23.101, 19.501, 2.936, 906.713, 8.863, 0.0], catches 942 presses 0 breaks 0 killed 0 riders 0, secs 28.3/2.4/16.7/2.3
  secs: air 1.2, water 0.8, life 48.2, sums 0.2
year  27: land 15.7 C, rain 2449 mm, evap 53, transp 17, to sea 2374, land bio 0.227, cover 0.54/1.00, h 3.1, eaters 4.96e-5, burnt 0, genotypes 4410/142, leading 143, mutants 0.004, errs w 2e-13 A 6e-14 C 4e-14, 50.5 s
  life secs: accumulate 0.1, cells 2.2, fire 0.0, eaters 0.4, seeds 0.3
  bodies 5116 (485416453 animals, 67.8% of land cells, 58% at sea), genotypes 484, births 1257, splits 1150, deaths [131.0, 85.0, 0.0, 3.0, 0.0, 0.0, 2003.0, 0.0, 0.0], ate [23.8, 21.81, 2.763, 1107.504, 18.334, 0.0], catches 1720 presses 0 breaks 0 killed 0 riders 0, secs 25.0/2.0/15.3/2.0
  secs: air 1.2, water 0.8, life 68.6, sums 0.2
year  28: land 16.7 C, rain 2243 mm, evap 56, transp 15, to sea 2174, land bio 0.210, cover 0.51/1.00, h 3.1, eaters 4.85e-5, burnt 0, genotypes 4478/158, leading 144, mutants 0.004, errs w 2e-13 A 4e-14 C 1e-14, 70.9 s
  life secs: accumulate 0.1, cells 2.2, fire 0.0, eaters 0.4, seeds 0.3
  bodies 7400 (757457819 animals, 78.8% of land cells, 47% at sea), genotypes 673, births 3513, splits 926, deaths [176.0, 446.0, 1.0, 0.0, 0.0, 0.0, 1532.0, 0.0, 0.0], ate [24.079, 23.75, 2.586, 1127.624, 21.893, 0.0], catches 12294 presses 0 breaks 0 killed 0 riders 0, secs 37.0/2.8/19.5/5.3
  secs: air 1.2, water 0.8, life 78.5, sums 0.2
year  29: land 16.3 C, rain 2592 mm, evap 55, transp 16, to sea 2512, land bio 0.202, cover 0.50/1.00, h 3.0, eaters 5.65e-5, burnt 0, genotypes 4596/164, leading 142, mutants 0.004, errs w 2e-13 A 3e-14 C 4e-14, 80.7 s
  life secs: accumulate 0.1, cells 2.1, fire 0.0, eaters 0.4, seeds 0.2
  bodies 8409 (862823154 animals, 81.9% of land cells, 45% at sea), genotypes 787, births 2317, splits 475, deaths [639.0, 277.0, 11.0, 3.0, 0.0, 0.0, 853.0, 0.0, 0.0], ate [20.897, 18.741, 2.19, 1038.215, 15.251, 0.0], catches 18693 presses 0 breaks 0 killed 0 riders 0, secs 45.2/2.9/22.1/4.6
  secs: air 1.2, water 0.8, life 83.2, sums 0.2
year  30: land 16.4 C, rain 2445 mm, evap 55, transp 17, to sea 2374, land bio 0.205, cover 0.50/1.00, h 2.8, eaters 5.89e-5, burnt 0, genotypes 4667/167, leading 129, mutants 0.005, errs w 2e-13 A 5e-15 C 5e-15, 85.4 s
  life secs: accumulate 0.1, cells 2.2, fire 0.0, eaters 0.4, seeds 0.2
  bodies 8761 (891216722 animals, 83.2% of land cells, 47% at sea), genotypes 855, births 1876, splits 594, deaths [925.0, 159.0, 3.0, 6.0, 0.0, 0.0, 1025.0, 0.0, 0.0], ate [18.748, 14.933, 1.875, 1089.489, 17.533, 0.0], catches 14947 presses 0 breaks 0 killed 0 riders 0, secs 49.4/3.1/23.5/3.4
done: experiments/e111_holds/results/set/no_worth in 1144 s
