terrain: 512x512, 110625 land cells, 7681 in basins, 0.1 s
viewer: recording to experiments/e107_scale/results/km025_view.bin
  secs: air 2.3, water 2.6, life 0.0, sums 0.7
year   1: land 21.4 C, rain 1266 mm, evap 1226, transp 0, to sea 42, land bio 0.000, cover 0.00/0.00, h 0.0, eaters 0.00e0, burnt 0, genotypes 0/0, leading 0, mutants -0.000, errs w 4e-14 A 3e-14 C 0e0, 5.7 s
  life secs: accumulate 0.0, cells 0.0, fire 0.0, eaters 0.0, seeds 0.0
  secs: air 2.3, water 2.6, life 0.0, sums 0.7
year   2: land 21.4 C, rain 1618 mm, evap 1514, transp 0, to sea 85, land bio 0.000, cover 0.00/0.00, h 0.0, eaters 0.00e0, burnt 0, genotypes 0/0, leading 0, mutants -0.000, errs w 4e-16 A 2e-15 C 0e0, 5.6 s
  life secs: accumulate 0.0, cells 0.0, fire 0.0, eaters 0.0, seeds 0.0
  secs: air 2.3, water 2.5, life 0.0, sums 0.7
year   3: land 21.7 C, rain 1885 mm, evap 1745, transp 0, to sea 130, land bio 0.000, cover 0.00/0.00, h 0.0, eaters 0.00e0, burnt 0, genotypes 0/0, leading 0, mutants -0.000, errs w 1e-14 A 2e-14 C 0e0, 5.6 s
  life secs: accumulate 0.0, cells 0.0, fire 0.0, eaters 0.0, seeds 0.0
  secs: air 2.3, water 2.6, life 0.0, sums 0.7
year   4: land 21.8 C, rain 1905 mm, evap 1748, transp 0, to sea 159, land bio 0.000, cover 0.00/0.00, h 0.0, eaters 0.00e0, burnt 0, genotypes 0/0, leading 0, mutants -0.000, errs w 1e-14 A 5e-15 C 0e0, 5.6 s
  life secs: accumulate 0.0, cells 0.0, fire 0.0, eaters 0.0, seeds 0.0
  secs: air 2.3, water 2.6, life 0.0, sums 0.7
year   5: land 21.7 C, rain 1931 mm, evap 1753, transp 0, to sea 173, land bio 0.000, cover 0.00/0.00, h 0.0, eaters 0.00e0, burnt 0, genotypes 0/0, leading 0, mutants -0.000, errs w 1e-14 A 1e-14 C 0e0, 5.6 s
  life secs: accumulate 0.0, cells 0.0, fire 0.0, eaters 0.0, seeds 0.0
  secs: air 2.3, water 2.6, life 0.0, sums 0.7
year   6: land 21.5 C, rain 1892 mm, evap 1709, transp 0, to sea 180, land bio 0.000, cover 0.00/0.00, h 0.0, eaters 0.00e0, burnt 0, genotypes 0/0, leading 0, mutants -0.000, errs w 2e-14 A 1e-14 C 0e0, 5.6 s
  life secs: accumulate 0.0, cells 0.0, fire 0.0, eaters 0.0, seeds 0.0
  secs: air 2.3, water 2.6, life 0.0, sums 0.7
year   7: land 21.2 C, rain 1888 mm, evap 1709, transp 0, to sea 175, land bio 0.000, cover 0.00/0.00, h 0.0, eaters 0.00e0, burnt 0, genotypes 0/0, leading 0, mutants -0.000, errs w 8e-15 A 2e-14 C 0e0, 5.6 s
  life secs: accumulate 0.0, cells 0.0, fire 0.0, eaters 0.0, seeds 0.0
  secs: air 2.3, water 2.6, life 0.0, sums 0.7
year   8: land 21.0 C, rain 1929 mm, evap 1743, transp 0, to sea 184, land bio 0.000, cover 0.00/0.00, h 0.0, eaters 0.00e0, burnt 0, genotypes 0/0, leading 0, mutants -0.000, errs w 4e-15 A 1e-15 C 0e0, 5.7 s
  life secs: accumulate 0.0, cells 0.0, fire 0.0, eaters 0.0, seeds 0.0
  secs: air 2.3, water 2.6, life 0.0, sums 0.7
year   9: land 20.9 C, rain 1890 mm, evap 1711, transp 0, to sea 179, land bio 0.000, cover 0.00/0.00, h 0.0, eaters 0.00e0, burnt 0, genotypes 0/0, leading 0, mutants -0.000, errs w 2e-14 A 1e-14 C 0e0, 5.6 s
  life secs: accumulate 0.0, cells 0.0, fire 0.0, eaters 0.0, seeds 0.0
  secs: air 2.3, water 2.6, life 0.0, sums 0.7
year  10: land 21.0 C, rain 1899 mm, evap 1724, transp 0, to sea 175, land bio 0.000, cover 0.00/0.00, h 0.0, eaters 0.00e0, burnt 0, genotypes 0/0, leading 0, mutants -0.000, errs w 1e-14 A 2e-15 C 0e0, 5.6 s
  life secs: accumulate 0.0, cells 0.0, fire 0.0, eaters 0.0, seeds 0.0
  secs: air 2.3, water 2.5, life 13.0, sums 0.7
year  11: land 21.1 C, rain 1970 mm, evap 1789, transp 4, to sea 174, land bio 0.003, cover 0.04/0.26, h 0.8, eaters 1.27e-7, burnt 3, genotypes 6797/87, leading 357, mutants -0.000, errs w 1e-14 A 9e-14 C 4e-12, 18.5 s
  life secs: accumulate 0.2, cells 10.6, fire 0.0, eaters 1.2, seeds 0.8
  secs: air 2.3, water 2.5, life 10.0, sums 0.7
year  12: land 21.2 C, rain 1993 mm, evap 1781, transp 32, to sea 180, land bio 0.017, cover 0.21/0.28, h 0.8, eaters 2.45e-6, burnt 17, genotypes 9827/120, leading 497, mutants 0.000, errs w 3e-14 A 9e-15 C 1e-12, 15.4 s
  life secs: accumulate 0.2, cells 8.6, fire 0.0, eaters 0.3, seeds 0.9
  secs: air 2.3, water 2.5, life 9.0, sums 0.6
year  13: land 21.1 C, rain 1975 mm, evap 1696, transp 89, to sea 191, land bio 0.040, cover 0.35/0.28, h 0.9, eaters 1.73e-5, burnt 154, genotypes 13172/214, leading 553, mutants 0.001, errs w 2e-14 A 4e-14 C 7e-13, 14.4 s
  life secs: accumulate 0.2, cells 7.8, fire 0.0, eaters 0.1, seeds 0.9
  secs: air 2.5, water 2.7, life 8.9, sums 0.7
year  14: land 21.0 C, rain 1938 mm, evap 1616, transp 140, to sea 184, land bio 0.068, cover 0.47/0.27, h 1.1, eaters 6.41e-5, burnt 338, genotypes 16787/370, leading 585, mutants 0.001, errs w 2e-14 A 5e-15 C 4e-13, 14.8 s
  life secs: accumulate 0.3, cells 7.6, fire 0.0, eaters 0.1, seeds 0.9
  secs: air 2.4, water 2.6, life 8.7, sums 0.7
year  15: land 21.0 C, rain 1956 mm, evap 1580, transp 184, to sea 189, land bio 0.099, cover 0.56/0.27, h 1.2, eaters 5.50e-5, burnt 509, genotypes 20318/524, leading 606, mutants 0.001, errs w 3e-14 A 6e-14 C 3e-13, 14.4 s
  life secs: accumulate 0.3, cells 7.4, fire 0.0, eaters 0.1, seeds 0.9
  secs: air 2.3, water 2.5, life 8.7, sums 0.6
year  16: land 21.2 C, rain 1960 mm, evap 1546, transp 229, to sea 190, land bio 0.131, cover 0.62/0.27, h 1.4, eaters 6.38e-5, burnt 781, genotypes 23388/825, leading 606, mutants 0.001, errs w 2e-14 A 5e-14 C 2e-13, 14.1 s
  life secs: accumulate 0.2, cells 7.3, fire 0.0, eaters 0.2, seeds 0.9
  secs: air 2.2, water 2.4, life 8.6, sums 0.6
year  17: land 21.3 C, rain 1964 mm, evap 1523, transp 253, to sea 186, land bio 0.165, cover 0.66/0.26, h 1.5, eaters 6.21e-5, burnt 957, genotypes 25740/1101, leading 587, mutants 0.002, errs w 4e-14 A 7e-14 C 2e-13, 13.9 s
  life secs: accumulate 0.2, cells 7.2, fire 0.0, eaters 0.2, seeds 0.9
  secs: air 2.2, water 2.4, life 8.6, sums 0.6
year  18: land 21.3 C, rain 2028 mm, evap 1521, transp 312, to sea 196, land bio 0.201, cover 0.70/0.26, h 1.6, eaters 6.85e-5, burnt 1168, genotypes 28044/1339, leading 587, mutants 0.002, errs w 4e-14 A 5e-14 C 1e-13, 13.9 s
  life secs: accumulate 0.2, cells 7.2, fire 0.0, eaters 0.2, seeds 0.9
  secs: air 2.2, water 2.4, life 8.5, sums 0.6
year  19: land 21.3 C, rain 1996 mm, evap 1464, transp 338, to sea 196, land bio 0.229, cover 0.72/0.26, h 1.7, eaters 6.43e-5, burnt 1510, genotypes 29935/1508, leading 591, mutants 0.002, errs w 4e-14 A 3e-14 C 1e-13, 13.8 s
  life secs: accumulate 0.2, cells 7.1, fire 0.0, eaters 0.2, seeds 0.9
  secs: air 2.2, water 2.4, life 8.5, sums 0.7
year  20: land 21.2 C, rain 1928 mm, evap 1374, transp 360, to sea 198, land bio 0.251, cover 0.73/0.26, h 1.8, eaters 6.30e-5, burnt 2137, genotypes 32046/1686, leading 630, mutants 0.002, errs w 3e-14 A 3e-14 C 4e-14, 13.8 s
  life secs: accumulate 0.2, cells 7.1, fire 0.0, eaters 0.2, seeds 0.9
  secs: air 2.4, water 2.6, life 8.4, sums 0.7
year  21: land 21.2 C, rain 1896 mm, evap 1316, transp 376, to sea 202, land bio 0.280, cover 0.75/0.25, h 1.9, eaters 5.71e-5, burnt 2426, genotypes 33288/1859, leading 568, mutants 0.002, errs w 4e-14 A 3e-14 C 1e-13, 14.2 s
  life secs: accumulate 0.2, cells 7.1, fire 0.0, eaters 0.2, seeds 0.8
  secs: air 2.3, water 2.5, life 8.5, sums 0.7
year  22: land 21.3 C, rain 1902 mm, evap 1285, transp 410, to sea 207, land bio 0.307, cover 0.76/0.25, h 1.9, eaters 7.50e-5, burnt 2436, genotypes 35553/1925, leading 558, mutants 0.002, errs w 9e-15 A 7e-14 C 4e-14, 14.0 s
  life secs: accumulate 0.2, cells 7.1, fire 0.0, eaters 0.2, seeds 0.9
  secs: air 2.3, water 2.5, life 8.4, sums 0.7
year  23: land 21.4 C, rain 1858 mm, evap 1251, transp 413, to sea 192, land bio 0.331, cover 0.77/0.25, h 2.0, eaters 7.68e-5, burnt 2895, genotypes 37339/2017, leading 553, mutants 0.002, errs w 3e-14 A 1e-13 C 8e-14, 13.9 s
  life secs: accumulate 0.2, cells 7.0, fire 0.0, eaters 0.3, seeds 0.9
  secs: air 2.3, water 2.5, life 8.5, sums 0.7
year  24: land 21.3 C, rain 1868 mm, evap 1249, transp 432, to sea 191, land bio 0.357, cover 0.78/0.24, h 2.1, eaters 8.25e-5, burnt 3071, genotypes 39046/2226, leading 543, mutants 0.002, errs w 2e-14 A 1e-13 C 7e-14, 14.0 s
  life secs: accumulate 0.2, cells 7.1, fire 0.0, eaters 0.3, seeds 0.9
  secs: air 2.2, water 2.5, life 8.4, sums 0.6
year  25: land 21.3 C, rain 1887 mm, evap 1249, transp 448, to sea 192, land bio 0.380, cover 0.79/0.24, h 2.1, eaters 9.01e-5, burnt 3230, genotypes 40831/2291, leading 540, mutants 0.002, errs w 4e-14 A 2e-13 C 2e-15, 13.8 s
  life secs: accumulate 0.2, cells 7.0, fire 0.0, eaters 0.3, seeds 0.9
  secs: air 2.3, water 2.5, life 8.5, sums 0.7
year  26: land 21.3 C, rain 1903 mm, evap 1237, transp 469, to sea 193, land bio 0.407, cover 0.80/0.24, h 2.1, eaters 9.99e-5, burnt 3228, genotypes 42787/2354, leading 535, mutants 0.002, errs w 2e-14 A 3e-14 C 9e-14, 13.9 s
  life secs: accumulate 0.2, cells 7.0, fire 0.0, eaters 0.3, seeds 0.9
  secs: air 2.4, water 2.6, life 8.5, sums 0.7
year  27: land 21.4 C, rain 1912 mm, evap 1226, transp 482, to sea 208, land bio 0.428, cover 0.80/0.24, h 2.2, eaters 9.91e-5, burnt 3401, genotypes 44680/2413, leading 523, mutants 0.001, errs w 3e-14 A 1e-13 C 9e-14, 14.1 s
  life secs: accumulate 0.2, cells 7.0, fire 0.0, eaters 0.3, seeds 0.9
  secs: air 2.3, water 2.5, life 8.4, sums 0.7
year  28: land 21.2 C, rain 1834 mm, evap 1150, transp 484, to sea 203, land bio 0.444, cover 0.81/0.23, h 2.2, eaters 9.74e-5, burnt 4162, genotypes 46626/2418, leading 524, mutants 0.001, errs w 2e-14 A 7e-14 C 6e-14, 13.9 s
  life secs: accumulate 0.2, cells 7.0, fire 0.0, eaters 0.3, seeds 0.9
  secs: air 2.3, water 2.5, life 8.3, sums 0.7
year  29: land 21.2 C, rain 1793 mm, evap 1107, transp 484, to sea 201, land bio 0.455, cover 0.81/0.23, h 2.3, eaters 1.20e-4, burnt 4419, genotypes 48407/2490, leading 522, mutants 0.001, errs w 2e-14 A 1e-13 C 1e-14, 13.7 s
  life secs: accumulate 0.2, cells 6.9, fire 0.0, eaters 0.3, seeds 0.9
  secs: air 2.3, water 2.5, life 8.4, sums 0.7
year  30: land 20.9 C, rain 1795 mm, evap 1127, transp 488, to sea 176, land bio 0.470, cover 0.82/0.23, h 2.3, eaters 1.34e-4, burnt 4152, genotypes 50010/2534, leading 543, mutants 0.001, errs w 3e-14 A 3e-13 C 2e-13, 13.8 s
  life secs: accumulate 0.2, cells 6.9, fire 0.0, eaters 0.3, seeds 0.9
  secs: air 2.2, water 2.5, life 8.2, sums 0.7
year  31: land 20.9 C, rain 1852 mm, evap 1162, transp 503, to sea 182, land bio 0.493, cover 0.83/0.23, h 2.3, eaters 1.42e-4, burnt 4052, genotypes 51100/2667, leading 510, mutants 0.001, errs w 3e-14 A 3e-13 C 1e-13, 13.6 s
  life secs: accumulate 0.2, cells 6.8, fire 0.0, eaters 0.3, seeds 0.8
  secs: air 2.2, water 2.5, life 8.3, sums 0.7
year  32: land 21.0 C, rain 1864 mm, evap 1145, transp 532, to sea 191, land bio 0.512, cover 0.83/0.23, h 2.4, eaters 1.55e-4, burnt 4465, genotypes 52922/2576, leading 504, mutants 0.001, errs w 3e-14 A 2e-13 C 7e-14, 13.7 s
  life secs: accumulate 0.2, cells 6.8, fire 0.0, eaters 0.3, seeds 0.9
  secs: air 2.2, water 2.5, life 8.2, sums 0.7
year  33: land 21.2 C, rain 1888 mm, evap 1142, transp 546, to sea 194, land bio 0.535, cover 0.84/0.22, h 2.4, eaters 1.63e-4, burnt 4648, genotypes 54982/2677, leading 492, mutants 0.001, errs w 2e-14 A 3e-13 C 1e-13, 13.7 s
  life secs: accumulate 0.2, cells 6.7, fire 0.0, eaters 0.3, seeds 0.9
  secs: air 2.2, water 2.5, life 8.3, sums 0.7
year  34: land 21.0 C, rain 1865 mm, evap 1127, transp 551, to sea 190, land bio 0.556, cover 0.84/0.22, h 2.4, eaters 1.90e-4, burnt 4308, genotypes 56664/2731, leading 495, mutants 0.001, errs w 4e-14 A 3e-13 C 2e-13, 13.8 s
  life secs: accumulate 0.2, cells 6.8, fire 0.0, eaters 0.4, seeds 0.8
  secs: air 2.2, water 2.4, life 8.2, sums 0.6
year  35: land 21.1 C, rain 1846 mm, evap 1103, transp 549, to sea 196, land bio 0.569, cover 0.84/0.22, h 2.5, eaters 1.60e-4, burnt 4774, genotypes 58423/2758, leading 481, mutants 0.001, errs w 2e-14 A 3e-13 C 2e-13, 13.5 s
  life secs: accumulate 0.2, cells 6.7, fire 0.0, eaters 0.4, seeds 0.9
  secs: air 2.2, water 2.4, life 8.2, sums 0.7
year  36: land 21.0 C, rain 1777 mm, evap 1040, transp 538, to sea 205, land bio 0.564, cover 0.85/0.22, h 2.6, eaters 1.59e-4, burnt 8474, genotypes 59497/2856, leading 458, mutants 0.001, errs w 2e-14 A 2e-13 C 2e-13, 13.6 s
  life secs: accumulate 0.2, cells 6.7, fire 0.0, eaters 0.4, seeds 0.9
  secs: air 2.3, water 2.4, life 8.2, sums 0.6
year  37: land 20.9 C, rain 1799 mm, evap 1051, transp 542, to sea 202, land bio 0.572, cover 0.85/0.22, h 2.7, eaters 1.38e-4, burnt 6972, genotypes 60654/2867, leading 447, mutants 0.001, errs w 3e-14 A 4e-13 C 3e-13, 13.6 s
  life secs: accumulate 0.2, cells 6.7, fire 0.0, eaters 0.4, seeds 0.9
  secs: air 2.2, water 2.4, life 8.2, sums 0.6
year  38: land 20.9 C, rain 1861 mm, evap 1092, transp 574, to sea 191, land bio 0.595, cover 0.85/0.22, h 2.7, eaters 1.79e-4, burnt 5572, genotypes 61601/2862, leading 447, mutants 0.001, errs w 4e-14 A 3e-13 C 3e-13, 13.6 s
  life secs: accumulate 0.2, cells 6.7, fire 0.0, eaters 0.4, seeds 0.9
  secs: air 2.2, water 2.4, life 8.2, sums 0.7
year  39: land 20.8 C, rain 1906 mm, evap 1122, transp 577, to sea 202, land bio 0.606, cover 0.85/0.22, h 2.7, eaters 2.17e-4, burnt 5274, genotypes 62606/3086, leading 447, mutants 0.001, errs w 3e-14 A 3e-13 C 2e-13, 13.5 s
  life secs: accumulate 0.2, cells 6.6, fire 0.0, eaters 0.4, seeds 0.9
  secs: air 2.2, water 2.5, life 8.2, sums 0.7
year  40: land 20.7 C, rain 1836 mm, evap 1073, transp 564, to sea 205, land bio 0.611, cover 0.86/0.22, h 2.7, eaters 2.34e-4, burnt 6542, genotypes 64529/3088, leading 463, mutants 0.001, errs w 3e-14 A 3e-13 C 3e-13, 13.6 s
  life secs: accumulate 0.2, cells 6.7, fire 0.0, eaters 0.4, seeds 0.9
  secs: air 2.3, water 2.5, life 8.1, sums 0.7
year  41: land 21.1 C, rain 1823 mm, evap 1065, transp 552, to sea 205, land bio 0.618, cover 0.86/0.22, h 2.7, eaters 1.93e-4, burnt 8102, genotypes 65736/3132, leading 431, mutants 0.001, errs w 3e-14 A 3e-13 C 1e-13, 13.5 s
  life secs: accumulate 0.2, cells 6.6, fire 0.0, eaters 0.4, seeds 0.8
  secs: air 2.2, water 2.4, life 8.2, sums 0.6
year  42: land 21.2 C, rain 1796 mm, evap 1050, transp 548, to sea 200, land bio 0.626, cover 0.86/0.22, h 2.8, eaters 2.07e-4, burnt 8212, genotypes 67201/3087, leading 426, mutants 0.001, errs w 4e-14 A 2e-13 C 2e-13, 13.5 s
  life secs: accumulate 0.2, cells 6.6, fire 0.0, eaters 0.4, seeds 0.9
  secs: air 2.2, water 2.5, life 8.1, sums 0.7
year  43: land 21.4 C, rain 1875 mm, evap 1108, transp 566, to sea 192, land bio 0.645, cover 0.86/0.22, h 2.7, eaters 1.90e-4, burnt 6245, genotypes 68265/3072, leading 425, mutants 0.001, errs w 3e-14 A 2e-13 C 6e-14, 13.5 s
  life secs: accumulate 0.2, cells 6.5, fire 0.0, eaters 0.4, seeds 0.9
  secs: air 2.2, water 2.4, life 8.1, sums 0.7
year  44: land 21.2 C, rain 1949 mm, evap 1126, transp 617, to sea 208, land bio 0.666, cover 0.86/0.21, h 2.7, eaters 2.64e-4, burnt 6000, genotypes 69272/3136, leading 420, mutants 0.001, errs w 2e-14 A 2e-13 C 9e-14, 13.5 s
  life secs: accumulate 0.2, cells 6.6, fire 0.0, eaters 0.4, seeds 0.9
  secs: air 2.2, water 2.5, life 8.1, sums 0.7
year  45: land 21.4 C, rain 1956 mm, evap 1132, transp 620, to sea 202, land bio 0.687, cover 0.87/0.21, h 2.7, eaters 2.65e-4, burnt 5371, genotypes 70508/3281, leading 407, mutants 0.001, errs w 9e-15 A 2e-13 C 4e-14, 13.5 s
  life secs: accumulate 0.2, cells 6.5, fire 0.0, eaters 0.4, seeds 0.9
  secs: air 2.2, water 2.4, life 8.1, sums 0.6
year  46: land 21.2 C, rain 1928 mm, evap 1102, transp 634, to sea 201, land bio 0.705, cover 0.87/0.21, h 2.7, eaters 2.73e-4, burnt 5653, genotypes 71870/3425, leading 412, mutants 0.001, errs w 1e-14 A 4e-14 C 6e-14, 13.4 s
  life secs: accumulate 0.2, cells 6.5, fire 0.0, eaters 0.4, seeds 0.9
  secs: air 2.2, water 2.5, life 8.1, sums 0.7
year  47: land 21.2 C, rain 1880 mm, evap 1074, transp 610, to sea 197, land bio 0.717, cover 0.87/0.21, h 2.7, eaters 2.53e-4, burnt 6137, genotypes 72919/3505, leading 404, mutants 0.001, errs w 9e-15 A 2e-13 C 4e-14, 13.5 s
  life secs: accumulate 0.2, cells 6.5, fire 0.0, eaters 0.4, seeds 0.9
  secs: air 2.2, water 2.4, life 8.1, sums 0.6
year  48: land 21.3 C, rain 1875 mm, evap 1083, transp 606, to sea 186, land bio 0.730, cover 0.87/0.21, h 2.7, eaters 2.91e-4, burnt 6365, genotypes 73767/3524, leading 397, mutants 0.001, errs w 4e-15 A 2e-13 C 1e-13, 13.4 s
  life secs: accumulate 0.2, cells 6.5, fire 0.0, eaters 0.5, seeds 0.9
  secs: air 2.2, water 2.5, life 8.1, sums 0.7
year  49: land 21.2 C, rain 1886 mm, evap 1079, transp 607, to sea 195, land bio 0.739, cover 0.87/0.21, h 2.7, eaters 2.97e-4, burnt 6778, genotypes 74869/3545, leading 401, mutants 0.001, errs w 1e-14 A 1e-13 C 6e-14, 13.5 s
  life secs: accumulate 0.2, cells 6.5, fire 0.0, eaters 0.5, seeds 0.9
  secs: air 2.2, water 2.4, life 8.2, sums 0.6
year  50: land 21.2 C, rain 1848 mm, evap 1064, transp 604, to sea 185, land bio 0.749, cover 0.88/0.21, h 2.7, eaters 3.18e-4, burnt 6076, genotypes 75792/3702, leading 406, mutants 0.001, errs w 2e-15 A 1e-13 C 3e-14, 13.5 s
  life secs: accumulate 0.2, cells 6.5, fire 0.0, eaters 0.5, seeds 0.9
bodies sown: 16309 (no form 3691, no soil 0, no water 0)
  secs: air 2.3, water 2.7, life 13.9, sums 0.8
year  51: land 21.1 C, rain 1833 mm, evap 1058, transp 586, to sea 188, land bio 0.753, cover 0.88/0.21, h 2.8, eaters 3.04e-4, burnt 7785, genotypes 76346/3746, leading 390, mutants 0.001, errs w 2e-14 A 1e-13 C 2e-13, 19.8 s
  life secs: accumulate 0.3, cells 6.3, fire 0.0, eaters 0.5, seeds 0.7
  bodies 5207 (0.1% of land cells, 46% at sea), genotypes 559, births 16901, deaths [2078.0, 13834.0, 6388.0, 5545.0, 18.0, 14.0, 124.0, 2.0], splits 0, ate 2.41e0/1.37e0/2.89e-1/4.34e1, moves 882170, 5.9 s
  secs: air 2.3, water 2.6, life 13.4, sums 0.8
year  52: land 21.1 C, rain 1836 mm, evap 1073, transp 590, to sea 174, land bio 0.762, cover 0.88/0.22, h 2.8, eaters 3.19e-4, burnt 7087, genotypes 77017/3677, leading 389, mutants 0.001, errs w 2e-14 A 7e-14 C 1e-13, 19.2 s
  life secs: accumulate 0.3, cells 6.4, fire 0.0, eaters 0.5, seeds 0.8
  bodies 4728 (0.1% of land cells, 35% at sea), genotypes 525, births 3037, deaths [954.0, 1136.0, 29.0, 354.0, 0.0, 0.0, 1043.0, 0.0], splits 0, ate 2.13e-1/1.51e-1/2.46e-2/2.25e1, moves 110100, 5.3 s
  secs: air 2.4, water 2.7, life 13.3, sums 0.8
year  53: land 21.0 C, rain 1905 mm, evap 1095, transp 621, to sea 184, land bio 0.782, cover 0.88/0.22, h 2.8, eaters 3.38e-4, burnt 5974, genotypes 77849/3850, leading 385, mutants 0.001, errs w 1e-14 A 9e-14 C 2e-14, 19.2 s
  life secs: accumulate 0.3, cells 6.3, fire 0.0, eaters 0.5, seeds 0.8
  bodies 3999 (0.0% of land cells, 38% at sea), genotypes 406, births 3195, deaths [448.0, 967.0, 1.0, 210.0, 0.0, 0.0, 2298.0, 0.0], splits 0, ate 1.22e-1/1.29e-1/1.73e-2/1.69e1, moves 25700, 5.2 s
  secs: air 2.3, water 2.6, life 13.2, sums 0.8
year  54: land 21.1 C, rain 1900 mm, evap 1073, transp 644, to sea 188, land bio 0.798, cover 0.88/0.22, h 2.8, eaters 2.90e-4, burnt 6251, genotypes 79094/3955, leading 381, mutants 0.001, errs w 1e-14 A 2e-13 C 6e-14, 19.0 s
  life secs: accumulate 0.3, cells 6.4, fire 0.0, eaters 0.5, seeds 0.8
  bodies 4153 (0.0% of land cells, 34% at sea), genotypes 416, births 1810, deaths [605.0, 188.0, 0.0, 331.0, 0.0, 0.0, 532.0, 0.0], splits 0, ate 2.94e-2/1.21e-1/7.26e-3/1.50e1, moves 8251, 5.2 s
  secs: air 2.4, water 2.7, life 13.9, sums 0.8
year  55: land 21.1 C, rain 1895 mm, evap 1043, transp 660, to sea 189, land bio 0.809, cover 0.88/0.22, h 2.8, eaters 3.10e-4, burnt 6813, genotypes 80019/4028, leading 378, mutants 0.002, errs w 2e-14 A 1e-13 C 2e-14, 19.8 s
  life secs: accumulate 0.3, cells 6.3, fire 0.0, eaters 0.5, seeds 0.8
  bodies 7726 (0.1% of land cells, 18% at sea), genotypes 761, births 5005, deaths [273.0, 685.0, 3.0, 5.0, 0.0, 0.0, 466.0, 0.0], splits 0, ate 1.88e-1/1.13e-1/1.75e-2/1.72e1, moves 6576, 5.8 s
  secs: air 2.4, water 2.7, life 14.0, sums 0.8
year  56: land 21.1 C, rain 1895 mm, evap 1036, transp 665, to sea 193, land bio 0.817, cover 0.88/0.22, h 2.9, eaters 3.11e-4, burnt 7633, genotypes 81113/4123, leading 379, mutants 0.002, errs w 2e-14 A 2e-14 C 9e-14, 19.9 s
  life secs: accumulate 0.3, cells 6.3, fire 0.0, eaters 0.5, seeds 0.8
  bodies 5751 (0.1% of land cells, 24% at sea), genotypes 576, births 3195, deaths [1951.0, 1160.0, 2.0, 54.0, 0.0, 0.0, 2003.0, 0.0], splits 0, ate 2.24e-1/1.58e-1/2.26e-2/1.74e1, moves 4814, 5.9 s
  secs: air 2.4, water 2.7, life 13.7, sums 0.8
year  57: land 21.3 C, rain 1929 mm, evap 1072, transp 669, to sea 185, land bio 0.833, cover 0.88/0.22, h 2.9, eaters 3.25e-4, burnt 6505, genotypes 82084/4148, leading 379, mutants 0.002, errs w 2e-14 A 2e-13 C 1e-13, 19.5 s
  life secs: accumulate 0.3, cells 6.4, fire 0.0, eaters 0.5, seeds 0.8
  bodies 4573 (0.1% of land cells, 31% at sea), genotypes 463, births 4509, deaths [1037.0, 1841.0, 1.0, 7.0, 0.0, 0.0, 2801.0, 0.0], splits 0, ate 4.65e-2/1.18e-1/1.11e-2/1.53e1, moves 14783, 5.5 s
  secs: air 2.4, water 2.7, life 13.7, sums 0.8
year  58: land 21.3 C, rain 1941 mm, evap 1075, transp 678, to sea 189, land bio 0.847, cover 0.88/0.22, h 2.9, eaters 3.96e-4, burnt 6592, genotypes 82614/4233, leading 373, mutants 0.002, errs w 4e-15 A 2e-14 C 1e-15, 19.6 s
  life secs: accumulate 0.3, cells 6.3, fire 0.0, eaters 0.5, seeds 0.8
  bodies 5219 (0.0% of land cells, 26% at sea), genotypes 510, births 3036, deaths [238.0, 1302.0, 1.0, 45.0, 0.0, 0.0, 804.0, 0.0], splits 0, ate 2.25e-1/1.88e-1/1.12e-2/1.36e1, moves 10864, 5.6 s
  secs: air 2.4, water 2.7, life 13.7, sums 0.8
year  59: land 21.3 C, rain 1901 mm, evap 1061, transp 651, to sea 190, land bio 0.838, cover 0.88/0.22, h 3.0, eaters 3.11e-4, burnt 7878, genotypes 83734/4371, leading 374, mutants 0.002, errs w 8e-15 A 2e-14 C 7e-14, 19.7 s
  life secs: accumulate 0.3, cells 6.3, fire 0.0, eaters 0.5, seeds 0.8
  bodies 4451 (0.0% of land cells, 31% at sea), genotypes 466, births 2779, deaths [986.0, 505.0, 21.0, 183.0, 0.0, 0.0, 1852.0, 0.0], splits 0, ate 1.85e-1/1.42e-1/2.56e-2/1.20e1, moves 12951, 5.7 s
  secs: air 2.3, water 2.6, life 13.1, sums 0.8
year  60: land 21.2 C, rain 1848 mm, evap 1001, transp 665, to sea 190, land bio 0.829, cover 0.88/0.22, h 3.0, eaters 3.03e-4, burnt 10518, genotypes 84432/4513, leading 410, mutants 0.002, errs w 2e-14 A 6e-14 C 5e-14, 18.9 s
  life secs: accumulate 0.3, cells 6.3, fire 0.0, eaters 0.5, seeds 0.8
  bodies 3006 (0.0% of land cells, 46% at sea), genotypes 304, births 962, deaths [338.0, 334.0, 1.0, 2.0, 0.0, 0.0, 1732.0, 0.0], splits 0, ate 2.57e-1/4.42e-2/3.59e-2/7.64e0, moves 613, 5.0 s
  secs: air 2.4, water 2.7, life 12.8, sums 0.8
year  61: land 20.9 C, rain 1876 mm, evap 1008, transp 678, to sea 183, land bio 0.854, cover 0.88/0.22, h 3.0, eaters 3.33e-4, burnt 8607, genotypes 84990/4552, leading 368, mutants 0.002, errs w 4e-15 A 1e-13 C 2e-14, 18.6 s
  life secs: accumulate 0.3, cells 6.3, fire 0.0, eaters 0.5, seeds 0.8
  bodies 3002 (0.0% of land cells, 45% at sea), genotypes 291, births 946, deaths [70.0, 226.0, 2.0, 0.0, 0.0, 0.0, 652.0, 0.0], splits 0, ate 3.00e-1/7.31e-4/3.82e-2/7.21e0, moves 544, 4.8 s
  secs: air 2.3, water 2.6, life 12.8, sums 0.8
year  62: land 21.0 C, rain 1917 mm, evap 1048, transp 689, to sea 179, land bio 0.862, cover 0.88/0.22, h 3.0, eaters 3.48e-4, burnt 7901, genotypes 85636/4616, leading 362, mutants 0.002, errs w 2e-16 A 4e-14 C 9e-14, 18.7 s
  life secs: accumulate 0.3, cells 6.3, fire 0.0, eaters 0.5, seeds 0.8
  bodies 2975 (0.0% of land cells, 46% at sea), genotypes 290, births 764, deaths [45.0, 239.0, 0.0, 0.0, 0.0, 0.0, 507.0, 0.0], splits 0, ate 2.23e-1/5.98e-4/4.43e-2/7.04e0, moves 502, 4.8 s
  secs: air 2.3, water 2.7, life 12.8, sums 0.8
year  63: land 21.1 C, rain 1918 mm, evap 1055, transp 674, to sea 182, land bio 0.867, cover 0.88/0.22, h 3.0, eaters 3.26e-4, burnt 8066, genotypes 86418/4598, leading 357, mutants 0.002, errs w 1e-14 A 5e-14 C 7e-15, 18.7 s
  life secs: accumulate 0.3, cells 6.2, fire 0.0, eaters 0.5, seeds 0.8
  bodies 2377 (0.0% of land cells, 57% at sea), genotypes 222, births 529, deaths [13.0, 75.0, 1.0, 0.0, 0.0, 0.0, 1038.0, 0.0], splits 0, ate 2.11e-1/9.01e-3/2.37e-2/8.06e0, moves 1576, 4.8 s
  secs: air 2.3, water 2.7, life 12.9, sums 0.8
year  64: land 21.4 C, rain 1916 mm, evap 1071, transp 664, to sea 183, land bio 0.874, cover 0.89/0.22, h 2.9, eaters 3.75e-4, burnt 7610, genotypes 87581/4661, leading 361, mutants 0.002, errs w 7e-15 A 1e-14 C 3e-14, 18.7 s
  life secs: accumulate 0.3, cells 6.4, fire 0.0, eaters 0.5, seeds 0.8
  bodies 2606 (0.0% of land cells, 52% at sea), genotypes 245, births 792, deaths [116.0, 3.0, 3.0, 0.0, 0.0, 0.0, 441.0, 0.0], splits 0, ate 7.25e-1/3.56e-2/6.20e-2/7.36e0, moves 444, 4.8 s
  secs: air 2.3, water 2.7, life 12.9, sums 0.8
year  65: land 21.4 C, rain 1919 mm, evap 1061, transp 663, to sea 192, land bio 0.869, cover 0.89/0.22, h 2.9, eaters 3.59e-4, burnt 8928, genotypes 88511/4772, leading 363, mutants 0.002, errs w 6e-15 A 4e-14 C 1e-13, 18.7 s
  life secs: accumulate 0.3, cells 6.2, fire 0.0, eaters 0.5, seeds 0.8
  bodies 3986 (0.0% of land cells, 33% at sea), genotypes 404, births 1897, deaths [186.0, 83.0, 3.0, 0.0, 0.0, 0.0, 245.0, 0.0], splits 0, ate 1.18e0/1.50e-1/1.27e-1/7.39e0, moves 106, 4.9 s
  secs: air 2.3, water 2.7, life 13.3, sums 0.8
year  66: land 21.3 C, rain 1925 mm, evap 1067, transp 661, to sea 201, land bio 0.870, cover 0.89/0.22, h 2.9, eaters 3.71e-4, burnt 9004, genotypes 89452/4767, leading 369, mutants 0.002, errs w 1e-14 A 2e-13 C 8e-14, 19.1 s
  life secs: accumulate 0.3, cells 6.2, fire 0.0, eaters 0.5, seeds 0.8
  bodies 4913 (0.0% of land cells, 26% at sea), genotypes 502, births 1783, deaths [369.0, 172.0, 3.0, 0.0, 0.0, 0.0, 312.0, 0.0], splits 0, ate 1.85e0/2.62e-1/2.05e-1/1.00e1, moves 317, 5.3 s
  secs: air 2.3, water 2.6, life 13.8, sums 0.8
year  67: land 21.2 C, rain 1893 mm, evap 1040, transp 647, to sea 202, land bio 0.870, cover 0.89/0.22, h 2.9, eaters 3.65e-4, burnt 9097, genotypes 90360/4976, leading 366, mutants 0.002, errs w 2e-16 A 1e-13 C 1e-13, 19.6 s
  life secs: accumulate 0.3, cells 6.2, fire 0.0, eaters 0.5, seeds 0.8
  bodies 6258 (0.0% of land cells, 20% at sea), genotypes 638, births 2685, deaths [1061.0, 194.0, 1.0, 0.0, 0.0, 0.0, 84.0, 0.0], splits 0, ate 1.91e0/2.09e-1/2.26e-1/1.10e1, moves 603, 5.9 s
  secs: air 2.3, water 2.6, life 13.6, sums 0.8
year  68: land 21.2 C, rain 1887 mm, evap 1041, transp 650, to sea 202, land bio 0.870, cover 0.89/0.22, h 2.9, eaters 3.67e-4, burnt 9235, genotypes 91283/4885, leading 351, mutants 0.002, errs w 6e-15 A 9e-15 C 3e-14, 19.3 s
  life secs: accumulate 0.3, cells 6.2, fire 0.0, eaters 0.5, seeds 0.8
  bodies 5010 (0.0% of land cells, 25% at sea), genotypes 555, births 1160, deaths [1920.0, 150.0, 7.0, 0.0, 0.0, 0.0, 331.0, 0.0], splits 0, ate 2.59e0/9.29e-2/2.49e-1/8.97e0, moves 62, 5.7 s
  secs: air 2.3, water 2.5, life 13.4, sums 0.8
year  69: land 21.2 C, rain 1883 mm, evap 1038, transp 650, to sea 190, land bio 0.869, cover 0.89/0.22, h 2.8, eaters 3.66e-4, burnt 8559, genotypes 91884/4959, leading 360, mutants 0.002, errs w 3e-15 A 7e-14 C 5e-14, 19.0 s
  life secs: accumulate 0.2, cells 6.1, fire 0.0, eaters 0.5, seeds 0.8
  bodies 6034 (0.0% of land cells, 21% at sea), genotypes 668, births 2647, deaths [579.0, 402.0, 28.0, 0.0, 0.0, 0.0, 614.0, 0.0], splits 0, ate 4.82e0/7.82e-1/5.61e-1/1.82e1, moves 188, 5.5 s
  secs: air 2.3, water 2.5, life 13.4, sums 0.7
year  70: land 21.2 C, rain 1904 mm, evap 1033, transp 684, to sea 191, land bio 0.876, cover 0.89/0.23, h 2.8, eaters 3.61e-4, burnt 9105, genotypes 92843/4947, leading 388, mutants 0.002, errs w 3e-15 A 6e-14 C 8e-14, 18.9 s
  life secs: accumulate 0.2, cells 6.2, fire 0.0, eaters 0.5, seeds 0.8
  bodies 5358 (0.0% of land cells, 24% at sea), genotypes 628, births 546, deaths [943.0, 195.0, 5.0, 1.0, 0.0, 0.0, 78.0, 0.0], splits 0, ate 3.96e0/8.91e-1/5.29e-1/1.23e1, moves 58, 5.5 s
  secs: air 2.2, water 2.5, life 13.2, sums 0.8
year  71: land 21.1 C, rain 1874 mm, evap 986, transp 687, to sea 205, land bio 0.886, cover 0.89/0.23, h 2.8, eaters 3.50e-4, burnt 10408, genotypes 93576/5065, leading 356, mutants 0.003, errs w 2e-14 A 1e-13 C 3e-14, 18.8 s
  life secs: accumulate 0.2, cells 6.1, fire 0.0, eaters 0.5, seeds 0.7
  bodies 5851 (0.0% of land cells, 22% at sea), genotypes 693, births 2144, deaths [724.0, 514.0, 4.0, 0.0, 0.0, 0.0, 409.0, 0.0], splits 0, ate 4.13e0/6.34e-1/6.12e-1/1.62e1, moves 24, 5.5 s
  secs: air 2.3, water 2.5, life 13.5, sums 0.7
year  72: land 21.0 C, rain 1822 mm, evap 943, transp 682, to sea 202, land bio 0.886, cover 0.89/0.23, h 2.8, eaters 3.48e-4, burnt 10192, genotypes 94493/5083, leading 354, mutants 0.003, errs w 1e-14 A 8e-14 C 2e-14, 19.0 s
  life secs: accumulate 0.2, cells 6.2, fire 0.0, eaters 0.5, seeds 0.8
  bodies 6902 (0.0% of land cells, 18% at sea), genotypes 775, births 2368, deaths [499.0, 321.0, 1.0, 0.0, 0.0, 0.0, 496.0, 0.0], splits 0, ate 3.56e0/5.86e-1/4.91e-1/1.50e1, moves 3, 5.6 s
  secs: air 2.4, water 2.6, life 13.6, sums 0.8
year  73: land 21.0 C, rain 1893 mm, evap 992, transp 693, to sea 195, land bio 0.907, cover 0.89/0.23, h 2.7, eaters 3.49e-4, burnt 8749, genotypes 95114/4989, leading 353, mutants 0.003, errs w 1e-14 A 2e-13 C 1e-14, 19.5 s
  life secs: accumulate 0.3, cells 6.3, fire 0.0, eaters 0.5, seeds 0.8
  bodies 6307 (0.0% of land cells, 20% at sea), genotypes 722, births 2509, deaths [1009.0, 1958.0, 4.0, 0.0, 0.0, 0.0, 133.0, 0.0], splits 0, ate 3.01e0/6.13e-1/3.04e-1/1.38e1, moves 36, 5.5 s
  secs: air 2.3, water 2.6, life 13.2, sums 0.8
year  74: land 20.9 C, rain 1881 mm, evap 988, transp 705, to sea 190, land bio 0.926, cover 0.89/0.23, h 2.7, eaters 4.95e-4, burnt 7649, genotypes 95713/5051, leading 355, mutants 0.003, errs w 5e-15 A 4e-14 C 3e-14, 19.0 s
  life secs: accumulate 0.3, cells 6.3, fire 0.0, eaters 0.6, seeds 0.8
  bodies 4654 (0.0% of land cells, 26% at sea), genotypes 545, births 742, deaths [609.0, 705.0, 1.0, 0.0, 0.0, 0.0, 1080.0, 0.0], splits 0, ate 2.50e0/4.07e-1/2.83e-1/1.12e1, moves 4, 5.1 s
  secs: air 2.3, water 2.6, life 13.1, sums 0.8
year  75: land 21.1 C, rain 1870 mm, evap 1007, transp 672, to sea 189, land bio 0.928, cover 0.89/0.23, h 2.7, eaters 3.82e-4, burnt 8699, genotypes 96649/5095, leading 357, mutants 0.003, errs w 2e-14 A 7e-14 C 5e-14, 18.8 s
  life secs: accumulate 0.3, cells 6.2, fire 0.0, eaters 0.6, seeds 0.8
  bodies 3843 (0.0% of land cells, 30% at sea), genotypes 469, births 567, deaths [701.0, 44.0, 0.0, 0.0, 0.0, 0.0, 633.0, 0.0], splits 0, ate 2.42e0/2.13e-1/3.18e-1/1.01e1, moves 2, 5.2 s
  secs: air 2.3, water 2.5, life 13.1, sums 0.7
year  76: land 21.3 C, rain 1897 mm, evap 1004, transp 711, to sea 189, land bio 0.927, cover 0.89/0.23, h 2.7, eaters 3.74e-4, burnt 9973, genotypes 97541/5080, leading 345, mutants 0.003, errs w 1e-14 A 6e-15 C 1e-13, 18.6 s
  life secs: accumulate 0.2, cells 6.2, fire 0.0, eaters 0.6, seeds 0.8
  bodies 3169 (0.0% of land cells, 36% at sea), genotypes 418, births 2347, deaths [373.0, 1988.0, 0.0, 0.0, 0.0, 0.0, 660.0, 0.0], splits 0, ate 1.72e0/1.32e-1/2.14e-1/1.09e1, moves 2, 5.2 s
  secs: air 2.3, water 2.5, life 12.9, sums 0.8
year  77: land 21.6 C, rain 1880 mm, evap 981, transp 715, to sea 186, land bio 0.912, cover 0.89/0.23, h 2.7, eaters 3.28e-4, burnt 12047, genotypes 98130/4931, leading 352, mutants 0.003, errs w 2e-14 A 6e-14 C 6e-14, 18.5 s
  life secs: accumulate 0.2, cells 6.1, fire 0.0, eaters 0.6, seeds 0.8
  bodies 3486 (0.0% of land cells, 33% at sea), genotypes 440, births 808, deaths [134.0, 101.0, 1.0, 0.0, 0.0, 0.0, 255.0, 0.0], splits 0, ate 1.73e0/1.27e0/2.05e-1/1.03e1, moves 6, 5.0 s
  secs: air 2.3, water 2.6, life 13.1, sums 0.8
year  78: land 21.4 C, rain 1819 mm, evap 932, transp 699, to sea 195, land bio 0.890, cover 0.89/0.23, h 2.7, eaters 3.12e-4, burnt 13244, genotypes 99207/4823, leading 351, mutants 0.004, errs w 2e-14 A 8e-14 C 9e-15, 18.8 s
  life secs: accumulate 0.3, cells 6.3, fire 0.0, eaters 0.6, seeds 0.8
  bodies 2712 (0.0% of land cells, 42% at sea), genotypes 356, births 568, deaths [155.0, 387.0, 3.0, 0.0, 0.0, 0.0, 797.0, 0.0], splits 0, ate 2.07e0/2.06e-1/2.78e-1/6.77e0, moves 21, 5.0 s
  secs: air 2.3, water 2.5, life 12.9, sums 0.7
year  79: land 21.2 C, rain 1834 mm, evap 944, transp 686, to sea 198, land bio 0.884, cover 0.89/0.23, h 2.7, eaters 4.03e-4, burnt 10869, genotypes 99595/4858, leading 358, mutants 0.004, errs w 1e-14 A 7e-14 C 3e-14, 18.4 s
  life secs: accumulate 0.2, cells 6.2, fire 0.0, eaters 0.6, seeds 0.8
  bodies 2889 (0.0% of land cells, 40% at sea), genotypes 320, births 893, deaths [93.0, 331.0, 0.0, 0.0, 0.0, 0.0, 292.0, 0.0], splits 0, ate 2.07e0/3.23e-1/2.73e-1/7.89e0, moves 0, 4.9 s
  secs: air 2.3, water 2.6, life 12.8, sums 0.9
year  80: land 21.2 C, rain 1901 mm, evap 995, transp 707, to sea 197, land bio 0.902, cover 0.89/0.23, h 2.6, eaters 3.83e-4, burnt 9344, genotypes 99932/4858, leading 389, mutants 0.004, errs w 8e-15 A 9e-15 C 5e-14, 18.7 s
  life secs: accumulate 0.3, cells 6.3, fire 0.0, eaters 0.6, seeds 0.8
  bodies 2025 (0.0% of land cells, 4% at sea), genotypes 232, births 1100, deaths [133.0, 321.0, 1.0, 0.0, 0.0, 0.0, 1509.0, 0.0], splits 0, ate 2.83e0/5.02e-1/3.96e-1/9.71e0, moves 8, 4.8 s
done: experiments/e107_scale/results/km025 in 1188 s
