terrain: 512x512, 110625 land cells, 7681 in basins, 0.1 s
viewer: recording to experiments/e107_scale/results/km1_view.bin
  secs: air 2.3, water 2.6, life 0.0, sums 0.7
year   1: land 21.4 C, rain 1266 mm, evap 1226, transp 0, to sea 42, land bio 0.000, cover 0.00/0.00, h 0.0, eaters 0.00e0, burnt 0, genotypes 0/0, leading 0, mutants -0.000, errs w 4e-14 A 3e-14 C 0e0, 5.7 s
  life secs: accumulate 0.0, cells 0.0, fire 0.0, eaters 0.0, seeds 0.0
  secs: air 2.3, water 2.6, life 0.0, sums 0.7
year   2: land 21.4 C, rain 1618 mm, evap 1514, transp 0, to sea 85, land bio 0.000, cover 0.00/0.00, h 0.0, eaters 0.00e0, burnt 0, genotypes 0/0, leading 0, mutants -0.000, errs w 4e-16 A 2e-15 C 0e0, 5.6 s
  life secs: accumulate 0.0, cells 0.0, fire 0.0, eaters 0.0, seeds 0.0
  secs: air 2.3, water 2.6, life 0.0, sums 0.7
year   3: land 21.7 C, rain 1885 mm, evap 1745, transp 0, to sea 130, land bio 0.000, cover 0.00/0.00, h 0.0, eaters 0.00e0, burnt 0, genotypes 0/0, leading 0, mutants -0.000, errs w 1e-14 A 2e-14 C 0e0, 5.6 s
  life secs: accumulate 0.0, cells 0.0, fire 0.0, eaters 0.0, seeds 0.0
  secs: air 2.3, water 2.6, life 0.0, sums 0.7
year   4: land 21.8 C, rain 1905 mm, evap 1748, transp 0, to sea 159, land bio 0.000, cover 0.00/0.00, h 0.0, eaters 0.00e0, burnt 0, genotypes 0/0, leading 0, mutants -0.000, errs w 1e-14 A 5e-15 C 0e0, 5.6 s
  life secs: accumulate 0.0, cells 0.0, fire 0.0, eaters 0.0, seeds 0.0
  secs: air 2.3, water 2.6, life 0.0, sums 0.7
year   5: land 21.7 C, rain 1931 mm, evap 1753, transp 0, to sea 173, land bio 0.000, cover 0.00/0.00, h 0.0, eaters 0.00e0, burnt 0, genotypes 0/0, leading 0, mutants -0.000, errs w 1e-14 A 1e-14 C 0e0, 5.6 s
  life secs: accumulate 0.0, cells 0.0, fire 0.0, eaters 0.0, seeds 0.0
  secs: air 2.3, water 2.6, life 0.0, sums 0.7
year   6: land 21.5 C, rain 1892 mm, evap 1709, transp 0, to sea 180, land bio 0.000, cover 0.00/0.00, h 0.0, eaters 0.00e0, burnt 0, genotypes 0/0, leading 0, mutants -0.000, errs w 2e-14 A 1e-14 C 0e0, 5.6 s
  life secs: accumulate 0.0, cells 0.0, fire 0.0, eaters 0.0, seeds 0.0
  secs: air 2.3, water 2.6, life 0.0, sums 0.7
year   7: land 21.2 C, rain 1888 mm, evap 1709, transp 0, to sea 175, land bio 0.000, cover 0.00/0.00, h 0.0, eaters 0.00e0, burnt 0, genotypes 0/0, leading 0, mutants -0.000, errs w 8e-15 A 2e-14 C 0e0, 5.6 s
  life secs: accumulate 0.0, cells 0.0, fire 0.0, eaters 0.0, seeds 0.0
  secs: air 2.3, water 2.6, life 0.0, sums 0.7
year   8: land 21.0 C, rain 1929 mm, evap 1743, transp 0, to sea 184, land bio 0.000, cover 0.00/0.00, h 0.0, eaters 0.00e0, burnt 0, genotypes 0/0, leading 0, mutants -0.000, errs w 4e-15 A 1e-15 C 0e0, 5.7 s
  life secs: accumulate 0.0, cells 0.0, fire 0.0, eaters 0.0, seeds 0.0
  secs: air 2.3, water 2.6, life 0.0, sums 0.7
year   9: land 20.9 C, rain 1890 mm, evap 1711, transp 0, to sea 179, land bio 0.000, cover 0.00/0.00, h 0.0, eaters 0.00e0, burnt 0, genotypes 0/0, leading 0, mutants -0.000, errs w 2e-14 A 1e-14 C 0e0, 5.6 s
  life secs: accumulate 0.0, cells 0.0, fire 0.0, eaters 0.0, seeds 0.0
  secs: air 2.3, water 2.6, life 0.0, sums 0.7
year  10: land 21.0 C, rain 1899 mm, evap 1724, transp 0, to sea 175, land bio 0.000, cover 0.00/0.00, h 0.0, eaters 0.00e0, burnt 0, genotypes 0/0, leading 0, mutants -0.000, errs w 1e-14 A 2e-15 C 0e0, 5.6 s
  life secs: accumulate 0.0, cells 0.0, fire 0.0, eaters 0.0, seeds 0.0
  secs: air 2.3, water 2.5, life 13.0, sums 0.7
year  11: land 21.1 C, rain 1970 mm, evap 1789, transp 4, to sea 174, land bio 0.003, cover 0.04/0.26, h 0.8, eaters 1.27e-7, burnt 3, genotypes 6797/87, leading 357, mutants -0.000, errs w 1e-14 A 9e-14 C 4e-12, 18.6 s
  life secs: accumulate 0.2, cells 10.7, fire 0.0, eaters 1.2, seeds 0.8
  secs: air 2.2, water 2.5, life 9.8, sums 0.7
year  12: land 21.2 C, rain 1993 mm, evap 1781, transp 32, to sea 180, land bio 0.017, cover 0.21/0.28, h 0.8, eaters 2.45e-6, burnt 17, genotypes 9827/120, leading 497, mutants 0.000, errs w 3e-14 A 9e-15 C 1e-12, 15.2 s
  life secs: accumulate 0.2, cells 8.4, fire 0.0, eaters 0.3, seeds 0.9
  secs: air 2.3, water 2.5, life 9.1, sums 0.6
year  13: land 21.1 C, rain 1975 mm, evap 1696, transp 89, to sea 191, land bio 0.040, cover 0.35/0.28, h 0.9, eaters 1.73e-5, burnt 154, genotypes 13172/214, leading 553, mutants 0.001, errs w 2e-14 A 4e-14 C 7e-13, 14.4 s
  life secs: accumulate 0.2, cells 7.8, fire 0.0, eaters 0.1, seeds 0.9
  secs: air 2.4, water 2.6, life 8.9, sums 0.7
year  14: land 21.0 C, rain 1938 mm, evap 1616, transp 140, to sea 184, land bio 0.068, cover 0.47/0.27, h 1.1, eaters 6.41e-5, burnt 338, genotypes 16787/370, leading 585, mutants 0.001, errs w 2e-14 A 5e-15 C 4e-13, 14.8 s
  life secs: accumulate 0.3, cells 7.6, fire 0.0, eaters 0.1, seeds 0.9
  secs: air 2.4, water 2.6, life 8.7, sums 0.7
year  15: land 21.0 C, rain 1956 mm, evap 1580, transp 184, to sea 189, land bio 0.099, cover 0.56/0.27, h 1.2, eaters 5.50e-5, burnt 509, genotypes 20318/524, leading 606, mutants 0.001, errs w 3e-14 A 6e-14 C 3e-13, 14.4 s
  life secs: accumulate 0.2, cells 7.4, fire 0.0, eaters 0.1, seeds 0.9
  secs: air 2.3, water 2.5, life 8.7, sums 0.7
year  16: land 21.2 C, rain 1960 mm, evap 1546, transp 229, to sea 190, land bio 0.131, cover 0.62/0.27, h 1.4, eaters 6.38e-5, burnt 781, genotypes 23388/825, leading 606, mutants 0.001, errs w 2e-14 A 5e-14 C 2e-13, 14.1 s
  life secs: accumulate 0.2, cells 7.3, fire 0.0, eaters 0.2, seeds 0.9
  secs: air 2.2, water 2.4, life 8.6, sums 0.6
year  17: land 21.3 C, rain 1964 mm, evap 1523, transp 253, to sea 186, land bio 0.165, cover 0.66/0.26, h 1.5, eaters 6.21e-5, burnt 957, genotypes 25740/1101, leading 587, mutants 0.002, errs w 4e-14 A 7e-14 C 2e-13, 13.9 s
  life secs: accumulate 0.2, cells 7.2, fire 0.0, eaters 0.2, seeds 0.9
  secs: air 2.2, water 2.4, life 8.6, sums 0.6
year  18: land 21.3 C, rain 2028 mm, evap 1521, transp 312, to sea 196, land bio 0.201, cover 0.70/0.26, h 1.6, eaters 6.85e-5, burnt 1168, genotypes 28044/1339, leading 587, mutants 0.002, errs w 4e-14 A 5e-14 C 1e-13, 13.9 s
  life secs: accumulate 0.2, cells 7.2, fire 0.0, eaters 0.2, seeds 0.9
  secs: air 2.2, water 2.4, life 8.5, sums 0.6
year  19: land 21.3 C, rain 1996 mm, evap 1464, transp 338, to sea 196, land bio 0.229, cover 0.72/0.26, h 1.7, eaters 6.43e-5, burnt 1510, genotypes 29935/1508, leading 591, mutants 0.002, errs w 4e-14 A 3e-14 C 1e-13, 13.8 s
  life secs: accumulate 0.2, cells 7.1, fire 0.0, eaters 0.2, seeds 0.9
  secs: air 2.2, water 2.4, life 8.5, sums 0.6
year  20: land 21.2 C, rain 1928 mm, evap 1374, transp 360, to sea 198, land bio 0.251, cover 0.73/0.26, h 1.8, eaters 6.30e-5, burnt 2137, genotypes 32046/1686, leading 630, mutants 0.002, errs w 3e-14 A 3e-14 C 4e-14, 13.8 s
  life secs: accumulate 0.2, cells 7.1, fire 0.0, eaters 0.2, seeds 0.9
  secs: air 2.4, water 2.6, life 8.5, sums 0.7
year  21: land 21.2 C, rain 1896 mm, evap 1316, transp 376, to sea 202, land bio 0.280, cover 0.75/0.25, h 1.9, eaters 5.71e-5, burnt 2426, genotypes 33288/1859, leading 568, mutants 0.002, errs w 4e-14 A 3e-14 C 1e-13, 14.2 s
  life secs: accumulate 0.2, cells 7.2, fire 0.0, eaters 0.2, seeds 0.8
  secs: air 2.3, water 2.6, life 8.5, sums 0.7
year  22: land 21.3 C, rain 1902 mm, evap 1285, transp 410, to sea 207, land bio 0.307, cover 0.76/0.25, h 1.9, eaters 7.50e-5, burnt 2436, genotypes 35553/1925, leading 558, mutants 0.002, errs w 9e-15 A 7e-14 C 4e-14, 14.1 s
  life secs: accumulate 0.2, cells 7.1, fire 0.0, eaters 0.2, seeds 0.9
  secs: air 2.3, water 2.5, life 8.5, sums 0.7
year  23: land 21.4 C, rain 1858 mm, evap 1251, transp 413, to sea 192, land bio 0.331, cover 0.77/0.25, h 2.0, eaters 7.68e-5, burnt 2895, genotypes 37339/2017, leading 553, mutants 0.002, errs w 3e-14 A 1e-13 C 8e-14, 13.9 s
  life secs: accumulate 0.2, cells 7.1, fire 0.0, eaters 0.3, seeds 0.9
  secs: air 2.3, water 2.5, life 8.5, sums 0.7
year  24: land 21.3 C, rain 1868 mm, evap 1249, transp 432, to sea 191, land bio 0.357, cover 0.78/0.24, h 2.1, eaters 8.25e-5, burnt 3071, genotypes 39046/2226, leading 543, mutants 0.002, errs w 2e-14 A 1e-13 C 7e-14, 14.0 s
  life secs: accumulate 0.2, cells 7.1, fire 0.0, eaters 0.3, seeds 0.9
  secs: air 2.2, water 2.5, life 8.4, sums 0.6
year  25: land 21.3 C, rain 1887 mm, evap 1249, transp 448, to sea 192, land bio 0.380, cover 0.79/0.24, h 2.1, eaters 9.01e-5, burnt 3230, genotypes 40831/2291, leading 540, mutants 0.002, errs w 4e-14 A 2e-13 C 2e-15, 13.8 s
  life secs: accumulate 0.2, cells 7.0, fire 0.0, eaters 0.3, seeds 0.9
  secs: air 2.3, water 2.5, life 8.4, sums 0.7
year  26: land 21.3 C, rain 1903 mm, evap 1237, transp 469, to sea 193, land bio 0.407, cover 0.80/0.24, h 2.1, eaters 9.99e-5, burnt 3228, genotypes 42787/2354, leading 535, mutants 0.002, errs w 2e-14 A 3e-14 C 9e-14, 13.9 s
  life secs: accumulate 0.2, cells 7.0, fire 0.0, eaters 0.3, seeds 0.9
  secs: air 2.4, water 2.6, life 8.4, sums 0.7
year  27: land 21.4 C, rain 1912 mm, evap 1226, transp 482, to sea 208, land bio 0.428, cover 0.80/0.24, h 2.2, eaters 9.91e-5, burnt 3401, genotypes 44680/2413, leading 523, mutants 0.001, errs w 3e-14 A 1e-13 C 9e-14, 14.1 s
  life secs: accumulate 0.2, cells 7.0, fire 0.0, eaters 0.3, seeds 0.9
  secs: air 2.3, water 2.5, life 8.4, sums 0.7
year  28: land 21.2 C, rain 1834 mm, evap 1150, transp 484, to sea 203, land bio 0.444, cover 0.81/0.23, h 2.2, eaters 9.74e-5, burnt 4162, genotypes 46626/2418, leading 524, mutants 0.001, errs w 2e-14 A 7e-14 C 6e-14, 13.9 s
  life secs: accumulate 0.2, cells 7.0, fire 0.0, eaters 0.3, seeds 0.8
  secs: air 2.3, water 2.5, life 8.3, sums 0.6
year  29: land 21.2 C, rain 1793 mm, evap 1107, transp 484, to sea 201, land bio 0.455, cover 0.81/0.23, h 2.3, eaters 1.20e-4, burnt 4419, genotypes 48407/2490, leading 522, mutants 0.001, errs w 2e-14 A 1e-13 C 1e-14, 13.8 s
  life secs: accumulate 0.2, cells 6.9, fire 0.0, eaters 0.3, seeds 0.8
  secs: air 2.2, water 2.5, life 8.4, sums 0.7
year  30: land 20.9 C, rain 1795 mm, evap 1127, transp 488, to sea 176, land bio 0.470, cover 0.82/0.23, h 2.3, eaters 1.34e-4, burnt 4152, genotypes 50010/2534, leading 543, mutants 0.001, errs w 3e-14 A 3e-13 C 2e-13, 13.8 s
  life secs: accumulate 0.2, cells 6.9, fire 0.0, eaters 0.3, seeds 0.8
  secs: air 2.2, water 2.5, life 8.2, sums 0.7
year  31: land 20.9 C, rain 1852 mm, evap 1162, transp 503, to sea 182, land bio 0.493, cover 0.83/0.23, h 2.3, eaters 1.42e-4, burnt 4052, genotypes 51100/2667, leading 510, mutants 0.001, errs w 3e-14 A 3e-13 C 1e-13, 13.6 s
  life secs: accumulate 0.2, cells 6.8, fire 0.0, eaters 0.3, seeds 0.8
  secs: air 2.2, water 2.5, life 8.3, sums 0.7
year  32: land 21.0 C, rain 1864 mm, evap 1145, transp 532, to sea 191, land bio 0.512, cover 0.83/0.23, h 2.4, eaters 1.55e-4, burnt 4465, genotypes 52922/2576, leading 504, mutants 0.001, errs w 3e-14 A 2e-13 C 7e-14, 13.7 s
  life secs: accumulate 0.2, cells 6.9, fire 0.0, eaters 0.3, seeds 0.8
  secs: air 2.2, water 2.5, life 8.2, sums 0.7
year  33: land 21.2 C, rain 1888 mm, evap 1142, transp 546, to sea 194, land bio 0.535, cover 0.84/0.22, h 2.4, eaters 1.63e-4, burnt 4648, genotypes 54982/2677, leading 492, mutants 0.001, errs w 2e-14 A 3e-13 C 1e-13, 13.7 s
  life secs: accumulate 0.2, cells 6.8, fire 0.0, eaters 0.3, seeds 0.8
  secs: air 2.2, water 2.5, life 8.3, sums 0.7
year  34: land 21.0 C, rain 1865 mm, evap 1127, transp 551, to sea 190, land bio 0.556, cover 0.84/0.22, h 2.4, eaters 1.90e-4, burnt 4308, genotypes 56664/2731, leading 495, mutants 0.001, errs w 4e-14 A 3e-13 C 2e-13, 13.7 s
  life secs: accumulate 0.2, cells 6.8, fire 0.0, eaters 0.3, seeds 0.8
  secs: air 2.2, water 2.4, life 8.2, sums 0.6
year  35: land 21.1 C, rain 1846 mm, evap 1103, transp 549, to sea 196, land bio 0.569, cover 0.84/0.22, h 2.5, eaters 1.60e-4, burnt 4774, genotypes 58423/2758, leading 481, mutants 0.001, errs w 2e-14 A 3e-13 C 2e-13, 13.5 s
  life secs: accumulate 0.2, cells 6.7, fire 0.0, eaters 0.4, seeds 0.8
  secs: air 2.2, water 2.4, life 8.2, sums 0.6
year  36: land 21.0 C, rain 1777 mm, evap 1040, transp 538, to sea 205, land bio 0.564, cover 0.85/0.22, h 2.6, eaters 1.59e-4, burnt 8474, genotypes 59497/2856, leading 458, mutants 0.001, errs w 2e-14 A 2e-13 C 2e-13, 13.6 s
  life secs: accumulate 0.2, cells 6.8, fire 0.0, eaters 0.4, seeds 0.8
  secs: air 2.2, water 2.5, life 8.2, sums 0.7
year  37: land 20.9 C, rain 1799 mm, evap 1051, transp 542, to sea 202, land bio 0.572, cover 0.85/0.22, h 2.7, eaters 1.38e-4, burnt 6972, genotypes 60654/2867, leading 447, mutants 0.001, errs w 3e-14 A 4e-13 C 3e-13, 13.6 s
  life secs: accumulate 0.2, cells 6.7, fire 0.0, eaters 0.4, seeds 0.8
  secs: air 2.2, water 2.5, life 8.2, sums 0.6
year  38: land 20.9 C, rain 1861 mm, evap 1092, transp 574, to sea 191, land bio 0.595, cover 0.85/0.22, h 2.7, eaters 1.79e-4, burnt 5572, genotypes 61601/2862, leading 447, mutants 0.001, errs w 4e-14 A 3e-13 C 3e-13, 13.6 s
  life secs: accumulate 0.2, cells 6.7, fire 0.0, eaters 0.4, seeds 0.8
  secs: air 2.2, water 2.5, life 8.2, sums 0.6
year  39: land 20.8 C, rain 1906 mm, evap 1122, transp 577, to sea 202, land bio 0.606, cover 0.85/0.22, h 2.7, eaters 2.17e-4, burnt 5274, genotypes 62606/3086, leading 447, mutants 0.001, errs w 3e-14 A 3e-13 C 2e-13, 13.5 s
  life secs: accumulate 0.2, cells 6.7, fire 0.0, eaters 0.4, seeds 0.8
  secs: air 2.2, water 2.5, life 8.2, sums 0.6
year  40: land 20.7 C, rain 1836 mm, evap 1073, transp 564, to sea 205, land bio 0.611, cover 0.86/0.22, h 2.7, eaters 2.34e-4, burnt 6542, genotypes 64529/3088, leading 463, mutants 0.001, errs w 3e-14 A 3e-13 C 3e-13, 13.6 s
  life secs: accumulate 0.2, cells 6.7, fire 0.0, eaters 0.4, seeds 0.8
  secs: air 2.2, water 2.5, life 8.1, sums 0.7
year  41: land 21.1 C, rain 1823 mm, evap 1065, transp 552, to sea 205, land bio 0.618, cover 0.86/0.22, h 2.7, eaters 1.93e-4, burnt 8102, genotypes 65736/3132, leading 431, mutants 0.001, errs w 3e-14 A 3e-13 C 1e-13, 13.5 s
  life secs: accumulate 0.2, cells 6.7, fire 0.0, eaters 0.4, seeds 0.7
  secs: air 2.2, water 2.4, life 8.2, sums 0.6
year  42: land 21.2 C, rain 1796 mm, evap 1050, transp 548, to sea 200, land bio 0.626, cover 0.86/0.22, h 2.8, eaters 2.07e-4, burnt 8212, genotypes 67201/3087, leading 426, mutants 0.001, errs w 4e-14 A 2e-13 C 2e-13, 13.5 s
  life secs: accumulate 0.2, cells 6.7, fire 0.0, eaters 0.4, seeds 0.8
  secs: air 2.2, water 2.5, life 8.1, sums 0.7
year  43: land 21.4 C, rain 1875 mm, evap 1108, transp 566, to sea 192, land bio 0.645, cover 0.86/0.22, h 2.7, eaters 1.90e-4, burnt 6245, genotypes 68265/3072, leading 425, mutants 0.001, errs w 3e-14 A 2e-13 C 6e-14, 13.6 s
  life secs: accumulate 0.2, cells 6.6, fire 0.0, eaters 0.4, seeds 0.8
  secs: air 2.2, water 2.4, life 8.1, sums 0.6
year  44: land 21.2 C, rain 1949 mm, evap 1126, transp 617, to sea 208, land bio 0.666, cover 0.86/0.21, h 2.7, eaters 2.64e-4, burnt 6000, genotypes 69272/3136, leading 420, mutants 0.001, errs w 2e-14 A 2e-13 C 9e-14, 13.5 s
  life secs: accumulate 0.2, cells 6.6, fire 0.0, eaters 0.4, seeds 0.8
  secs: air 2.2, water 2.5, life 8.1, sums 0.7
year  45: land 21.4 C, rain 1956 mm, evap 1132, transp 620, to sea 202, land bio 0.687, cover 0.87/0.21, h 2.7, eaters 2.65e-4, burnt 5371, genotypes 70508/3281, leading 407, mutants 0.001, errs w 9e-15 A 2e-13 C 4e-14, 13.5 s
  life secs: accumulate 0.2, cells 6.5, fire 0.0, eaters 0.4, seeds 0.8
  secs: air 2.2, water 2.4, life 8.1, sums 0.6
year  46: land 21.2 C, rain 1928 mm, evap 1102, transp 634, to sea 201, land bio 0.705, cover 0.87/0.21, h 2.7, eaters 2.73e-4, burnt 5653, genotypes 71870/3425, leading 412, mutants 0.001, errs w 1e-14 A 4e-14 C 6e-14, 13.4 s
  life secs: accumulate 0.2, cells 6.6, fire 0.0, eaters 0.4, seeds 0.8
  secs: air 2.2, water 2.5, life 8.1, sums 0.6
year  47: land 21.2 C, rain 1880 mm, evap 1074, transp 610, to sea 197, land bio 0.717, cover 0.87/0.21, h 2.7, eaters 2.53e-4, burnt 6137, genotypes 72919/3505, leading 404, mutants 0.001, errs w 9e-15 A 2e-13 C 4e-14, 13.5 s
  life secs: accumulate 0.2, cells 6.5, fire 0.0, eaters 0.4, seeds 0.8
  secs: air 2.2, water 2.4, life 8.1, sums 0.6
year  48: land 21.3 C, rain 1875 mm, evap 1083, transp 606, to sea 186, land bio 0.730, cover 0.87/0.21, h 2.7, eaters 2.91e-4, burnt 6365, genotypes 73767/3524, leading 397, mutants 0.001, errs w 4e-15 A 2e-13 C 1e-13, 13.4 s
  life secs: accumulate 0.2, cells 6.6, fire 0.0, eaters 0.4, seeds 0.8
  secs: air 2.2, water 2.5, life 8.1, sums 0.7
year  49: land 21.2 C, rain 1886 mm, evap 1079, transp 607, to sea 195, land bio 0.739, cover 0.87/0.21, h 2.7, eaters 2.97e-4, burnt 6778, genotypes 74869/3545, leading 401, mutants 0.001, errs w 1e-14 A 1e-13 C 6e-14, 13.5 s
  life secs: accumulate 0.2, cells 6.5, fire 0.0, eaters 0.4, seeds 0.8
  secs: air 2.2, water 2.4, life 8.2, sums 0.6
year  50: land 21.2 C, rain 1848 mm, evap 1064, transp 604, to sea 185, land bio 0.749, cover 0.88/0.21, h 2.7, eaters 3.18e-4, burnt 6076, genotypes 75792/3702, leading 406, mutants 0.001, errs w 2e-15 A 1e-13 C 3e-14, 13.5 s
  life secs: accumulate 0.2, cells 6.5, fire 0.0, eaters 0.5, seeds 0.8
bodies sown: 16309 (no form 3691, no soil 0, no water 0)
  secs: air 2.4, water 2.6, life 14.1, sums 0.8
year  51: land 21.1 C, rain 1833 mm, evap 1056, transp 588, to sea 188, land bio 0.754, cover 0.88/0.21, h 2.8, eaters 3.08e-4, burnt 7684, genotypes 76168/3751, leading 388, mutants 0.001, errs w 8e-15 A 1e-13 C 2e-13, 19.9 s
  life secs: accumulate 0.3, cells 6.3, fire 0.0, eaters 0.5, seeds 0.7
  bodies 4524 (0.2% of land cells, 52% at sea), genotypes 481, births 23961, deaths [2842.0, 19065.0, 6275.0, 7415.0, 12.0, 11.0, 122.0, 4.0], splits 0, ate 4.40e0/1.99e0/4.57e-1/5.04e1, moves 1178752, 6.1 s
  secs: air 2.4, water 2.7, life 13.3, sums 0.8
year  52: land 21.1 C, rain 1837 mm, evap 1074, transp 589, to sea 174, land bio 0.764, cover 0.88/0.22, h 2.8, eaters 3.27e-4, burnt 7294, genotypes 77080/3705, leading 385, mutants 0.001, errs w 3e-14 A 2e-13 C 1e-14, 19.1 s
  life secs: accumulate 0.3, cells 6.4, fire 0.0, eaters 0.5, seeds 0.8
  bodies 2398 (0.0% of land cells, 65% at sea), genotypes 288, births 3313, deaths [946.0, 2841.0, 119.0, 653.0, 0.0, 0.0, 880.0, 0.0], splits 0, ate 7.13e-1/3.22e-1/6.17e-2/1.63e1, moves 225900, 5.2 s
  secs: air 2.4, water 2.7, life 12.9, sums 0.8
year  53: land 21.0 C, rain 1904 mm, evap 1098, transp 618, to sea 184, land bio 0.783, cover 0.88/0.22, h 2.8, eaters 3.38e-4, burnt 6020, genotypes 77535/3915, leading 381, mutants 0.001, errs w 1e-14 A 1e-13 C 5e-14, 18.8 s
  life secs: accumulate 0.3, cells 6.3, fire 0.0, eaters 0.5, seeds 0.8
  bodies 2005 (0.0% of land cells, 61% at sea), genotypes 222, births 1121, deaths [225.0, 324.0, 8.0, 248.0, 0.0, 0.0, 709.0, 0.0], splits 0, ate 5.86e-2/1.36e-1/6.57e-3/1.36e1, moves 73651, 4.9 s
  secs: air 2.3, water 2.7, life 13.0, sums 0.8
year  54: land 21.1 C, rain 1901 mm, evap 1074, transp 644, to sea 188, land bio 0.796, cover 0.88/0.22, h 2.8, eaters 2.90e-4, burnt 6724, genotypes 78782/4031, leading 379, mutants 0.001, errs w 2e-14 A 1e-13 C 7e-14, 18.9 s
  life secs: accumulate 0.3, cells 6.4, fire 0.0, eaters 0.5, seeds 0.8
  bodies 2432 (0.0% of land cells, 45% at sea), genotypes 252, births 1072, deaths [142.0, 393.0, 2.0, 28.0, 0.0, 0.0, 80.0, 0.0], splits 0, ate 1.88e-1/1.40e-1/4.96e-2/7.93e0, moves 4023, 4.9 s
  secs: air 2.4, water 2.8, life 13.0, sums 0.8
year  55: land 21.1 C, rain 1894 mm, evap 1044, transp 658, to sea 189, land bio 0.808, cover 0.88/0.22, h 2.8, eaters 3.11e-4, burnt 6947, genotypes 80167/4060, leading 374, mutants 0.001, errs w 2e-14 A 1e-13 C 9e-15, 18.9 s
  life secs: accumulate 0.3, cells 6.4, fire 0.0, eaters 0.5, seeds 0.8
  bodies 1817 (0.0% of land cells, 58% at sea), genotypes 189, births 217, deaths [255.0, 216.0, 1.0, 3.0, 0.0, 0.0, 357.0, 0.0], splits 0, ate 3.26e-2/1.35e-1/4.91e-3/4.75e0, moves 965, 4.9 s
  secs: air 2.3, water 2.7, life 12.9, sums 0.7
year  56: land 21.1 C, rain 1895 mm, evap 1039, transp 662, to sea 193, land bio 0.816, cover 0.88/0.22, h 2.8, eaters 3.09e-4, burnt 7812, genotypes 81247/4129, leading 367, mutants 0.001, errs w 2e-14 A 7e-14 C 1e-14, 18.8 s
  life secs: accumulate 0.3, cells 6.3, fire 0.0, eaters 0.5, seeds 0.8
  bodies 1643 (0.0% of land cells, 64% at sea), genotypes 171, births 749, deaths [6.0, 160.0, 0.0, 1.0, 0.0, 0.0, 756.0, 0.0], splits 0, ate 1.32e-1/9.68e-2/2.91e-2/4.15e0, moves 84, 4.9 s
  secs: air 2.4, water 2.7, life 12.9, sums 0.8
year  57: land 21.3 C, rain 1929 mm, evap 1072, transp 669, to sea 185, land bio 0.834, cover 0.88/0.22, h 2.9, eaters 3.24e-4, burnt 6219, genotypes 82249/4193, leading 373, mutants 0.001, errs w 1e-14 A 2e-14 C 5e-15, 18.7 s
  life secs: accumulate 0.3, cells 6.3, fire 0.0, eaters 0.5, seeds 0.8
  bodies 1619 (0.0% of land cells, 64% at sea), genotypes 156, births 925, deaths [242.0, 701.0, 0.0, 0.0, 0.0, 0.0, 6.0, 0.0], splits 0, ate 1.97e-2/9.66e-2/1.21e-3/4.53e0, moves 64, 4.9 s
  secs: air 2.3, water 2.7, life 12.7, sums 0.7
year  58: land 21.3 C, rain 1942 mm, evap 1076, transp 678, to sea 189, land bio 0.851, cover 0.88/0.22, h 2.9, eaters 3.78e-4, burnt 6024, genotypes 82623/4267, leading 365, mutants 0.001, errs w 5e-15 A 5e-14 C 2e-14, 18.5 s
  life secs: accumulate 0.3, cells 6.3, fire 0.0, eaters 0.5, seeds 0.8
  bodies 1305 (0.0% of land cells, 80% at sea), genotypes 139, births 356, deaths [130.0, 334.0, 0.0, 0.0, 0.0, 0.0, 206.0, 0.0], splits 0, ate 7.07e-3/9.52e-2/1.28e-3/3.55e0, moves 0, 4.7 s
  secs: air 2.4, water 2.7, life 13.0, sums 0.8
year  59: land 21.3 C, rain 1901 mm, evap 1060, transp 653, to sea 190, land bio 0.845, cover 0.88/0.22, h 3.0, eaters 3.05e-4, burnt 7487, genotypes 83662/4328, leading 363, mutants 0.001, errs w 2e-14 A 1e-13 C 4e-14, 19.0 s
  life secs: accumulate 0.3, cells 6.3, fire 0.0, eaters 0.5, seeds 0.8
  bodies 2364 (0.0% of land cells, 44% at sea), genotypes 226, births 1413, deaths [241.0, 109.0, 0.0, 0.0, 0.0, 0.0, 4.0, 0.0], splits 0, ate 4.02e-1/6.92e-2/6.02e-2/3.98e0, moves 11, 5.0 s
  secs: air 2.3, water 2.7, life 13.1, sums 0.7
year  60: land 21.2 C, rain 1849 mm, evap 995, transp 672, to sea 190, land bio 0.837, cover 0.88/0.22, h 3.0, eaters 3.12e-4, burnt 10060, genotypes 84774/4309, leading 390, mutants 0.001, errs w 1e-14 A 1e-13 C 1e-13, 18.9 s
  life secs: accumulate 0.3, cells 6.3, fire 0.0, eaters 0.5, seeds 0.8
  bodies 2068 (0.0% of land cells, 49% at sea), genotypes 196, births 34, deaths [277.0, 35.0, 0.0, 1.0, 0.0, 0.0, 17.0, 0.0], splits 0, ate 1.83e-1/3.94e-2/1.65e-2/2.13e0, moves 4, 5.0 s
  secs: air 2.4, water 2.7, life 12.6, sums 0.8
year  61: land 20.9 C, rain 1875 mm, evap 1010, transp 675, to sea 183, land bio 0.856, cover 0.88/0.22, h 3.0, eaters 3.39e-4, burnt 9178, genotypes 84932/4291, leading 355, mutants 0.001, errs w 8e-15 A 2e-13 C 1e-13, 18.5 s
  life secs: accumulate 0.3, cells 6.3, fire 0.0, eaters 0.5, seeds 0.7
  bodies 1039 (0.0% of land cells, 98% at sea), genotypes 106, births 20, deaths [1.0, 0.0, 0.0, 0.0, 0.0, 0.0, 1048.0, 0.0], splits 0, ate 4.21e-2/4.23e-5/2.43e-3/1.98e0, moves 7, 4.7 s
  secs: air 2.4, water 2.7, life 12.7, sums 0.8
year  62: land 21.0 C, rain 1918 mm, evap 1050, transp 689, to sea 179, land bio 0.868, cover 0.88/0.22, h 3.0, eaters 3.44e-4, burnt 7456, genotypes 85535/4326, leading 356, mutants 0.001, errs w 2e-14 A 9e-14 C 8e-14, 18.6 s
  life secs: accumulate 0.3, cells 6.3, fire 0.0, eaters 0.5, seeds 0.8
  bodies 1676 (0.0% of land cells, 61% at sea), genotypes 171, births 640, deaths [1.0, 0.0, 0.0, 0.0, 0.0, 0.0, 2.0, 0.0], splits 0, ate 1.83e-1/2.81e-3/2.99e-2/2.53e0, moves 9, 4.7 s
  secs: air 2.4, water 2.7, life 14.4, sums 0.8
year  63: land 21.1 C, rain 1917 mm, evap 1055, transp 675, to sea 182, land bio 0.875, cover 0.89/0.22, h 3.0, eaters 3.16e-4, burnt 7744, genotypes 86520/4368, leading 351, mutants 0.001, errs w 3e-14 A 1e-13 C 1e-14, 20.3 s
  life secs: accumulate 0.3, cells 6.2, fire 0.0, eaters 0.5, seeds 0.8
  bodies 5709 (0.0% of land cells, 18% at sea), genotypes 581, births 4276, deaths [71.0, 169.0, 3.0, 0.0, 0.0, 0.0, 0.0, 0.0], splits 0, ate 1.27e0/1.74e-3/1.93e-1/8.77e0, moves 985, 6.3 s
  secs: air 2.3, water 2.7, life 15.0, sums 0.8
year  64: land 21.4 C, rain 1915 mm, evap 1070, transp 664, to sea 183, land bio 0.880, cover 0.89/0.22, h 2.9, eaters 3.68e-4, burnt 7675, genotypes 87837/4484, leading 339, mutants 0.001, errs w 2e-14 A 1e-13 C 3e-14, 20.9 s
  life secs: accumulate 0.3, cells 6.3, fire 0.0, eaters 0.5, seeds 0.8
  bodies 6496 (0.0% of land cells, 16% at sea), genotypes 647, births 1550, deaths [558.0, 183.0, 1.0, 0.0, 1.0, 0.0, 20.0, 0.0], splits 0, ate 1.64e0/1.64e-2/4.42e-1/1.21e1, moves 957, 7.0 s
  secs: air 2.3, water 2.7, life 14.9, sums 0.8
year  65: land 21.4 C, rain 1919 mm, evap 1060, transp 663, to sea 192, land bio 0.877, cover 0.89/0.22, h 2.9, eaters 3.58e-4, burnt 8580, genotypes 89018/4590, leading 344, mutants 0.001, errs w 1e-14 A 9e-14 C 2e-14, 20.8 s
  life secs: accumulate 0.3, cells 6.3, fire 0.0, eaters 0.5, seeds 0.8
  bodies 8806 (0.0% of land cells, 11% at sea), genotypes 893, births 4718, deaths [838.0, 398.0, 1.0, 1.0, 0.0, 0.0, 1170.0, 0.0], splits 0, ate 3.32e0/1.16e-1/4.65e-1/2.89e1, moves 2318, 6.9 s
  secs: air 2.3, water 2.7, life 15.9, sums 0.7
year  66: land 21.3 C, rain 1926 mm, evap 1063, transp 666, to sea 201, land bio 0.882, cover 0.89/0.22, h 2.9, eaters 3.83e-4, burnt 7407, genotypes 89967/4738, leading 346, mutants 0.001, errs w 1e-14 A 5e-14 C 1e-15, 21.7 s
  life secs: accumulate 0.3, cells 6.3, fire 0.0, eaters 0.5, seeds 0.8
  bodies 9893 (0.1% of land cells, 10% at sea), genotypes 1060, births 5782, deaths [1576.0, 622.0, 48.0, 0.0, 0.0, 0.0, 2449.0, 0.0], splits 0, ate 4.07e0/1.89e-1/5.51e-1/3.25e1, moves 9298, 7.7 s
  secs: air 2.3, water 2.7, life 19.2, sums 0.8
year  67: land 21.2 C, rain 1894 mm, evap 1040, transp 647, to sea 202, land bio 0.870, cover 0.89/0.22, h 2.9, eaters 3.56e-4, burnt 10243, genotypes 90504/4962, leading 329, mutants 0.001, errs w 4e-15 A 2e-13 C 4e-14, 25.0 s
  life secs: accumulate 0.3, cells 6.2, fire 0.0, eaters 0.5, seeds 0.8
  bodies 24330 (0.4% of land cells, 4% at sea), genotypes 2578, births 21592, deaths [4269.0, 2232.0, 96.0, 0.0, 0.0, 0.0, 558.0, 0.0], splits 0, ate 2.77e1/5.73e0/3.18e0/8.00e1, moves 22247, 10.8 s
  secs: air 2.3, water 2.7, life 41.5, sums 0.8
year  68: land 21.2 C, rain 1887 mm, evap 1050, transp 641, to sea 202, land bio 0.861, cover 0.89/0.22, h 2.9, eaters 3.45e-4, burnt 8774, genotypes 91192/4919, leading 326, mutants 0.001, errs w 1e-14 A 1e-13 C 8e-14, 47.4 s
  life secs: accumulate 0.3, cells 6.2, fire 0.0, eaters 0.5, seeds 0.8
  bodies 207102 (2.0% of land cells, 1% at sea), genotypes 21019, births 260409, deaths [49098.0, 24936.0, 1538.0, 1.0, 0.0, 0.0, 2064.0, 0.0], splits 0, ate 5.30e2/2.44e2/7.12e1/1.15e3, moves 558977, 30.7 s
  secs: air 2.4, water 2.8, life 64.8, sums 0.8
year  69: land 21.2 C, rain 1890 mm, evap 1066, transp 629, to sea 189, land bio 0.846, cover 0.88/0.22, h 2.9, eaters 3.50e-4, burnt 8686, genotypes 91565/4968, leading 328, mutants 0.001, errs w 1e-14 A 2e-13 C 6e-14, 70.8 s
  life secs: accumulate 0.3, cells 6.3, fire 0.0, eaters 0.5, seeds 0.8
  bodies 190053 (2.8% of land cells, 1% at sea), genotypes 20956, births 301481, deaths [212415.0, 46482.0, 55749.0, 415.0, 0.0, 14.0, 3455.0, 0.0], splits 0, ate 7.05e2/3.15e2/1.05e2/2.24e3, moves 2886645, 51.2 s
  secs: air 2.4, water 2.8, life 64.4, sums 0.8
year  70: land 21.2 C, rain 1915 mm, evap 1093, transp 636, to sea 189, land bio 0.831, cover 0.88/0.23, h 2.9, eaters 3.48e-4, burnt 8987, genotypes 91800/4954, leading 365, mutants 0.001, errs w 2e-15 A 1e-13 C 2e-14, 70.3 s
  life secs: accumulate 0.3, cells 6.3, fire 0.0, eaters 0.5, seeds 0.8
  bodies 144825 (4.1% of land cells, 2% at sea), genotypes 16224, births 325595, deaths [186807.0, 65837.0, 111267.0, 323.0, 0.0, 123.0, 6466.0, 0.0], splits 0, ate 8.99e2/3.80e2/1.28e2/2.86e3, moves 2710369, 51.0 s
  secs: air 2.4, water 2.7, life 67.3, sums 0.8
year  71: land 21.1 C, rain 1884 mm, evap 1083, transp 602, to sea 203, land bio 0.808, cover 0.86/0.23, h 2.9, eaters 3.10e-4, burnt 10243, genotypes 91576/5086, leading 346, mutants 0.001, errs w 1e-15 A 8e-14 C 7e-15, 73.2 s
  life secs: accumulate 0.3, cells 6.2, fire 0.0, eaters 0.5, seeds 0.7
  bodies 138990 (5.3% of land cells, 4% at sea), genotypes 15736, births 399271, deaths [195185.0, 65591.0, 135645.0, 1542.0, 1.0, 98.0, 7044.0, 0.0], splits 0, ate 1.04e3/3.58e2/1.45e2/3.60e3, moves 4343025, 53.7 s
  secs: air 2.2, water 2.5, life 51.4, sums 0.8
year  72: land 21.0 C, rain 1833 mm, evap 1060, transp 576, to sea 200, land bio 0.785, cover 0.85/0.23, h 3.0, eaters 3.18e-4, burnt 9945, genotypes 91695/4976, leading 365, mutants 0.001, errs w 1e-15 A 2e-13 C 2e-14, 56.9 s
  life secs: accumulate 0.3, cells 6.1, fire 0.0, eaters 0.6, seeds 0.8
  bodies 130950 (6.6% of land cells, 2% at sea), genotypes 14562, births 251314, deaths [122989.0, 22064.0, 83998.0, 26161.0, 0.0, 75.0, 4067.0, 0.0], splits 0, ate 1.06e3/2.71e2/1.19e2/3.61e3, moves 2561639, 39.9 s
  secs: air 2.2, water 2.4, life 50.9, sums 0.8
year  73: land 21.0 C, rain 1910 mm, evap 1143, transp 561, to sea 193, land bio 0.769, cover 0.86/0.23, h 2.9, eaters 3.01e-4, burnt 8378, genotypes 91664/4937, leading 341, mutants 0.001, errs w 5e-15 A 1e-13 C 5e-14, 56.3 s
  life secs: accumulate 0.3, cells 6.0, fire 0.0, eaters 0.5, seeds 0.8
  bodies 180206 (7.2% of land cells, 1% at sea), genotypes 19300, births 285189, deaths [130723.0, 27216.0, 50753.0, 22988.0, 0.0, 33.0, 4220.0, 0.0], splits 0, ate 1.67e3/7.36e2/2.29e2/5.84e3, moves 1941551, 39.2 s
  secs: air 2.3, water 2.5, life 96.9, sums 0.8
year  74: land 20.9 C, rain 1908 mm, evap 1188, transp 534, to sea 186, land bio 0.716, cover 0.87/0.24, h 2.9, eaters 3.71e-4, burnt 6634, genotypes 91563/4943, leading 353, mutants 0.001, errs w 2e-14 A 2e-13 C 6e-14, 102.4 s
  life secs: accumulate 0.3, cells 6.1, fire 0.0, eaters 0.6, seeds 0.8
  bodies 405126 (18.7% of land cells, 8% at sea), genotypes 43209, births 720808, deaths [178345.0, 67898.0, 175848.0, 68538.0, 0.0, 40.0, 5219.0, 0.0], splits 0, ate 3.83e3/1.28e3/5.48e2/1.13e4, moves 9278244, 78.9 s
  secs: air 2.2, water 2.5, life 157.1, sums 0.7
year  75: land 21.1 C, rain 1920 mm, evap 1393, transp 343, to sea 181, land bio 0.536, cover 0.82/0.24, h 3.2, eaters 2.07e-4, burnt 5865, genotypes 87693/4741, leading 407, mutants 0.001, errs w 3e-14 A 3e-13 C 3e-13, 162.6 s
  life secs: accumulate 0.3, cells 6.1, fire 0.0, eaters 0.6, seeds 0.8
  bodies 494267 (32.2% of land cells, 2% at sea), genotypes 53609, births 982748, deaths [454242.0, 106379.0, 269296.0, 58122.0, 1.0, 182.0, 5385.0, 0.0], splits 0, ate 7.71e3/3.50e3/1.17e3/2.87e4, moves 15130568, 129.5 s
  secs: air 2.2, water 2.4, life 123.3, sums 0.7
year  76: land 21.3 C, rain 1965 mm, evap 1583, transp 204, to sea 181, land bio 0.408, cover 0.75/0.25, h 3.1, eaters 1.58e-4, burnt 3221, genotypes 83925/3992, leading 466, mutants 0.001, errs w 1e-14 A 2e-13 C 3e-13, 128.7 s
  life secs: accumulate 0.2, cells 6.1, fire 0.0, eaters 0.5, seeds 0.7
  bodies 416089 (34.9% of land cells, 5% at sea), genotypes 46387, births 695081, deaths [339469.0, 71655.0, 260029.0, 95445.0, 0.0, 132.0, 6527.0, 2.0], splits 0, ate 5.13e3/3.00e3/8.08e2/2.28e4, moves 17061932, 101.2 s
  secs: air 2.2, water 2.4, life 170.8, sums 0.7
year  77: land 21.6 C, rain 1960 mm, evap 1676, transp 111, to sea 176, land bio 0.223, cover 0.57/0.26, h 2.9, eaters 1.42e-4, burnt 2115, genotypes 75726/3535, leading 589, mutants 0.002, errs w 3e-14 A 3e-13 C 7e-13, 176.2 s
  life secs: accumulate 0.2, cells 6.0, fire 0.0, eaters 0.5, seeds 0.7
  bodies 588497 (40.6% of land cells, 11% at sea), genotypes 65367, births 1514639, deaths [306827.0, 126179.0, 691649.0, 207403.0, 0.0, 185.0, 9986.0, 2.0], splits 0, ate 4.84e3/9.65e3/7.45e2/2.65e4, moves 29395561, 142.7 s
  secs: air 2.2, water 2.4, life 101.5, sums 0.8
year  78: land 21.4 C, rain 1914 mm, evap 1696, transp 35, to sea 183, land bio 0.124, cover 0.42/0.27, h 3.0, eaters 1.88e-4, burnt 762, genotypes 69553/2897, leading 626, mutants 0.001, errs w 2e-14 A 1e-13 C 5e-13, 107.0 s
  life secs: accumulate 0.3, cells 5.8, fire 0.0, eaters 0.4, seeds 0.6
  bodies 176062 (22.8% of land cells, 17% at sea), genotypes 21730, births 710114, deaths [163041.0, 69800.0, 633452.0, 248462.0, 2.0, 220.0, 7571.0, 1.0], splits 0, ate 2.26e3/5.92e3/3.81e2/1.41e4, moves 28567356, 82.5 s
  secs: air 2.2, water 2.4, life 49.5, sums 0.9
year  79: land 21.2 C, rain 1927 mm, evap 1715, transp 22, to sea 188, land bio 0.094, cover 0.41/0.28, h 3.5, eaters 1.90e-4, burnt 564, genotypes 73315/2711, leading 523, mutants 0.001, errs w 3e-14 A 1e-13 C 5e-13, 55.1 s
  life secs: accumulate 0.3, cells 5.7, fire 0.0, eaters 0.4, seeds 0.7
  bodies 134111 (19.1% of land cells, 16% at sea), genotypes 15869, births 311809, deaths [76000.0, 40778.0, 143679.0, 87645.0, 1.0, 64.0, 5588.0, 5.0], splits 0, ate 7.42e2/2.09e3/1.40e2/5.43e3, moves 7794900, 38.3 s
  secs: air 2.2, water 2.4, life 45.5, sums 0.8
year  80: land 21.2 C, rain 1991 mm, evap 1780, transp 20, to sea 186, land bio 0.075, cover 0.39/0.29, h 4.1, eaters 1.79e-4, burnt 440, genotypes 78516/2750, leading 541, mutants 0.001, errs w 2e-14 A 2e-13 C 2e-13, 51.0 s
  life secs: accumulate 0.3, cells 5.8, fire 0.0, eaters 0.4, seeds 0.7
  bodies 109976 (16.7% of land cells, 19% at sea), genotypes 13072, births 278754, deaths [58532.0, 38400.0, 110325.0, 88721.0, 0.0, 41.0, 6869.0, 1.0], splits 0, ate 6.40e2/1.39e3/1.22e2/4.40e3, moves 4396659, 34.6 s
done: experiments/e107_scale/results/km1 in 2111 s
