terrain: 512x512, 26215 land cells, 722 in basins, 0.2 s
  secs: air 9.8, water 3.2, life 0.0, sums 1.4
year   1: land 11.7 C, rain 1309 mm, evap 56, transp 0, to sea 1059, land bio 0.000, cover 0.00/0.00, h 0.0, eaters 0.00e0, burnt 0, genotypes 0/0, leading 0, mutants -0.000, errs w 2e-13 A 1e-14 C 0e0, 14.5 s
  life secs: accumulate 0.0, cells 0.0, fire 0.0, eaters 0.0, seeds 0.0
  secs: air 9.8, water 3.3, life 0.0, sums 1.4
year   2: land 14.5 C, rain 1413 mm, evap 67, transp 0, to sea 1334, land bio 0.000, cover 0.00/0.00, h 0.0, eaters 0.00e0, burnt 0, genotypes 0/0, leading 0, mutants -0.000, errs w 1e-13 A 3e-14 C 0e0, 14.5 s
  life secs: accumulate 0.0, cells 0.0, fire 0.0, eaters 0.0, seeds 0.0
  secs: air 9.9, water 3.3, life 0.0, sums 1.4
year   3: land 16.2 C, rain 1453 mm, evap 72, transp 0, to sea 1379, land bio 0.000, cover 0.00/0.00, h 0.0, eaters 0.00e0, burnt 0, genotypes 0/0, leading 0, mutants -0.000, errs w 2e-13 A 2e-14 C 0e0, 14.6 s
  life secs: accumulate 0.0, cells 0.0, fire 0.0, eaters 0.0, seeds 0.0
  secs: air 9.7, water 3.3, life 0.0, sums 1.4
year   4: land 17.6 C, rain 1463 mm, evap 76, transp 0, to sea 1386, land bio 0.000, cover 0.00/0.00, h 0.0, eaters 0.00e0, burnt 0, genotypes 0/0, leading 0, mutants -0.000, errs w 2e-13 A 8e-16 C 0e0, 14.5 s
  life secs: accumulate 0.0, cells 0.0, fire 0.0, eaters 0.0, seeds 0.0
  secs: air 10.2, water 3.3, life 0.0, sums 1.5
year   5: land 19.2 C, rain 1367 mm, evap 81, transp 0, to sea 1291, land bio 0.000, cover 0.00/0.00, h 0.0, eaters 0.00e0, burnt 0, genotypes 0/0, leading 0, mutants -0.000, errs w 2e-13 A 3e-14 C 0e0, 15.0 s
  life secs: accumulate 0.0, cells 0.0, fire 0.0, eaters 0.0, seeds 0.0
  secs: air 10.0, water 3.3, life 0.0, sums 1.5
year   6: land 19.3 C, rain 2016 mm, evap 83, transp 0, to sea 1910, land bio 0.000, cover 0.00/0.00, h 0.0, eaters 0.00e0, burnt 0, genotypes 0/0, leading 0, mutants -0.000, errs w 9e-14 A 3e-14 C 0e0, 14.7 s
  life secs: accumulate 0.0, cells 0.0, fire 0.0, eaters 0.0, seeds 0.0
  secs: air 9.9, water 3.3, life 0.0, sums 1.5
year   7: land 19.0 C, rain 1759 mm, evap 82, transp 0, to sea 1688, land bio 0.000, cover 0.00/0.00, h 0.0, eaters 0.00e0, burnt 0, genotypes 0/0, leading 0, mutants -0.000, errs w 2e-13 A 4e-14 C 0e0, 14.7 s
  life secs: accumulate 0.0, cells 0.0, fire 0.0, eaters 0.0, seeds 0.0
  secs: air 9.9, water 3.3, life 0.0, sums 1.5
year   8: land 18.8 C, rain 1842 mm, evap 80, transp 0, to sea 1758, land bio 0.000, cover 0.00/0.00, h 0.0, eaters 0.00e0, burnt 0, genotypes 0/0, leading 0, mutants -0.000, errs w 2e-14 A 3e-14 C 0e0, 14.7 s
  life secs: accumulate 0.0, cells 0.0, fire 0.0, eaters 0.0, seeds 0.0
  secs: air 10.3, water 3.3, life 0.0, sums 1.5
year   9: land 18.4 C, rain 2149 mm, evap 80, transp 0, to sea 2061, land bio 0.000, cover 0.00/0.00, h 0.0, eaters 0.00e0, burnt 0, genotypes 0/0, leading 0, mutants -0.000, errs w 2e-13 A 4e-15 C 0e0, 15.1 s
  life secs: accumulate 0.0, cells 0.0, fire 0.0, eaters 0.0, seeds 0.0
  secs: air 10.4, water 3.3, life 0.0, sums 1.5
year  10: land 19.3 C, rain 2069 mm, evap 84, transp 0, to sea 1989, land bio 0.000, cover 0.00/0.00, h 0.0, eaters 0.00e0, burnt 0, genotypes 0/0, leading 0, mutants -0.000, errs w 1e-13 A 3e-15 C 0e0, 15.2 s
  life secs: accumulate 0.0, cells 0.0, fire 0.0, eaters 0.0, seeds 0.0
  secs: air 10.2, water 3.3, life 29.0, sums 1.5
year  11: land 19.9 C, rain 1747 mm, evap 84, transp 2, to sea 1671, land bio 0.011, cover 0.24/0.45, h 0.9, eaters 1.41e-7, burnt 0, genotypes 8257/137, leading 324, mutants -0.000, errs w 3e-13 A 6e-14 C 5e-12, 44.2 s
  life secs: accumulate 0.8, cells 18.8, fire 0.0, eaters 6.3, seeds 3.1
  secs: air 8.7, water 2.6, life 15.7, sums 1.3
year  12: land 19.4 C, rain 2074 mm, evap 78, transp 24, to sea 1963, land bio 0.058, cover 0.60/0.45, h 1.0, eaters 6.07e-8, burnt 0, genotypes 9291/92, leading 428, mutants 0.001, errs w 2e-13 A 1e-13 C 1e-12, 28.4 s
  life secs: accumulate 0.8, cells 11.1, fire 0.0, eaters 0.7, seeds 3.0
  secs: air 8.6, water 2.6, life 13.6, sums 1.3
year  13: land 19.2 C, rain 1980 mm, evap 70, transp 53, to sea 1863, land bio 0.108, cover 0.74/0.44, h 1.2, eaters 1.74e-6, burnt 0, genotypes 10108/351, leading 496, mutants 0.002, errs w 3e-13 A 8e-14 C 9e-13, 26.1 s
  life secs: accumulate 0.8, cells 9.6, fire 0.0, eaters 0.3, seeds 2.9
  secs: air 9.1, water 3.0, life 15.2, sums 1.4
year  14: land 18.1 C, rain 1788 mm, evap 63, transp 72, to sea 1658, land bio 0.161, cover 0.81/0.43, h 1.3, eaters 7.82e-6, burnt 0, genotypes 10867/1117, leading 530, mutants 0.002, errs w 2e-13 A 7e-14 C 6e-13, 28.7 s
  life secs: accumulate 0.8, cells 10.8, fire 0.0, eaters 0.6, seeds 2.9
  secs: air 9.7, water 3.3, life 20.0, sums 1.4
year  15: land 18.4 C, rain 1877 mm, evap 61, transp 84, to sea 1729, land bio 0.218, cover 0.84/0.42, h 1.5, eaters 2.44e-5, burnt 218, genotypes 11134/1846, leading 539, mutants 0.002, errs w 2e-13 A 2e-14 C 5e-13, 34.5 s
  life secs: accumulate 0.8, cells 14.8, fire 0.0, eaters 1.2, seeds 3.2
  secs: air 10.0, water 3.3, life 20.7, sums 1.5
year  16: land 17.4 C, rain 2061 mm, evap 58, transp 88, to sea 1910, land bio 0.269, cover 0.86/0.41, h 1.6, eaters 3.78e-5, burnt 1, genotypes 11552/2492, leading 545, mutants 0.002, errs w 1e-13 A 4e-15 C 3e-13, 35.5 s
  life secs: accumulate 0.8, cells 15.0, fire 0.0, eaters 1.7, seeds 3.2
  secs: air 9.9, water 3.3, life 21.0, sums 1.5
year  17: land 17.5 C, rain 2351 mm, evap 58, transp 91, to sea 2196, land bio 0.326, cover 0.87/0.40, h 1.7, eaters 5.00e-5, burnt 6, genotypes 12131/2792, leading 555, mutants 0.002, errs w 1e-13 A 7e-14 C 3e-13, 35.8 s
  life secs: accumulate 0.8, cells 15.1, fire 0.0, eaters 2.0, seeds 3.1
  secs: air 9.8, water 3.4, life 20.8, sums 1.4
year  18: land 16.7 C, rain 2409 mm, evap 56, transp 93, to sea 2260, land bio 0.378, cover 0.88/0.39, h 1.9, eaters 5.86e-5, burnt 41, genotypes 12262/2929, leading 564, mutants 0.003, errs w 2e-13 A 2e-13 C 2e-13, 35.5 s
  life secs: accumulate 0.8, cells 14.8, fire 0.0, eaters 2.2, seeds 3.0
  secs: air 9.8, water 3.4, life 20.3, sums 1.4
year  19: land 15.5 C, rain 2637 mm, evap 54, transp 92, to sea 2485, land bio 0.426, cover 0.88/0.39, h 2.0, eaters 6.26e-5, burnt 56, genotypes 12248/2693, leading 559, mutants 0.003, errs w 2e-13 A 1e-13 C 3e-13, 35.0 s
  life secs: accumulate 0.8, cells 14.3, fire 0.0, eaters 2.2, seeds 2.8
  secs: air 9.9, water 3.4, life 19.7, sums 1.5
year  20: land 15.4 C, rain 2695 mm, evap 54, transp 93, to sea 2550, land bio 0.472, cover 0.88/0.38, h 2.0, eaters 6.93e-5, burnt 0, genotypes 12775/2338, leading 613, mutants 0.003, errs w 2e-13 A 2e-13 C 7e-14, 34.6 s
  life secs: accumulate 0.8, cells 14.0, fire 0.0, eaters 2.3, seeds 2.6
  secs: air 9.8, water 3.5, life 19.3, sums 1.5
year  21: land 16.1 C, rain 2294 mm, evap 54, transp 98, to sea 2151, land bio 0.527, cover 0.89/0.37, h 2.0, eaters 8.33e-5, burnt 5, genotypes 12835/2193, leading 561, mutants 0.003, errs w 2e-13 A 1e-13 C 2e-13, 34.1 s
  life secs: accumulate 0.8, cells 13.8, fire 0.0, eaters 2.3, seeds 2.3
  secs: air 9.9, water 3.5, life 19.4, sums 1.5
year  22: land 15.7 C, rain 2144 mm, evap 53, transp 99, to sea 1995, land bio 0.569, cover 0.89/0.36, h 2.1, eaters 9.87e-5, burnt 27, genotypes 13360/2018, leading 571, mutants 0.003, errs w 2e-13 A 1e-13 C 2e-13, 34.4 s
  life secs: accumulate 0.8, cells 13.9, fire 0.0, eaters 2.3, seeds 2.4
  secs: air 9.9, water 3.5, life 19.3, sums 1.5
year  23: land 16.9 C, rain 1884 mm, evap 55, transp 103, to sea 1734, land bio 0.609, cover 0.89/0.35, h 2.2, eaters 1.11e-4, burnt 40, genotypes 13731/1955, leading 564, mutants 0.003, errs w 5e-15 A 7e-14 C 2e-13, 34.2 s
  life secs: accumulate 0.8, cells 13.7, fire 0.0, eaters 2.4, seeds 2.3
  secs: air 9.8, water 3.5, life 19.2, sums 1.5
year  24: land 16.9 C, rain 1543 mm, evap 53, transp 102, to sea 1400, land bio 0.601, cover 0.90/0.35, h 2.3, eaters 1.28e-4, burnt 94, genotypes 14287/1819, leading 564, mutants 0.003, errs w 2e-13 A 6e-14 C 2e-14, 34.1 s
  life secs: accumulate 0.8, cells 13.8, fire 0.0, eaters 2.4, seeds 2.1
  secs: air 9.6, water 3.3, life 18.0, sums 1.4
year  25: land 16.0 C, rain 1727 mm, evap 51, transp 101, to sea 1565, land bio 0.619, cover 0.91/0.33, h 2.3, eaters 1.38e-4, burnt 18, genotypes 15152/1568, leading 566, mutants 0.003, errs w 2e-13 A 1e-13 C 3e-15, 32.4 s
  life secs: accumulate 0.8, cells 12.6, fire 0.0, eaters 2.4, seeds 2.1
  secs: air 8.5, water 2.6, life 14.1, sums 1.3
year  26: land 15.1 C, rain 1573 mm, evap 49, transp 99, to sea 1431, land bio 0.664, cover 0.91/0.32, h 2.4, eaters 1.47e-4, burnt 0, genotypes 15494/1418, leading 564, mutants 0.003, errs w 2e-13 A 2e-13 C 6e-14, 26.6 s
  life secs: accumulate 0.8, cells 8.9, fire 0.0, eaters 2.5, seeds 1.9
  secs: air 8.4, water 2.6, life 13.9, sums 1.3
year  27: land 16.9 C, rain 1642 mm, evap 52, transp 105, to sea 1483, land bio 0.738, cover 0.91/0.31, h 2.3, eaters 1.43e-4, burnt 1, genotypes 16076/1280, leading 557, mutants 0.003, errs w 2e-13 A 4e-13 C 2e-13, 26.3 s
  life secs: accumulate 0.8, cells 8.8, fire 0.0, eaters 2.5, seeds 1.8
  secs: air 8.4, water 2.6, life 13.6, sums 1.3
year  28: land 17.9 C, rain 1515 mm, evap 53, transp 111, to sea 1359, land bio 0.801, cover 0.92/0.31, h 2.3, eaters 1.51e-4, burnt 529, genotypes 16487/1065, leading 556, mutants 0.003, errs w 3e-13 A 4e-13 C 9e-14, 26.0 s
  life secs: accumulate 0.8, cells 8.6, fire 0.0, eaters 2.4, seeds 1.7
  secs: air 8.5, water 2.6, life 13.3, sums 1.3
year  29: land 17.5 C, rain 1766 mm, evap 53, transp 115, to sea 1587, land bio 0.864, cover 0.92/0.30, h 2.3, eaters 1.77e-4, burnt 21, genotypes 16762/1051, leading 561, mutants 0.003, errs w 2e-13 A 4e-13 C 1e-13, 25.8 s
  life secs: accumulate 0.8, cells 8.5, fire 0.0, eaters 2.4, seeds 1.6
  secs: air 8.6, water 2.6, life 13.3, sums 1.3
year  30: land 17.6 C, rain 1665 mm, evap 53, transp 117, to sea 1501, land bio 0.929, cover 0.92/0.29, h 2.2, eaters 1.78e-4, burnt 14, genotypes 17338/955, leading 580, mutants 0.003, errs w 2e-13 A 5e-13 C 1e-13, 25.9 s
  life secs: accumulate 0.8, cells 8.4, fire 0.0, eaters 2.5, seeds 1.6
  secs: air 8.6, water 2.6, life 13.0, sums 1.3
year  31: land 16.7 C, rain 1581 mm, evap 51, transp 116, to sea 1414, land bio 0.977, cover 0.92/0.28, h 2.2, eaters 1.98e-4, burnt 114, genotypes 17643/928, leading 567, mutants 0.003, errs w 2e-13 A 6e-13 C 3e-13, 25.6 s
  life secs: accumulate 0.8, cells 8.3, fire 0.0, eaters 2.5, seeds 1.4
  secs: air 8.5, water 2.6, life 13.2, sums 1.3
year  32: land 16.1 C, rain 1601 mm, evap 50, transp 112, to sea 1439, land bio 1.012, cover 0.93/0.28, h 2.3, eaters 2.01e-4, burnt 148, genotypes 17696/922, leading 573, mutants 0.003, errs w 2e-13 A 6e-13 C 3e-13, 25.7 s
  life secs: accumulate 0.8, cells 8.3, fire 0.0, eaters 2.5, seeds 1.6
  secs: air 8.5, water 2.6, life 13.1, sums 1.3
year  33: land 17.2 C, rain 2162 mm, evap 53, transp 113, to sea 1979, land bio 1.059, cover 0.93/0.27, h 2.2, eaters 1.93e-4, burnt 67, genotypes 18309/959, leading 585, mutants 0.003, errs w 2e-13 A 6e-13 C 5e-13, 25.5 s
  life secs: accumulate 0.8, cells 8.1, fire 0.0, eaters 2.5, seeds 1.6
  secs: air 8.6, water 2.6, life 13.0, sums 1.3
year  34: land 17.7 C, rain 1947 mm, evap 54, transp 121, to sea 1781, land bio 1.090, cover 0.93/0.27, h 2.2, eaters 2.08e-4, burnt 162, genotypes 18814/1042, leading 595, mutants 0.003, errs w 2e-13 A 8e-13 C 6e-13, 25.5 s
  life secs: accumulate 0.8, cells 8.0, fire 0.0, eaters 2.6, seeds 1.5
  secs: air 8.5, water 2.6, life 12.8, sums 1.3
year  35: land 19.0 C, rain 2158 mm, evap 57, transp 121, to sea 1973, land bio 1.117, cover 0.93/0.26, h 2.3, eaters 1.80e-4, burnt 75, genotypes 19233/941, leading 595, mutants 0.003, errs w 2e-13 A 1e-12 C 7e-13, 25.3 s
  life secs: accumulate 0.8, cells 7.9, fire 0.0, eaters 2.5, seeds 1.5
  secs: air 8.5, water 2.6, life 12.8, sums 1.3
year  36: land 19.6 C, rain 2715 mm, evap 58, transp 128, to sea 2519, land bio 1.130, cover 0.93/0.26, h 2.3, eaters 1.83e-4, burnt 55, genotypes 20494/915, leading 601, mutants 0.003, errs w 2e-13 A 9e-13 C 7e-13, 25.3 s
  life secs: accumulate 0.8, cells 8.0, fire 0.0, eaters 2.5, seeds 1.5
  secs: air 8.5, water 2.6, life 12.6, sums 1.3
year  37: land 19.9 C, rain 2084 mm, evap 57, transp 122, to sea 1921, land bio 1.152, cover 0.93/0.26, h 2.2, eaters 1.87e-4, burnt 77, genotypes 21969/977, leading 602, mutants 0.003, errs w 3e-13 A 9e-13 C 8e-13, 25.0 s
  life secs: accumulate 0.8, cells 7.8, fire 0.0, eaters 2.4, seeds 1.5
  secs: air 8.5, water 2.6, life 12.6, sums 1.3
year  38: land 18.6 C, rain 1665 mm, evap 53, transp 129, to sea 1493, land bio 1.190, cover 0.93/0.26, h 2.2, eaters 2.40e-4, burnt 90, genotypes 23403/1034, leading 599, mutants 0.003, errs w 2e-13 A 9e-13 C 7e-13, 25.1 s
  life secs: accumulate 0.8, cells 7.7, fire 0.0, eaters 2.5, seeds 1.5
  secs: air 8.5, water 2.6, life 12.5, sums 1.3
year  39: land 17.1 C, rain 1633 mm, evap 50, transp 122, to sea 1459, land bio 1.217, cover 0.93/0.25, h 2.2, eaters 2.75e-4, burnt 161, genotypes 24398/994, leading 603, mutants 0.003, errs w 3e-13 A 9e-13 C 6e-13, 25.0 s
  life secs: accumulate 0.8, cells 7.6, fire 0.0, eaters 2.5, seeds 1.5
  secs: air 8.4, water 2.6, life 12.6, sums 1.3
year  40: land 16.3 C, rain 1453 mm, evap 48, transp 114, to sea 1299, land bio 1.247, cover 0.94/0.25, h 2.2, eaters 2.77e-4, burnt 13, genotypes 26054/954, leading 634, mutants 0.003, errs w 3e-13 A 9e-13 C 6e-13, 25.0 s
  life secs: accumulate 0.8, cells 7.7, fire 0.0, eaters 2.6, seeds 1.5
bodies sown: 61 (no form 356, no soil 1583, no water 0)
  secs: air 8.6, water 2.6, life 24.2, sums 1.2
year  41: land 16.7 C, rain 1595 mm, evap 50, transp 116, to sea 1421, land bio 1.300, cover 0.94/0.25, h 2.2, eaters 2.58e-4, burnt 6, genotypes 27191/972, leading 601, mutants 0.003, errs w 3e-13 A 7e-13 C 5e-13, 36.6 s
  life secs: accumulate 0.8, cells 7.5, fire 0.0, eaters 2.6, seeds 1.4
  bodies 78 (3377478123 animals, 0.2% of land cells, 21% at sea), genotypes 28, births 113, splits 2, deaths [33.0, 24.0, 18.0, 0.0, 0.0, 7.0, 9.0, 0.0, 7.0], ate [0.664, 1.556, 0.057, 144.969, 0.027, 0.029], catches 87223 presses 77426 breaks 32 killed 5272896 riders 77413, secs 1.7/0.1/1.6/0.0
  secs: air 8.6, water 2.6, life 24.2, sums 1.2
year  42: land 17.9 C, rain 1484 mm, evap 52, transp 124, to sea 1315, land bio 1.356, cover 0.94/0.25, h 2.2, eaters 2.34e-4, burnt 1, genotypes 28200/950, leading 612, mutants 0.003, errs w 1e-13 A 6e-13 C 6e-13, 36.7 s
  life secs: accumulate 0.8, cells 7.5, fire 0.0, eaters 2.6, seeds 1.6
  bodies 114 (288459806 animals, 0.2% of land cells, 34% at sea), genotypes 25, births 130, splits 8, deaths [39.0, 11.0, 3.0, 0.0, 0.0, 30.0, 8.0, 0.0, 11.0], ate [0.978, 4.316, 0.074, 170.834, 0.087, 0.059], catches 40851 presses 40673 breaks 70 killed 8884300 riders 40650, secs 1.7/0.1/1.6/0.0
  secs: air 8.5, water 2.6, life 24.2, sums 1.2
year  43: land 18.0 C, rain 1924 mm, evap 52, transp 126, to sea 1728, land bio 1.400, cover 0.94/0.25, h 2.1, eaters 2.61e-4, burnt 4, genotypes 29254/971, leading 611, mutants 0.004, errs w 2e-13 A 6e-13 C 5e-13, 36.6 s
  life secs: accumulate 0.8, cells 7.4, fire 0.0, eaters 2.6, seeds 1.6
  bodies 209 (280724002 animals, 0.4% of land cells, 34% at sea), genotypes 24, births 276, splits 14, deaths [54.0, 5.0, 4.0, 0.0, 0.0, 64.0, 29.0, 0.0, 39.0], ate [2.846, 7.491, 0.148, 336.753, 0.516, 0.24], catches 24190 presses 23932 breaks 186 killed 15999087 riders 23891, secs 1.7/0.1/1.7/0.0
  secs: air 8.6, water 2.6, life 25.5, sums 1.2
year  44: land 18.6 C, rain 2140 mm, evap 54, transp 126, to sea 1957, land bio 1.439, cover 0.94/0.25, h 2.1, eaters 2.55e-4, burnt 104, genotypes 30675/979, leading 610, mutants 0.003, errs w 2e-13 A 5e-13 C 5e-13, 38.0 s
  life secs: accumulate 0.8, cells 7.4, fire 0.0, eaters 2.5, seeds 1.6
  bodies 331 (189770406 animals, 0.5% of land cells, 49% at sea), genotypes 49, births 854, splits 11, deaths [235.0, 59.0, 13.0, 0.0, 0.0, 262.0, 71.0, 0.0, 103.0], ate [4.259, 13.097, 0.318, 1267.56, 4.11, 1.314], catches 25358 presses 25244 breaks 745 killed 39945594 riders 25072, secs 2.3/0.1/2.2/0.1
  secs: air 8.6, water 2.6, life 25.0, sums 1.2
year  45: land 19.0 C, rain 2124 mm, evap 55, transp 130, to sea 1940, land bio 1.472, cover 0.94/0.25, h 2.1, eaters 2.45e-4, burnt 40, genotypes 32494/908, leading 601, mutants 0.004, errs w 2e-13 A 5e-13 C 4e-13, 37.5 s
  life secs: accumulate 0.8, cells 7.3, fire 0.0, eaters 2.5, seeds 1.6
  bodies 256 (82700427 animals, 0.5% of land cells, 28% at sea), genotypes 31, births 657, splits 39, deaths [244.0, 49.0, 6.0, 0.0, 0.0, 263.0, 105.0, 0.0, 104.0], ate [7.318, 19.714, 0.495, 1355.106, 5.216, 1.57], catches 858 presses 811 breaks 811 killed 38545223 riders 613, secs 2.2/0.1/2.1/0.1
  secs: air 8.5, water 2.6, life 26.5, sums 1.2
year  46: land 18.7 C, rain 2245 mm, evap 54, transp 131, to sea 2057, land bio 1.488, cover 0.94/0.25, h 2.1, eaters 2.72e-4, burnt 104, genotypes 34607/855, leading 587, mutants 0.004, errs w 3e-13 A 5e-13 C 3e-13, 38.9 s
  life secs: accumulate 0.8, cells 7.3, fire 0.0, eaters 2.5, seeds 1.7
  bodies 577 (190854071 animals, 1.2% of land cells, 31% at sea), genotypes 82, births 1829, splits 85, deaths [271.0, 59.0, 6.0, 0.0, 0.0, 769.0, 162.0, 1.0, 325.0], ate [17.537, 42.634, 1.188, 3451.628, 13.488, 4.03], catches 2576 presses 2294 breaks 2294 killed 108802039 riders 1691, secs 2.8/0.2/2.7/0.2
  secs: air 8.6, water 2.6, life 27.7, sums 1.3
year  47: land 18.6 C, rain 2263 mm, evap 53, transp 126, to sea 2084, land bio 1.483, cover 0.94/0.25, h 2.2, eaters 2.78e-4, burnt 79, genotypes 36046/928, leading 587, mutants 0.004, errs w 3e-13 A 4e-13 C 4e-13, 40.1 s
  life secs: accumulate 0.8, cells 7.2, fire 0.0, eaters 2.5, seeds 1.6
  bodies 1105 (383737011 animals, 2.1% of land cells, 36% at sea), genotypes 131, births 2891, splits 152, deaths [368.0, 296.0, 13.0, 0.0, 0.0, 1122.0, 246.0, 1.0, 469.0], ate [32.31, 89.684, 2.589, 5446.443, 18.601, 6.528], catches 4398 presses 3382 breaks 3380 killed 173605099 riders 2371, secs 3.4/0.3/3.2/0.3
  secs: air 8.6, water 2.6, life 31.1, sums 1.3
year  48: land 17.9 C, rain 1743 mm, evap 52, transp 128, to sea 1578, land bio 1.456, cover 0.94/0.25, h 2.2, eaters 3.01e-4, burnt 33, genotypes 37658/859, leading 575, mutants 0.004, errs w 3e-13 A 4e-13 C 3e-13, 43.6 s
  life secs: accumulate 0.8, cells 7.2, fire 0.0, eaters 2.6, seeds 1.7
  bodies 1676 (575481060 animals, 3.1% of land cells, 36% at sea), genotypes 199, births 4903, splits 305, deaths [648.0, 294.0, 7.0, 0.0, 0.0, 2259.0, 441.0, 2.0, 986.0], ate [54.998, 177.058, 3.963, 10778.675, 33.789, 12.946], catches 9513 presses 6797 breaks 6791 killed 356719339 riders 4759, secs 4.8/0.6/4.5/0.6
  secs: air 8.6, water 2.6, life 33.3, sums 1.3
year  49: land 18.1 C, rain 1610 mm, evap 52, transp 127, to sea 1432, land bio 1.438, cover 0.94/0.25, h 2.2, eaters 2.91e-4, burnt 25, genotypes 39366/783, leading 566, mutants 0.004, errs w 4e-13 A 4e-13 C 3e-13, 45.8 s
  life secs: accumulate 0.8, cells 7.2, fire 0.0, eaters 2.6, seeds 1.7
  bodies 2398 (819836672 animals, 3.8% of land cells, 44% at sea), genotypes 307, births 6532, splits 366, deaths [1489.0, 261.0, 9.0, 0.0, 0.0, 2619.0, 660.0, 6.0, 1132.0], ate [80.281, 195.238, 6.348, 12096.99, 42.04, 16.032], catches 20488 presses 7692 breaks 7689 killed 471170037 riders 5100, secs 5.8/0.8/5.3/0.8
  secs: air 8.5, water 2.6, life 43.7, sums 1.3
year  50: land 18.8 C, rain 1601 mm, evap 53, transp 125, to sea 1424, land bio 1.446, cover 0.94/0.26, h 2.2, eaters 2.54e-4, burnt 48, genotypes 41841/831, leading 623, mutants 0.004, errs w 2e-13 A 3e-13 C 4e-13, 56.2 s
  life secs: accumulate 0.8, cells 7.2, fire 0.0, eaters 2.6, seeds 1.7
  bodies 6533 (2369636804 animals, 9.9% of land cells, 35% at sea), genotypes 794, births 18229, splits 593, deaths [4476.0, 921.0, 12.0, 0.0, 0.0, 6365.0, 1046.0, 11.0, 1856.0], ate [86.999, 175.674, 6.975, 20710.507, 94.965, 31.731], catches 84991 presses 15417 breaks 15415 killed 788295570 riders 10861, secs 10.7/1.8/8.7/1.8
  secs: air 8.5, water 2.6, life 60.5, sums 1.4
year  51: land 18.5 C, rain 1683 mm, evap 52, transp 131, to sea 1497, land bio 1.485, cover 0.93/0.27, h 2.2, eaters 2.97e-4, burnt 85, genotypes 44017/791, leading 568, mutants 0.004, errs w 3e-13 A 3e-13 C 5e-13, 73.1 s
  life secs: accumulate 0.8, cells 7.2, fire 0.0, eaters 2.6, seeds 1.6
  bodies 12039 (4231321807 animals, 21.9% of land cells, 23% at sea), genotypes 1506, births 34757, splits 1370, deaths [8511.0, 680.0, 15.0, 0.0, 0.0, 14701.0, 2092.0, 34.0, 4588.0], ate [136.822, 184.488, 12.678, 43596.228, 290.599, 90.524], catches 159591 presses 35349 breaks 35209 killed 1644844571 riders 23568, secs 18.8/3.3/14.3/3.6
  secs: air 8.6, water 2.6, life 93.4, sums 1.4
year  52: land 17.9 C, rain 1523 mm, evap 50, transp 127, to sea 1351, land bio 1.500, cover 0.92/0.29, h 2.2, eaters 3.27e-4, burnt 2, genotypes 46609/792, leading 594, mutants 0.005, errs w 4e-13 A 3e-13 C 4e-13, 106.2 s
  life secs: accumulate 0.8, cells 7.2, fire 0.0, eaters 2.7, seeds 1.9
  bodies 15059 (5176366357 animals, 29.8% of land cells, 14% at sea), genotypes 1869, births 51809, splits 2103, deaths [16765.0, 744.0, 17.0, 0.0, 0.0, 23984.0, 3257.0, 51.0, 6074.0], ate [211.597, 271.368, 21.768, 80375.28, 472.005, 130.354], catches 332695 presses 54841 breaks 54175 killed 2831042973 riders 37209, secs 35.2/6.4/24.1/6.8
  secs: air 8.6, water 2.6, life 94.1, sums 1.4
year  53: land 16.8 C, rain 1501 mm, evap 50, transp 116, to sea 1332, land bio 1.492, cover 0.91/0.32, h 2.2, eaters 3.27e-4, burnt 4, genotypes 50443/801, leading 626, mutants 0.005, errs w 3e-13 A 3e-13 C 3e-13, 106.9 s
  life secs: accumulate 0.8, cells 7.4, fire 0.0, eaters 2.7, seeds 2.0
  bodies 14251 (5746944586 animals, 30.2% of land cells, 15% at sea), genotypes 1745, births 43497, splits 1491, deaths [17250.0, 462.0, 279.0, 0.0, 0.0, 18360.0, 4871.0, 49.0, 4525.0], ate [107.764, 141.269, 11.372, 74381.189, 316.024, 80.619], catches 344748 presses 40712 breaks 39965 killed 2082894938 riders 28552, secs 35.3/6.4/24.4/6.5
  secs: air 8.6, water 2.6, life 86.3, sums 1.4
year  54: land 18.0 C, rain 1948 mm, evap 54, transp 115, to sea 1764, land bio 1.500, cover 0.91/0.34, h 2.2, eaters 2.52e-4, burnt 81, genotypes 55387/817, leading 664, mutants 0.005, errs w 2e-13 A 4e-13 C 4e-13, 99.0 s
  life secs: accumulate 0.8, cells 7.5, fire 0.0, eaters 2.8, seeds 2.2
  bodies 14668 (5183560287 animals, 30.9% of land cells, 19% at sea), genotypes 1694, births 39669, splits 1750, deaths [14836.0, 1474.0, 748.0, 0.0, 0.0, 15645.0, 4759.0, 42.0, 3498.0], ate [81.174, 104.539, 8.003, 80560.71, 254.113, 66.405], catches 289508 presses 35077 breaks 33789 killed 1840049042 riders 24363, secs 31.0/5.7/22.1/5.8
  secs: air 8.6, water 2.6, life 77.0, sums 1.4
year  55: land 18.5 C, rain 1895 mm, evap 56, transp 113, to sea 1729, land bio 1.490, cover 0.91/0.36, h 2.2, eaters 2.18e-4, burnt 276, genotypes 60400/775, leading 673, mutants 0.005, errs w 4e-13 A 2e-13 C 4e-13, 89.7 s
  life secs: accumulate 0.8, cells 7.4, fire 0.0, eaters 2.7, seeds 2.3
  bodies 13181 (6855551609 animals, 29.0% of land cells, 19% at sea), genotypes 1512, births 32797, splits 1157, deaths [12887.0, 1624.0, 766.0, 0.0, 0.0, 12783.0, 4386.0, 35.0, 2960.0], ate [60.934, 79.187, 5.658, 64923.121, 210.87, 54.348], catches 212293 presses 27052 breaks 26658 killed 1479277290 riders 18028, secs 26.1/4.9/19.6/4.9
  secs: air 8.5, water 2.6, life 77.7, sums 1.4
year  56: land 18.3 C, rain 1856 mm, evap 55, transp 116, to sea 1686, land bio 1.490, cover 0.91/0.38, h 2.2, eaters 2.39e-4, burnt 39, genotypes 66637/849, leading 700, mutants 0.005, errs w 2e-13 A 1e-13 C 1e-13, 90.3 s
  life secs: accumulate 0.8, cells 7.7, fire 0.0, eaters 2.7, seeds 2.3
  bodies 14479 (5302838188 animals, 29.4% of land cells, 22% at sea), genotypes 1622, births 32308, splits 1501, deaths [12575.0, 1777.0, 985.0, 0.0, 0.0, 10901.0, 3969.0, 41.0, 2263.0], ate [69.279, 88.444, 6.208, 78836.058, 184.294, 48.298], catches 213819 presses 23022 breaks 22595 killed 1368401700 riders 14794, secs 26.3/4.9/19.6/4.9
  secs: air 8.7, water 2.6, life 80.8, sums 1.4
year  57: land 17.4 C, rain 1586 mm, evap 53, transp 112, to sea 1427, land bio 1.478, cover 0.91/0.41, h 2.2, eaters 2.74e-4, burnt 24, genotypes 73095/729, leading 718, mutants 0.005, errs w 4e-13 A 1e-13 C 1e-13, 93.6 s
  life secs: accumulate 0.8, cells 7.8, fire 0.0, eaters 2.7, seeds 2.5
  bodies 13540 (4766668492 animals, 30.7% of land cells, 22% at sea), genotypes 1559, births 29891, splits 1663, deaths [12939.0, 1303.0, 1327.0, 0.0, 0.0, 10367.0, 4203.0, 39.0, 2315.0], ate [69.902, 87.88, 6.482, 94751.458, 146.012, 49.608], catches 215477 presses 24497 breaks 23895 killed 1460625674 riders 15272, secs 27.8/5.1/20.7/5.0
  secs: air 8.5, water 2.6, life 75.7, sums 1.4
year  58: land 18.0 C, rain 1990 mm, evap 55, transp 107, to sea 1813, land bio 1.468, cover 0.91/0.43, h 2.3, eaters 2.47e-4, burnt 55, genotypes 79947/755, leading 742, mutants 0.005, errs w 3e-13 A 5e-14 C 2e-13, 88.3 s
  life secs: accumulate 0.8, cells 8.0, fire 0.0, eaters 2.7, seeds 2.5
  bodies 13329 (4937890127 animals, 30.5% of land cells, 24% at sea), genotypes 1431, births 25711, splits 1646, deaths [9532.0, 2472.0, 1190.0, 0.0, 0.0, 8158.0, 4405.0, 27.0, 1784.0], ate [66.101, 90.399, 6.527, 103876.782, 107.504, 38.557], catches 190218 presses 19239 breaks 18463 killed 1194666553 riders 11184, secs 25.0/4.5/19.3/4.3
  secs: air 8.7, water 2.6, life 73.3, sums 1.4
year  59: land 18.6 C, rain 1809 mm, evap 58, transp 112, to sea 1645, land bio 1.454, cover 0.92/0.45, h 2.3, eaters 2.07e-4, burnt 27, genotypes 86108/762, leading 753, mutants 0.005, errs w 2e-13 A 2e-14 C 7e-15, 86.1 s
  life secs: accumulate 0.8, cells 8.1, fire 0.0, eaters 2.7, seeds 2.6
  bodies 12292 (4326056645 animals, 29.3% of land cells, 22% at sea), genotypes 1254, births 21954, splits 1529, deaths [8016.0, 1528.0, 1420.0, 0.0, 0.0, 6623.0, 5423.0, 21.0, 1489.0], ate [60.691, 91.678, 5.625, 101463.728, 91.998, 29.015], catches 184368 presses 15073 breaks 14775 killed 902090076 riders 8001, secs 23.4/4.3/18.7/4.1
  secs: air 8.6, water 2.6, life 64.2, sums 1.4
year  60: land 20.0 C, rain 1817 mm, evap 59, transp 108, to sea 1648, land bio 1.437, cover 0.93/0.47, h 2.3, eaters 1.66e-4, burnt 42, genotypes 92037/794, leading 856, mutants 0.005, errs w 3e-13 A 1e-13 C 4e-15, 76.8 s
  life secs: accumulate 0.8, cells 8.1, fire 0.0, eaters 2.7, seeds 2.7
  bodies 9170 (3195561435 animals, 24.2% of land cells, 18% at sea), genotypes 940, births 17773, splits 1275, deaths [6164.0, 2742.0, 1411.0, 0.0, 0.0, 5608.0, 5121.0, 26.0, 1098.0], ate [46.388, 57.592, 4.204, 83080.088, 82.187, 23.125], catches 132322 presses 12220 breaks 12079 killed 677004630 riders 7256, secs 19.1/3.4/15.8/3.2
  secs: air 8.5, water 2.6, life 70.3, sums 1.4
year  61: land 18.4 C, rain 1775 mm, evap 55, transp 112, to sea 1609, land bio 1.420, cover 0.93/0.48, h 2.3, eaters 2.40e-4, burnt 82, genotypes 96984/889, leading 789, mutants 0.005, errs w 2e-13 A 1e-13 C 9e-14, 82.8 s
  life secs: accumulate 0.8, cells 8.1, fire 0.0, eaters 2.6, seeds 2.5
  bodies 12324 (4260345426 animals, 29.5% of land cells, 20% at sea), genotypes 1384, births 22627, splits 1786, deaths [4048.0, 3346.0, 1756.0, 0.0, 0.0, 6003.0, 4786.0, 20.0, 1300.0], ate [63.338, 80.675, 5.854, 108606.418, 116.343, 29.409], catches 156959 presses 13923 breaks 13888 killed 769610063 riders 8059, secs 22.2/3.8/17.9/3.8
  secs: air 8.7, water 2.6, life 78.7, sums 1.4
year  62: land 17.8 C, rain 1814 mm, evap 54, transp 113, to sea 1642, land bio 1.397, cover 0.93/0.50, h 2.4, eaters 3.04e-4, burnt 0, genotypes 101718/924, leading 797, mutants 0.005, errs w 3e-13 A 1e-13 C 7e-14, 91.5 s
  life secs: accumulate 0.8, cells 8.2, fire 0.0, eaters 2.7, seeds 2.8
  bodies 12057 (4121541355 animals, 27.7% of land cells, 20% at sea), genotypes 1319, births 23746, splits 1954, deaths [7145.0, 1955.0, 1083.0, 0.0, 0.0, 7805.0, 6222.0, 29.0, 1728.0], ate [77.572, 109.509, 7.731, 128758.05, 190.428, 40.057], catches 212640 presses 17390 breaks 17291 killed 1030057937 riders 10102, secs 26.4/4.6/20.0/4.5
  secs: air 8.6, water 2.6, life 79.0, sums 1.4
year  63: land 17.4 C, rain 1700 mm, evap 54, transp 108, to sea 1540, land bio 1.367, cover 0.93/0.51, h 2.4, eaters 2.82e-4, burnt 0, genotypes 105308/1012, leading 806, mutants 0.005, errs w 3e-13 A 7e-16 C 1e-13, 91.7 s
  life secs: accumulate 0.8, cells 8.2, fire 0.0, eaters 2.8, seeds 2.8
  bodies 11714 (4017620807 animals, 26.0% of land cells, 19% at sea), genotypes 1324, births 24433, splits 1954, deaths [7824.0, 2529.0, 892.0, 0.0, 0.0, 7554.0, 6211.0, 33.0, 1687.0], ate [76.689, 128.571, 7.796, 129164.735, 207.969, 35.224], catches 208646 presses 16056 breaks 15939 killed 919380157 riders 9199, secs 26.7/4.7/19.8/4.6
  secs: air 8.6, water 2.6, life 74.7, sums 1.4
year  64: land 18.3 C, rain 2304 mm, evap 58, transp 109, to sea 2116, land bio 1.355, cover 0.93/0.53, h 2.4, eaters 2.22e-4, burnt 0, genotypes 108883/970, leading 794, mutants 0.005, errs w 1e-13 A 4e-14 C 1e-13, 87.4 s
  life secs: accumulate 0.8, cells 8.4, fire 0.0, eaters 2.8, seeds 2.9
  bodies 10038 (3458672755 animals, 20.8% of land cells, 21% at sea), genotypes 1140, births 21073, splits 1795, deaths [6534.0, 3530.0, 687.0, 0.0, 0.0, 6039.0, 6490.0, 18.0, 1246.0], ate [71.902, 121.058, 6.613, 118962.114, 177.606, 27.639], catches 189153 presses 12957 breaks 12729 killed 722430337 riders 7505, secs 24.3/4.2/18.5/4.0
  secs: air 8.5, water 2.6, life 68.5, sums 1.4
year  65: land 19.6 C, rain 2977 mm, evap 62, transp 111, to sea 2790, land bio 1.358, cover 0.93/0.54, h 2.4, eaters 1.85e-4, burnt 4, genotypes 112626/1081, leading 813, mutants 0.005, errs w 3e-13 A 6e-14 C 1e-14, 81.1 s
  life secs: accumulate 0.8, cells 8.5, fire 0.0, eaters 2.7, seeds 2.9
  bodies 9086 (3137758069 animals, 20.5% of land cells, 16% at sea), genotypes 1027, births 18662, splits 1493, deaths [5254.0, 3544.0, 703.0, 0.0, 0.0, 5023.0, 5490.0, 17.0, 1076.0], ate [47.978, 75.977, 4.263, 97914.015, 121.49, 17.89], catches 149753 presses 11782 breaks 10728 killed 517208340 riders 7632, secs 21.2/3.7/16.5/3.4
  secs: air 8.6, water 2.6, life 71.0, sums 1.4
year  66: land 18.0 C, rain 2391 mm, evap 56, transp 116, to sea 2233, land bio 1.355, cover 0.94/0.56, h 2.4, eaters 2.59e-4, burnt 6, genotypes 116347/1126, leading 818, mutants 0.005, errs w 3e-13 A 6e-14 C 1e-13, 83.6 s
  life secs: accumulate 0.8, cells 8.5, fire 0.0, eaters 2.7, seeds 2.9
  bodies 12876 (4437537015 animals, 28.2% of land cells, 18% at sea), genotypes 1319, births 20511, splits 1890, deaths [3934.0, 3260.0, 1104.0, 0.0, 0.0, 4639.0, 4769.0, 20.0, 885.0], ate [46.746, 61.762, 4.481, 119281.279, 103.383, 17.205], catches 123635 presses 11776 breaks 10101 killed 496173581 riders 7931, secs 22.1/3.9/17.7/3.7
  secs: air 8.7, water 2.6, life 80.7, sums 1.4
year  67: land 17.8 C, rain 1917 mm, evap 55, transp 112, to sea 1757, land bio 1.356, cover 0.94/0.57, h 2.4, eaters 2.95e-4, burnt 50, genotypes 119293/1136, leading 823, mutants 0.005, errs w 1e-13 A 3e-14 C 5e-14, 93.5 s
  life secs: accumulate 0.8, cells 8.5, fire 0.0, eaters 2.8, seeds 3.0
  bodies 11310 (3877504149 animals, 24.7% of land cells, 17% at sea), genotypes 1176, births 19902, splits 1683, deaths [5187.0, 2535.0, 867.0, 0.0, 0.0, 6373.0, 7102.0, 21.0, 1066.0], ate [49.822, 70.554, 4.901, 134830.471, 115.858, 22.103], catches 160668 presses 15549 breaks 13697 killed 708536348 riders 10609, secs 27.3/4.7/20.3/4.4
  secs: air 8.6, water 2.6, life 76.0, sums 1.4
year  68: land 18.0 C, rain 2064 mm, evap 56, transp 109, to sea 1892, land bio 1.357, cover 0.94/0.59, h 2.4, eaters 2.42e-4, burnt 39, genotypes 122815/1198, leading 830, mutants 0.006, errs w 2e-13 A 9e-14 C 4e-14, 88.7 s
  life secs: accumulate 0.8, cells 8.7, fire 0.0, eaters 2.8, seeds 3.0
  bodies 10052 (3390309446 animals, 21.9% of land cells, 18% at sea), genotypes 1086, births 19829, splits 1523, deaths [4621.0, 4035.0, 782.0, 0.0, 0.0, 5723.0, 6402.0, 21.0, 1026.0], ate [42.163, 67.518, 4.294, 123612.995, 100.159, 17.588], catches 146163 presses 13225 breaks 12438 killed 624093221 riders 8815, secs 24.8/4.2/18.8/4.0
  secs: air 8.7, water 2.6, life 76.3, sums 1.4
year  69: land 18.2 C, rain 1535 mm, evap 56, transp 108, to sea 1387, land bio 1.363, cover 0.94/0.60, h 2.3, eaters 2.20e-4, burnt 18, genotypes 126219/1044, leading 832, mutants 0.005, errs w 2e-13 A 7e-14 C 5e-14, 89.1 s
  life secs: accumulate 0.8, cells 8.6, fire 0.0, eaters 2.7, seeds 3.1
  bodies 11598 (4038938444 animals, 24.7% of land cells, 18% at sea), genotypes 1251, births 20596, splits 1616, deaths [4492.0, 2760.0, 825.0, 0.0, 0.0, 5567.0, 5914.0, 16.0, 1092.0], ate [52.886, 91.285, 4.841, 123741.67, 100.32, 15.99], catches 127446 presses 12885 breaks 12240 killed 571513238 riders 8709, secs 24.9/4.3/19.0/4.1
  secs: air 8.6, water 2.6, life 79.3, sums 1.4
year  70: land 17.9 C, rain 1280 mm, evap 54, transp 108, to sea 1125, land bio 1.343, cover 0.94/0.61, h 2.3, eaters 2.44e-4, burnt 73, genotypes 129644/1111, leading 905, mutants 0.006, errs w 2e-13 A 2e-13 C 2e-15, 91.9 s
  life secs: accumulate 0.8, cells 8.8, fire 0.0, eaters 2.7, seeds 3.1
  bodies 10694 (3603628731 animals, 22.9% of land cells, 17% at sea), genotypes 1199, births 19833, splits 1738, deaths [4296.0, 3191.0, 786.0, 0.0, 0.0, 6035.0, 6976.0, 19.0, 1172.0], ate [146.018, 267.483, 13.491, 128125.749, 164.589, 20.767], catches 141949 presses 14426 breaks 13364 killed 588070679 riders 9892, secs 26.4/4.5/19.8/4.3
done: experiments/e111_holds/results/pilot/all in 3244 s
