terrain: 512x512, 26215 land cells, 722 in basins, 0.2 s
  secs: air 9.2, water 3.1, life 0.0, sums 1.3
year   1: land 11.7 C, rain 1309 mm, evap 56, transp 0, to sea 1059, land bio 0.000, cover 0.00/0.00, h 0.0, eaters 0.00e0, burnt 0, genotypes 0/0, leading 0, mutants -0.000, errs w 2e-13 A 1e-14 C 0e0, 13.6 s
  life secs: accumulate 0.0, cells 0.0, fire 0.0, eaters 0.0, seeds 0.0
  secs: air 9.2, water 3.1, life 0.0, sums 1.3
year   2: land 14.5 C, rain 1413 mm, evap 67, transp 0, to sea 1334, land bio 0.000, cover 0.00/0.00, h 0.0, eaters 0.00e0, burnt 0, genotypes 0/0, leading 0, mutants -0.000, errs w 1e-13 A 3e-14 C 0e0, 13.7 s
  life secs: accumulate 0.0, cells 0.0, fire 0.0, eaters 0.0, seeds 0.0
  secs: air 9.3, water 3.1, life 0.0, sums 1.3
year   3: land 16.2 C, rain 1453 mm, evap 72, transp 0, to sea 1379, land bio 0.000, cover 0.00/0.00, h 0.0, eaters 0.00e0, burnt 0, genotypes 0/0, leading 0, mutants -0.000, errs w 2e-13 A 2e-14 C 0e0, 13.8 s
  life secs: accumulate 0.0, cells 0.0, fire 0.0, eaters 0.0, seeds 0.0
  secs: air 9.2, water 3.1, life 0.0, sums 1.3
year   4: land 17.6 C, rain 1463 mm, evap 76, transp 0, to sea 1386, land bio 0.000, cover 0.00/0.00, h 0.0, eaters 0.00e0, burnt 0, genotypes 0/0, leading 0, mutants -0.000, errs w 2e-13 A 8e-16 C 0e0, 13.6 s
  life secs: accumulate 0.0, cells 0.0, fire 0.0, eaters 0.0, seeds 0.0
  secs: air 9.3, water 3.1, life 0.0, sums 1.3
year   5: land 19.2 C, rain 1367 mm, evap 81, transp 0, to sea 1291, land bio 0.000, cover 0.00/0.00, h 0.0, eaters 0.00e0, burnt 0, genotypes 0/0, leading 0, mutants -0.000, errs w 2e-13 A 3e-14 C 0e0, 13.7 s
  life secs: accumulate 0.0, cells 0.0, fire 0.0, eaters 0.0, seeds 0.0
  secs: air 9.2, water 3.1, life 0.0, sums 1.3
year   6: land 19.3 C, rain 2016 mm, evap 83, transp 0, to sea 1910, land bio 0.000, cover 0.00/0.00, h 0.0, eaters 0.00e0, burnt 0, genotypes 0/0, leading 0, mutants -0.000, errs w 9e-14 A 3e-14 C 0e0, 13.7 s
  life secs: accumulate 0.0, cells 0.0, fire 0.0, eaters 0.0, seeds 0.0
  secs: air 9.2, water 3.1, life 0.0, sums 1.3
year   7: land 19.0 C, rain 1759 mm, evap 82, transp 0, to sea 1688, land bio 0.000, cover 0.00/0.00, h 0.0, eaters 0.00e0, burnt 0, genotypes 0/0, leading 0, mutants -0.000, errs w 2e-13 A 4e-14 C 0e0, 13.7 s
  life secs: accumulate 0.0, cells 0.0, fire 0.0, eaters 0.0, seeds 0.0
  secs: air 9.2, water 3.1, life 0.0, sums 1.3
year   8: land 18.8 C, rain 1842 mm, evap 80, transp 0, to sea 1758, land bio 0.000, cover 0.00/0.00, h 0.0, eaters 0.00e0, burnt 0, genotypes 0/0, leading 0, mutants -0.000, errs w 2e-14 A 3e-14 C 0e0, 13.7 s
  life secs: accumulate 0.0, cells 0.0, fire 0.0, eaters 0.0, seeds 0.0
  secs: air 9.3, water 3.1, life 0.0, sums 1.3
year   9: land 18.4 C, rain 2149 mm, evap 80, transp 0, to sea 2061, land bio 0.000, cover 0.00/0.00, h 0.0, eaters 0.00e0, burnt 0, genotypes 0/0, leading 0, mutants -0.000, errs w 2e-13 A 4e-15 C 0e0, 13.8 s
  life secs: accumulate 0.0, cells 0.0, fire 0.0, eaters 0.0, seeds 0.0
  secs: air 9.4, water 3.1, life 0.0, sums 1.3
year  10: land 19.3 C, rain 2069 mm, evap 84, transp 0, to sea 1989, land bio 0.000, cover 0.00/0.00, h 0.0, eaters 0.00e0, burnt 0, genotypes 0/0, leading 0, mutants -0.000, errs w 1e-13 A 3e-15 C 0e0, 13.8 s
  life secs: accumulate 0.0, cells 0.0, fire 0.0, eaters 0.0, seeds 0.0
  secs: air 9.2, water 3.1, life 0.0, sums 1.3
year  11: land 19.9 C, rain 1747 mm, evap 85, transp 0, to sea 1671, land bio 0.000, cover 0.00/0.00, h 0.0, eaters 0.00e0, burnt 0, genotypes 0/0, leading 0, mutants -0.000, errs w 3e-13 A 3e-14 C 0e0, 13.6 s
  life secs: accumulate 0.0, cells 0.0, fire 0.0, eaters 0.0, seeds 0.0
  secs: air 9.3, water 3.1, life 0.0, sums 1.3
year  12: land 19.4 C, rain 2067 mm, evap 83, transp 0, to sea 1972, land bio 0.000, cover 0.00/0.00, h 0.0, eaters 0.00e0, burnt 0, genotypes 0/0, leading 0, mutants -0.000, errs w 2e-13 A 2e-14 C 0e0, 13.7 s
  life secs: accumulate 0.0, cells 0.0, fire 0.0, eaters 0.0, seeds 0.0
  secs: air 9.2, water 3.1, life 0.0, sums 1.3
year  13: land 19.2 C, rain 1963 mm, evap 82, transp 0, to sea 1886, land bio 0.000, cover 0.00/0.00, h 0.0, eaters 0.00e0, burnt 0, genotypes 0/0, leading 0, mutants -0.000, errs w 3e-13 A 3e-15 C 0e0, 13.7 s
  life secs: accumulate 0.0, cells 0.0, fire 0.0, eaters 0.0, seeds 0.0
  secs: air 9.2, water 3.1, life 0.0, sums 1.3
year  14: land 18.1 C, rain 1766 mm, evap 78, transp 0, to sea 1692, land bio 0.000, cover 0.00/0.00, h 0.0, eaters 0.00e0, burnt 0, genotypes 0/0, leading 0, mutants -0.000, errs w 2e-13 A 2e-14 C 0e0, 13.7 s
  life secs: accumulate 0.0, cells 0.0, fire 0.0, eaters 0.0, seeds 0.0
  secs: air 9.1, water 3.1, life 0.0, sums 1.3
year  15: land 18.4 C, rain 1850 mm, evap 79, transp 0, to sea 1767, land bio 0.000, cover 0.00/0.00, h 0.0, eaters 0.00e0, burnt 0, genotypes 0/0, leading 0, mutants -0.000, errs w 3e-13 A 2e-15 C 0e0, 13.6 s
  life secs: accumulate 0.0, cells 0.0, fire 0.0, eaters 0.0, seeds 0.0
  secs: air 9.2, water 3.1, life 0.0, sums 1.3
year  16: land 17.4 C, rain 2032 mm, evap 76, transp 0, to sea 1951, land bio 0.000, cover 0.00/0.00, h 0.0, eaters 0.00e0, burnt 0, genotypes 0/0, leading 0, mutants -0.000, errs w 2e-13 A 2e-15 C 0e0, 13.7 s
  life secs: accumulate 0.0, cells 0.0, fire 0.0, eaters 0.0, seeds 0.0
  secs: air 9.2, water 3.1, life 0.0, sums 1.3
year  17: land 17.5 C, rain 2322 mm, evap 76, transp 0, to sea 2238, land bio 0.000, cover 0.00/0.00, h 0.0, eaters 0.00e0, burnt 0, genotypes 0/0, leading 0, mutants -0.000, errs w 1e-13 A 2e-14 C 0e0, 13.6 s
  life secs: accumulate 0.0, cells 0.0, fire 0.0, eaters 0.0, seeds 0.0
  secs: air 9.2, water 3.1, life 0.0, sums 1.3
year  18: land 16.7 C, rain 2379 mm, evap 75, transp 0, to sea 2304, land bio 0.000, cover 0.00/0.00, h 0.0, eaters 0.00e0, burnt 0, genotypes 0/0, leading 0, mutants -0.000, errs w 2e-13 A 2e-14 C 0e0, 13.6 s
  life secs: accumulate 0.0, cells 0.0, fire 0.0, eaters 0.0, seeds 0.0
  secs: air 9.2, water 3.1, life 0.0, sums 1.3
year  19: land 15.5 C, rain 2608 mm, evap 71, transp 0, to sea 2530, land bio 0.000, cover 0.00/0.00, h 0.0, eaters 0.00e0, burnt 0, genotypes 0/0, leading 0, mutants -0.000, errs w 3e-13 A 4e-15 C 0e0, 13.6 s
  life secs: accumulate 0.0, cells 0.0, fire 0.0, eaters 0.0, seeds 0.0
  secs: air 9.3, water 3.1, life 0.0, sums 1.3
year  20: land 15.4 C, rain 2665 mm, evap 71, transp 0, to sea 2594, land bio 0.000, cover 0.00/0.00, h 0.0, eaters 0.00e0, burnt 0, genotypes 0/0, leading 0, mutants -0.000, errs w 2e-13 A 2e-14 C 0e0, 13.7 s
  life secs: accumulate 0.0, cells 0.0, fire 0.0, eaters 0.0, seeds 0.0
  secs: air 9.2, water 3.1, life 0.0, sums 1.3
year  21: land 16.1 C, rain 2262 mm, evap 73, transp 0, to sea 2198, land bio 0.000, cover 0.00/0.00, h 0.0, eaters 0.00e0, burnt 0, genotypes 0/0, leading 0, mutants -0.000, errs w 3e-13 A 5e-15 C 0e0, 13.7 s
  life secs: accumulate 0.0, cells 0.0, fire 0.0, eaters 0.0, seeds 0.0
  secs: air 9.3, water 3.1, life 0.0, sums 1.3
year  22: land 15.7 C, rain 2112 mm, evap 72, transp 0, to sea 2043, land bio 0.000, cover 0.00/0.00, h 0.0, eaters 0.00e0, burnt 0, genotypes 0/0, leading 0, mutants -0.000, errs w 2e-13 A 6e-15 C 0e0, 13.7 s
  life secs: accumulate 0.0, cells 0.0, fire 0.0, eaters 0.0, seeds 0.0
  secs: air 9.3, water 3.1, life 0.0, sums 1.3
year  23: land 16.9 C, rain 1849 mm, evap 75, transp 0, to sea 1781, land bio 0.000, cover 0.00/0.00, h 0.0, eaters 0.00e0, burnt 0, genotypes 0/0, leading 0, mutants -0.000, errs w 3e-14 A 3e-15 C 0e0, 13.7 s
  life secs: accumulate 0.0, cells 0.0, fire 0.0, eaters 0.0, seeds 0.0
  secs: air 9.2, water 3.1, life 0.0, sums 1.3
year  24: land 16.9 C, rain 1510 mm, evap 74, transp 0, to sea 1447, land bio 0.000, cover 0.00/0.00, h 0.0, eaters 0.00e0, burnt 0, genotypes 0/0, leading 0, mutants -0.000, errs w 3e-13 A 5e-15 C 0e0, 13.6 s
  life secs: accumulate 0.0, cells 0.0, fire 0.0, eaters 0.0, seeds 0.0
  secs: air 9.3, water 3.1, life 0.0, sums 1.3
year  25: land 16.0 C, rain 1694 mm, evap 71, transp 0, to sea 1615, land bio 0.000, cover 0.00/0.00, h 0.0, eaters 0.00e0, burnt 0, genotypes 0/0, leading 0, mutants -0.000, errs w 2e-13 A 6e-15 C 0e0, 13.7 s
  life secs: accumulate 0.0, cells 0.0, fire 0.0, eaters 0.0, seeds 0.0
  secs: air 9.2, water 3.1, life 0.0, sums 1.3
year  26: land 15.1 C, rain 1541 mm, evap 68, transp 0, to sea 1479, land bio 0.000, cover 0.00/0.00, h 0.0, eaters 0.00e0, burnt 0, genotypes 0/0, leading 0, mutants -0.000, errs w 3e-13 A 9e-15 C 0e0, 13.6 s
  life secs: accumulate 0.0, cells 0.0, fire 0.0, eaters 0.0, seeds 0.0
  secs: air 9.1, water 3.1, life 0.0, sums 1.3
year  27: land 16.9 C, rain 1608 mm, evap 74, transp 0, to sea 1531, land bio 0.000, cover 0.00/0.00, h 0.0, eaters 0.00e0, burnt 0, genotypes 0/0, leading 0, mutants -0.000, errs w 2e-13 A 1e-14 C 0e0, 13.5 s
  life secs: accumulate 0.0, cells 0.0, fire 0.0, eaters 0.0, seeds 0.0
  secs: air 9.2, water 3.1, life 0.0, sums 1.3
year  28: land 17.9 C, rain 1479 mm, evap 77, transp 0, to sea 1409, land bio 0.000, cover 0.00/0.00, h 0.0, eaters 0.00e0, burnt 0, genotypes 0/0, leading 0, mutants -0.000, errs w 3e-13 A 2e-14 C 0e0, 13.6 s
  life secs: accumulate 0.0, cells 0.0, fire 0.0, eaters 0.0, seeds 0.0
  secs: air 9.2, water 3.1, life 0.0, sums 1.3
year  29: land 17.5 C, rain 1728 mm, evap 76, transp 0, to sea 1642, land bio 0.000, cover 0.00/0.00, h 0.0, eaters 0.00e0, burnt 0, genotypes 0/0, leading 0, mutants -0.000, errs w 2e-13 A 2e-14 C 0e0, 13.6 s
  life secs: accumulate 0.0, cells 0.0, fire 0.0, eaters 0.0, seeds 0.0
  secs: air 9.3, water 3.1, life 0.0, sums 1.3
year  30: land 17.6 C, rain 1626 mm, evap 76, transp 0, to sea 1556, land bio 0.000, cover 0.00/0.00, h 0.0, eaters 0.00e0, burnt 0, genotypes 0/0, leading 0, mutants -0.000, errs w 2e-13 A 2e-14 C 0e0, 13.7 s
  life secs: accumulate 0.0, cells 0.0, fire 0.0, eaters 0.0, seeds 0.0
done: experiments/e108_islands/results/isles1 in 411 s
