terrain: 512x512, 110625 land cells, 7681 in basins, 0.2 s
  secs: air 4.0, water 3.4, life 0.0, sums 1.3
year   1: land 21.4 C, rain 1266 mm, evap 1226, transp 0, to sea 42, land bio 0.000, cover 0.00/0.00, h 0.0, eaters 0.00e0, burnt 0, genotypes 0/0, leading 0, mutants -0.000, errs w 3e-14 A 3e-14 C 0e0, 8.8 s
  life secs: accumulate 0.0, cells 0.0, fire 0.0, eaters 0.0, seeds 0.0
  secs: air 4.0, water 3.5, life 0.0, sums 1.3
year   2: land 21.4 C, rain 1618 mm, evap 1514, transp 0, to sea 85, land bio 0.000, cover 0.00/0.00, h 0.0, eaters 0.00e0, burnt 0, genotypes 0/0, leading 0, mutants -0.000, errs w 1e-14 A 9e-16 C 0e0, 8.8 s
  life secs: accumulate 0.0, cells 0.0, fire 0.0, eaters 0.0, seeds 0.0
  secs: air 4.0, water 3.5, life 0.0, sums 1.3
year   3: land 21.7 C, rain 1885 mm, evap 1745, transp 0, to sea 130, land bio 0.000, cover 0.00/0.00, h 0.0, eaters 0.00e0, burnt 0, genotypes 0/0, leading 0, mutants -0.000, errs w 1e-14 A 1e-14 C 0e0, 8.8 s
  life secs: accumulate 0.0, cells 0.0, fire 0.0, eaters 0.0, seeds 0.0
  secs: air 4.0, water 3.5, life 0.0, sums 1.3
year   4: land 21.8 C, rain 1905 mm, evap 1748, transp 0, to sea 159, land bio 0.000, cover 0.00/0.00, h 0.0, eaters 0.00e0, burnt 0, genotypes 0/0, leading 0, mutants -0.000, errs w 1e-14 A 4e-15 C 0e0, 8.8 s
  life secs: accumulate 0.0, cells 0.0, fire 0.0, eaters 0.0, seeds 0.0
  secs: air 4.0, water 3.5, life 0.0, sums 1.3
year   5: land 21.7 C, rain 1931 mm, evap 1753, transp 0, to sea 173, land bio 0.000, cover 0.00/0.00, h 0.0, eaters 0.00e0, burnt 0, genotypes 0/0, leading 0, mutants -0.000, errs w 2e-14 A 2e-14 C 0e0, 8.8 s
  life secs: accumulate 0.0, cells 0.0, fire 0.0, eaters 0.0, seeds 0.0
  secs: air 4.0, water 3.5, life 0.0, sums 1.3
year   6: land 21.5 C, rain 1892 mm, evap 1709, transp 0, to sea 180, land bio 0.000, cover 0.00/0.00, h 0.0, eaters 0.00e0, burnt 0, genotypes 0/0, leading 0, mutants -0.000, errs w 4e-14 A 4e-15 C 0e0, 8.8 s
  life secs: accumulate 0.0, cells 0.0, fire 0.0, eaters 0.0, seeds 0.0
  secs: air 4.0, water 3.4, life 0.0, sums 1.3
year   7: land 21.2 C, rain 1888 mm, evap 1709, transp 0, to sea 175, land bio 0.000, cover 0.00/0.00, h 0.0, eaters 0.00e0, burnt 0, genotypes 0/0, leading 0, mutants -0.000, errs w 2e-14 A 2e-14 C 0e0, 8.8 s
  life secs: accumulate 0.0, cells 0.0, fire 0.0, eaters 0.0, seeds 0.0
  secs: air 4.0, water 3.5, life 0.0, sums 1.3
year   8: land 21.0 C, rain 1929 mm, evap 1743, transp 0, to sea 184, land bio 0.000, cover 0.00/0.00, h 0.0, eaters 0.00e0, burnt 0, genotypes 0/0, leading 0, mutants -0.000, errs w 3e-14 A 1e-14 C 0e0, 8.8 s
  life secs: accumulate 0.0, cells 0.0, fire 0.0, eaters 0.0, seeds 0.0
  secs: air 4.0, water 3.4, life 0.0, sums 1.3
year   9: land 20.9 C, rain 1889 mm, evap 1711, transp 0, to sea 179, land bio 0.000, cover 0.00/0.00, h 0.0, eaters 0.00e0, burnt 0, genotypes 0/0, leading 0, mutants -0.000, errs w 4e-14 A 1e-14 C 0e0, 8.8 s
  life secs: accumulate 0.0, cells 0.0, fire 0.0, eaters 0.0, seeds 0.0
  secs: air 4.0, water 3.5, life 0.0, sums 1.3
year  10: land 21.0 C, rain 1899 mm, evap 1724, transp 0, to sea 175, land bio 0.000, cover 0.00/0.00, h 0.0, eaters 0.00e0, burnt 0, genotypes 0/0, leading 0, mutants -0.000, errs w 4e-14 A 1e-14 C 0e0, 8.8 s
  life secs: accumulate 0.0, cells 0.0, fire 0.0, eaters 0.0, seeds 0.0
  secs: air 4.0, water 3.5, life 15.5, sums 1.4
year  11: land 21.1 C, rain 1970 mm, evap 1789, transp 4, to sea 174, land bio 0.003, cover 0.04/0.26, h 0.8, eaters 1.27e-7, burnt 1, genotypes 6677/75, leading 368, mutants -0.000, errs w 4e-14 A 7e-14 C 4e-12, 24.4 s
  life secs: accumulate 0.7, cells 11.6, fire 0.0, eaters 1.7, seeds 1.4
  secs: air 4.0, water 3.5, life 11.8, sums 1.3
year  12: land 21.2 C, rain 1993 mm, evap 1780, transp 32, to sea 180, land bio 0.017, cover 0.21/0.28, h 0.8, eaters 1.88e-6, burnt 23, genotypes 9586/134, leading 474, mutants 0.000, errs w 5e-14 A 4e-14 C 1e-12, 20.7 s
  life secs: accumulate 0.7, cells 9.2, fire 0.0, eaters 0.4, seeds 1.4
  secs: air 4.0, water 3.5, life 11.1, sums 1.4
year  13: land 21.1 C, rain 1976 mm, evap 1695, transp 90, to sea 191, land bio 0.041, cover 0.35/0.28, h 0.9, eaters 1.70e-5, burnt 148, genotypes 13187/238, leading 520, mutants 0.001, errs w 3e-14 A 6e-14 C 7e-13, 20.0 s
  life secs: accumulate 0.7, cells 8.7, fire 0.0, eaters 0.2, seeds 1.4
  secs: air 4.0, water 3.5, life 10.9, sums 1.4
year  14: land 21.0 C, rain 1938 mm, evap 1615, transp 141, to sea 184, land bio 0.068, cover 0.47/0.27, h 1.1, eaters 6.25e-5, burnt 346, genotypes 16863/404, leading 536, mutants 0.001, errs w 5e-14 A 3e-15 C 4e-13, 19.8 s
  life secs: accumulate 0.7, cells 8.4, fire 0.0, eaters 0.2, seeds 1.5
  secs: air 4.0, water 3.5, life 10.8, sums 1.4
year  15: land 21.0 C, rain 1956 mm, evap 1579, transp 185, to sea 189, land bio 0.098, cover 0.56/0.27, h 1.2, eaters 6.75e-5, burnt 493, genotypes 20082/589, leading 550, mutants 0.001, errs w 3e-14 A 7e-14 C 3e-13, 19.7 s
  life secs: accumulate 0.7, cells 8.3, fire 0.0, eaters 0.3, seeds 1.5
  secs: air 4.0, water 3.5, life 10.8, sums 1.3
year  16: land 21.2 C, rain 1961 mm, evap 1546, transp 230, to sea 190, land bio 0.130, cover 0.62/0.27, h 1.4, eaters 6.81e-5, burnt 741, genotypes 23067/791, leading 569, mutants 0.002, errs w 3e-14 A 5e-14 C 2e-13, 19.7 s
  life secs: accumulate 0.7, cells 8.3, fire 0.0, eaters 0.3, seeds 1.4
  secs: air 4.0, water 3.5, life 10.6, sums 1.4
year  17: land 21.3 C, rain 1965 mm, evap 1524, transp 253, to sea 186, land bio 0.164, cover 0.66/0.26, h 1.5, eaters 6.81e-5, burnt 1005, genotypes 25540/997, leading 584, mutants 0.002, errs w 3e-14 A 1e-13 C 2e-13, 19.5 s
  life secs: accumulate 0.7, cells 8.1, fire 0.0, eaters 0.3, seeds 1.4
  secs: air 4.0, water 3.5, life 10.7, sums 1.4
year  18: land 21.3 C, rain 2030 mm, evap 1521, transp 313, to sea 196, land bio 0.200, cover 0.70/0.26, h 1.6, eaters 7.97e-5, burnt 1232, genotypes 28117/1282, leading 586, mutants 0.002, errs w 4e-14 A 5e-14 C 2e-13, 19.5 s
  life secs: accumulate 0.7, cells 8.1, fire 0.0, eaters 0.3, seeds 1.4
  secs: air 4.0, water 3.5, life 10.6, sums 1.4
year  19: land 21.3 C, rain 1999 mm, evap 1466, transp 339, to sea 196, land bio 0.227, cover 0.72/0.26, h 1.7, eaters 7.06e-5, burnt 1516, genotypes 30389/1430, leading 567, mutants 0.002, errs w 2e-14 A 7e-14 C 1e-13, 19.5 s
  life secs: accumulate 0.7, cells 8.1, fire 0.0, eaters 0.3, seeds 1.4
  secs: air 4.0, water 3.5, life 10.6, sums 1.3
year  20: land 21.2 C, rain 1933 mm, evap 1378, transp 362, to sea 198, land bio 0.250, cover 0.73/0.26, h 1.8, eaters 7.02e-5, burnt 2155, genotypes 32276/1625, leading 607, mutants 0.002, errs w 3e-14 A 2e-13 C 2e-14, 19.5 s
  life secs: accumulate 0.7, cells 8.1, fire 0.0, eaters 0.4, seeds 1.4
  secs: air 4.0, water 3.5, life 10.3, sums 1.4
year  21: land 21.2 C, rain 1900 mm, evap 1318, transp 377, to sea 202, land bio 0.279, cover 0.75/0.25, h 1.9, eaters 6.23e-5, burnt 2232, genotypes 33900/1724, leading 559, mutants 0.002, errs w 3e-14 A 3e-15 C 2e-13, 19.2 s
  life secs: accumulate 0.7, cells 7.9, fire 0.0, eaters 0.4, seeds 1.2
  secs: air 4.0, water 3.5, life 10.6, sums 1.4
year  22: land 21.3 C, rain 1906 mm, evap 1288, transp 412, to sea 207, land bio 0.306, cover 0.76/0.25, h 1.9, eaters 7.45e-5, burnt 2622, genotypes 35898/1811, leading 551, mutants 0.002, errs w 3e-14 A 2e-13 C 1e-13, 19.4 s
  life secs: accumulate 0.7, cells 8.0, fire 0.0, eaters 0.4, seeds 1.3
  secs: air 4.0, water 3.5, life 10.4, sums 1.4
year  23: land 21.4 C, rain 1862 mm, evap 1252, transp 415, to sea 192, land bio 0.330, cover 0.77/0.25, h 2.0, eaters 7.92e-5, burnt 2944, genotypes 37592/1739, leading 540, mutants 0.002, errs w 3e-14 A 9e-14 C 7e-14, 19.3 s
  life secs: accumulate 0.7, cells 7.9, fire 0.0, eaters 0.4, seeds 1.3
  secs: air 4.0, water 3.5, life 10.5, sums 1.3
year  24: land 21.3 C, rain 1872 mm, evap 1250, transp 435, to sea 191, land bio 0.356, cover 0.78/0.24, h 2.1, eaters 8.35e-5, burnt 2876, genotypes 39330/1839, leading 533, mutants 0.002, errs w 3e-14 A 4e-14 C 1e-13, 19.3 s
  life secs: accumulate 0.7, cells 8.0, fire 0.0, eaters 0.4, seeds 1.3
  secs: air 4.0, water 3.5, life 10.4, sums 1.3
year  25: land 21.3 C, rain 1889 mm, evap 1248, transp 451, to sea 192, land bio 0.379, cover 0.79/0.24, h 2.1, eaters 8.59e-5, burnt 3095, genotypes 40772/1883, leading 521, mutants 0.002, errs w 3e-14 A 1e-14 C 5e-14, 19.2 s
  life secs: accumulate 0.7, cells 7.9, fire 0.0, eaters 0.4, seeds 1.3
  secs: air 4.0, water 3.5, life 10.4, sums 1.4
year  26: land 21.3 C, rain 1906 mm, evap 1237, transp 473, to sea 193, land bio 0.407, cover 0.80/0.24, h 2.1, eaters 8.84e-5, burnt 3075, genotypes 42919/1877, leading 528, mutants 0.002, errs w 4e-14 A 1e-13 C 3e-14, 19.3 s
  life secs: accumulate 0.7, cells 7.9, fire 0.0, eaters 0.4, seeds 1.3
  secs: air 4.0, water 3.5, life 10.3, sums 1.4
year  27: land 21.4 C, rain 1915 mm, evap 1225, transp 486, to sea 208, land bio 0.428, cover 0.80/0.24, h 2.2, eaters 9.35e-5, burnt 3535, genotypes 44842/1941, leading 509, mutants 0.002, errs w 5e-14 A 2e-13 C 3e-14, 19.1 s
  life secs: accumulate 0.7, cells 7.8, fire 0.0, eaters 0.4, seeds 1.3
  secs: air 4.0, water 3.5, life 10.3, sums 1.4
year  28: land 21.2 C, rain 1838 mm, evap 1152, transp 487, to sea 203, land bio 0.443, cover 0.81/0.23, h 2.2, eaters 9.45e-5, burnt 4108, genotypes 46633/2024, leading 499, mutants 0.002, errs w 7e-14 A 2e-13 C 6e-14, 19.2 s
  life secs: accumulate 0.7, cells 7.8, fire 0.0, eaters 0.4, seeds 1.3
  secs: air 4.0, water 3.5, life 10.2, sums 1.3
year  29: land 21.2 C, rain 1798 mm, evap 1109, transp 487, to sea 201, land bio 0.453, cover 0.81/0.23, h 2.3, eaters 1.14e-4, burnt 4472, genotypes 48415/2007, leading 490, mutants 0.002, errs w 5e-14 A 2e-13 C 3e-14, 19.2 s
  life secs: accumulate 0.7, cells 7.7, fire 0.0, eaters 0.4, seeds 1.3
  secs: air 4.0, water 3.5, life 10.2, sums 1.4
year  30: land 20.9 C, rain 1799 mm, evap 1127, transp 492, to sea 176, land bio 0.466, cover 0.82/0.23, h 2.3, eaters 1.22e-4, burnt 4390, genotypes 49843/2123, leading 486, mutants 0.002, errs w 6e-14 A 1e-13 C 6e-14, 19.1 s
  life secs: accumulate 0.7, cells 7.7, fire 0.0, eaters 0.4, seeds 1.3
  secs: air 4.0, water 3.5, life 10.1, sums 1.3
year  31: land 20.9 C, rain 1855 mm, evap 1161, transp 508, to sea 182, land bio 0.491, cover 0.83/0.23, h 2.3, eaters 1.38e-4, burnt 4059, genotypes 51337/2166, leading 462, mutants 0.002, errs w 6e-14 A 2e-13 C 8e-16, 19.0 s
  life secs: accumulate 0.7, cells 7.7, fire 0.0, eaters 0.5, seeds 1.1
  secs: air 4.0, water 3.5, life 10.2, sums 1.4
year  32: land 21.0 C, rain 1867 mm, evap 1142, transp 538, to sea 191, land bio 0.511, cover 0.83/0.23, h 2.4, eaters 1.32e-4, burnt 4183, genotypes 53116/2228, leading 465, mutants 0.002, errs w 6e-14 A 2e-13 C 4e-14, 19.1 s
  life secs: accumulate 0.7, cells 7.7, fire 0.0, eaters 0.5, seeds 1.3
  secs: air 4.0, water 3.5, life 10.3, sums 1.4
year  33: land 21.2 C, rain 1889 mm, evap 1137, transp 553, to sea 194, land bio 0.533, cover 0.84/0.22, h 2.4, eaters 1.42e-4, burnt 4714, genotypes 55325/2202, leading 455, mutants 0.001, errs w 7e-14 A 2e-13 C 8e-14, 19.2 s
  life secs: accumulate 0.7, cells 7.7, fire 0.0, eaters 0.5, seeds 1.3
  secs: air 4.0, water 3.5, life 10.2, sums 1.4
year  34: land 21.0 C, rain 1866 mm, evap 1121, transp 557, to sea 190, land bio 0.553, cover 0.84/0.22, h 2.4, eaters 1.54e-4, burnt 4610, genotypes 56789/2122, leading 452, mutants 0.001, errs w 7e-14 A 3e-13 C 1e-13, 19.1 s
  life secs: accumulate 0.7, cells 7.7, fire 0.0, eaters 0.5, seeds 1.3
  secs: air 4.0, water 3.5, life 10.3, sums 1.3
year  35: land 21.1 C, rain 1848 mm, evap 1096, transp 557, to sea 196, land bio 0.565, cover 0.84/0.22, h 2.5, eaters 1.28e-4, burnt 5113, genotypes 58473/2250, leading 445, mutants 0.001, errs w 6e-14 A 2e-13 C 1e-13, 19.2 s
  life secs: accumulate 0.7, cells 7.7, fire 0.0, eaters 0.5, seeds 1.3
  secs: air 4.0, water 3.5, life 10.3, sums 1.3
year  36: land 21.0 C, rain 1781 mm, evap 1031, transp 552, to sea 205, land bio 0.561, cover 0.85/0.22, h 2.6, eaters 1.06e-4, burnt 8106, genotypes 59703/2297, leading 448, mutants 0.001, errs w 8e-14 A 2e-13 C 3e-13, 19.2 s
  life secs: accumulate 0.7, cells 7.8, fire 0.0, eaters 0.5, seeds 1.3
  secs: air 4.0, water 3.5, life 10.1, sums 1.3
year  37: land 20.9 C, rain 1803 mm, evap 1039, transp 558, to sea 202, land bio 0.572, cover 0.85/0.22, h 2.7, eaters 1.00e-4, burnt 6777, genotypes 61019/2169, leading 450, mutants 0.001, errs w 7e-14 A 4e-13 C 2e-13, 19.0 s
  life secs: accumulate 0.7, cells 7.6, fire 0.0, eaters 0.5, seeds 1.3
  secs: air 4.0, water 3.5, life 10.2, sums 1.3
year  38: land 20.9 C, rain 1862 mm, evap 1079, transp 588, to sea 191, land bio 0.595, cover 0.85/0.22, h 2.7, eaters 1.50e-4, burnt 5447, genotypes 62014/2125, leading 436, mutants 0.002, errs w 5e-14 A 3e-13 C 3e-13, 19.1 s
  life secs: accumulate 0.7, cells 7.6, fire 0.0, eaters 0.5, seeds 1.3
  secs: air 4.0, water 3.5, life 10.1, sums 1.3
year  39: land 20.8 C, rain 1909 mm, evap 1115, transp 587, to sea 202, land bio 0.606, cover 0.85/0.22, h 2.7, eaters 1.71e-4, burnt 5330, genotypes 63053/2374, leading 422, mutants 0.002, errs w 7e-14 A 2e-13 C 2e-13, 19.0 s
  life secs: accumulate 0.7, cells 7.5, fire 0.0, eaters 0.5, seeds 1.3
  secs: air 4.0, water 3.5, life 10.2, sums 1.3
year  40: land 20.7 C, rain 1839 mm, evap 1062, transp 578, to sea 205, land bio 0.610, cover 0.86/0.22, h 2.7, eaters 1.58e-4, burnt 7135, genotypes 64864/2466, leading 439, mutants 0.002, errs w 8e-14 A 2e-13 C 2e-13, 19.1 s
  life secs: accumulate 0.7, cells 7.6, fire 0.0, eaters 0.5, seeds 1.3
  secs: air 4.0, water 3.5, life 9.9, sums 1.3
year  41: land 21.1 C, rain 1827 mm, evap 1048, transp 573, to sea 205, land bio 0.619, cover 0.86/0.22, h 2.7, eaters 1.41e-4, burnt 8073, genotypes 66114/2636, leading 416, mutants 0.002, errs w 7e-14 A 3e-13 C 3e-13, 18.8 s
  life secs: accumulate 0.7, cells 7.5, fire 0.0, eaters 0.5, seeds 1.1
  secs: air 4.0, water 3.5, life 10.2, sums 1.3
year  42: land 21.2 C, rain 1799 mm, evap 1035, transp 566, to sea 200, land bio 0.624, cover 0.86/0.22, h 2.7, eaters 1.45e-4, burnt 9241, genotypes 66913/2790, leading 412, mutants 0.002, errs w 6e-14 A 2e-13 C 1e-13, 19.1 s
  life secs: accumulate 0.7, cells 7.6, fire 0.0, eaters 0.5, seeds 1.3
  secs: air 4.0, water 3.5, life 10.1, sums 1.3
year  43: land 21.4 C, rain 1879 mm, evap 1092, transp 586, to sea 192, land bio 0.640, cover 0.86/0.21, h 2.7, eaters 1.43e-4, burnt 7031, genotypes 68087/2906, leading 403, mutants 0.002, errs w 6e-14 A 2e-13 C 2e-13, 19.0 s
  life secs: accumulate 0.7, cells 7.5, fire 0.0, eaters 0.5, seeds 1.3
  secs: air 4.0, water 3.5, life 10.2, sums 1.3
year  44: land 21.2 C, rain 1951 mm, evap 1111, transp 634, to sea 207, land bio 0.664, cover 0.86/0.21, h 2.7, eaters 1.90e-4, burnt 5732, genotypes 68828/2962, leading 401, mutants 0.002, errs w 7e-14 A 2e-13 C 1e-13, 19.1 s
  life secs: accumulate 0.7, cells 7.6, fire 0.0, eaters 0.6, seeds 1.3
  secs: air 4.0, water 3.5, life 10.2, sums 1.3
year  45: land 21.4 C, rain 1958 mm, evap 1110, transp 643, to sea 203, land bio 0.688, cover 0.87/0.21, h 2.6, eaters 2.11e-4, burnt 5792, genotypes 70042/3034, leading 398, mutants 0.002, errs w 6e-14 A 1e-13 C 8e-14, 19.1 s
  life secs: accumulate 0.7, cells 7.6, fire 0.0, eaters 0.6, seeds 1.3
  secs: air 4.0, water 3.5, life 10.2, sums 1.3
year  46: land 21.2 C, rain 1926 mm, evap 1084, transp 650, to sea 202, land bio 0.708, cover 0.87/0.21, h 2.6, eaters 2.07e-4, burnt 5770, genotypes 71465/3226, leading 409, mutants 0.002, errs w 7e-14 A 2e-13 C 7e-14, 19.1 s
  life secs: accumulate 0.7, cells 7.6, fire 0.0, eaters 0.6, seeds 1.3
  secs: air 4.0, water 3.5, life 10.1, sums 1.3
year  47: land 21.2 C, rain 1876 mm, evap 1058, transp 622, to sea 197, land bio 0.721, cover 0.87/0.21, h 2.6, eaters 1.89e-4, burnt 6082, genotypes 72662/3345, leading 396, mutants 0.002, errs w 7e-14 A 2e-13 C 5e-14, 19.0 s
  life secs: accumulate 0.7, cells 7.5, fire 0.0, eaters 0.6, seeds 1.3
  secs: air 4.0, water 3.5, life 10.1, sums 1.4
year  48: land 21.3 C, rain 1873 mm, evap 1066, transp 621, to sea 186, land bio 0.733, cover 0.87/0.21, h 2.6, eaters 2.21e-4, burnt 6545, genotypes 73804/3505, leading 403, mutants 0.002, errs w 7e-14 A 1e-13 C 5e-15, 19.0 s
  life secs: accumulate 0.7, cells 7.5, fire 0.0, eaters 0.6, seeds 1.3
  secs: air 4.0, water 3.5, life 10.1, sums 1.4
year  49: land 21.2 C, rain 1887 mm, evap 1059, transp 627, to sea 195, land bio 0.740, cover 0.87/0.21, h 2.6, eaters 1.92e-4, burnt 6820, genotypes 74816/3570, leading 398, mutants 0.002, errs w 7e-14 A 2e-13 C 9e-14, 19.0 s
  life secs: accumulate 0.7, cells 7.4, fire 0.0, eaters 0.6, seeds 1.3
  secs: air 4.0, water 3.5, life 10.1, sums 1.4
year  50: land 21.2 C, rain 1848 mm, evap 1034, transp 634, to sea 185, land bio 0.754, cover 0.88/0.21, h 2.7, eaters 2.24e-4, burnt 6691, genotypes 75714/3664, leading 419, mutants 0.002, errs w 7e-14 A 2e-13 C 6e-14, 19.0 s
  life secs: accumulate 0.7, cells 7.4, fire 0.0, eaters 0.6, seeds 1.3
bodies sown: 16309 (no form 3691, no soil 0, no water 0)
  secs: air 4.2, water 3.5, life 26.5, sums 1.4
year  51: land 21.1 C, rain 1835 mm, evap 1027, transp 619, to sea 188, land bio 0.762, cover 0.88/0.21, h 2.7, eaters 2.32e-4, burnt 7622, genotypes 76434/3740, leading 391, mutants 0.002, errs w 5e-14 A 2e-13 C 1e-13, 35.7 s
  life secs: accumulate 0.7, cells 7.6, fire 0.0, eaters 0.6, seeds 1.1
  bodies 22274 (0.6% of land cells, 44% at sea), genotypes 2267, births 128208, deaths [7907.0, 94572.0, 5363.0, 14078.0, 12.0, 14.0, 520.0, 33.0], splits 256, ate 1.27e1/5.34e0/1.41e0/1.74e2, moves 443722, 16.4 s
  secs: air 4.1, water 3.5, life 28.6, sums 1.4
year  52: land 21.1 C, rain 1836 mm, evap 1052, transp 610, to sea 174, land bio 0.770, cover 0.88/0.21, h 2.7, eaters 2.46e-4, burnt 7110, genotypes 77102/3815, leading 397, mutants 0.002, errs w 6e-14 A 2e-13 C 1e-14, 37.7 s
  life secs: accumulate 0.7, cells 7.5, fire 0.0, eaters 0.6, seeds 1.3
  bodies 41807 (0.8% of land cells, 15% at sea), genotypes 4132, births 78370, deaths [4217.0, 47331.0, 1193.0, 5497.0, 0.0, 0.0, 1113.0, 37.0], splits 551, ate 1.41e1/4.17e0/2.34e0/2.29e2, moves 359470, 18.4 s
  secs: air 4.1, water 3.5, life 41.4, sums 1.4
year  53: land 21.0 C, rain 1904 mm, evap 1072, transp 643, to sea 184, land bio 0.789, cover 0.88/0.21, h 2.7, eaters 2.49e-4, burnt 6452, genotypes 77715/3889, leading 386, mutants 0.002, errs w 6e-14 A 1e-13 C 2e-13, 50.4 s
  life secs: accumulate 0.7, cells 7.4, fire 0.0, eaters 0.6, seeds 1.3
  bodies 95345 (1.6% of land cells, 5% at sea), genotypes 9415, births 111261, deaths [2780.0, 46088.0, 1265.0, 7130.0, 0.0, 0.0, 1032.0, 77.0], splits 649, ate 3.40e1/7.46e0/7.29e0/4.36e2, moves 619306, 31.2 s
  secs: air 4.3, water 3.6, life 91.7, sums 1.5
year  54: land 21.1 C, rain 1898 mm, evap 1048, transp 666, to sea 188, land bio 0.799, cover 0.88/0.22, h 2.8, eaters 2.32e-4, burnt 6591, genotypes 79068/3934, leading 385, mutants 0.002, errs w 7e-14 A 1e-13 C 6e-14, 101.2 s
  life secs: accumulate 0.7, cells 8.3, fire 0.0, eaters 0.6, seeds 1.3
  bodies 285880 (3.2% of land cells, 1% at sea), genotypes 28330, births 320571, deaths [4371.0, 100796.0, 5807.0, 20224.0, 0.0, 1.0, 558.0, 187.0], splits 1908, ate 1.38e2/3.12e1/3.19e1/1.10e3, moves 1283839, 80.6 s
  secs: air 4.5, water 3.6, life 192.4, sums 1.7
year  55: land 21.1 C, rain 1888 mm, evap 1035, transp 660, to sea 189, land bio 0.798, cover 0.88/0.22, h 2.8, eaters 2.58e-4, burnt 7290, genotypes 80052/4039, leading 379, mutants 0.002, errs w 8e-14 A 1e-13 C 8e-15, 202.3 s
  life secs: accumulate 0.8, cells 7.7, fire 0.0, eaters 0.7, seeds 1.3
  bodies 780946 (6.7% of land cells, 1% at sea), genotypes 77199, births 857354, deaths [22783.0, 229232.0, 61943.0, 51007.0, 0.0, 13.0, 1286.0, 799.0], splits 4775, ate 4.34e2/1.62e2/1.01e2/2.86e3, moves 5644948, 181.9 s
  secs: air 4.7, water 3.7, life 521.7, sums 1.7
year  56: land 21.1 C, rain 1890 mm, evap 1061, transp 633, to sea 192, land bio 0.769, cover 0.87/0.22, h 2.9, eaters 2.32e-4, burnt 6872, genotypes 80184/3965, leading 378, mutants 0.002, errs w 6e-14 A 1e-13 C 2e-14, 532.2 s
  life secs: accumulate 0.8, cells 7.7, fire 0.0, eaters 0.6, seeds 1.3
  bodies 2651173 (17.0% of land cells, 0% at sea), genotypes 264676, births 3606873, deaths [184933.0, 1294456.0, 146032.0, 121191.0, 0.0, 54.0, 430.0, 4418.0], splits 14868, ate 1.48e3/6.92e2/2.28e2/7.86e3, moves 20935097, 511.2 s
  secs: air 4.8, water 3.8, life 1626.0, sums 1.7
year  57: land 21.3 C, rain 1938 mm, evap 1224, transp 523, to sea 184, land bio 0.666, cover 0.83/0.22, h 3.2, eaters 2.09e-4, burnt 4570, genotypes 76580/3852, leading 440, mutants 0.002, errs w 6e-14 A 2e-13 C 1e-13, 1637.0 s
  life secs: accumulate 0.8, cells 7.5, fire 0.0, eaters 0.6, seeds 1.2
  bodies 7676756 (41.9% of land cells, 0% at sea), genotypes 769139, births 11496306, deaths [1197256.0, 4378460.0, 395400.0, 527602.0, 0.0, 329.0, 1166.0, 14226.0], splits 43716, ate 4.26e3/2.13e3/7.05e2/2.18e4, moves 92472056, 1615.7 s
  secs: air 4.8, water 3.8, life 2965.3, sums 1.7
year  58: land 21.3 C, rain 1967 mm, evap 1441, transp 334, to sea 185, land bio 0.491, cover 0.73/0.22, h 3.5, eaters 1.42e-4, burnt 2932, genotypes 68827/3551, leading 636, mutants 0.002, errs w 5e-14 A 2e-13 C 3e-13, 2976.8 s
  life secs: accumulate 0.8, cells 8.1, fire 0.0, eaters 0.6, seeds 1.2
  bodies 9296304 (60.4% of land cells, 1% at sea), genotypes 959498, births 14039881, deaths [4375004.0, 4192415.0, 996256.0, 2913303.0, 0.0, 859.0, 3330.0, 10371.0], splits 71205, ate 5.93e3/3.89e3/1.03e3/3.57e4, moves 252181874, 2952.1 s
  secs: air 4.8, water 3.8, life 2095.3, sums 1.8
year  59: land 21.3 C, rain 1949 mm, evap 1549, transp 213, to sea 185, land bio 0.378, cover 0.65/0.22, h 2.9, eaters 9.01e-5, burnt 2267, genotypes 65213/2694, leading 726, mutants 0.002, errs w 5e-14 A 1e-13 C 3e-13, 2106.6 s
  life secs: accumulate 0.8, cells 7.3, fire 0.0, eaters 0.6, seeds 1.1
  bodies 5243781 (61.8% of land cells, 2% at sea), genotypes 568927, births 6616577, deaths [4680535.0, 2309461.0, 621077.0, 3080475.0, 0.0, 1145.0, 9028.0, 3908.0], splits 36529, ate 2.82e3/3.48e3/4.78e2/2.27e4, moves 211089284, 2084.2 s
  secs: air 4.8, water 3.8, life 1422.3, sums 1.9
year  60: land 21.2 C, rain 1888 mm, evap 1535, transp 173, to sea 184, land bio 0.310, cover 0.64/0.22, h 2.4, eaters 1.01e-4, burnt 2204, genotypes 66534/2258, leading 559, mutants 0.003, errs w 5e-14 A 1e-13 C 3e-13, 1433.5 s
  life secs: accumulate 0.8, cells 7.1, fire 0.0, eaters 0.5, seeds 1.1
  bodies 3375126 (58.9% of land cells, 2% at sea), genotypes 372621, births 5094405, deaths [2720259.0, 1856994.0, 456414.0, 1912490.0, 0.0, 377.0, 30856.0, 3180.0], splits 17510, ate 1.66e3/2.81e3/2.97e2/1.42e4, moves 129707160, 1412.6 s
