terrain: 512x512, 26215 land cells, 722 in basins, 0.2 s
  secs: air 15.7, water 6.4, life 0.0, sums 2.5
year   1: land 11.7 C, rain 1309 mm, evap 56, transp 0, to sea 1059, land bio 0.000, cover 0.00/0.00, h 0.0, eaters 0.00e0, burnt 0, genotypes 0/0, leading 0, mutants -0.000, errs w 2e-13 A 1e-14 C 0e0, 24.7 s
  life secs: accumulate 0.0, cells 0.0, fire 0.0, eaters 0.0, seeds 0.0
  secs: air 15.7, water 6.3, life 0.0, sums 2.5
year   2: land 14.5 C, rain 1413 mm, evap 67, transp 0, to sea 1334, land bio 0.000, cover 0.00/0.00, h 0.0, eaters 0.00e0, burnt 0, genotypes 0/0, leading 0, mutants -0.000, errs w 1e-13 A 3e-14 C 0e0, 24.5 s
  life secs: accumulate 0.0, cells 0.0, fire 0.0, eaters 0.0, seeds 0.0
  secs: air 15.8, water 6.3, life 0.0, sums 2.5
year   3: land 16.2 C, rain 1453 mm, evap 72, transp 0, to sea 1379, land bio 0.000, cover 0.00/0.00, h 0.0, eaters 0.00e0, burnt 0, genotypes 0/0, leading 0, mutants -0.000, errs w 2e-13 A 2e-14 C 0e0, 24.6 s
  life secs: accumulate 0.0, cells 0.0, fire 0.0, eaters 0.0, seeds 0.0
  secs: air 15.7, water 6.3, life 0.0, sums 2.5
year   4: land 17.6 C, rain 1463 mm, evap 76, transp 0, to sea 1386, land bio 0.000, cover 0.00/0.00, h 0.0, eaters 0.00e0, burnt 0, genotypes 0/0, leading 0, mutants -0.000, errs w 2e-13 A 8e-16 C 0e0, 24.5 s
  life secs: accumulate 0.0, cells 0.0, fire 0.0, eaters 0.0, seeds 0.0
  secs: air 15.8, water 6.3, life 0.0, sums 2.4
year   5: land 19.2 C, rain 1367 mm, evap 81, transp 0, to sea 1291, land bio 0.000, cover 0.00/0.00, h 0.0, eaters 0.00e0, burnt 0, genotypes 0/0, leading 0, mutants -0.000, errs w 2e-13 A 3e-14 C 0e0, 24.6 s
  life secs: accumulate 0.0, cells 0.0, fire 0.0, eaters 0.0, seeds 0.0
  secs: air 15.7, water 6.3, life 0.0, sums 2.5
year   6: land 19.3 C, rain 2016 mm, evap 83, transp 0, to sea 1910, land bio 0.000, cover 0.00/0.00, h 0.0, eaters 0.00e0, burnt 0, genotypes 0/0, leading 0, mutants -0.000, errs w 9e-14 A 3e-14 C 0e0, 24.5 s
  life secs: accumulate 0.0, cells 0.0, fire 0.0, eaters 0.0, seeds 0.0
  secs: air 15.7, water 6.3, life 0.0, sums 2.4
year   7: land 19.0 C, rain 1759 mm, evap 82, transp 0, to sea 1688, land bio 0.000, cover 0.00/0.00, h 0.0, eaters 0.00e0, burnt 0, genotypes 0/0, leading 0, mutants -0.000, errs w 2e-13 A 4e-14 C 0e0, 24.5 s
  life secs: accumulate 0.0, cells 0.0, fire 0.0, eaters 0.0, seeds 0.0
  secs: air 15.2, water 6.1, life 0.0, sums 2.2
year   8: land 18.8 C, rain 1842 mm, evap 80, transp 0, to sea 1758, land bio 0.000, cover 0.00/0.00, h 0.0, eaters 0.00e0, burnt 0, genotypes 0/0, leading 0, mutants -0.000, errs w 2e-14 A 3e-14 C 0e0, 23.5 s
  life secs: accumulate 0.0, cells 0.0, fire 0.0, eaters 0.0, seeds 0.0
  secs: air 15.1, water 6.0, life 0.0, sums 2.1
year   9: land 18.4 C, rain 2149 mm, evap 80, transp 0, to sea 2061, land bio 0.000, cover 0.00/0.00, h 0.0, eaters 0.00e0, burnt 0, genotypes 0/0, leading 0, mutants -0.000, errs w 2e-13 A 4e-15 C 0e0, 23.2 s
  life secs: accumulate 0.0, cells 0.0, fire 0.0, eaters 0.0, seeds 0.0
  secs: air 15.5, water 6.1, life 0.0, sums 2.1
year  10: land 19.3 C, rain 2069 mm, evap 84, transp 0, to sea 1989, land bio 0.000, cover 0.00/0.00, h 0.0, eaters 0.00e0, burnt 0, genotypes 0/0, leading 0, mutants -0.000, errs w 1e-13 A 3e-15 C 0e0, 23.7 s
  life secs: accumulate 0.0, cells 0.0, fire 0.0, eaters 0.0, seeds 0.0
  secs: air 15.0, water 6.0, life 47.3, sums 2.0
year  11: land 19.9 C, rain 1747 mm, evap 84, transp 2, to sea 1671, land bio 0.011, cover 0.24/0.45, h 0.9, eaters 1.41e-7, burnt 0, genotypes 8257/137, leading 324, mutants -0.000, errs w 3e-13 A 6e-14 C 5e-12, 70.5 s
  life secs: accumulate 1.0, cells 34.5, fire 0.0, eaters 7.9, seeds 3.8
  secs: air 15.1, water 5.9, life 38.0, sums 2.0
year  12: land 19.4 C, rain 2074 mm, evap 78, transp 24, to sea 1963, land bio 0.058, cover 0.60/0.45, h 1.0, eaters 6.07e-8, burnt 0, genotypes 9291/92, leading 428, mutants 0.001, errs w 2e-13 A 1e-13 C 1e-12, 61.2 s
  life secs: accumulate 1.0, cells 31.8, fire 0.0, eaters 1.0, seeds 4.1
  secs: air 15.2, water 5.9, life 33.4, sums 1.9
year  13: land 19.2 C, rain 1980 mm, evap 70, transp 53, to sea 1863, land bio 0.108, cover 0.74/0.44, h 1.2, eaters 1.74e-6, burnt 0, genotypes 10108/351, leading 496, mutants 0.002, errs w 3e-13 A 8e-14 C 9e-13, 56.6 s
  life secs: accumulate 1.0, cells 27.8, fire 0.0, eaters 0.4, seeds 4.1
  secs: air 15.1, water 6.0, life 33.8, sums 2.0
year  14: land 18.1 C, rain 1788 mm, evap 63, transp 72, to sea 1658, land bio 0.161, cover 0.81/0.43, h 1.3, eaters 7.82e-6, burnt 0, genotypes 10867/1117, leading 530, mutants 0.002, errs w 2e-13 A 7e-14 C 6e-13, 57.0 s
  life secs: accumulate 1.0, cells 27.9, fire 0.0, eaters 0.8, seeds 3.9
  secs: air 14.8, water 5.9, life 34.4, sums 1.9
year  15: land 18.4 C, rain 1877 mm, evap 61, transp 84, to sea 1729, land bio 0.218, cover 0.84/0.42, h 1.5, eaters 2.44e-5, burnt 218, genotypes 11134/1846, leading 539, mutants 0.002, errs w 2e-13 A 2e-14 C 5e-13, 57.1 s
  life secs: accumulate 1.0, cells 27.7, fire 0.0, eaters 1.5, seeds 4.1
  secs: air 15.0, water 5.9, life 35.0, sums 1.9
year  16: land 17.4 C, rain 2061 mm, evap 58, transp 88, to sea 1910, land bio 0.269, cover 0.86/0.41, h 1.6, eaters 3.78e-5, burnt 1, genotypes 11552/2492, leading 545, mutants 0.002, errs w 1e-13 A 4e-15 C 3e-13, 57.8 s
  life secs: accumulate 1.0, cells 27.8, fire 0.0, eaters 2.2, seeds 3.8
  secs: air 15.0, water 5.9, life 35.6, sums 2.0
year  17: land 17.5 C, rain 2351 mm, evap 58, transp 91, to sea 2196, land bio 0.326, cover 0.87/0.40, h 1.7, eaters 5.00e-5, burnt 6, genotypes 12131/2792, leading 555, mutants 0.002, errs w 1e-13 A 7e-14 C 3e-13, 58.5 s
  life secs: accumulate 1.0, cells 28.0, fire 0.0, eaters 2.6, seeds 3.9
  secs: air 14.9, water 5.8, life 35.2, sums 1.9
year  18: land 16.7 C, rain 2409 mm, evap 56, transp 93, to sea 2260, land bio 0.378, cover 0.88/0.39, h 1.9, eaters 5.86e-5, burnt 41, genotypes 12262/2929, leading 564, mutants 0.003, errs w 2e-13 A 2e-13 C 2e-13, 58.0 s
  life secs: accumulate 1.0, cells 27.6, fire 0.0, eaters 2.8, seeds 3.7
  secs: air 14.9, water 5.8, life 35.0, sums 1.9
year  19: land 15.5 C, rain 2637 mm, evap 54, transp 92, to sea 2485, land bio 0.426, cover 0.88/0.39, h 2.0, eaters 6.26e-5, burnt 56, genotypes 12248/2693, leading 559, mutants 0.003, errs w 2e-13 A 1e-13 C 3e-13, 57.7 s
  life secs: accumulate 1.0, cells 27.5, fire 0.0, eaters 2.9, seeds 3.4
  secs: air 15.2, water 5.8, life 34.7, sums 2.0
year  20: land 15.4 C, rain 2695 mm, evap 54, transp 93, to sea 2550, land bio 0.472, cover 0.88/0.38, h 2.0, eaters 6.93e-5, burnt 0, genotypes 12775/2338, leading 613, mutants 0.003, errs w 2e-13 A 2e-13 C 7e-14, 57.7 s
  life secs: accumulate 1.0, cells 27.2, fire 0.0, eaters 3.0, seeds 3.3
  secs: air 14.9, water 5.8, life 33.7, sums 1.9
year  21: land 16.1 C, rain 2294 mm, evap 54, transp 98, to sea 2151, land bio 0.527, cover 0.89/0.37, h 2.0, eaters 8.33e-5, burnt 5, genotypes 12835/2193, leading 561, mutants 0.003, errs w 2e-13 A 1e-13 C 2e-13, 56.5 s
  life secs: accumulate 1.0, cells 26.7, fire 0.0, eaters 3.0, seeds 2.8
  secs: air 15.0, water 5.8, life 34.2, sums 2.0
year  22: land 15.7 C, rain 2144 mm, evap 53, transp 99, to sea 1995, land bio 0.569, cover 0.89/0.36, h 2.1, eaters 9.87e-5, burnt 27, genotypes 13360/2018, leading 571, mutants 0.003, errs w 2e-13 A 1e-13 C 2e-13, 57.2 s
  life secs: accumulate 1.0, cells 27.0, fire 0.0, eaters 3.1, seeds 3.0
  secs: air 15.2, water 5.9, life 33.6, sums 2.0
year  23: land 16.9 C, rain 1884 mm, evap 55, transp 103, to sea 1734, land bio 0.609, cover 0.89/0.35, h 2.2, eaters 1.11e-4, burnt 40, genotypes 13731/1955, leading 564, mutants 0.003, errs w 5e-15 A 7e-14 C 2e-13, 56.8 s
  life secs: accumulate 1.0, cells 26.5, fire 0.0, eaters 3.1, seeds 2.8
  secs: air 14.9, water 5.9, life 33.7, sums 2.0
year  24: land 16.9 C, rain 1543 mm, evap 53, transp 102, to sea 1400, land bio 0.601, cover 0.90/0.35, h 2.3, eaters 1.28e-4, burnt 94, genotypes 14287/1819, leading 564, mutants 0.003, errs w 2e-13 A 6e-14 C 2e-14, 56.6 s
  life secs: accumulate 1.0, cells 26.5, fire 0.0, eaters 3.3, seeds 2.8
  secs: air 15.1, water 5.9, life 33.1, sums 2.0
year  25: land 16.0 C, rain 1727 mm, evap 51, transp 101, to sea 1565, land bio 0.619, cover 0.91/0.33, h 2.3, eaters 1.38e-4, burnt 18, genotypes 15152/1568, leading 566, mutants 0.003, errs w 2e-13 A 1e-13 C 3e-15, 56.3 s
  life secs: accumulate 1.0, cells 26.1, fire 0.0, eaters 3.3, seeds 2.6
  secs: air 14.8, water 5.8, life 33.4, sums 2.0
year  26: land 15.1 C, rain 1573 mm, evap 49, transp 99, to sea 1431, land bio 0.664, cover 0.91/0.32, h 2.4, eaters 1.47e-4, burnt 0, genotypes 15494/1418, leading 564, mutants 0.003, errs w 2e-13 A 2e-13 C 6e-14, 56.2 s
  life secs: accumulate 1.0, cells 26.3, fire 0.0, eaters 3.4, seeds 2.5
  secs: air 14.9, water 5.9, life 32.9, sums 2.0
year  27: land 16.9 C, rain 1642 mm, evap 52, transp 105, to sea 1483, land bio 0.738, cover 0.91/0.31, h 2.3, eaters 1.43e-4, burnt 1, genotypes 16076/1280, leading 557, mutants 0.003, errs w 2e-13 A 4e-13 C 2e-13, 55.8 s
  life secs: accumulate 1.1, cells 25.7, fire 0.0, eaters 3.4, seeds 2.6
  secs: air 14.9, water 5.9, life 32.1, sums 2.0
year  28: land 17.9 C, rain 1515 mm, evap 53, transp 111, to sea 1359, land bio 0.801, cover 0.92/0.31, h 2.3, eaters 1.51e-4, burnt 529, genotypes 16487/1065, leading 556, mutants 0.003, errs w 3e-13 A 4e-13 C 9e-14, 55.1 s
  life secs: accumulate 1.0, cells 25.3, fire 0.0, eaters 3.4, seeds 2.3
  secs: air 15.4, water 6.1, life 32.1, sums 2.1
year  29: land 17.5 C, rain 1766 mm, evap 53, transp 115, to sea 1587, land bio 0.864, cover 0.92/0.30, h 2.3, eaters 1.77e-4, burnt 21, genotypes 16762/1051, leading 561, mutants 0.003, errs w 2e-13 A 4e-13 C 1e-13, 55.8 s
  life secs: accumulate 1.1, cells 25.1, fire 0.0, eaters 3.4, seeds 2.4
  secs: air 15.6, water 6.0, life 31.9, sums 2.1
year  30: land 17.6 C, rain 1665 mm, evap 53, transp 117, to sea 1501, land bio 0.929, cover 0.92/0.29, h 2.2, eaters 1.78e-4, burnt 14, genotypes 17338/955, leading 580, mutants 0.003, errs w 2e-13 A 5e-13 C 1e-13, 55.7 s
  life secs: accumulate 1.1, cells 24.9, fire 0.0, eaters 3.5, seeds 2.3
  secs: air 15.0, water 5.8, life 30.2, sums 1.9
year  31: land 16.7 C, rain 1581 mm, evap 51, transp 116, to sea 1414, land bio 0.977, cover 0.92/0.28, h 2.2, eaters 1.98e-4, burnt 114, genotypes 17643/928, leading 567, mutants 0.003, errs w 2e-13 A 6e-13 C 3e-13, 52.9 s
  life secs: accumulate 1.0, cells 23.8, fire 0.0, eaters 3.3, seeds 1.9
  secs: air 15.2, water 5.8, life 31.1, sums 1.8
year  32: land 16.1 C, rain 1601 mm, evap 50, transp 112, to sea 1439, land bio 1.012, cover 0.93/0.28, h 2.3, eaters 2.01e-4, burnt 148, genotypes 17696/922, leading 573, mutants 0.003, errs w 2e-13 A 6e-13 C 3e-13, 53.9 s
  life secs: accumulate 1.0, cells 24.5, fire 0.0, eaters 3.3, seeds 2.2
  secs: air 15.1, water 5.9, life 30.8, sums 1.8
year  33: land 17.2 C, rain 2162 mm, evap 53, transp 113, to sea 1979, land bio 1.059, cover 0.93/0.27, h 2.2, eaters 1.93e-4, burnt 67, genotypes 18309/959, leading 585, mutants 0.003, errs w 2e-13 A 6e-13 C 5e-13, 53.7 s
  life secs: accumulate 1.0, cells 24.2, fire 0.0, eaters 3.4, seeds 2.2
  secs: air 15.3, water 5.9, life 31.5, sums 1.8
year  34: land 17.7 C, rain 1947 mm, evap 54, transp 121, to sea 1781, land bio 1.090, cover 0.93/0.27, h 2.2, eaters 2.08e-4, burnt 162, genotypes 18814/1042, leading 595, mutants 0.003, errs w 2e-13 A 8e-13 C 6e-13, 54.5 s
  life secs: accumulate 1.0, cells 24.7, fire 0.0, eaters 3.5, seeds 2.2
  secs: air 15.4, water 6.0, life 30.9, sums 1.8
year  35: land 19.0 C, rain 2158 mm, evap 57, transp 121, to sea 1973, land bio 1.117, cover 0.93/0.26, h 2.3, eaters 1.80e-4, burnt 75, genotypes 19233/941, leading 595, mutants 0.003, errs w 2e-13 A 1e-12 C 7e-13, 54.3 s
  life secs: accumulate 1.0, cells 24.1, fire 0.0, eaters 3.6, seeds 2.2
  secs: air 15.6, water 6.0, life 31.1, sums 1.8
year  36: land 19.6 C, rain 2715 mm, evap 58, transp 128, to sea 2519, land bio 1.130, cover 0.93/0.26, h 2.3, eaters 1.83e-4, burnt 55, genotypes 20494/915, leading 601, mutants 0.003, errs w 2e-13 A 9e-13 C 7e-13, 54.6 s
  life secs: accumulate 1.0, cells 24.4, fire 0.0, eaters 3.5, seeds 2.1
  secs: air 15.8, water 6.1, life 30.6, sums 1.8
year  37: land 19.9 C, rain 2084 mm, evap 57, transp 122, to sea 1921, land bio 1.152, cover 0.93/0.26, h 2.2, eaters 1.87e-4, burnt 77, genotypes 21969/977, leading 602, mutants 0.003, errs w 3e-13 A 9e-13 C 8e-13, 54.5 s
  life secs: accumulate 1.0, cells 24.1, fire 0.0, eaters 3.4, seeds 2.1
  secs: air 15.6, water 6.1, life 30.4, sums 1.8
year  38: land 18.6 C, rain 1665 mm, evap 53, transp 129, to sea 1493, land bio 1.190, cover 0.93/0.26, h 2.2, eaters 2.40e-4, burnt 90, genotypes 23403/1034, leading 599, mutants 0.003, errs w 2e-13 A 9e-13 C 7e-13, 54.0 s
  life secs: accumulate 1.0, cells 23.7, fire 0.0, eaters 3.5, seeds 2.1
  secs: air 15.8, water 6.1, life 30.5, sums 1.8
year  39: land 17.1 C, rain 1633 mm, evap 50, transp 122, to sea 1459, land bio 1.217, cover 0.93/0.25, h 2.2, eaters 2.75e-4, burnt 161, genotypes 24398/994, leading 603, mutants 0.003, errs w 3e-13 A 9e-13 C 6e-13, 54.3 s
  life secs: accumulate 1.0, cells 23.8, fire 0.0, eaters 3.5, seeds 2.2
  secs: air 15.8, water 6.1, life 30.7, sums 1.8
year  40: land 16.3 C, rain 1453 mm, evap 48, transp 114, to sea 1299, land bio 1.247, cover 0.94/0.25, h 2.2, eaters 2.77e-4, burnt 13, genotypes 26054/954, leading 634, mutants 0.003, errs w 3e-13 A 9e-13 C 6e-13, 54.5 s
  life secs: accumulate 1.0, cells 23.7, fire 0.0, eaters 3.6, seeds 2.3
bodies sown: 513 (no form 3685, no soil 15802, no water 0)
  secs: air 16.4, water 6.3, life 296.8, sums 2.0
year  41: land 16.7 C, rain 1595 mm, evap 50, transp 115, to sea 1421, land bio 1.210, cover 0.91/0.25, h 2.2, eaters 2.50e-4, burnt 82, genotypes 26306/963, leading 602, mutants 0.003, errs w 2e-13 A 8e-13 C 8e-13, 321.8 s
  life secs: accumulate 1.0, cells 23.7, fire 0.0, eaters 3.6, seeds 2.1
  bodies 291957 (52920193304 animals, 86.3% of land cells, 19% at sea), genotypes 27727, births 282581, splits 18612, deaths [6652.0, 1699.0, 498.0, 4.0, 2.0, 9.0, 191.0, 18.0, 676.0], ate [160.916, 580.319, 331.638, 16787.019, 2.685, 0.54], catches 261093 presses 74555 breaks 1057 killed 1377326055 riders 73492, secs 208.3/5.5/18.7/18.5
  secs: air 20.0, water 7.6, life 17075.7, sums 2.3
year  42: land 17.9 C, rain 1469 mm, evap 59, transp 77, to sea 1331, land bio 0.421, cover 0.64/0.24, h 2.5, eaters 5.39e-5, burnt 1, genotypes 21356/969, leading 644, mutants 0.002, errs w 2e-13 A 6e-13 C 2e-12, 17105.7 s
  life secs: accumulate 1.2, cells 24.0, fire 0.0, eaters 3.6, seeds 2.4
  bodies 563629 (27460544419 animals, 91.0% of land cells, 13% at sea), genotypes 52072, births 633709, splits 64624, deaths [218154.0, 42129.0, 4627.0, 0.0, 5.0, 33702.0, 12289.0, 255.0, 115500.0], ate [1526.483, 7490.031, 1047.992, 32123.476, 870.205, 370.032], catches 1915476 presses 190028 breaks 133005 killed 8886566033 riders 122798, secs 16595.9/77.6/203.1/146.2
