terrain: 128x128, 1639 land cells, 22 in basins, 0.0 s
  secs: air 1.3, water 0.8, life 0.0, sums 0.2
year   1: land 10.6 C, rain 1957 mm, evap 45, transp 0, to sea 1817, land bio 0.000, cover 0.00/0.00, h 0.0, eaters 0.00e0, burnt 0, genotypes 0/0, leading 0, mutants -0.000, errs w 5e-14 A 1e-15 C 0e0, 2.3 s
  life secs: accumulate 0.0, cells 0.0, fire 0.0, eaters 0.0, seeds 0.0
  secs: air 1.3, water 0.8, life 0.0, sums 0.2
year   2: land 13.3 C, rain 2128 mm, evap 52, transp 0, to sea 2074, land bio 0.000, cover 0.00/0.00, h 0.0, eaters 0.00e0, burnt 0, genotypes 0/0, leading 0, mutants -0.000, errs w 4e-14 A 4e-16 C 0e0, 2.3 s
  life secs: accumulate 0.0, cells 0.0, fire 0.0, eaters 0.0, seeds 0.0
  secs: air 1.3, water 0.8, life 4.0, sums 0.2
year   3: land 15.0 C, rain 2194 mm, evap 56, transp 2, to sea 2135, land bio 0.007, cover 0.15/0.54, h 0.9, eaters 3.46e-7, burnt 0, genotypes 780/67, leading 253, mutants -0.000, errs w 3e-14 A 6e-15 C 1e-13, 6.2 s
  life secs: accumulate 0.1, cells 2.9, fire 0.0, eaters 0.6, seeds 0.3
  secs: air 1.3, water 0.8, life 3.6, sums 0.2
year   4: land 16.4 C, rain 2231 mm, evap 58, transp 6, to sea 2167, land bio 0.019, cover 0.33/0.60, h 1.2, eaters 4.27e-9, burnt 0, genotypes 835/64, leading 256, mutants 0.000, errs w 5e-14 A 2e-14 C 5e-14, 5.9 s
  life secs: accumulate 0.1, cells 3.0, fire 0.0, eaters 0.1, seeds 0.3
  secs: air 1.3, water 0.8, life 3.2, sums 0.2
year   5: land 17.9 C, rain 2121 mm, evap 60, transp 12, to sea 2051, land bio 0.041, cover 0.49/0.64, h 1.3, eaters 1.78e-10, burnt 0, genotypes 926/52, leading 255, mutants 0.001, errs w 6e-14 A 8e-15 C 8e-15, 5.5 s
  life secs: accumulate 0.1, cells 2.7, fire 0.0, eaters 0.0, seeds 0.3
  secs: air 1.3, water 0.8, life 3.2, sums 0.2
year   6: land 18.0 C, rain 3138 mm, evap 59, transp 22, to sea 3044, land bio 0.073, cover 0.60/0.67, h 1.4, eaters 2.03e-10, burnt 0, genotypes 1001/27, leading 251, mutants 0.001, errs w 4e-14 A 2e-14 C 3e-14, 5.5 s
  life secs: accumulate 0.1, cells 2.7, fire 0.0, eaters 0.0, seeds 0.4
  secs: air 1.3, water 0.8, life 3.1, sums 0.2
year   7: land 17.7 C, rain 2695 mm, evap 55, transp 31, to sea 2617, land bio 0.112, cover 0.70/0.68, h 1.5, eaters 1.44e-9, burnt 0, genotypes 1074/16, leading 253, mutants 0.001, errs w 8e-14 A 7e-15 C 1e-14, 5.4 s
  life secs: accumulate 0.1, cells 2.6, fire 0.0, eaters 0.0, seeds 0.4
  secs: air 1.3, water 0.8, life 3.2, sums 0.2
year   8: land 17.6 C, rain 2813 mm, evap 52, transp 42, to sea 2716, land bio 0.158, cover 0.76/0.69, h 1.6, eaters 1.67e-8, burnt 0, genotypes 1224/26, leading 252, mutants 0.001, errs w 8e-14 A 1e-14 C 4e-15, 5.5 s
  life secs: accumulate 0.1, cells 2.7, fire 0.0, eaters 0.0, seeds 0.4
  secs: air 1.3, water 0.8, life 3.2, sums 0.2
year   9: land 17.2 C, rain 3285 mm, evap 50, transp 49, to sea 3179, land bio 0.206, cover 0.79/0.70, h 1.7, eaters 3.27e-7, burnt 0, genotypes 1342/41, leading 246, mutants 0.001, errs w 6e-14 A 2e-14 C 7e-15, 5.4 s
  life secs: accumulate 0.1, cells 2.6, fire 0.0, eaters 0.0, seeds 0.3
  secs: air 1.3, water 0.8, life 3.3, sums 0.2
year  10: land 18.1 C, rain 3231 mm, evap 51, transp 55, to sea 3128, land bio 0.262, cover 0.82/0.70, h 1.7, eaters 1.43e-5, burnt 0, genotypes 1395/89, leading 243, mutants 0.001, errs w 7e-14 A 8e-15 C 3e-14, 5.5 s
  life secs: accumulate 0.1, cells 2.7, fire 0.0, eaters 0.1, seeds 0.4
  secs: air 1.3, water 0.8, life 3.3, sums 0.2
year  11: land 18.6 C, rain 2716 mm, evap 51, transp 57, to sea 2616, land bio 0.316, cover 0.85/0.70, h 1.8, eaters 3.13e-5, burnt 0, genotypes 1520/110, leading 240, mutants 0.001, errs w 6e-14 A 3e-14 C 9e-15, 5.6 s
  life secs: accumulate 0.1, cells 2.7, fire 0.0, eaters 0.2, seeds 0.3
  secs: air 1.3, water 0.8, life 3.5, sums 0.2
year  12: land 18.1 C, rain 3195 mm, evap 50, transp 59, to sea 3079, land bio 0.360, cover 0.87/0.70, h 1.8, eaters 5.24e-5, burnt 0, genotypes 1612/136, leading 240, mutants 0.001, errs w 8e-14 A 2e-14 C 1e-14, 5.7 s
  life secs: accumulate 0.1, cells 2.7, fire 0.0, eaters 0.2, seeds 0.3
  secs: air 1.3, water 0.8, life 3.5, sums 0.2
year  13: land 18.0 C, rain 3043 mm, evap 49, transp 58, to sea 2940, land bio 0.403, cover 0.88/0.71, h 1.9, eaters 4.84e-5, burnt 0, genotypes 1636/181, leading 242, mutants 0.001, errs w 7e-14 A 7e-15 C 1e-14, 5.7 s
  life secs: accumulate 0.1, cells 2.8, fire 0.0, eaters 0.3, seeds 0.3
  secs: air 1.3, water 0.8, life 3.6, sums 0.2
year  14: land 16.9 C, rain 2653 mm, evap 47, transp 62, to sea 2550, land bio 0.434, cover 0.88/0.71, h 1.9, eaters 1.07e-4, burnt 0, genotypes 1699/221, leading 242, mutants 0.001, errs w 1e-13 A 2e-14 C 1e-14, 5.9 s
  life secs: accumulate 0.1, cells 2.8, fire 0.0, eaters 0.4, seeds 0.3
  secs: air 1.3, water 0.8, life 3.7, sums 0.2
year  15: land 17.2 C, rain 2833 mm, evap 48, transp 57, to sea 2725, land bio 0.464, cover 0.89/0.71, h 1.9, eaters 1.02e-4, burnt 0, genotypes 1674/235, leading 239, mutants 0.001, errs w 1e-13 A 7e-16 C 2e-14, 5.9 s
  life secs: accumulate 0.1, cells 2.8, fire 0.0, eaters 0.4, seeds 0.3
bodies sown: 25 (no form 56, no soil 219, no water 0)
  secs: air 1.4, water 0.8, life 10.0, sums 0.2
year  16: land 16.2 C, rain 3056 mm, evap 46, transp 60, to sea 2948, land bio 0.485, cover 0.85/0.70, h 2.0, eaters 1.08e-4, burnt 0, genotypes 1702/182, leading 241, mutants 0.001, errs w 1e-13 A 2e-14 C 2e-14, 12.5 s
  life secs: accumulate 0.2, cells 3.0, fire 0.0, eaters 0.5, seeds 0.3
  bodies 841 (9685441578 animals, 17.0% of land cells, 56% at sea), genotypes 88, births 742, splits 121, deaths [4.0, 24.0, 7.0, 0.0, 0.0, 1.0, 3.0, 0.0, 8.0], ate [0.074, 1.046, 0.408, 93.609, 0.01, 0.032], catches 111001 presses 87916 breaks 6 killed 1732080 riders 87665, secs 2.3/0.2/2.2/0.1
  secs: air 1.4, water 0.9, life 32.1, sums 0.2
year  17: land 16.3 C, rain 3556 mm, evap 46, transp 58, to sea 3446, land bio 0.468, cover 0.74/0.69, h 2.0, eaters 1.13e-4, burnt 0, genotypes 1683/141, leading 244, mutants 0.001, errs w 7e-14 A 4e-15 C 4e-14, 34.6 s
  life secs: accumulate 0.2, cells 2.9, fire 0.0, eaters 0.5, seeds 0.3
  bodies 3496 (886180149 animals, 46.7% of land cells, 55% at sea), genotypes 279, births 2184, splits 648, deaths [39.0, 54.0, 7.0, 0.0, 0.0, 2.0, 68.0, 0.0, 7.0], ate [4.548, 18.181, 13.299, 624.663, 0.19, 0.052], catches 203393 presses 42249 breaks 6 killed 1443616 riders 42012, secs 13.5/1.4/9.8/2.2
  secs: air 1.4, water 0.9, life 46.5, sums 0.2
year  18: land 15.5 C, rain 3587 mm, evap 47, transp 49, to sea 3491, land bio 0.423, cover 0.67/0.68, h 2.1, eaters 8.24e-5, burnt 0, genotypes 1620/127, leading 241, mutants 0.001, errs w 9e-14 A 2e-14 C 8e-15, 49.1 s
  life secs: accumulate 0.2, cells 2.8, fire 0.0, eaters 0.5, seeds 0.3
  bodies 3543 (857626871 animals, 49.1% of land cells, 58% at sea), genotypes 307, births 593, splits 279, deaths [757.0, 0.0, 11.0, 16.0, 0.0, 0.0, 41.0, 0.0, 0.0], ate [8.564, 26.149, 14.365, 571.224, 0.63, 0.003], catches 172550 presses 1333 breaks 0 killed 0 riders 1280, secs 22.5/2.3/13.9/2.7
  secs: air 1.3, water 0.7, life 36.3, sums 0.2
year  19: land 14.3 C, rain 3930 mm, evap 46, transp 42, to sea 3836, land bio 0.399, cover 0.62/0.67, h 2.1, eaters 7.22e-5, burnt 1, genotypes 1575/94, leading 242, mutants 0.001, errs w 1e-13 A 1e-14 C 3e-14, 38.5 s
  life secs: accumulate 0.1, cells 2.6, fire 0.0, eaters 0.4, seeds 0.3
  bodies 3003 (374325312 animals, 47.2% of land cells, 55% at sea), genotypes 285, births 445, splits 137, deaths [1056.0, 0.0, 3.0, 19.0, 0.0, 0.0, 44.0, 0.0, 0.0], ate [5.417, 16.38, 9.918, 471.242, 1.019, 0.0], catches 81866 presses 6044 breaks 0 killed 0 riders 6044, secs 16.9/1.7/11.5/1.5
  secs: air 1.2, water 0.7, life 28.0, sums 0.2
year  20: land 14.2 C, rain 4026 mm, evap 47, transp 36, to sea 3942, land bio 0.378, cover 0.59/0.66, h 2.1, eaters 6.81e-5, burnt 0, genotypes 1560/74, leading 238, mutants 0.001, errs w 1e-13 A 6e-15 C 2e-14, 30.1 s
  life secs: accumulate 0.1, cells 2.1, fire 0.0, eaters 0.4, seeds 0.2
  bodies 2653 (284869000 animals, 47.0% of land cells, 49% at sea), genotypes 283, births 426, splits 113, deaths [845.0, 0.0, 1.0, 26.0, 0.0, 0.0, 17.0, 0.0, 0.0], ate [4.824, 13.772, 8.497, 386.461, 0.566, 0.0], catches 37658 presses 22681 breaks 0 killed 0 riders 22681, secs 12.5/1.2/9.2/1.1
  secs: air 1.1, water 0.7, life 23.9, sums 0.2
year  21: land 14.9 C, rain 3443 mm, evap 49, transp 32, to sea 3369, land bio 0.363, cover 0.57/0.66, h 2.1, eaters 5.08e-5, burnt 0, genotypes 1540/73, leading 238, mutants 0.001, errs w 1e-13 A 2e-14 C 4e-15, 25.8 s
  life secs: accumulate 0.1, cells 1.7, fire 0.0, eaters 0.3, seeds 0.2
  bodies 2506 (243584653 animals, 49.3% of land cells, 43% at sea), genotypes 271, births 442, splits 101, deaths [657.0, 0.0, 0.0, 23.0, 0.0, 0.0, 10.0, 0.0, 0.0], ate [4.771, 14.688, 8.635, 350.504, 0.376, 0.0], catches 20285 presses 0 breaks 0 killed 0 riders 0, secs 10.6/1.0/8.0/0.9
  secs: air 1.1, water 0.7, life 23.9, sums 0.2
year  22: land 14.5 C, rain 3146 mm, evap 49, transp 30, to sea 3069, land bio 0.342, cover 0.56/0.65, h 2.1, eaters 4.62e-5, burnt 0, genotypes 1551/103, leading 241, mutants 0.001, errs w 2e-13 A 9e-16 C 2e-14, 25.9 s
  life secs: accumulate 0.1, cells 1.7, fire 0.0, eaters 0.3, seeds 0.2
  bodies 2476 (224339005 animals, 50.8% of land cells, 37% at sea), genotypes 272, births 427, splits 83, deaths [512.0, 0.0, 0.0, 12.0, 0.0, 0.0, 16.0, 0.0, 0.0], ate [4.74, 15.004, 8.439, 320.655, 0.348, 0.0], catches 12274 presses 0 breaks 0 killed 0 riders 0, secs 10.9/1.0/7.8/0.9
  secs: air 1.1, water 0.7, life 24.1, sums 0.2
year  23: land 15.6 C, rain 2801 mm, evap 52, transp 27, to sea 2726, land bio 0.324, cover 0.54/0.65, h 2.2, eaters 4.75e-5, burnt 0, genotypes 1628/120, leading 241, mutants 0.001, errs w 1e-13 A 5e-15 C 9e-15, 26.0 s
  life secs: accumulate 0.1, cells 1.7, fire 0.0, eaters 0.3, seeds 0.2
  bodies 2393 (211553232 animals, 53.4% of land cells, 34% at sea), genotypes 274, births 407, splits 75, deaths [535.0, 0.0, 0.0, 10.0, 0.0, 0.0, 20.0, 0.0, 0.0], ate [4.684, 14.683, 8.811, 304.964, 0.572, 0.0], catches 24624 presses 0 breaks 0 killed 0 riders 0, secs 11.1/1.0/7.8/0.9
  secs: air 1.1, water 0.7, life 23.2, sums 0.2
year  24: land 15.6 C, rain 2250 mm, evap 52, transp 25, to sea 2181, land bio 0.302, cover 0.54/0.64, h 2.2, eaters 3.96e-5, burnt 0, genotypes 1625/103, leading 237, mutants 0.001, errs w 2e-13 A 4e-14 C 2e-14, 25.1 s
  life secs: accumulate 0.1, cells 1.7, fire 0.0, eaters 0.3, seeds 0.2
  bodies 2337 (209590615 animals, 51.9% of land cells, 33% at sea), genotypes 287, births 442, splits 83, deaths [560.0, 0.0, 0.0, 4.0, 0.0, 0.0, 17.0, 0.0, 0.0], ate [4.62, 14.954, 9.42, 303.352, 0.704, 0.0], catches 30371 presses 0 breaks 0 killed 0 riders 0, secs 10.4/1.0/7.7/0.9
  secs: air 1.1, water 0.7, life 23.7, sums 0.2
year  25: land 14.8 C, rain 2502 mm, evap 51, transp 24, to sea 2421, land bio 0.272, cover 0.54/0.64, h 2.3, eaters 4.05e-5, burnt 0, genotypes 1622/100, leading 244, mutants 0.001, errs w 2e-13 A 7e-15 C 2e-14, 25.7 s
  life secs: accumulate 0.1, cells 1.7, fire 0.0, eaters 0.3, seeds 0.2
  bodies 2765 (255243117 animals, 61.7% of land cells, 28% at sea), genotypes 328, births 836, splits 83, deaths [465.0, 1.0, 0.0, 9.0, 0.0, 0.0, 16.0, 0.0, 0.0], ate [4.226, 17.036, 9.485, 311.538, 0.563, 0.0], catches 66154 presses 0 breaks 0 killed 0 riders 0, secs 10.4/1.0/8.1/0.9
  secs: air 1.1, water 0.7, life 26.3, sums 0.2
year  26: land 14.0 C, rain 2251 mm, evap 50, transp 21, to sea 2186, land bio 0.241, cover 0.52/0.63, h 2.4, eaters 3.14e-5, burnt 0, genotypes 1682/112, leading 247, mutants 0.001, errs w 2e-13 A 1e-14 C 1e-14, 28.3 s
  life secs: accumulate 0.1, cells 1.6, fire 0.0, eaters 0.3, seeds 0.2
  bodies 2997 (281768582 animals, 65.6% of land cells, 25% at sea), genotypes 355, births 766, splits 94, deaths [559.0, 0.0, 0.0, 11.0, 0.0, 0.0, 58.0, 0.0, 0.0], ate [4.161, 18.017, 9.077, 300.407, 0.737, 0.0], catches 68594 presses 0 breaks 0 killed 0 riders 0, secs 11.8/1.2/9.0/1.1
  secs: air 1.1, water 0.7, life 27.5, sums 0.2
year  27: land 15.7 C, rain 2449 mm, evap 53, transp 18, to sea 2373, land bio 0.221, cover 0.54/0.62, h 2.4, eaters 2.61e-5, burnt 0, genotypes 1716/118, leading 249, mutants 0.001, errs w 2e-13 A 6e-15 C 1e-14, 29.5 s
  life secs: accumulate 0.1, cells 1.6, fire 0.0, eaters 0.3, seeds 0.2
  bodies 3076 (287132507 animals, 67.4% of land cells, 22% at sea), genotypes 386, births 781, splits 95, deaths [697.0, 0.0, 0.0, 7.0, 0.0, 0.0, 93.0, 0.0, 0.0], ate [4.062, 15.614, 9.27, 278.291, 0.823, 0.0], catches 48896 presses 0 breaks 0 killed 0 riders 0, secs 12.5/1.2/9.4/1.1
  secs: air 1.1, water 0.7, life 25.9, sums 0.2
year  28: land 16.7 C, rain 2243 mm, evap 56, transp 17, to sea 2174, land bio 0.208, cover 0.56/0.62, h 2.3, eaters 1.92e-5, burnt 0, genotypes 1832/101, leading 245, mutants 0.002, errs w 2e-13 A 1e-14 C 3e-14, 27.9 s
  life secs: accumulate 0.1, cells 1.5, fire 0.0, eaters 0.2, seeds 0.2
  bodies 2975 (274846894 animals, 67.5% of land cells, 21% at sea), genotypes 360, births 591, splits 59, deaths [708.0, 0.0, 0.0, 3.0, 0.0, 0.0, 40.0, 0.0, 0.0], ate [3.807, 15.581, 9.641, 257.068, 0.613, 0.0], catches 24507 presses 0 breaks 0 killed 0 riders 0, secs 12.0/1.1/8.8/1.1
  secs: air 1.1, water 0.7, life 22.6, sums 0.2
year  29: land 16.3 C, rain 2592 mm, evap 55, transp 17, to sea 2512, land bio 0.193, cover 0.55/0.61, h 2.3, eaters 1.74e-5, burnt 0, genotypes 1913/121, leading 245, mutants 0.002, errs w 2e-13 A 2e-14 C 4e-15, 24.6 s
  life secs: accumulate 0.1, cells 1.4, fire 0.0, eaters 0.2, seeds 0.2
  bodies 2770 (261571408 animals, 66.1% of land cells, 20% at sea), genotypes 326, births 503, splits 73, deaths [526.0, 0.0, 0.0, 5.0, 0.0, 0.0, 250.0, 0.0, 0.0], ate [4.741, 18.604, 11.089, 254.361, 0.898, 0.0], catches 24374 presses 0 breaks 0 killed 0 riders 0, secs 10.5/0.9/7.5/0.9
  secs: air 1.1, water 0.7, life 22.2, sums 0.2
year  30: land 16.4 C, rain 2444 mm, evap 56, transp 14, to sea 2376, land bio 0.154, cover 0.49/0.62, h 2.4, eaters 1.35e-5, burnt 0, genotypes 1909/121, leading 246, mutants 0.002, errs w 2e-13 A 1e-14 C 3e-14, 24.2 s
  life secs: accumulate 0.1, cells 1.4, fire 0.0, eaters 0.2, seeds 0.2
  bodies 2726 (254486756 animals, 66.9% of land cells, 24% at sea), genotypes 329, births 660, splits 120, deaths [516.0, 0.0, 1.0, 3.0, 0.0, 0.0, 304.0, 0.0, 0.0], ate [8.397, 35.517, 13.613, 293.209, 1.69, 0.0], catches 19866 presses 0 breaks 0 killed 0 riders 0, secs 10.3/0.9/7.4/0.9
done: experiments/e111_holds/results/read/base in 506 s
