terrain: 128x128, 1639 land cells, 22 in basins, 0.0 s
  secs: air 1.5, water 0.8, life 0.0, sums 0.2
year   1: land 10.6 C, rain 1957 mm, evap 45, transp 0, to sea 1817, land bio 0.000, cover 0.00/0.00, h 0.0, eaters 0.00e0, burnt 0, genotypes 0/0, leading 0, mutants -0.000, errs w 5e-14 A 1e-15 C 0e0, 2.5 s
  life secs: accumulate 0.0, cells 0.0, fire 0.0, eaters 0.0, seeds 0.0
  secs: air 1.5, water 0.8, life 0.0, sums 0.2
year   2: land 13.3 C, rain 2128 mm, evap 52, transp 0, to sea 2074, land bio 0.000, cover 0.00/0.00, h 0.0, eaters 0.00e0, burnt 0, genotypes 0/0, leading 0, mutants -0.000, errs w 4e-14 A 4e-16 C 0e0, 2.5 s
  life secs: accumulate 0.0, cells 0.0, fire 0.0, eaters 0.0, seeds 0.0
  secs: air 1.4, water 0.7, life 5.0, sums 0.2
year   3: land 15.0 C, rain 2194 mm, evap 56, transp 2, to sea 2135, land bio 0.007, cover 0.15/0.61, h 0.9, eaters 3.46e-7, burnt 0, genotypes 732/71, leading 251, mutants -0.000, errs w 3e-14 A 1e-14 C 2e-13, 7.4 s
  life secs: accumulate 0.1, cells 4.0, fire 0.0, eaters 0.6, seeds 0.3
  secs: air 1.5, water 0.8, life 4.8, sums 0.2
year   4: land 16.4 C, rain 2231 mm, evap 58, transp 8, to sea 2166, land bio 0.024, cover 0.35/0.66, h 1.1, eaters 4.73e-9, burnt 0, genotypes 836/64, leading 260, mutants 0.000, errs w 4e-14 A 9e-15 C 7e-14, 7.2 s
  life secs: accumulate 0.1, cells 4.2, fire 0.0, eaters 0.1, seeds 0.3
  secs: air 1.5, water 0.8, life 4.3, sums 0.2
year   5: land 17.9 C, rain 2122 mm, evap 59, transp 17, to sea 2048, land bio 0.054, cover 0.52/0.70, h 1.2, eaters 1.40e-9, burnt 1, genotypes 958/56, leading 260, mutants 0.000, errs w 4e-14 A 5e-15 C 5e-14, 6.7 s
  life secs: accumulate 0.1, cells 3.8, fire 0.0, eaters 0.0, seeds 0.3
  secs: air 1.4, water 0.8, life 4.2, sums 0.2
year   6: land 18.0 C, rain 3140 mm, evap 57, transp 30, to sea 3039, land bio 0.099, cover 0.65/0.72, h 1.3, eaters 1.38e-8, burnt 0, genotypes 1035/30, leading 249, mutants 0.001, errs w 5e-15 A 9e-16 C 7e-14, 6.6 s
  life secs: accumulate 0.1, cells 3.7, fire 0.0, eaters 0.0, seeds 0.4
  secs: air 1.4, water 0.8, life 4.2, sums 0.2
year   7: land 17.7 C, rain 2697 mm, evap 53, transp 43, to sea 2610, land bio 0.153, cover 0.74/0.74, h 1.4, eaters 5.07e-7, burnt 0, genotypes 1131/31, leading 248, mutants 0.001, errs w 3e-14 A 2e-14 C 2e-16, 6.5 s
  life secs: accumulate 0.1, cells 3.7, fire 0.0, eaters 0.0, seeds 0.4
  secs: air 1.4, water 0.8, life 4.3, sums 0.2
year   8: land 17.6 C, rain 2815 mm, evap 49, transp 56, to sea 2707, land bio 0.219, cover 0.80/0.75, h 1.5, eaters 5.59e-6, burnt 0, genotypes 1240/62, leading 247, mutants 0.001, errs w 3e-14 A 2e-14 C 4e-14, 6.6 s
  life secs: accumulate 0.1, cells 3.7, fire 0.0, eaters 0.1, seeds 0.4
  secs: air 1.4, water 0.8, life 4.4, sums 0.2
year   9: land 17.2 C, rain 3287 mm, evap 47, transp 65, to sea 3169, land bio 0.287, cover 0.83/0.75, h 1.6, eaters 3.40e-5, burnt 0, genotypes 1417/94, leading 245, mutants 0.001, errs w 4e-14 A 1e-14 C 3e-14, 6.8 s
  life secs: accumulate 0.1, cells 3.8, fire 0.0, eaters 0.1, seeds 0.4
  secs: air 1.5, water 0.8, life 4.5, sums 0.2
year  10: land 18.1 C, rain 3233 mm, evap 48, transp 67, to sea 3120, land bio 0.348, cover 0.85/0.76, h 1.8, eaters 8.15e-5, burnt 0, genotypes 1503/144, leading 241, mutants 0.001, errs w 5e-14 A 1e-14 C 9e-15, 6.9 s
  life secs: accumulate 0.1, cells 3.9, fire 0.0, eaters 0.2, seeds 0.3
  secs: air 1.4, water 0.8, life 4.6, sums 0.2
year  11: land 18.6 C, rain 2717 mm, evap 49, transp 64, to sea 2611, land bio 0.409, cover 0.88/0.76, h 1.9, eaters 7.80e-5, burnt 0, genotypes 1591/246, leading 243, mutants 0.001, errs w 7e-14 A 4e-14 C 4e-14, 7.0 s
  life secs: accumulate 0.1, cells 3.9, fire 0.0, eaters 0.3, seeds 0.3
  secs: air 1.4, water 0.8, life 4.7, sums 0.2
year  12: land 18.1 C, rain 3196 mm, evap 48, transp 67, to sea 3074, land bio 0.470, cover 0.90/0.76, h 1.9, eaters 9.31e-5, burnt 0, genotypes 1694/252, leading 248, mutants 0.001, errs w 7e-14 A 2e-14 C 1e-15, 7.1 s
  life secs: accumulate 0.1, cells 3.9, fire 0.0, eaters 0.3, seeds 0.3
  secs: air 1.4, water 0.8, life 4.7, sums 0.2
year  13: land 18.0 C, rain 3045 mm, evap 47, transp 66, to sea 2935, land bio 0.526, cover 0.91/0.76, h 1.9, eaters 1.04e-4, burnt 0, genotypes 1834/334, leading 248, mutants 0.001, errs w 3e-14 A 5e-14 C 3e-14, 7.0 s
  life secs: accumulate 0.1, cells 3.9, fire 0.0, eaters 0.4, seeds 0.3
  secs: air 1.4, water 0.7, life 4.8, sums 0.2
year  14: land 16.9 C, rain 2655 mm, evap 45, transp 71, to sea 2544, land bio 0.578, cover 0.91/0.76, h 1.9, eaters 1.52e-4, burnt 0, genotypes 1951/223, leading 242, mutants 0.001, errs w 6e-14 A 5e-15 C 3e-14, 7.2 s
  life secs: accumulate 0.1, cells 3.9, fire 0.0, eaters 0.4, seeds 0.3
  secs: air 1.4, water 0.8, life 5.0, sums 0.2
year  15: land 17.2 C, rain 2834 mm, evap 46, transp 66, to sea 2719, land bio 0.614, cover 0.91/0.76, h 2.0, eaters 1.73e-4, burnt 0, genotypes 2105/198, leading 232, mutants 0.001, errs w 7e-14 A 2e-14 C 2e-14, 7.3 s
  life secs: accumulate 0.1, cells 4.0, fire 0.0, eaters 0.5, seeds 0.3
bodies sown: 27 (no form 56, no soil 217, no water 0)
  secs: air 1.6, water 0.8, life 10.1, sums 0.2
year  16: land 16.2 C, rain 3057 mm, evap 44, transp 67, to sea 2943, land bio 0.643, cover 0.91/0.76, h 2.0, eaters 2.00e-4, burnt 0, genotypes 2093/182, leading 229, mutants 0.000, errs w 7e-14 A 2e-15 C 3e-14, 12.9 s
  life secs: accumulate 0.1, cells 4.4, fire 0.0, eaters 0.5, seeds 0.4
  bodies 293 (681064102 animals, 8.1% of land cells, 46% at sea), genotypes 50, births 254, splits 48, deaths [10.0, 12.0, 8.0, 1.0, 0.0, 0.0, 2.0, 0.0, 3.0], ate [0.532, 0.0, 0.041, 41.223, 0.004, 0.002], catches 20535 presses 11701 breaks 3 killed 677360 riders 11701, secs 1.8/0.1/1.5/0.1
  secs: air 1.6, water 0.9, life 20.6, sums 0.2
year  17: land 16.3 C, rain 3557 mm, evap 45, transp 63, to sea 3443, land bio 0.650, cover 0.90/0.76, h 2.1, eaters 1.73e-4, burnt 0, genotypes 2079/204, leading 229, mutants 0.000, errs w 5e-14 A 4e-14 C 2e-15, 23.3 s
  life secs: accumulate 0.2, cells 4.0, fire 0.0, eaters 0.5, seeds 0.3
  bodies 1623 (591993553 animals, 27.1% of land cells, 62% at sea), genotypes 126, births 1074, splits 405, deaths [10.0, 62.0, 2.0, 0.0, 0.0, 1.0, 71.0, 0.0, 3.0], ate [5.374, 0.0, 0.349, 326.8, 0.043, 0.096], catches 31929 presses 9645 breaks 4 killed 787856 riders 9421, secs 7.7/0.6/5.5/0.5
  secs: air 1.6, water 0.9, life 34.3, sums 0.3
year  18: land 15.5 C, rain 3588 mm, evap 46, transp 56, to sea 3486, land bio 0.634, cover 0.89/0.75, h 2.1, eaters 1.29e-4, burnt 0, genotypes 1923/172, leading 231, mutants 0.000, errs w 6e-14 A 2e-14 C 1e-14, 37.0 s
  life secs: accumulate 0.2, cells 3.9, fire 0.0, eaters 0.5, seeds 0.3
  bodies 2173 (626776886 animals, 30.4% of land cells, 69% at sea), genotypes 162, births 439, splits 265, deaths [98.0, 5.0, 5.0, 0.0, 0.0, 0.0, 42.0, 0.0, 4.0], ate [9.916, 0.0, 0.883, 461.755, 0.116, 0.293], catches 18865 presses 7997 breaks 1 killed 288680 riders 7315, secs 15.8/1.4/9.6/1.2
  secs: air 1.6, water 0.9, life 38.0, sums 0.3
year  19: land 14.3 C, rain 3931 mm, evap 45, transp 51, to sea 3830, land bio 0.626, cover 0.88/0.75, h 2.2, eaters 1.11e-4, burnt 0, genotypes 1811/136, leading 228, mutants 0.000, errs w 7e-14 A 8e-16 C 1e-14, 40.8 s
  life secs: accumulate 0.2, cells 3.8, fire 0.0, eaters 0.5, seeds 0.3
  bodies 2160 (230110680 animals, 30.8% of land cells, 66% at sea), genotypes 189, births 359, splits 152, deaths [487.0, 0.0, 0.0, 12.0, 0.0, 0.0, 22.0, 0.0, 3.0], ate [8.659, 0.0, 0.814, 452.08, 0.336, 0.146], catches 1504 presses 866 breaks 2 killed 578928 riders 454, secs 18.0/1.6/10.7/1.5
  secs: air 1.6, water 0.9, life 37.5, sums 0.3
year  20: land 14.2 C, rain 4028 mm, evap 46, transp 46, to sea 3935, land bio 0.617, cover 0.87/0.76, h 2.1, eaters 9.77e-5, burnt 0, genotypes 1809/116, leading 223, mutants 0.000, errs w 6e-14 A 1e-14 C 3e-14, 40.3 s
  life secs: accumulate 0.2, cells 3.9, fire 0.0, eaters 0.5, seeds 0.3
  bodies 2125 (232938754 animals, 31.2% of land cells, 66% at sea), genotypes 210, births 362, splits 149, deaths [519.0, 0.0, 1.0, 13.0, 0.0, 0.0, 5.0, 0.0, 8.0], ate [8.05, 0.0, 0.731, 444.514, 0.369, 0.098], catches 9860 presses 8781 breaks 0 killed 0 riders 8040, secs 17.8/1.5/10.7/1.2
  secs: air 1.5, water 0.8, life 33.3, sums 0.2
year  21: land 14.9 C, rain 3445 mm, evap 47, transp 43, to sea 3361, land bio 0.608, cover 0.87/0.77, h 2.1, eaters 8.41e-5, burnt 0, genotypes 1973/97, leading 223, mutants 0.000, errs w 7e-14 A 5e-15 C 5e-15, 35.9 s
  life secs: accumulate 0.1, cells 3.0, fire 0.0, eaters 0.4, seeds 0.3
  bodies 2299 (247469106 animals, 40.8% of land cells, 60% at sea), genotypes 231, births 516, splits 191, deaths [482.0, 0.0, 0.0, 19.0, 0.0, 0.0, 32.0, 0.0, 0.0], ate [10.393, 0.0, 0.889, 460.29, 0.246, 0.021], catches 3636 presses 3398 breaks 0 killed 0 riders 3260, secs 16.1/1.3/9.8/1.1
  secs: air 1.4, water 0.8, life 37.5, sums 0.2
year  22: land 14.5 C, rain 3147 mm, evap 48, transp 37, to sea 3064, land bio 0.578, cover 0.86/0.81, h 2.2, eaters 5.51e-5, burnt 0, genotypes 2124/92, leading 204, mutants 0.000, errs w 9e-14 A 2e-14 C 4e-14, 40.0 s
  life secs: accumulate 0.1, cells 3.0, fire 0.0, eaters 0.4, seeds 0.3
  bodies 2546 (295679940 animals, 53.8% of land cells, 44% at sea), genotypes 242, births 598, splits 213, deaths [438.0, 0.0, 0.0, 12.0, 0.0, 0.0, 114.0, 0.0, 0.0], ate [18.153, 0.0, 1.613, 503.028, 0.289, 0.0], catches 3429 presses 2 breaks 0 killed 0 riders 2, secs 18.4/1.4/11.3/1.3
  secs: air 1.4, water 0.8, life 38.6, sums 0.2
year  23: land 15.6 C, rain 2802 mm, evap 51, transp 30, to sea 2724, land bio 0.551, cover 0.86/0.86, h 2.2, eaters 3.41e-5, burnt 0, genotypes 2290/78, leading 181, mutants 0.000, errs w 9e-14 A 5e-15 C 1e-14, 41.1 s
  life secs: accumulate 0.1, cells 3.3, fire 0.0, eaters 0.4, seeds 0.3
  bodies 2391 (283143030 animals, 56.4% of land cells, 40% at sea), genotypes 224, births 177, splits 100, deaths [316.0, 0.0, 0.0, 6.0, 0.0, 0.0, 110.0, 0.0, 0.0], ate [16.577, 0.0, 1.448, 482.099, 0.217, 0.0], catches 4799 presses 0 breaks 0 killed 0 riders 0, secs 19.0/1.4/11.6/1.2
  secs: air 1.4, water 0.8, life 36.2, sums 0.2
year  24: land 15.6 C, rain 2250 mm, evap 51, transp 29, to sea 2178, land bio 0.530, cover 0.85/0.90, h 2.2, eaters 2.19e-5, burnt 0, genotypes 2359/98, leading 176, mutants 0.000, errs w 6e-14 A 7e-15 C 3e-15, 38.7 s
  life secs: accumulate 0.1, cells 3.3, fire 0.0, eaters 0.4, seeds 0.3
  bodies 2213 (260974394 animals, 55.6% of land cells, 35% at sea), genotypes 204, births 106, splits 90, deaths [187.0, 0.0, 0.0, 7.0, 0.0, 0.0, 180.0, 0.0, 0.0], ate [14.332, 0.0, 1.403, 459.268, 0.301, 0.0], catches 1520 presses 0 breaks 0 killed 0 riders 0, secs 17.6/1.3/11.0/1.1
  secs: air 1.3, water 0.8, life 29.8, sums 0.2
year  25: land 14.8 C, rain 2503 mm, evap 50, transp 29, to sea 2418, land bio 0.507, cover 0.84/0.93, h 2.2, eaters 2.36e-5, burnt 0, genotypes 2435/78, leading 173, mutants 0.000, errs w 3e-14 A 3e-14 C 1e-14, 32.2 s
  life secs: accumulate 0.1, cells 2.8, fire 0.0, eaters 0.3, seeds 0.3
  bodies 2008 (247215723 animals, 54.9% of land cells, 30% at sea), genotypes 193, births 227, splits 108, deaths [102.0, 6.0, 0.0, 1.0, 0.0, 0.0, 431.0, 0.0, 0.0], ate [12.516, 0.0, 1.317, 460.054, 1.902, 0.0], catches 3081 presses 0 breaks 0 killed 0 riders 0, secs 14.3/1.1/9.1/0.9
  secs: air 1.5, water 0.9, life 30.4, sums 0.2
year  26: land 14.0 C, rain 2252 mm, evap 48, transp 27, to sea 2182, land bio 0.477, cover 0.83/0.96, h 2.2, eaters 2.27e-5, burnt 0, genotypes 2550/73, leading 170, mutants 0.000, errs w 1e-14 A 2e-14 C 1e-14, 33.0 s
  life secs: accumulate 0.2, cells 3.5, fire 0.0, eaters 0.4, seeds 0.3
  bodies 1655 (180999235 animals, 44.5% of land cells, 38% at sea), genotypes 154, births 184, splits 486, deaths [23.0, 19.0, 0.0, 0.0, 0.0, 0.0, 981.0, 0.0, 0.0], ate [10.243, 0.0, 1.005, 537.224, 8.1, 0.0], catches 7275 presses 0 breaks 0 killed 0 riders 0, secs 13.8/1.0/9.2/0.8
  secs: air 1.7, water 1.0, life 35.2, sums 0.3
year  27: land 15.7 C, rain 2451 mm, evap 51, transp 29, to sea 2367, land bio 0.453, cover 0.83/0.97, h 2.2, eaters 1.69e-5, burnt 0, genotypes 2648/80, leading 165, mutants 0.001, errs w 8e-15 A 5e-15 C 7e-15, 38.1 s
  life secs: accumulate 0.2, cells 3.9, fire 0.0, eaters 0.4, seeds 0.4
  bodies 2212 (198084746 animals, 47.3% of land cells, 51% at sea), genotypes 189, births 704, splits 709, deaths [6.0, 23.0, 0.0, 0.0, 0.0, 0.0, 827.0, 0.0, 0.0], ate [9.061, 0.0, 0.876, 571.468, 5.595, 0.0], catches 40264 presses 0 breaks 0 killed 0 riders 0, secs 16.2/1.2/10.6/1.0
  secs: air 1.7, water 1.0, life 43.0, sums 0.3
year  28: land 16.7 C, rain 2245 mm, evap 53, transp 30, to sea 2165, land bio 0.434, cover 0.82/0.97, h 2.2, eaters 1.17e-5, burnt 0, genotypes 2697/65, leading 160, mutants 0.001, errs w 1e-14 A 1e-14 C 3e-14, 45.9 s
  life secs: accumulate 0.2, cells 4.0, fire 0.0, eaters 0.4, seeds 0.4
  bodies 2512 (240371748 animals, 51.9% of land cells, 51% at sea), genotypes 206, births 591, splits 193, deaths [108.0, 9.0, 0.0, 3.0, 0.0, 0.0, 364.0, 0.0, 0.0], ate [9.886, 0.0, 0.952, 503.053, 1.072, 0.0], catches 43867 presses 0 breaks 0 killed 0 riders 0, secs 20.9/1.6/12.8/1.4
  secs: air 1.7, water 0.9, life 44.3, sums 0.3
year  29: land 16.3 C, rain 2593 mm, evap 52, transp 30, to sea 2503, land bio 0.416, cover 0.82/0.97, h 2.2, eaters 9.71e-6, burnt 0, genotypes 2602/59, leading 166, mutants 0.001, errs w 6e-15 A 9e-15 C 2e-14, 47.2 s
  life secs: accumulate 0.2, cells 4.0, fire 0.0, eaters 0.4, seeds 0.4
  bodies 2473 (248623908 animals, 52.2% of land cells, 52% at sea), genotypes 193, births 293, splits 82, deaths [158.0, 2.0, 5.0, 4.0, 0.0, 0.0, 245.0, 0.0, 0.0], ate [11.181, 0.0, 1.044, 452.639, 0.356, 0.0], catches 51987 presses 0 breaks 0 killed 0 riders 0, secs 21.5/1.7/13.3/1.4
  secs: air 1.6, water 0.9, life 40.3, sums 0.2
year  30: land 16.4 C, rain 2446 mm, evap 53, transp 28, to sea 2367, land bio 0.402, cover 0.82/0.97, h 2.3, eaters 7.20e-6, burnt 0, genotypes 2602/84, leading 163, mutants 0.001, errs w 2e-14 A 1e-14 C 8e-15, 43.1 s
  life secs: accumulate 0.2, cells 3.8, fire 0.0, eaters 0.3, seeds 0.4
  bodies 2185 (244565049 animals, 50.7% of land cells, 48% at sea), genotypes 199, births 180, splits 53, deaths [166.0, 0.0, 2.0, 3.0, 0.0, 0.0, 350.0, 0.0, 0.0], ate [11.652, 0.0, 1.124, 432.034, 0.324, 0.0], catches 95223 presses 0 breaks 0 killed 0 riders 0, secs 19.3/1.6/12.1/1.3
done: experiments/e111_holds/results/read/decay10_noreach in 645 s
