terrain: 128x128, 1639 land cells, 22 in basins, 0.0 s
  secs: air 1.1, water 0.6, life 0.0, sums 0.1
year   1: land 10.6 C, rain 1957 mm, evap 45, transp 0, to sea 1817, land bio 0.000, cover 0.00/0.00, h 0.0, eaters 0.00e0, burnt 0, genotypes 0/0, leading 0, mutants -0.000, errs w 5e-14 A 1e-15 C 0e0, 1.9 s
  life secs: accumulate 0.0, cells 0.0, fire 0.0, eaters 0.0, seeds 0.0
  secs: air 1.1, water 0.6, life 0.0, sums 0.1
year   2: land 13.3 C, rain 2128 mm, evap 52, transp 0, to sea 2074, land bio 0.000, cover 0.00/0.00, h 0.0, eaters 0.00e0, burnt 0, genotypes 0/0, leading 0, mutants -0.000, errs w 4e-14 A 4e-16 C 0e0, 1.9 s
  life secs: accumulate 0.0, cells 0.0, fire 0.0, eaters 0.0, seeds 0.0
  secs: air 1.1, water 0.7, life 3.3, sums 0.2
year   3: land 15.0 C, rain 2194 mm, evap 56, transp 2, to sea 2135, land bio 0.007, cover 0.15/0.61, h 0.9, eaters 3.46e-7, burnt 0, genotypes 732/71, leading 251, mutants -0.000, errs w 3e-14 A 1e-14 C 2e-13, 5.3 s
  life secs: accumulate 0.1, cells 2.5, fire 0.0, eaters 0.5, seeds 0.2
  secs: air 1.2, water 0.7, life 3.0, sums 0.2
year   4: land 16.4 C, rain 2231 mm, evap 58, transp 8, to sea 2166, land bio 0.024, cover 0.35/0.66, h 1.1, eaters 4.73e-9, burnt 0, genotypes 836/64, leading 260, mutants 0.000, errs w 4e-14 A 9e-15 C 7e-14, 5.1 s
  life secs: accumulate 0.1, cells 2.5, fire 0.0, eaters 0.1, seeds 0.3
  secs: air 1.2, water 0.7, life 2.7, sums 0.2
year   5: land 17.9 C, rain 2122 mm, evap 59, transp 17, to sea 2048, land bio 0.054, cover 0.52/0.70, h 1.2, eaters 1.40e-9, burnt 1, genotypes 958/56, leading 260, mutants 0.000, errs w 4e-14 A 5e-15 C 5e-14, 4.7 s
  life secs: accumulate 0.1, cells 2.3, fire 0.0, eaters 0.0, seeds 0.3
  secs: air 1.1, water 0.7, life 2.7, sums 0.2
year   6: land 18.0 C, rain 3140 mm, evap 57, transp 30, to sea 3039, land bio 0.099, cover 0.65/0.72, h 1.3, eaters 1.38e-8, burnt 0, genotypes 1035/30, leading 249, mutants 0.001, errs w 5e-15 A 9e-16 C 7e-14, 4.6 s
  life secs: accumulate 0.1, cells 2.2, fire 0.0, eaters 0.0, seeds 0.3
  secs: air 1.1, water 0.7, life 2.6, sums 0.2
year   7: land 17.7 C, rain 2697 mm, evap 53, transp 43, to sea 2610, land bio 0.153, cover 0.74/0.74, h 1.4, eaters 5.07e-7, burnt 0, genotypes 1131/31, leading 248, mutants 0.001, errs w 3e-14 A 2e-14 C 2e-16, 4.6 s
  life secs: accumulate 0.1, cells 2.2, fire 0.0, eaters 0.0, seeds 0.3
  secs: air 1.1, water 0.7, life 2.7, sums 0.2
year   8: land 17.6 C, rain 2815 mm, evap 49, transp 56, to sea 2707, land bio 0.219, cover 0.80/0.75, h 1.5, eaters 5.59e-6, burnt 0, genotypes 1240/62, leading 247, mutants 0.001, errs w 3e-14 A 2e-14 C 4e-14, 4.7 s
  life secs: accumulate 0.1, cells 2.2, fire 0.0, eaters 0.1, seeds 0.3
  secs: air 1.1, water 0.7, life 2.8, sums 0.2
year   9: land 17.2 C, rain 3287 mm, evap 47, transp 65, to sea 3169, land bio 0.287, cover 0.83/0.75, h 1.6, eaters 3.40e-5, burnt 0, genotypes 1417/94, leading 245, mutants 0.001, errs w 4e-14 A 1e-14 C 3e-14, 4.7 s
  life secs: accumulate 0.1, cells 2.2, fire 0.0, eaters 0.1, seeds 0.3
  secs: air 1.1, water 0.7, life 2.9, sums 0.2
year  10: land 18.1 C, rain 3233 mm, evap 48, transp 67, to sea 3120, land bio 0.348, cover 0.85/0.76, h 1.8, eaters 8.15e-5, burnt 0, genotypes 1503/144, leading 241, mutants 0.001, errs w 5e-14 A 1e-14 C 9e-15, 4.9 s
  life secs: accumulate 0.1, cells 2.3, fire 0.0, eaters 0.2, seeds 0.3
  secs: air 1.1, water 0.7, life 2.9, sums 0.2
year  11: land 18.6 C, rain 2717 mm, evap 49, transp 64, to sea 2611, land bio 0.409, cover 0.88/0.76, h 1.9, eaters 7.80e-5, burnt 0, genotypes 1591/246, leading 243, mutants 0.001, errs w 7e-14 A 4e-14 C 4e-14, 4.9 s
  life secs: accumulate 0.1, cells 2.3, fire 0.0, eaters 0.3, seeds 0.3
  secs: air 1.1, water 0.7, life 3.0, sums 0.2
year  12: land 18.1 C, rain 3196 mm, evap 48, transp 67, to sea 3074, land bio 0.470, cover 0.90/0.76, h 1.9, eaters 9.31e-5, burnt 0, genotypes 1694/252, leading 248, mutants 0.001, errs w 7e-14 A 2e-14 C 1e-15, 5.0 s
  life secs: accumulate 0.1, cells 2.4, fire 0.0, eaters 0.3, seeds 0.3
  secs: air 1.2, water 0.7, life 3.1, sums 0.2
year  13: land 18.0 C, rain 3045 mm, evap 47, transp 66, to sea 2935, land bio 0.526, cover 0.91/0.76, h 1.9, eaters 1.04e-4, burnt 0, genotypes 1834/334, leading 248, mutants 0.001, errs w 3e-14 A 5e-14 C 3e-14, 5.1 s
  life secs: accumulate 0.1, cells 2.4, fire 0.0, eaters 0.3, seeds 0.3
  secs: air 1.1, water 0.7, life 3.1, sums 0.2
year  14: land 16.9 C, rain 2655 mm, evap 45, transp 71, to sea 2544, land bio 0.578, cover 0.91/0.76, h 1.9, eaters 1.52e-4, burnt 0, genotypes 1951/223, leading 242, mutants 0.001, errs w 6e-14 A 5e-15 C 3e-14, 5.1 s
  life secs: accumulate 0.1, cells 2.4, fire 0.0, eaters 0.3, seeds 0.3
  secs: air 1.1, water 0.7, life 3.1, sums 0.2
year  15: land 17.2 C, rain 2834 mm, evap 46, transp 66, to sea 2719, land bio 0.614, cover 0.91/0.76, h 2.0, eaters 1.73e-4, burnt 0, genotypes 2105/198, leading 232, mutants 0.001, errs w 7e-14 A 2e-14 C 2e-14, 5.1 s
  life secs: accumulate 0.1, cells 2.4, fire 0.0, eaters 0.4, seeds 0.3
bodies sown: 27 (no form 56, no soil 217, no water 0)
  secs: air 1.2, water 0.7, life 7.8, sums 0.2
year  16: land 16.2 C, rain 3057 mm, evap 44, transp 67, to sea 2943, land bio 0.638, cover 0.89/0.76, h 2.0, eaters 2.02e-4, burnt 0, genotypes 2090/178, leading 231, mutants 0.000, errs w 9e-14 A 8e-15 C 3e-15, 9.9 s
  life secs: accumulate 0.1, cells 2.6, fire 0.0, eaters 0.4, seeds 0.3
  bodies 367 (710569984 animals, 8.4% of land cells, 56% at sea), genotypes 50, births 292, splits 74, deaths [8.0, 7.0, 6.0, 2.0, 0.0, 0.0, 2.0, 0.0, 1.0], ate [0.462, 3.156, 1.182, 46.337, 0.004, 0.006], catches 31301 presses 17318 breaks 1 killed 288680 riders 17318, secs 1.6/0.1/1.6/0.1
  secs: air 1.2, water 0.7, life 18.1, sums 0.2
year  17: land 16.3 C, rain 3557 mm, evap 45, transp 63, to sea 3442, land bio 0.578, cover 0.79/0.76, h 2.1, eaters 1.77e-4, burnt 0, genotypes 2095/216, leading 233, mutants 0.000, errs w 7e-14 A 2e-14 C 1e-14, 20.3 s
  life secs: accumulate 0.1, cells 2.2, fire 0.0, eaters 0.4, seeds 0.3
  bodies 2422 (689395678 animals, 38.3% of land cells, 53% at sea), genotypes 191, births 1758, splits 541, deaths [23.0, 82.0, 59.0, 0.0, 0.0, 11.0, 50.0, 0.0, 19.0], ate [6.616, 40.985, 21.754, 383.899, 0.199, 0.624], catches 52204 presses 15362 breaks 23 killed 4549846 riders 14246, secs 6.9/0.6/5.7/0.8
  secs: air 1.1, water 0.7, life 26.4, sums 0.2
year  18: land 15.5 C, rain 3587 mm, evap 46, transp 54, to sea 3487, land bio 0.495, cover 0.68/0.75, h 2.1, eaters 1.42e-4, burnt 0, genotypes 1984/182, leading 232, mutants 0.000, errs w 1e-13 A 8e-15 C 3e-14, 28.4 s
  life secs: accumulate 0.1, cells 1.8, fire 0.0, eaters 0.4, seeds 0.2
  bodies 3077 (812536336 animals, 40.1% of land cells, 62% at sea), genotypes 239, births 672, splits 316, deaths [252.0, 2.0, 22.0, 8.0, 0.0, 8.0, 14.0, 0.0, 27.0], ate [11.899, 49.71, 23.447, 526.348, 0.46, 0.408], catches 181990 presses 4706 breaks 22 killed 3896599 riders 2028, secs 11.7/1.2/8.3/1.7
  secs: air 1.1, water 0.7, life 24.7, sums 0.2
year  19: land 14.3 C, rain 3930 mm, evap 46, transp 46, to sea 3833, land bio 0.457, cover 0.63/0.75, h 2.1, eaters 1.24e-4, burnt 0, genotypes 2000/138, leading 230, mutants 0.000, errs w 7e-14 A 3e-15 C 3e-14, 26.7 s
  life secs: accumulate 0.1, cells 1.7, fire 0.0, eaters 0.4, seeds 0.2
  bodies 2770 (375337378 animals, 40.2% of land cells, 63% at sea), genotypes 238, births 344, splits 138, deaths [718.0, 0.0, 6.0, 14.0, 0.0, 9.0, 18.0, 0.0, 24.0], ate [7.929, 26.834, 15.525, 481.643, 0.728, 0.218], catches 186202 presses 3329 breaks 20 killed 2712182 riders 1648, secs 11.0/1.2/7.9/1.2
  secs: air 1.1, water 0.7, life 22.2, sums 0.2
year  20: land 14.2 C, rain 4027 mm, evap 47, transp 41, to sea 3938, land bio 0.449, cover 0.60/0.78, h 2.1, eaters 1.18e-4, burnt 0, genotypes 2079/136, leading 218, mutants 0.000, errs w 7e-14 A 9e-15 C 9e-15, 24.2 s
  life secs: accumulate 0.1, cells 1.7, fire 0.0, eaters 0.4, seeds 0.3
  bodies 2502 (349371817 animals, 35.6% of land cells, 65% at sea), genotypes 224, births 288, splits 109, deaths [623.0, 0.0, 0.0, 21.0, 0.0, 1.0, 11.0, 0.0, 9.0], ate [5.755, 18.657, 14.085, 433.041, 0.494, 0.024], catches 41177 presses 695 breaks 4 killed 147 riders 308, secs 9.7/1.0/7.1/0.9
  secs: air 1.1, water 0.7, life 21.7, sums 0.2
year  21: land 14.9 C, rain 3444 mm, evap 48, transp 39, to sea 3363, land bio 0.436, cover 0.59/0.82, h 2.1, eaters 1.00e-4, burnt 0, genotypes 2286/125, leading 199, mutants 0.000, errs w 5e-14 A 3e-14 C 9e-15, 23.7 s
  life secs: accumulate 0.1, cells 1.7, fire 0.0, eaters 0.4, seeds 0.2
  bodies 2570 (296396235 animals, 36.1% of land cells, 65% at sea), genotypes 242, births 504, splits 121, deaths [528.0, 1.0, 1.0, 14.0, 0.0, 1.0, 10.0, 0.0, 2.0], ate [5.933, 20.238, 14.161, 417.165, 0.429, 0.003], catches 21493 presses 133 breaks 1 killed 265180 riders 33, secs 9.4/1.0/6.9/0.9
  secs: air 1.1, water 0.7, life 22.7, sums 0.2
year  22: land 14.5 C, rain 3147 mm, evap 48, transp 38, to sea 3063, land bio 0.426, cover 0.60/0.88, h 2.1, eaters 9.47e-5, burnt 0, genotypes 2550/106, leading 177, mutants 0.000, errs w 6e-14 A 5e-15 C 1e-14, 24.7 s
  life secs: accumulate 0.1, cells 1.8, fire 0.0, eaters 0.4, seeds 0.2
  bodies 2780 (309017307 animals, 39.4% of land cells, 62% at sea), genotypes 274, births 659, splits 170, deaths [581.0, 0.0, 1.0, 19.0, 0.0, 0.0, 18.0, 0.0, 0.0], ate [5.659, 18.615, 12.939, 415.233, 0.409, 0.0], catches 10773 presses 0 breaks 0 killed 0 riders 0, secs 10.0/1.0/7.2/0.9
  secs: air 1.1, water 0.7, life 23.3, sums 0.2
year  23: land 15.6 C, rain 2802 mm, evap 50, transp 35, to sea 2721, land bio 0.414, cover 0.61/0.91, h 2.1, eaters 7.70e-5, burnt 0, genotypes 2767/91, leading 176, mutants 0.000, errs w 6e-14 A 1e-14 C 1e-16, 25.3 s
  life secs: accumulate 0.1, cells 1.7, fire 0.0, eaters 0.3, seeds 0.2
  bodies 2795 (303320050 animals, 41.3% of land cells, 63% at sea), genotypes 264, births 585, splits 141, deaths [667.0, 2.0, 0.0, 25.0, 0.0, 0.0, 17.0, 0.0, 0.0], ate [5.033, 17.366, 13.267, 398.471, 0.471, 0.0], catches 23382 presses 0 breaks 0 killed 0 riders 0, secs 10.4/1.1/7.5/1.0
  secs: air 1.1, water 0.7, life 23.5, sums 0.2
year  24: land 15.6 C, rain 2251 mm, evap 50, transp 35, to sea 2175, land bio 0.392, cover 0.61/0.92, h 2.2, eaters 7.51e-5, burnt 0, genotypes 2808/93, leading 172, mutants 0.000, errs w 6e-14 A 2e-14 C 3e-14, 25.5 s
  life secs: accumulate 0.1, cells 1.8, fire 0.0, eaters 0.3, seeds 0.2
  bodies 2880 (318523966 animals, 48.7% of land cells, 57% at sea), genotypes 293, births 634, splits 159, deaths [565.0, 0.0, 1.0, 13.0, 0.0, 0.0, 129.0, 0.0, 0.0], ate [7.017, 22.524, 16.751, 400.453, 0.432, 0.0], catches 4155 presses 0 breaks 0 killed 0 riders 0, secs 10.3/1.1/7.7/1.0
  secs: air 1.1, water 0.7, life 26.9, sums 0.2
year  25: land 14.8 C, rain 2503 mm, evap 50, transp 30, to sea 2417, land bio 0.334, cover 0.57/0.93, h 2.2, eaters 5.68e-5, burnt 0, genotypes 2715/104, leading 175, mutants 0.001, errs w 8e-14 A 3e-14 C 3e-14, 28.9 s
  life secs: accumulate 0.1, cells 1.7, fire 0.0, eaters 0.3, seeds 0.3
  bodies 3295 (367026813 animals, 62.5% of land cells, 46% at sea), genotypes 310, births 703, splits 243, deaths [423.0, 0.0, 2.0, 19.0, 0.0, 0.0, 87.0, 0.0, 0.0], ate [11.619, 37.167, 20.09, 416.502, 0.366, 0.0], catches 6007 presses 0 breaks 0 killed 0 riders 0, secs 11.8/1.2/8.9/1.5
  secs: air 1.1, water 0.7, life 28.7, sums 0.2
year  26: land 14.0 C, rain 2251 mm, evap 50, transp 21, to sea 2186, land bio 0.281, cover 0.53/0.92, h 2.2, eaters 3.58e-5, burnt 0, genotypes 2613/101, leading 176, mutants 0.001, errs w 9e-14 A 6e-15 C 2e-15, 30.7 s
  life secs: accumulate 0.1, cells 1.7, fire 0.0, eaters 0.3, seeds 0.2
  bodies 3112 (346211406 animals, 67.5% of land cells, 39% at sea), genotypes 288, births 375, splits 150, deaths [395.0, 0.0, 6.0, 14.0, 0.0, 0.0, 293.0, 0.0, 0.0], ate [12.128, 27.558, 16.214, 409.517, 0.823, 0.0], catches 6656 presses 0 breaks 0 killed 0 riders 0, secs 12.8/1.3/9.7/1.5
  secs: air 1.1, water 0.7, life 25.8, sums 0.2
year  27: land 15.7 C, rain 2449 mm, evap 54, transp 14, to sea 2376, land bio 0.245, cover 0.48/0.93, h 2.3, eaters 1.70e-5, burnt 0, genotypes 2633/107, leading 171, mutants 0.001, errs w 7e-14 A 1e-14 C 1e-14, 27.8 s
  life secs: accumulate 0.1, cells 1.7, fire 0.0, eaters 0.3, seeds 0.2
  bodies 2571 (278343305 animals, 61.1% of land cells, 39% at sea), genotypes 237, births 189, splits 150, deaths [522.0, 3.0, 1.0, 7.0, 0.0, 0.0, 347.0, 0.0, 0.0], ate [11.312, 25.626, 14.189, 381.149, 1.589, 0.0], catches 23530 presses 0 breaks 0 killed 0 riders 0, secs 11.3/1.2/8.9/1.0
  secs: air 1.1, water 0.7, life 22.0, sums 0.2
year  28: land 16.7 C, rain 2243 mm, evap 57, transp 12, to sea 2177, land bio 0.209, cover 0.42/0.96, h 2.1, eaters 1.19e-5, burnt 0, genotypes 2748/92, leading 167, mutants 0.001, errs w 7e-14 A 4e-15 C 2e-14, 23.9 s
  life secs: accumulate 0.1, cells 1.7, fire 0.0, eaters 0.2, seeds 0.2
  bodies 2291 (226254899 animals, 55.2% of land cells, 41% at sea), genotypes 226, births 368, splits 378, deaths [511.0, 3.0, 3.0, 2.0, 0.0, 0.0, 507.0, 0.0, 0.0], ate [10.464, 37.165, 13.908, 400.624, 2.0, 0.0], catches 23729 presses 0 breaks 0 killed 0 riders 0, secs 9.3/1.0/7.6/0.8
  secs: air 1.1, water 0.7, life 21.1, sums 0.2
year  29: land 16.3 C, rain 2591 mm, evap 57, transp 11, to sea 2516, land bio 0.168, cover 0.36/0.99, h 2.1, eaters 1.95e-5, burnt 0, genotypes 3076/110, leading 155, mutants 0.001, errs w 6e-14 A 2e-14 C 2e-14, 23.1 s
  life secs: accumulate 0.1, cells 1.6, fire 0.0, eaters 0.2, seeds 0.2
  bodies 2489 (218972224 animals, 54.9% of land cells, 47% at sea), genotypes 239, births 517, splits 705, deaths [336.0, 22.0, 1.0, 1.0, 0.0, 0.0, 664.0, 0.0, 0.0], ate [11.451, 41.157, 13.639, 475.28, 1.957, 0.0], catches 2404 presses 0 breaks 0 killed 0 riders 0, secs 8.9/1.0/7.2/0.8
  secs: air 1.1, water 0.7, life 23.6, sums 0.2
year  30: land 16.4 C, rain 2443 mm, evap 57, transp 9, to sea 2379, land bio 0.136, cover 0.32/1.00, h 2.1, eaters 2.26e-5, burnt 0, genotypes 3300/166, leading 140, mutants 0.001, errs w 4e-14 A 1e-14 C 6e-16, 25.6 s
  life secs: accumulate 0.1, cells 1.6, fire 0.0, eaters 0.3, seeds 0.2
  bodies 3018 (274890734 animals, 52.7% of land cells, 55% at sea), genotypes 285, births 1031, splits 511, deaths [370.0, 109.0, 2.0, 3.0, 0.0, 0.0, 529.0, 0.0, 0.0], ate [9.833, 33.543, 11.785, 512.912, 2.374, 0.0], catches 5564 presses 0 breaks 0 killed 0 riders 0, secs 10.4/1.1/7.8/1.0
done: experiments/e111_holds/results/read/decay10 in 437 s
