terrain: 128x128, 1639 land cells, 22 in basins, 0.0 s
  secs: air 1.5, water 0.8, life 0.0, sums 0.2
year   1: land 10.6 C, rain 1957 mm, evap 45, transp 0, to sea 1817, land bio 0.000, cover 0.00/0.00, h 0.0, eaters 0.00e0, burnt 0, genotypes 0/0, leading 0, mutants -0.000, errs w 5e-14 A 1e-15 C 0e0, 2.5 s
  life secs: accumulate 0.0, cells 0.0, fire 0.0, eaters 0.0, seeds 0.0
  secs: air 1.5, water 0.8, life 0.0, sums 0.2
year   2: land 13.3 C, rain 2128 mm, evap 52, transp 0, to sea 2074, land bio 0.000, cover 0.00/0.00, h 0.0, eaters 0.00e0, burnt 0, genotypes 0/0, leading 0, mutants -0.000, errs w 4e-14 A 4e-16 C 0e0, 2.5 s
  life secs: accumulate 0.0, cells 0.0, fire 0.0, eaters 0.0, seeds 0.0
  secs: air 1.4, water 0.7, life 5.0, sums 0.2
year   3: land 15.0 C, rain 2194 mm, evap 56, transp 2, to sea 2135, land bio 0.007, cover 0.15/0.54, h 0.9, eaters 3.46e-7, burnt 0, genotypes 780/67, leading 253, mutants -0.000, errs w 3e-14 A 6e-15 C 1e-13, 7.4 s
  life secs: accumulate 0.1, cells 4.0, fire 0.0, eaters 0.6, seeds 0.3
  secs: air 1.5, water 0.8, life 4.7, sums 0.2
year   4: land 16.4 C, rain 2231 mm, evap 58, transp 6, to sea 2167, land bio 0.019, cover 0.33/0.60, h 1.2, eaters 4.27e-9, burnt 0, genotypes 835/64, leading 256, mutants 0.000, errs w 5e-14 A 2e-14 C 5e-14, 7.1 s
  life secs: accumulate 0.1, cells 4.1, fire 0.0, eaters 0.1, seeds 0.3
  secs: air 1.5, water 0.8, life 4.2, sums 0.2
year   5: land 17.9 C, rain 2121 mm, evap 60, transp 12, to sea 2051, land bio 0.041, cover 0.49/0.64, h 1.3, eaters 1.78e-10, burnt 0, genotypes 926/52, leading 255, mutants 0.001, errs w 6e-14 A 8e-15 C 8e-15, 6.6 s
  life secs: accumulate 0.1, cells 3.8, fire 0.0, eaters 0.0, seeds 0.3
  secs: air 1.5, water 0.8, life 4.2, sums 0.2
year   6: land 18.0 C, rain 3138 mm, evap 59, transp 22, to sea 3044, land bio 0.073, cover 0.60/0.67, h 1.4, eaters 2.03e-10, burnt 0, genotypes 1001/27, leading 251, mutants 0.001, errs w 4e-14 A 2e-14 C 3e-14, 6.6 s
  life secs: accumulate 0.1, cells 3.7, fire 0.0, eaters 0.0, seeds 0.3
  secs: air 1.5, water 0.8, life 4.1, sums 0.2
year   7: land 17.7 C, rain 2695 mm, evap 55, transp 31, to sea 2617, land bio 0.112, cover 0.70/0.68, h 1.5, eaters 1.44e-9, burnt 0, genotypes 1074/16, leading 253, mutants 0.001, errs w 8e-14 A 7e-15 C 1e-14, 6.5 s
  life secs: accumulate 0.1, cells 3.6, fire 0.0, eaters 0.0, seeds 0.3
  secs: air 1.5, water 0.8, life 4.2, sums 0.2
year   8: land 17.6 C, rain 2813 mm, evap 52, transp 42, to sea 2716, land bio 0.158, cover 0.76/0.69, h 1.6, eaters 1.67e-8, burnt 0, genotypes 1224/26, leading 252, mutants 0.001, errs w 8e-14 A 1e-14 C 4e-15, 6.6 s
  life secs: accumulate 0.1, cells 3.7, fire 0.0, eaters 0.0, seeds 0.4
  secs: air 1.4, water 0.7, life 4.2, sums 0.2
year   9: land 17.2 C, rain 3285 mm, evap 50, transp 49, to sea 3179, land bio 0.206, cover 0.79/0.70, h 1.7, eaters 3.27e-7, burnt 0, genotypes 1342/41, leading 246, mutants 0.001, errs w 6e-14 A 2e-14 C 7e-15, 6.6 s
  life secs: accumulate 0.1, cells 3.7, fire 0.0, eaters 0.0, seeds 0.3
  secs: air 1.5, water 0.8, life 4.3, sums 0.2
year  10: land 18.1 C, rain 3231 mm, evap 51, transp 55, to sea 3128, land bio 0.262, cover 0.82/0.70, h 1.7, eaters 1.43e-5, burnt 0, genotypes 1395/89, leading 243, mutants 0.001, errs w 7e-14 A 8e-15 C 3e-14, 6.6 s
  life secs: accumulate 0.1, cells 3.7, fire 0.0, eaters 0.1, seeds 0.3
  secs: air 1.4, water 0.7, life 4.4, sums 0.2
year  11: land 18.6 C, rain 2716 mm, evap 51, transp 57, to sea 2616, land bio 0.316, cover 0.85/0.70, h 1.8, eaters 3.13e-5, burnt 0, genotypes 1520/110, leading 240, mutants 0.001, errs w 6e-14 A 3e-14 C 9e-15, 6.7 s
  life secs: accumulate 0.1, cells 3.8, fire 0.0, eaters 0.2, seeds 0.3
  secs: air 1.5, water 0.8, life 4.4, sums 0.2
year  12: land 18.1 C, rain 3195 mm, evap 50, transp 59, to sea 3079, land bio 0.360, cover 0.87/0.70, h 1.8, eaters 5.24e-5, burnt 0, genotypes 1612/136, leading 240, mutants 0.001, errs w 8e-14 A 2e-14 C 1e-14, 6.8 s
  life secs: accumulate 0.1, cells 3.8, fire 0.0, eaters 0.2, seeds 0.3
  secs: air 1.4, water 0.7, life 4.5, sums 0.2
year  13: land 18.0 C, rain 3043 mm, evap 49, transp 58, to sea 2940, land bio 0.403, cover 0.88/0.71, h 1.9, eaters 4.84e-5, burnt 0, genotypes 1636/181, leading 242, mutants 0.001, errs w 7e-14 A 7e-15 C 1e-14, 6.9 s
  life secs: accumulate 0.1, cells 3.8, fire 0.0, eaters 0.3, seeds 0.3
  secs: air 1.5, water 0.8, life 4.6, sums 0.2
year  14: land 16.9 C, rain 2653 mm, evap 47, transp 62, to sea 2550, land bio 0.434, cover 0.88/0.71, h 1.9, eaters 1.07e-4, burnt 0, genotypes 1699/221, leading 242, mutants 0.001, errs w 1e-13 A 2e-14 C 1e-14, 7.0 s
  life secs: accumulate 0.1, cells 3.9, fire 0.0, eaters 0.4, seeds 0.3
  secs: air 1.5, water 0.8, life 4.7, sums 0.2
year  15: land 17.2 C, rain 2833 mm, evap 48, transp 57, to sea 2725, land bio 0.464, cover 0.89/0.71, h 1.9, eaters 1.02e-4, burnt 0, genotypes 1674/235, leading 239, mutants 0.001, errs w 1e-13 A 7e-16 C 2e-14, 7.1 s
  life secs: accumulate 0.1, cells 3.8, fire 0.0, eaters 0.4, seeds 0.3
bodies sown: 25 (no form 56, no soil 219, no water 0)
  secs: air 1.6, water 0.8, life 11.8, sums 0.2
year  16: land 16.2 C, rain 3056 mm, evap 46, transp 60, to sea 2948, land bio 0.485, cover 0.85/0.70, h 2.0, eaters 1.08e-4, burnt 0, genotypes 1702/182, leading 241, mutants 0.001, errs w 1e-13 A 2e-14 C 2e-14, 14.5 s
  life secs: accumulate 0.1, cells 4.4, fire 0.0, eaters 0.5, seeds 0.3
  bodies 841 (9685441578 animals, 17.0% of land cells, 56% at sea), genotypes 88, births 742, splits 121, deaths [4.0, 24.0, 7.0, 0.0, 0.0, 1.0, 3.0, 0.0, 8.0], ate [0.074, 1.046, 0.408, 93.609, 0.01, 0.032], catches 111001 presses 87916 breaks 6 killed 1732080 riders 87665, secs 2.4/0.2/2.3/0.1
  secs: air 1.6, water 0.9, life 43.7, sums 0.2
year  17: land 16.3 C, rain 3556 mm, evap 46, transp 58, to sea 3446, land bio 0.468, cover 0.74/0.69, h 2.0, eaters 1.13e-4, burnt 0, genotypes 1683/141, leading 244, mutants 0.001, errs w 7e-14 A 4e-15 C 4e-14, 46.4 s
  life secs: accumulate 0.2, cells 4.1, fire 0.0, eaters 0.5, seeds 0.3
  bodies 3496 (886180149 animals, 46.7% of land cells, 55% at sea), genotypes 279, births 2184, splits 648, deaths [39.0, 54.0, 7.0, 0.0, 0.0, 2.0, 68.0, 0.0, 7.0], ate [4.548, 18.181, 13.299, 624.663, 0.19, 0.052], catches 203393 presses 42249 breaks 6 killed 1443616 riders 42012, secs 19.5/1.6/13.6/2.5
  secs: air 1.6, water 0.9, life 65.8, sums 0.3
year  18: land 15.5 C, rain 3587 mm, evap 47, transp 49, to sea 3491, land bio 0.423, cover 0.67/0.68, h 2.1, eaters 8.24e-5, burnt 0, genotypes 1620/127, leading 241, mutants 0.001, errs w 9e-14 A 2e-14 C 8e-15, 68.6 s
  life secs: accumulate 0.2, cells 3.9, fire 0.0, eaters 0.5, seeds 0.3
  bodies 3543 (857626871 animals, 49.1% of land cells, 58% at sea), genotypes 307, births 593, splits 279, deaths [757.0, 0.0, 11.0, 16.0, 0.0, 0.0, 41.0, 0.0, 0.0], ate [8.564, 26.149, 14.365, 571.224, 0.63, 0.003], catches 172550 presses 1333 breaks 0 killed 0 riders 1280, secs 33.2/2.9/20.0/3.3
  secs: air 1.5, water 0.9, life 53.2, sums 0.3
year  19: land 14.3 C, rain 3930 mm, evap 46, transp 42, to sea 3836, land bio 0.399, cover 0.62/0.67, h 2.1, eaters 7.22e-5, burnt 1, genotypes 1575/94, leading 242, mutants 0.001, errs w 1e-13 A 1e-14 C 3e-14, 55.8 s
  life secs: accumulate 0.2, cells 3.4, fire 0.0, eaters 0.5, seeds 0.3
  bodies 3003 (374325312 animals, 47.2% of land cells, 55% at sea), genotypes 285, births 445, splits 137, deaths [1056.0, 0.0, 3.0, 19.0, 0.0, 0.0, 44.0, 0.0, 0.0], ate [5.417, 16.38, 9.918, 471.242, 1.019, 0.0], catches 81866 presses 6044 breaks 0 killed 0 riders 6044, secs 26.1/2.2/17.1/2.0
  secs: air 1.4, water 0.8, life 43.1, sums 0.2
year  20: land 14.2 C, rain 4026 mm, evap 47, transp 36, to sea 3942, land bio 0.378, cover 0.59/0.66, h 2.1, eaters 6.81e-5, burnt 0, genotypes 1560/74, leading 238, mutants 0.001, errs w 1e-13 A 6e-15 C 2e-14, 45.7 s
  life secs: accumulate 0.1, cells 2.9, fire 0.0, eaters 0.4, seeds 0.3
  bodies 2653 (284869000 animals, 47.0% of land cells, 49% at sea), genotypes 283, births 426, splits 113, deaths [845.0, 0.0, 1.0, 26.0, 0.0, 0.0, 17.0, 0.0, 0.0], ate [4.824, 13.772, 8.497, 386.461, 0.566, 0.0], catches 37658 presses 22681 breaks 0 killed 0 riders 22681, secs 20.6/1.6/14.3/1.5
designed body 698: adult 9.98 kg, voxels 56, frame 0.10 muscle 0.61 gut 0.19 fat 0.05, legs 0.400, bite 0.671, mouth 3.93, tip 0.28, pull [1.989990234375, -2.989990234375, -1.989990234375, 0.0, 0.0, 0.0], press [1.0, 0.0, -3.97998046875, 0.0, 0.0, 0.0]
designed bodies put in: 50 of 50, 100 animals each
  secs: air 1.4, water 0.8, life 8.4, sums 0.2
year  21: land 14.9 C, rain 3444 mm, evap 49, transp 37, to sea 3365, land bio 0.404, cover 0.64/0.69, h 2.0, eaters 6.17e-5, burnt 0, genotypes 1777/81, leading 235, mutants 0.001, errs w 7e-14 A 6e-15 C 4e-14, 10.8 s
  life secs: accumulate 0.1, cells 3.0, fire 0.0, eaters 0.4, seeds 0.3
  bodies 1 (100 animals, 0.0% of land cells, 100% at sea), genotypes 1, births 317, splits 0, deaths [291.0, 0.0, 6.0, 32.0, 0.0, 0.0, 0.0, 0.0, 2690.0], ate [0.288, 1.712, 0.282, 26.802, 0.261, 3.828], catches 103513 presses 3208 breaks 3203 killed 284817024 riders 1560, secs 1.7/0.1/1.4/0.1
  secs: air 1.4, water 0.8, life 6.8, sums 0.2
year  22: land 14.5 C, rain 3149 mm, evap 47, transp 46, to sea 3058, land bio 0.438, cover 0.72/0.78, h 2.0, eaters 8.87e-5, burnt 0, genotypes 2327/86, leading 218, mutants 0.001, errs w 7e-14 A 8e-15 C 1e-14, 9.2 s
  life secs: accumulate 0.1, cells 2.9, fire 0.0, eaters 0.4, seeds 0.3
  bodies 0 (0 animals, 0.0% of land cells, 0% at sea), genotypes 0, births 0, splits 0, deaths [1.0, 0.0, 0.0, 0.0, 0.0, 0.0, 0.0, 0.0, 0.0], ate [0.0, 0.0, 0.0, 0.007, 0.0, 0.0], catches 0 presses 0 breaks 0 killed 0 riders 0, secs 0.9/0.0/0.9/0.0
  secs: air 1.4, water 0.8, life 6.8, sums 0.2
year  23: land 15.6 C, rain 2805 mm, evap 47, transp 50, to sea 2712, land bio 0.480, cover 0.79/0.88, h 2.0, eaters 9.37e-5, burnt 0, genotypes 2715/119, leading 191, mutants 0.002, errs w 6e-14 A 9e-16 C 7e-15, 9.2 s
  life secs: accumulate 0.1, cells 2.9, fire 0.0, eaters 0.4, seeds 0.3
  bodies 0 (0 animals, 0.0% of land cells, 0% at sea), genotypes 0, births 0, splits 0, deaths [0.0, 0.0, 0.0, 0.0, 0.0, 0.0, 0.0, 0.0, 0.0], ate [0.0, 0.0, 0.0, 0.0, 0.0, 0.0], catches 0 presses 0 breaks 0 killed 0 riders 0, secs 0.9/0.0/0.9/0.0
  secs: air 1.4, water 0.8, life 6.9, sums 0.2
year  24: land 15.6 C, rain 2254 mm, evap 46, transp 55, to sea 2162, land bio 0.509, cover 0.85/0.95, h 1.9, eaters 1.13e-4, burnt 0, genotypes 3094/90, leading 180, mutants 0.002, errs w 4e-14 A 4e-14 C 2e-14, 9.3 s
  life secs: accumulate 0.1, cells 3.0, fire 0.0, eaters 0.4, seeds 0.3
  bodies 0 (0 animals, 0.0% of land cells, 0% at sea), genotypes 0, births 0, splits 0, deaths [0.0, 0.0, 0.0, 0.0, 0.0, 0.0, 0.0, 0.0, 0.0], ate [0.0, 0.0, 0.0, 0.0, 0.0, 0.0], catches 0 presses 0 breaks 0 killed 0 riders 0, secs 0.9/0.0/0.9/0.0
  secs: air 1.4, water 0.8, life 6.9, sums 0.2
year  25: land 14.8 C, rain 2508 mm, evap 44, transp 57, to sea 2400, land bio 0.537, cover 0.86/0.98, h 2.0, eaters 1.37e-4, burnt 2, genotypes 3350/99, leading 178, mutants 0.003, errs w 4e-14 A 3e-14 C 6e-15, 9.3 s
  life secs: accumulate 0.1, cells 3.0, fire 0.0, eaters 0.4, seeds 0.3
  bodies 0 (0 animals, 0.0% of land cells, 0% at sea), genotypes 0, births 0, splits 0, deaths [0.0, 0.0, 0.0, 0.0, 0.0, 0.0, 0.0, 0.0, 0.0], ate [0.0, 0.0, 0.0, 0.0, 0.0, 0.0], catches 0 presses 0 breaks 0 killed 0 riders 0, secs 0.9/0.0/0.9/0.0
  secs: air 1.4, water 0.8, life 6.9, sums 0.2
year  26: land 14.0 C, rain 2257 mm, evap 43, transp 57, to sea 2162, land bio 0.563, cover 0.87/0.99, h 2.1, eaters 1.42e-4, burnt 0, genotypes 3531/107, leading 171, mutants 0.003, errs w 5e-14 A 2e-14 C 9e-16, 9.3 s
  life secs: accumulate 0.1, cells 3.0, fire 0.0, eaters 0.5, seeds 0.3
  bodies 0 (0 animals, 0.0% of land cells, 0% at sea), genotypes 0, births 0, splits 0, deaths [0.0, 0.0, 0.0, 0.0, 0.0, 0.0, 0.0, 0.0, 0.0], ate [0.0, 0.0, 0.0, 0.0, 0.0, 0.0], catches 0 presses 0 breaks 0 killed 0 riders 0, secs 0.9/0.0/0.9/0.0
  secs: air 1.4, water 0.8, life 6.9, sums 0.2
year  27: land 15.7 C, rain 2455 mm, evap 45, transp 57, to sea 2349, land bio 0.599, cover 0.88/1.00, h 2.1, eaters 1.36e-4, burnt 0, genotypes 3802/97, leading 165, mutants 0.003, errs w 6e-14 A 6e-16 C 1e-14, 9.3 s
  life secs: accumulate 0.1, cells 3.0, fire 0.0, eaters 0.4, seeds 0.3
  bodies 0 (0 animals, 0.0% of land cells, 0% at sea), genotypes 0, births 0, splits 0, deaths [0.0, 0.0, 0.0, 0.0, 0.0, 0.0, 0.0, 0.0, 0.0], ate [0.0, 0.0, 0.0, 0.0, 0.0, 0.0], catches 0 presses 0 breaks 0 killed 0 riders 0, secs 0.9/0.0/0.9/0.0
  secs: air 1.4, water 0.8, life 6.9, sums 0.2
year  28: land 16.7 C, rain 2249 mm, evap 46, transp 59, to sea 2148, land bio 0.637, cover 0.89/1.00, h 2.1, eaters 1.35e-4, burnt 0, genotypes 3994/93, leading 161, mutants 0.003, errs w 6e-14 A 2e-14 C 3e-15, 9.3 s
  life secs: accumulate 0.1, cells 3.0, fire 0.0, eaters 0.4, seeds 0.3
  bodies 0 (0 animals, 0.0% of land cells, 0% at sea), genotypes 0, births 0, splits 0, deaths [0.0, 0.0, 0.0, 0.0, 0.0, 0.0, 0.0, 0.0, 0.0], ate [0.0, 0.0, 0.0, 0.0, 0.0, 0.0], catches 0 presses 0 breaks 0 killed 0 riders 0, secs 0.9/0.0/0.9/0.0
  secs: air 1.4, water 0.8, life 6.9, sums 0.2
year  29: land 16.3 C, rain 2598 mm, evap 45, transp 63, to sea 2483, land bio 0.669, cover 0.90/1.00, h 2.1, eaters 1.57e-4, burnt 0, genotypes 4085/80, leading 160, mutants 0.003, errs w 9e-14 A 4e-15 C 2e-14, 9.3 s
  life secs: accumulate 0.1, cells 2.9, fire 0.0, eaters 0.4, seeds 0.3
  bodies 0 (0 animals, 0.0% of land cells, 0% at sea), genotypes 0, births 0, splits 0, deaths [0.0, 0.0, 0.0, 0.0, 0.0, 0.0, 0.0, 0.0, 0.0], ate [0.0, 0.0, 0.0, 0.0, 0.0, 0.0], catches 0 presses 0 breaks 0 killed 0 riders 0, secs 0.9/0.0/0.9/0.0
  secs: air 1.4, water 0.8, life 6.9, sums 0.2
year  30: land 16.4 C, rain 2451 mm, evap 46, transp 63, to sea 2346, land bio 0.701, cover 0.91/1.00, h 2.1, eaters 1.49e-4, burnt 0, genotypes 4128/81, leading 159, mutants 0.004, errs w 1e-13 A 2e-15 C 3e-15, 9.3 s
  life secs: accumulate 0.1, cells 3.0, fire 0.0, eaters 0.4, seeds 0.3
  bodies 0 (0 animals, 0.0% of land cells, 0% at sea), genotypes 0, births 0, splits 0, deaths [0.0, 0.0, 0.0, 0.0, 0.0, 0.0, 0.0, 0.0, 0.0], ate [0.0, 0.0, 0.0, 0.0, 0.0, 0.0], catches 0 presses 0 breaks 0 killed 0 riders 0, secs 0.9/0.0/0.9/0.0
done: experiments/e111_holds/results/read/hunter in 419 s
