terrain: 128x128, 1639 land cells, 22 in basins, 0.0 s
  secs: air 1.3, water 0.8, life 0.0, sums 0.2
year   1: land 10.6 C, rain 1957 mm, evap 45, transp 0, to sea 1817, land bio 0.000, cover 0.00/0.00, h 0.0, eaters 0.00e0, burnt 0, genotypes 0/0, leading 0, mutants -0.000, errs w 5e-14 A 1e-15 C 0e0, 2.3 s
  life secs: accumulate 0.0, cells 0.0, fire 0.0, eaters 0.0, seeds 0.0
  secs: air 1.3, water 0.8, life 0.0, sums 0.2
year   2: land 13.3 C, rain 2128 mm, evap 52, transp 0, to sea 2074, land bio 0.000, cover 0.00/0.00, h 0.0, eaters 0.00e0, burnt 0, genotypes 0/0, leading 0, mutants -0.000, errs w 4e-14 A 4e-16 C 0e0, 2.3 s
  life secs: accumulate 0.0, cells 0.0, fire 0.0, eaters 0.0, seeds 0.0
  secs: air 1.3, water 0.8, life 3.9, sums 0.2
year   3: land 15.0 C, rain 2194 mm, evap 56, transp 2, to sea 2135, land bio 0.007, cover 0.15/0.54, h 0.9, eaters 3.46e-7, burnt 0, genotypes 780/67, leading 253, mutants -0.000, errs w 3e-14 A 6e-15 C 1e-13, 6.1 s
  life secs: accumulate 0.1, cells 2.8, fire 0.0, eaters 0.7, seeds 0.2
  secs: air 1.3, water 0.8, life 3.6, sums 0.2
year   4: land 16.4 C, rain 2231 mm, evap 58, transp 6, to sea 2167, land bio 0.019, cover 0.33/0.60, h 1.2, eaters 4.27e-9, burnt 0, genotypes 835/64, leading 256, mutants 0.000, errs w 5e-14 A 2e-14 C 5e-14, 5.9 s
  life secs: accumulate 0.1, cells 3.0, fire 0.0, eaters 0.1, seeds 0.3
  secs: air 1.3, water 0.8, life 3.2, sums 0.2
year   5: land 17.9 C, rain 2121 mm, evap 60, transp 12, to sea 2051, land bio 0.041, cover 0.49/0.64, h 1.3, eaters 1.78e-10, burnt 0, genotypes 926/52, leading 255, mutants 0.001, errs w 6e-14 A 8e-15 C 8e-15, 5.4 s
  life secs: accumulate 0.1, cells 2.7, fire 0.0, eaters 0.0, seeds 0.3
  secs: air 1.3, water 0.8, life 3.2, sums 0.2
year   6: land 18.0 C, rain 3138 mm, evap 59, transp 22, to sea 3044, land bio 0.073, cover 0.60/0.67, h 1.4, eaters 2.03e-10, burnt 0, genotypes 1001/27, leading 251, mutants 0.001, errs w 4e-14 A 2e-14 C 3e-14, 5.4 s
  life secs: accumulate 0.1, cells 2.7, fire 0.0, eaters 0.0, seeds 0.4
  secs: air 1.3, water 0.8, life 3.2, sums 0.2
year   7: land 17.7 C, rain 2695 mm, evap 55, transp 31, to sea 2617, land bio 0.112, cover 0.70/0.68, h 1.5, eaters 1.44e-9, burnt 0, genotypes 1074/16, leading 253, mutants 0.001, errs w 8e-14 A 7e-15 C 1e-14, 5.4 s
  life secs: accumulate 0.1, cells 2.7, fire 0.0, eaters 0.0, seeds 0.4
  secs: air 1.3, water 0.8, life 3.2, sums 0.2
year   8: land 17.6 C, rain 2813 mm, evap 52, transp 42, to sea 2716, land bio 0.158, cover 0.76/0.69, h 1.6, eaters 1.67e-8, burnt 0, genotypes 1224/26, leading 252, mutants 0.001, errs w 8e-14 A 1e-14 C 4e-15, 5.5 s
  life secs: accumulate 0.1, cells 2.7, fire 0.0, eaters 0.0, seeds 0.4
  secs: air 1.3, water 0.8, life 3.2, sums 0.2
year   9: land 17.2 C, rain 3285 mm, evap 50, transp 49, to sea 3179, land bio 0.206, cover 0.79/0.70, h 1.7, eaters 3.27e-7, burnt 0, genotypes 1342/41, leading 246, mutants 0.001, errs w 6e-14 A 2e-14 C 7e-15, 5.5 s
  life secs: accumulate 0.1, cells 2.7, fire 0.0, eaters 0.0, seeds 0.4
  secs: air 1.3, water 0.8, life 3.2, sums 0.2
year  10: land 18.1 C, rain 3231 mm, evap 51, transp 55, to sea 3128, land bio 0.262, cover 0.82/0.70, h 1.7, eaters 1.43e-5, burnt 0, genotypes 1395/89, leading 243, mutants 0.001, errs w 7e-14 A 8e-15 C 3e-14, 5.5 s
  life secs: accumulate 0.1, cells 2.6, fire 0.0, eaters 0.1, seeds 0.4
  secs: air 1.3, water 0.8, life 3.3, sums 0.2
year  11: land 18.6 C, rain 2716 mm, evap 51, transp 57, to sea 2616, land bio 0.316, cover 0.85/0.70, h 1.8, eaters 3.13e-5, burnt 0, genotypes 1520/110, leading 240, mutants 0.001, errs w 6e-14 A 3e-14 C 9e-15, 5.5 s
  life secs: accumulate 0.1, cells 2.7, fire 0.0, eaters 0.2, seeds 0.3
  secs: air 1.3, water 0.8, life 3.5, sums 0.2
year  12: land 18.1 C, rain 3195 mm, evap 50, transp 59, to sea 3079, land bio 0.360, cover 0.87/0.70, h 1.8, eaters 5.24e-5, burnt 0, genotypes 1612/136, leading 240, mutants 0.001, errs w 8e-14 A 2e-14 C 1e-14, 5.7 s
  life secs: accumulate 0.1, cells 2.8, fire 0.0, eaters 0.2, seeds 0.3
  secs: air 1.3, water 0.8, life 3.5, sums 0.2
year  13: land 18.0 C, rain 3043 mm, evap 49, transp 58, to sea 2940, land bio 0.403, cover 0.88/0.71, h 1.9, eaters 4.84e-5, burnt 0, genotypes 1636/181, leading 242, mutants 0.001, errs w 7e-14 A 7e-15 C 1e-14, 5.7 s
  life secs: accumulate 0.1, cells 2.8, fire 0.0, eaters 0.3, seeds 0.3
  secs: air 1.3, water 0.8, life 3.6, sums 0.2
year  14: land 16.9 C, rain 2653 mm, evap 47, transp 62, to sea 2550, land bio 0.434, cover 0.88/0.71, h 1.9, eaters 1.07e-4, burnt 0, genotypes 1699/221, leading 242, mutants 0.001, errs w 1e-13 A 2e-14 C 1e-14, 5.9 s
  life secs: accumulate 0.1, cells 2.8, fire 0.0, eaters 0.4, seeds 0.3
  secs: air 1.3, water 0.8, life 3.7, sums 0.2
year  15: land 17.2 C, rain 2833 mm, evap 48, transp 57, to sea 2725, land bio 0.464, cover 0.89/0.71, h 1.9, eaters 1.02e-4, burnt 0, genotypes 1674/235, leading 239, mutants 0.001, errs w 1e-13 A 7e-16 C 2e-14, 6.0 s
  life secs: accumulate 0.1, cells 2.9, fire 0.0, eaters 0.4, seeds 0.3
  secs: air 1.4, water 0.8, life 4.1, sums 0.2
year  16: land 16.2 C, rain 3056 mm, evap 46, transp 60, to sea 2948, land bio 0.487, cover 0.89/0.71, h 2.0, eaters 1.08e-4, burnt 0, genotypes 1746/206, leading 244, mutants 0.001, errs w 1e-13 A 3e-14 C 2e-14, 6.5 s
  life secs: accumulate 0.2, cells 3.1, fire 0.0, eaters 0.5, seeds 0.4
  secs: air 1.4, water 0.8, life 4.1, sums 0.2
year  17: land 16.3 C, rain 3557 mm, evap 46, transp 60, to sea 3445, land bio 0.519, cover 0.88/0.71, h 2.0, eaters 1.22e-4, burnt 0, genotypes 1813/132, leading 244, mutants 0.001, errs w 5e-14 A 2e-14 C 1e-14, 6.5 s
  life secs: accumulate 0.2, cells 3.1, fire 0.0, eaters 0.5, seeds 0.4
  secs: air 1.4, water 0.9, life 4.0, sums 0.2
year  18: land 15.5 C, rain 3589 mm, evap 45, transp 62, to sea 3483, land bio 0.556, cover 0.88/0.70, h 2.0, eaters 1.22e-4, burnt 1, genotypes 1864/110, leading 243, mutants 0.001, errs w 8e-14 A 3e-14 C 7e-15, 6.5 s
  life secs: accumulate 0.2, cells 2.9, fire 0.0, eaters 0.5, seeds 0.4
  secs: air 1.4, water 0.9, life 3.9, sums 0.2
year  19: land 14.3 C, rain 3933 mm, evap 43, transp 64, to sea 3822, land bio 0.594, cover 0.87/0.70, h 2.0, eaters 1.29e-4, burnt 0, genotypes 1940/94, leading 243, mutants 0.001, errs w 2e-14 A 1e-14 C 3e-14, 6.5 s
  life secs: accumulate 0.2, cells 2.9, fire 0.0, eaters 0.5, seeds 0.3
  secs: air 1.4, water 0.9, life 4.0, sums 0.2
year  20: land 14.2 C, rain 4031 mm, evap 42, transp 63, to sea 3924, land bio 0.632, cover 0.87/0.71, h 2.0, eaters 1.37e-4, burnt 0, genotypes 1977/93, leading 242, mutants 0.001, errs w 5e-15 A 2e-15 C 2e-14, 6.5 s
  life secs: accumulate 0.2, cells 2.9, fire 0.0, eaters 0.5, seeds 0.3
  secs: air 1.4, water 0.9, life 3.9, sums 0.2
year  21: land 14.9 C, rain 3448 mm, evap 44, transp 62, to sea 3349, land bio 0.672, cover 0.87/0.71, h 2.0, eaters 1.34e-4, burnt 0, genotypes 1968/97, leading 241, mutants 0.001, errs w 1e-14 A 3e-14 C 6e-15, 6.4 s
  life secs: accumulate 0.2, cells 2.8, fire 0.0, eaters 0.5, seeds 0.3
  secs: air 1.4, water 0.9, life 3.9, sums 0.2
year  22: land 14.5 C, rain 3151 mm, evap 43, transp 65, to sea 3046, land bio 0.709, cover 0.87/0.71, h 2.0, eaters 1.48e-4, burnt 0, genotypes 2104/116, leading 238, mutants 0.001, errs w 2e-14 A 2e-15 C 6e-15, 6.4 s
  life secs: accumulate 0.2, cells 2.8, fire 0.0, eaters 0.5, seeds 0.3
  secs: air 1.4, water 0.9, life 3.8, sums 0.2
year  23: land 15.6 C, rain 2807 mm, evap 44, transp 63, to sea 2704, land bio 0.746, cover 0.87/0.71, h 2.0, eaters 1.51e-4, burnt 0, genotypes 2259/115, leading 241, mutants 0.001, errs w 5e-14 A 3e-14 C 4e-15, 6.3 s
  life secs: accumulate 0.2, cells 2.8, fire 0.0, eaters 0.5, seeds 0.3
  secs: air 1.4, water 0.9, life 3.8, sums 0.2
year  24: land 15.6 C, rain 2256 mm, evap 44, transp 65, to sea 2156, land bio 0.763, cover 0.87/0.71, h 2.0, eaters 1.66e-4, burnt 0, genotypes 2315/111, leading 242, mutants 0.001, errs w 8e-14 A 2e-14 C 1e-15, 6.4 s
  life secs: accumulate 0.2, cells 2.8, fire 0.0, eaters 0.5, seeds 0.3
  secs: air 1.4, water 0.9, life 3.8, sums 0.2
year  25: land 14.8 C, rain 2509 mm, evap 42, transp 66, to sea 2394, land bio 0.768, cover 0.87/0.72, h 2.1, eaters 1.89e-4, burnt 0, genotypes 2417/100, leading 245, mutants 0.001, errs w 8e-14 A 6e-15 C 3e-15, 6.3 s
  life secs: accumulate 0.2, cells 2.8, fire 0.0, eaters 0.5, seeds 0.3
  secs: air 1.4, water 0.9, life 3.8, sums 0.2
year  26: land 14.0 C, rain 2258 mm, evap 41, transp 65, to sea 2157, land bio 0.768, cover 0.87/0.72, h 2.1, eaters 2.05e-4, burnt 0, genotypes 2474/132, leading 243, mutants 0.002, errs w 8e-14 A 1e-14 C 7e-15, 6.4 s
  life secs: accumulate 0.2, cells 2.8, fire 0.0, eaters 0.5, seeds 0.3
  secs: air 1.4, water 0.9, life 3.8, sums 0.2
year  27: land 15.7 C, rain 2455 mm, evap 44, transp 62, to sea 2346, land bio 0.777, cover 0.88/0.72, h 2.1, eaters 1.84e-4, burnt 0, genotypes 2474/130, leading 238, mutants 0.002, errs w 3e-14 A 3e-14 C 9e-15, 6.4 s
  life secs: accumulate 0.2, cells 2.8, fire 0.0, eaters 0.5, seeds 0.3
  secs: air 1.4, water 0.9, life 3.8, sums 0.2
year  28: land 16.7 C, rain 2250 mm, evap 45, transp 63, to sea 2145, land bio 0.797, cover 0.89/0.72, h 2.1, eaters 1.68e-4, burnt 0, genotypes 2537/132, leading 234, mutants 0.002, errs w 6e-14 A 1e-14 C 8e-15, 6.3 s
  life secs: accumulate 0.2, cells 2.8, fire 0.0, eaters 0.5, seeds 0.3
  secs: air 1.4, water 0.9, life 3.7, sums 0.2
year  29: land 16.3 C, rain 2599 mm, evap 44, transp 68, to sea 2480, land bio 0.816, cover 0.90/0.73, h 2.0, eaters 1.93e-4, burnt 2, genotypes 2757/95, leading 230, mutants 0.002, errs w 7e-14 A 2e-14 C 3e-14, 6.3 s
  life secs: accumulate 0.2, cells 2.7, fire 0.0, eaters 0.5, seeds 0.3
  secs: air 1.4, water 0.9, life 3.8, sums 0.2
year  30: land 16.4 C, rain 2452 mm, evap 45, transp 66, to sea 2344, land bio 0.846, cover 0.90/0.74, h 2.0, eaters 1.91e-4, burnt 0, genotypes 3014/101, leading 234, mutants 0.002, errs w 7e-14 A 2e-14 C 1e-14, 6.3 s
  life secs: accumulate 0.2, cells 2.7, fire 0.0, eaters 0.5, seeds 0.4
done: experiments/e111_holds/results/read/nobody in 175 s
