terrain: 128x128, 1639 land cells, 22 in basins, 0.0 s
  secs: air 1.3, water 0.8, life 0.0, sums 0.2
year   1: land 10.6 C, rain 1957 mm, evap 45, transp 0, to sea 1817, land bio 0.000, cover 0.00/0.00, h 0.0, eaters 0.00e0, burnt 0, genotypes 0/0, leading 0, mutants -0.000, errs w 5e-14 A 1e-15 C 0e0, 2.3 s
  life secs: accumulate 0.0, cells 0.0, fire 0.0, eaters 0.0, seeds 0.0
  secs: air 1.3, water 0.8, life 0.0, sums 0.2
year   2: land 13.3 C, rain 2128 mm, evap 52, transp 0, to sea 2074, land bio 0.000, cover 0.00/0.00, h 0.0, eaters 0.00e0, burnt 0, genotypes 0/0, leading 0, mutants -0.000, errs w 4e-14 A 4e-16 C 0e0, 2.3 s
  life secs: accumulate 0.0, cells 0.0, fire 0.0, eaters 0.0, seeds 0.0
  secs: air 1.3, water 0.8, life 3.9, sums 0.2
year   3: land 15.0 C, rain 2194 mm, evap 56, transp 2, to sea 2135, land bio 0.007, cover 0.15/0.54, h 0.9, eaters 3.46e-7, burnt 0, genotypes 780/67, leading 253, mutants -0.000, errs w 3e-14 A 6e-15 C 1e-13, 6.1 s
  life secs: accumulate 0.1, cells 2.9, fire 0.0, eaters 0.6, seeds 0.2
  secs: air 1.3, water 0.8, life 3.6, sums 0.2
year   4: land 16.4 C, rain 2231 mm, evap 58, transp 6, to sea 2167, land bio 0.019, cover 0.33/0.60, h 1.2, eaters 4.27e-9, burnt 0, genotypes 835/64, leading 256, mutants 0.000, errs w 5e-14 A 2e-14 C 5e-14, 5.9 s
  life secs: accumulate 0.1, cells 3.0, fire 0.0, eaters 0.1, seeds 0.3
  secs: air 1.3, water 0.8, life 3.2, sums 0.2
year   5: land 17.9 C, rain 2121 mm, evap 60, transp 12, to sea 2051, land bio 0.041, cover 0.49/0.64, h 1.3, eaters 1.78e-10, burnt 0, genotypes 926/52, leading 255, mutants 0.001, errs w 6e-14 A 8e-15 C 8e-15, 5.4 s
  life secs: accumulate 0.1, cells 2.7, fire 0.0, eaters 0.0, seeds 0.3
  secs: air 1.3, water 0.8, life 3.1, sums 0.2
year   6: land 18.0 C, rain 3138 mm, evap 59, transp 22, to sea 3044, land bio 0.073, cover 0.60/0.67, h 1.4, eaters 2.03e-10, burnt 0, genotypes 1001/27, leading 251, mutants 0.001, errs w 4e-14 A 2e-14 C 3e-14, 5.4 s
  life secs: accumulate 0.1, cells 2.6, fire 0.0, eaters 0.0, seeds 0.4
  secs: air 1.3, water 0.8, life 3.1, sums 0.2
year   7: land 17.7 C, rain 2695 mm, evap 55, transp 31, to sea 2617, land bio 0.112, cover 0.70/0.68, h 1.5, eaters 1.44e-9, burnt 0, genotypes 1074/16, leading 253, mutants 0.001, errs w 8e-14 A 7e-15 C 1e-14, 5.4 s
  life secs: accumulate 0.1, cells 2.6, fire 0.0, eaters 0.0, seeds 0.4
  secs: air 1.3, water 0.8, life 3.2, sums 0.2
year   8: land 17.6 C, rain 2813 mm, evap 52, transp 42, to sea 2716, land bio 0.158, cover 0.76/0.69, h 1.6, eaters 1.67e-8, burnt 0, genotypes 1224/26, leading 252, mutants 0.001, errs w 8e-14 A 1e-14 C 4e-15, 5.4 s
  life secs: accumulate 0.1, cells 2.7, fire 0.0, eaters 0.0, seeds 0.4
  secs: air 1.3, water 0.8, life 3.2, sums 0.2
year   9: land 17.2 C, rain 3285 mm, evap 50, transp 49, to sea 3179, land bio 0.206, cover 0.79/0.70, h 1.7, eaters 3.27e-7, burnt 0, genotypes 1342/41, leading 246, mutants 0.001, errs w 6e-14 A 2e-14 C 7e-15, 5.5 s
  life secs: accumulate 0.1, cells 2.7, fire 0.0, eaters 0.0, seeds 0.4
  secs: air 1.3, water 0.8, life 3.3, sums 0.2
year  10: land 18.1 C, rain 3231 mm, evap 51, transp 55, to sea 3128, land bio 0.262, cover 0.82/0.70, h 1.7, eaters 1.43e-5, burnt 0, genotypes 1395/89, leading 243, mutants 0.001, errs w 7e-14 A 8e-15 C 3e-14, 5.5 s
  life secs: accumulate 0.1, cells 2.7, fire 0.0, eaters 0.1, seeds 0.4
  secs: air 1.3, water 0.8, life 3.3, sums 0.2
year  11: land 18.6 C, rain 2716 mm, evap 51, transp 57, to sea 2616, land bio 0.316, cover 0.85/0.70, h 1.8, eaters 3.13e-5, burnt 0, genotypes 1520/110, leading 240, mutants 0.001, errs w 6e-14 A 3e-14 C 9e-15, 5.6 s
  life secs: accumulate 0.1, cells 2.7, fire 0.0, eaters 0.2, seeds 0.4
  secs: air 1.3, water 0.8, life 3.5, sums 0.2
year  12: land 18.1 C, rain 3195 mm, evap 50, transp 59, to sea 3079, land bio 0.360, cover 0.87/0.70, h 1.8, eaters 5.24e-5, burnt 0, genotypes 1612/136, leading 240, mutants 0.001, errs w 8e-14 A 2e-14 C 1e-14, 5.7 s
  life secs: accumulate 0.1, cells 2.8, fire 0.0, eaters 0.2, seeds 0.3
  secs: air 1.3, water 0.8, life 3.5, sums 0.2
year  13: land 18.0 C, rain 3043 mm, evap 49, transp 58, to sea 2940, land bio 0.403, cover 0.88/0.71, h 1.9, eaters 4.84e-5, burnt 0, genotypes 1636/181, leading 242, mutants 0.001, errs w 7e-14 A 7e-15 C 1e-14, 5.7 s
  life secs: accumulate 0.1, cells 2.7, fire 0.0, eaters 0.3, seeds 0.3
  secs: air 1.3, water 0.8, life 3.6, sums 0.2
year  14: land 16.9 C, rain 2653 mm, evap 47, transp 62, to sea 2550, land bio 0.434, cover 0.88/0.71, h 1.9, eaters 1.07e-4, burnt 0, genotypes 1699/221, leading 242, mutants 0.001, errs w 1e-13 A 2e-14 C 1e-14, 5.9 s
  life secs: accumulate 0.1, cells 2.8, fire 0.0, eaters 0.4, seeds 0.3
  secs: air 1.3, water 0.8, life 3.7, sums 0.2
year  15: land 17.2 C, rain 2833 mm, evap 48, transp 57, to sea 2725, land bio 0.464, cover 0.89/0.71, h 1.9, eaters 1.02e-4, burnt 0, genotypes 1674/235, leading 239, mutants 0.001, errs w 1e-13 A 7e-16 C 2e-14, 5.9 s
  life secs: accumulate 0.1, cells 2.8, fire 0.0, eaters 0.4, seeds 0.3
bodies sown: 25 (no form 56, no soil 219, no water 0)
  secs: air 1.3, water 0.8, life 7.8, sums 0.2
year  16: land 16.2 C, rain 3056 mm, evap 46, transp 60, to sea 2948, land bio 0.486, cover 0.88/0.70, h 2.0, eaters 1.09e-4, burnt 0, genotypes 1729/189, leading 241, mutants 0.001, errs w 1e-13 A 1e-16 C 6e-15, 10.3 s
  life secs: accumulate 0.2, cells 3.0, fire 0.0, eaters 0.5, seeds 0.3
  bodies 15 (439811496 animals, 0.7% of land cells, 7% at sea), genotypes 9, births 7, splits 0, deaths [8.0, 0.0, 6.0, 1.0, 0.0, 0.0, 2.0, 0.0, 0.0], ate [0.07, 0.344, 0.33, 0.0, 0.0, 0.0], catches 5469 presses 5395 breaks 0 killed 0 riders 5395, secs 1.3/0.0/1.3/0.0
  secs: air 1.4, water 0.9, life 7.8, sums 0.2
year  17: land 16.3 C, rain 3557 mm, evap 46, transp 60, to sea 3445, land bio 0.518, cover 0.88/0.71, h 2.0, eaters 1.24e-4, burnt 0, genotypes 1772/143, leading 242, mutants 0.001, errs w 1e-13 A 1e-15 C 2e-14, 10.3 s
  life secs: accumulate 0.2, cells 2.8, fire 0.0, eaters 0.5, seeds 0.3
  bodies 17 (439757792 animals, 0.6% of land cells, 6% at sea), genotypes 5, births 7, splits 0, deaths [4.0, 0.0, 0.0, 0.0, 0.0, 0.0, 1.0, 0.0, 0.0], ate [0.116, 0.658, 0.452, 0.0, 0.0, 0.0], catches 0 presses 0 breaks 0 killed 0 riders 0, secs 1.4/0.0/1.4/0.0
  secs: air 1.4, water 0.9, life 7.9, sums 0.2
year  18: land 15.5 C, rain 3589 mm, evap 45, transp 61, to sea 3483, land bio 0.553, cover 0.88/0.71, h 2.0, eaters 1.22e-4, burnt 0, genotypes 1808/118, leading 241, mutants 0.001, errs w 1e-13 A 1e-14 C 2e-14, 10.4 s
  life secs: accumulate 0.2, cells 2.8, fire 0.0, eaters 0.5, seeds 0.3
  bodies 23 (439758602 animals, 0.7% of land cells, 4% at sea), genotypes 6, births 5, splits 1, deaths [0.0, 0.0, 0.0, 0.0, 0.0, 0.0, 0.0, 0.0, 0.0], ate [0.18, 1.497, 0.689, 0.0, 0.0, 0.0], catches 1098 presses 1098 breaks 0 killed 0 riders 1098, secs 1.4/0.0/1.4/0.0
  secs: air 1.4, water 0.9, life 7.9, sums 0.2
year  19: land 14.3 C, rain 3933 mm, evap 43, transp 63, to sea 3822, land bio 0.590, cover 0.87/0.71, h 2.0, eaters 1.30e-4, burnt 0, genotypes 1872/93, leading 243, mutants 0.001, errs w 1e-13 A 3e-14 C 3e-14, 10.5 s
  life secs: accumulate 0.2, cells 2.7, fire 0.0, eaters 0.5, seeds 0.3
  bodies 24 (13618 animals, 0.9% of land cells, 0% at sea), genotypes 4, births 5, splits 0, deaths [3.0, 0.0, 0.0, 0.0, 0.0, 0.0, 1.0, 0.0, 0.0], ate [0.267, 1.146, 0.646, 0.0, 0.0, 0.0], catches 4896 presses 4896 breaks 0 killed 0 riders 4896, secs 1.5/0.0/1.5/0.0
  secs: air 1.4, water 0.9, life 8.0, sums 0.2
year  20: land 14.2 C, rain 4031 mm, evap 42, transp 63, to sea 3925, land bio 0.627, cover 0.87/0.71, h 2.1, eaters 1.34e-4, burnt 0, genotypes 1964/84, leading 236, mutants 0.001, errs w 1e-13 A 5e-15 C 2e-14, 10.5 s
  life secs: accumulate 0.2, cells 2.7, fire 0.0, eaters 0.5, seeds 0.3
  bodies 29 (14428 animals, 0.8% of land cells, 3% at sea), genotypes 4, births 5, splits 0, deaths [0.0, 0.0, 0.0, 0.0, 0.0, 0.0, 0.0, 0.0, 0.0], ate [0.242, 1.277, 0.922, 0.0, 0.0, 0.0], catches 0 presses 0 breaks 0 killed 0 riders 0, secs 1.5/0.0/1.5/0.0
  secs: air 1.4, water 0.9, life 8.1, sums 0.2
year  21: land 14.9 C, rain 3448 mm, evap 44, transp 62, to sea 3349, land bio 0.667, cover 0.86/0.71, h 2.0, eaters 1.33e-4, burnt 0, genotypes 2005/89, leading 238, mutants 0.001, errs w 9e-14 A 2e-15 C 5e-15, 10.6 s
  life secs: accumulate 0.2, cells 2.7, fire 0.0, eaters 0.5, seeds 0.3
  bodies 30 (4752 animals, 0.8% of land cells, 3% at sea), genotypes 3, births 4, splits 0, deaths [2.0, 0.0, 0.0, 0.0, 0.0, 0.0, 1.0, 0.0, 0.0], ate [0.379, 1.902, 1.207, 0.0, 0.0, 0.0], catches 0 presses 0 breaks 0 killed 0 riders 0, secs 1.5/0.0/1.6/0.0
  secs: air 1.4, water 0.9, life 8.1, sums 0.2
year  22: land 14.5 C, rain 3151 mm, evap 43, transp 64, to sea 3047, land bio 0.699, cover 0.86/0.71, h 2.0, eaters 1.50e-4, burnt 0, genotypes 2090/96, leading 239, mutants 0.001, errs w 1e-13 A 4e-15 C 6e-15, 10.7 s
  life secs: accumulate 0.2, cells 2.7, fire 0.0, eaters 0.5, seeds 0.3
  bodies 36 (5400 animals, 0.8% of land cells, 0% at sea), genotypes 3, births 5, splits 2, deaths [1.0, 0.0, 0.0, 0.0, 0.0, 0.0, 0.0, 0.0, 0.0], ate [0.588, 2.417, 1.562, 0.0, 0.0, 0.0], catches 0 presses 0 breaks 0 killed 0 riders 0, secs 1.6/0.0/1.6/0.0
  secs: air 1.4, water 0.9, life 8.3, sums 0.2
year  23: land 15.6 C, rain 2807 mm, evap 44, transp 62, to sea 2704, land bio 0.731, cover 0.86/0.71, h 2.0, eaters 1.48e-4, burnt 0, genotypes 2199/88, leading 240, mutants 0.001, errs w 9e-14 A 2e-14 C 3e-14, 10.9 s
  life secs: accumulate 0.2, cells 2.7, fire 0.0, eaters 0.5, seeds 0.3
  bodies 54 (8154 animals, 0.9% of land cells, 4% at sea), genotypes 8, births 17, splits 1, deaths [0.0, 0.0, 0.0, 0.0, 0.0, 0.0, 0.0, 0.0, 0.0], ate [0.815, 2.956, 1.672, 0.0, 0.0, 0.0], catches 0 presses 0 breaks 0 killed 0 riders 0, secs 1.7/0.0/1.6/0.0
  secs: air 1.4, water 0.9, life 8.6, sums 0.2
year  24: land 15.6 C, rain 2256 mm, evap 43, transp 64, to sea 2157, land bio 0.743, cover 0.86/0.72, h 2.0, eaters 1.62e-4, burnt 0, genotypes 2285/104, leading 237, mutants 0.001, errs w 7e-14 A 3e-15 C 1e-14, 11.2 s
  life secs: accumulate 0.2, cells 2.7, fire 0.0, eaters 0.5, seeds 0.3
  bodies 69 (10854 animals, 1.3% of land cells, 0% at sea), genotypes 8, births 29, splits 1, deaths [10.0, 0.0, 0.0, 0.0, 0.0, 0.0, 5.0, 0.0, 0.0], ate [0.726, 3.003, 1.496, 0.0, 0.019, 0.0], catches 0 presses 0 breaks 0 killed 0 riders 0, secs 1.9/0.0/1.7/0.0
  secs: air 1.2, water 0.8, life 7.3, sums 0.2
year  25: land 14.8 C, rain 2509 mm, evap 42, transp 65, to sea 2395, land bio 0.747, cover 0.87/0.72, h 2.0, eaters 1.83e-4, burnt 0, genotypes 2321/102, leading 238, mutants 0.001, errs w 8e-14 A 1e-14 C 1e-14, 9.5 s
  life secs: accumulate 0.1, cells 2.3, fire 0.0, eaters 0.4, seeds 0.3
  bodies 56 (9072 animals, 1.5% of land cells, 2% at sea), genotypes 9, births 8, splits 0, deaths [14.0, 0.0, 0.0, 0.0, 0.0, 0.0, 7.0, 0.0, 0.0], ate [0.633, 2.104, 1.2, 0.0, 0.014, 0.0], catches 0 presses 0 breaks 0 killed 0 riders 0, secs 1.6/0.0/1.4/0.0
  secs: air 1.2, water 0.7, life 7.0, sums 0.2
year  26: land 14.0 C, rain 2257 mm, evap 41, transp 64, to sea 2159, land bio 0.745, cover 0.87/0.72, h 2.0, eaters 1.89e-4, burnt 0, genotypes 2418/103, leading 234, mutants 0.002, errs w 9e-14 A 2e-14 C 8e-16, 9.1 s
  life secs: accumulate 0.1, cells 2.2, fire 0.0, eaters 0.4, seeds 0.3
  bodies 48 (7776 animals, 1.3% of land cells, 4% at sea), genotypes 8, births 0, splits 0, deaths [3.0, 0.0, 0.0, 0.0, 0.0, 0.0, 5.0, 0.0, 0.0], ate [0.707, 1.938, 1.102, 0.0, 0.006, 0.0], catches 0 presses 0 breaks 0 killed 0 riders 0, secs 1.4/0.0/1.4/0.0
  secs: air 1.2, water 0.8, life 6.9, sums 0.2
year  27: land 15.7 C, rain 2455 mm, evap 44, transp 61, to sea 2346, land bio 0.756, cover 0.88/0.72, h 2.1, eaters 1.79e-4, burnt 0, genotypes 2480/99, leading 233, mutants 0.002, errs w 3e-14 A 1e-14 C 3e-15, 9.1 s
  life secs: accumulate 0.1, cells 2.2, fire 0.0, eaters 0.4, seeds 0.3
  bodies 41 (6642 animals, 1.3% of land cells, 5% at sea), genotypes 7, births 0, splits 0, deaths [2.0, 0.0, 0.0, 1.0, 0.0, 0.0, 4.0, 0.0, 0.0], ate [1.003, 2.292, 1.519, 0.0, 0.002, 0.0], catches 0 presses 0 breaks 0 killed 0 riders 0, secs 1.4/0.0/1.3/0.0
  secs: air 1.2, water 0.7, life 6.9, sums 0.2
year  28: land 16.7 C, rain 2249 mm, evap 45, transp 63, to sea 2146, land bio 0.779, cover 0.88/0.73, h 2.1, eaters 1.59e-4, burnt 0, genotypes 2710/123, leading 231, mutants 0.002, errs w 4e-14 A 5e-15 C 1e-14, 9.0 s
  life secs: accumulate 0.1, cells 2.3, fire 0.0, eaters 0.4, seeds 0.3
  bodies 35 (5670 animals, 0.8% of land cells, 3% at sea), genotypes 6, births 0, splits 0, deaths [3.0, 0.0, 0.0, 0.0, 0.0, 0.0, 3.0, 0.0, 0.0], ate [0.825, 2.389, 1.585, 0.0, 0.003, 0.0], catches 0 presses 0 breaks 0 killed 0 riders 0, secs 1.4/0.0/1.3/0.0
  secs: air 1.2, water 0.8, life 6.8, sums 0.2
year  29: land 16.3 C, rain 2599 mm, evap 44, transp 68, to sea 2480, land bio 0.805, cover 0.88/0.73, h 2.0, eaters 1.83e-4, burnt 0, genotypes 2840/86, leading 238, mutants 0.002, errs w 4e-14 A 1e-14 C 2e-15, 8.9 s
  life secs: accumulate 0.1, cells 2.2, fire 0.0, eaters 0.4, seeds 0.3
  bodies 31 (5022 animals, 0.7% of land cells, 6% at sea), genotypes 6, births 0, splits 0, deaths [4.0, 0.0, 0.0, 0.0, 0.0, 0.0, 0.0, 0.0, 0.0], ate [0.562, 1.768, 1.09, 0.0, 0.001, 0.0], catches 0 presses 0 breaks 0 killed 0 riders 0, secs 1.4/0.0/1.3/0.0
  secs: air 1.2, water 0.7, life 6.6, sums 0.2
year  30: land 16.4 C, rain 2452 mm, evap 44, transp 68, to sea 2344, land bio 0.838, cover 0.89/0.74, h 2.0, eaters 1.91e-4, burnt 0, genotypes 2905/86, leading 242, mutants 0.003, errs w 4e-14 A 5e-15 C 1e-14, 8.8 s
  life secs: accumulate 0.1, cells 2.2, fire 0.0, eaters 0.4, seeds 0.3
  bodies 9 (1458 animals, 0.2% of land cells, 22% at sea), genotypes 3, births 0, splits 0, deaths [21.0, 0.0, 0.0, 1.0, 0.0, 0.0, 0.0, 0.0, 0.0], ate [0.339, 1.244, 0.827, 0.0, 0.027, 0.0], catches 0 presses 0 breaks 0 killed 0 riders 0, secs 1.3/0.0/1.2/0.0
done: experiments/e111_holds/results/read/nolitter in 228 s
