terrain: 128x128, 1639 land cells, 22 in basins, 0.0 s
  secs: air 1.3, water 0.8, life 0.0, sums 0.2
year   1: land 10.6 C, rain 1957 mm, evap 45, transp 0, to sea 1817, land bio 0.000, cover 0.00/0.00, h 0.0, eaters 0.00e0, burnt 0, genotypes 0/0, leading 0, mutants -0.000, errs w 5e-14 A 1e-15 C 0e0, 2.3 s
  life secs: accumulate 0.0, cells 0.0, fire 0.0, eaters 0.0, seeds 0.0
  secs: air 1.3, water 0.8, life 0.0, sums 0.2
year   2: land 13.3 C, rain 2128 mm, evap 52, transp 0, to sea 2074, land bio 0.000, cover 0.00/0.00, h 0.0, eaters 0.00e0, burnt 0, genotypes 0/0, leading 0, mutants -0.000, errs w 4e-14 A 4e-16 C 0e0, 2.3 s
  life secs: accumulate 0.0, cells 0.0, fire 0.0, eaters 0.0, seeds 0.0
  secs: air 1.3, water 0.8, life 4.0, sums 0.2
year   3: land 15.0 C, rain 2194 mm, evap 56, transp 2, to sea 2135, land bio 0.007, cover 0.15/0.54, h 0.9, eaters 3.46e-7, burnt 0, genotypes 780/67, leading 253, mutants -0.000, errs w 3e-14 A 6e-15 C 1e-13, 6.2 s
  life secs: accumulate 0.1, cells 2.9, fire 0.0, eaters 0.7, seeds 0.3
  secs: air 1.3, water 0.8, life 3.6, sums 0.2
year   4: land 16.4 C, rain 2231 mm, evap 58, transp 6, to sea 2167, land bio 0.019, cover 0.33/0.60, h 1.2, eaters 4.27e-9, burnt 0, genotypes 835/64, leading 256, mutants 0.000, errs w 5e-14 A 2e-14 C 5e-14, 5.9 s
  life secs: accumulate 0.1, cells 3.0, fire 0.0, eaters 0.1, seeds 0.3
  secs: air 1.3, water 0.8, life 3.2, sums 0.2
year   5: land 17.9 C, rain 2121 mm, evap 60, transp 12, to sea 2051, land bio 0.041, cover 0.49/0.64, h 1.3, eaters 1.78e-10, burnt 0, genotypes 926/52, leading 255, mutants 0.001, errs w 6e-14 A 8e-15 C 8e-15, 5.5 s
  life secs: accumulate 0.1, cells 2.7, fire 0.0, eaters 0.0, seeds 0.3
  secs: air 1.3, water 0.8, life 3.2, sums 0.2
year   6: land 18.0 C, rain 3138 mm, evap 59, transp 22, to sea 3044, land bio 0.073, cover 0.60/0.67, h 1.4, eaters 2.03e-10, burnt 0, genotypes 1001/27, leading 251, mutants 0.001, errs w 4e-14 A 2e-14 C 3e-14, 5.4 s
  life secs: accumulate 0.1, cells 2.7, fire 0.0, eaters 0.0, seeds 0.3
  secs: air 1.3, water 0.8, life 3.2, sums 0.2
year   7: land 17.7 C, rain 2695 mm, evap 55, transp 31, to sea 2617, land bio 0.112, cover 0.70/0.68, h 1.5, eaters 1.44e-9, burnt 0, genotypes 1074/16, leading 253, mutants 0.001, errs w 8e-14 A 7e-15 C 1e-14, 5.4 s
  life secs: accumulate 0.1, cells 2.7, fire 0.0, eaters 0.0, seeds 0.4
  secs: air 1.3, water 0.8, life 3.1, sums 0.2
year   8: land 17.6 C, rain 2813 mm, evap 52, transp 42, to sea 2716, land bio 0.158, cover 0.76/0.69, h 1.6, eaters 1.67e-8, burnt 0, genotypes 1224/26, leading 252, mutants 0.001, errs w 8e-14 A 1e-14 C 4e-15, 5.4 s
  life secs: accumulate 0.1, cells 2.6, fire 0.0, eaters 0.0, seeds 0.3
  secs: air 1.3, water 0.8, life 3.2, sums 0.2
year   9: land 17.2 C, rain 3285 mm, evap 50, transp 49, to sea 3179, land bio 0.206, cover 0.79/0.70, h 1.7, eaters 3.27e-7, burnt 0, genotypes 1342/41, leading 246, mutants 0.001, errs w 6e-14 A 2e-14 C 7e-15, 5.4 s
  life secs: accumulate 0.1, cells 2.6, fire 0.0, eaters 0.0, seeds 0.4
  secs: air 1.3, water 0.8, life 3.3, sums 0.2
year  10: land 18.1 C, rain 3231 mm, evap 51, transp 55, to sea 3128, land bio 0.262, cover 0.82/0.70, h 1.7, eaters 1.43e-5, burnt 0, genotypes 1395/89, leading 243, mutants 0.001, errs w 7e-14 A 8e-15 C 3e-14, 5.5 s
  life secs: accumulate 0.1, cells 2.7, fire 0.0, eaters 0.1, seeds 0.4
  secs: air 1.3, water 0.8, life 3.4, sums 0.2
year  11: land 18.6 C, rain 2716 mm, evap 51, transp 57, to sea 2616, land bio 0.316, cover 0.85/0.70, h 1.8, eaters 3.13e-5, burnt 0, genotypes 1520/110, leading 240, mutants 0.001, errs w 6e-14 A 3e-14 C 9e-15, 5.6 s
  life secs: accumulate 0.1, cells 2.7, fire 0.0, eaters 0.2, seeds 0.3
  secs: air 1.3, water 0.8, life 3.4, sums 0.2
year  12: land 18.1 C, rain 3195 mm, evap 50, transp 59, to sea 3079, land bio 0.360, cover 0.87/0.70, h 1.8, eaters 5.24e-5, burnt 0, genotypes 1612/136, leading 240, mutants 0.001, errs w 8e-14 A 2e-14 C 1e-14, 5.7 s
  life secs: accumulate 0.1, cells 2.7, fire 0.0, eaters 0.2, seeds 0.3
  secs: air 1.3, water 0.8, life 3.5, sums 0.2
year  13: land 18.0 C, rain 3043 mm, evap 49, transp 58, to sea 2940, land bio 0.403, cover 0.88/0.71, h 1.9, eaters 4.84e-5, burnt 0, genotypes 1636/181, leading 242, mutants 0.001, errs w 7e-14 A 7e-15 C 1e-14, 5.7 s
  life secs: accumulate 0.1, cells 2.8, fire 0.0, eaters 0.3, seeds 0.3
  secs: air 1.3, water 0.8, life 3.7, sums 0.2
year  14: land 16.9 C, rain 2653 mm, evap 47, transp 62, to sea 2550, land bio 0.434, cover 0.88/0.71, h 1.9, eaters 1.07e-4, burnt 0, genotypes 1699/221, leading 242, mutants 0.001, errs w 1e-13 A 2e-14 C 1e-14, 5.9 s
  life secs: accumulate 0.1, cells 2.9, fire 0.0, eaters 0.4, seeds 0.3
  secs: air 1.3, water 0.8, life 3.7, sums 0.2
year  15: land 17.2 C, rain 2833 mm, evap 48, transp 57, to sea 2725, land bio 0.464, cover 0.89/0.71, h 1.9, eaters 1.02e-4, burnt 0, genotypes 1674/235, leading 239, mutants 0.001, errs w 1e-13 A 7e-16 C 2e-14, 5.9 s
  life secs: accumulate 0.1, cells 2.8, fire 0.0, eaters 0.4, seeds 0.3
bodies sown: 25 (no form 56, no soil 219, no water 0)
  secs: air 1.4, water 0.8, life 9.5, sums 0.2
year  16: land 16.2 C, rain 3056 mm, evap 46, transp 60, to sea 2948, land bio 0.486, cover 0.89/0.70, h 2.0, eaters 1.08e-4, burnt 0, genotypes 1679/208, leading 240, mutants 0.001, errs w 1e-13 A 4e-15 C 6e-15, 12.1 s
  life secs: accumulate 0.2, cells 3.0, fire 0.0, eaters 0.5, seeds 0.3
  bodies 791 (31520146996 animals, 16.5% of land cells, 56% at sea), genotypes 81, births 672, splits 121, deaths [5.0, 10.0, 7.0, 1.0, 0.0, 1.0, 2.0, 0.0, 1.0], ate [0.079, 0.0, 0.003, 95.451, 0.0, 0.0], catches 103519 presses 84125 breaks 1 killed 288680 riders 84125, secs 2.2/0.2/2.0/0.1
  secs: air 1.4, water 0.9, life 26.2, sums 0.2
year  17: land 16.3 C, rain 3556 mm, evap 46, transp 59, to sea 3445, land bio 0.500, cover 0.88/0.69, h 2.0, eaters 1.13e-4, burnt 0, genotypes 1593/146, leading 240, mutants 0.001, errs w 1e-13 A 2e-14 C 1e-14, 28.7 s
  life secs: accumulate 0.2, cells 2.9, fire 0.0, eaters 0.5, seeds 0.3
  bodies 2905 (817120223 animals, 41.9% of land cells, 59% at sea), genotypes 239, births 1625, splits 648, deaths [28.0, 53.0, 0.0, 0.0, 0.0, 3.0, 68.0, 0.0, 7.0], ate [4.68, 0.0, 0.235, 584.676, 0.059, 0.221], catches 227413 presses 34480 breaks 6 killed 1154731 riders 34008, secs 11.1/1.1/7.3/1.6
  secs: air 1.4, water 0.9, life 36.4, sums 0.2
year  18: land 15.5 C, rain 3587 mm, evap 47, transp 50, to sea 3490, land bio 0.494, cover 0.86/0.68, h 2.1, eaters 7.94e-5, burnt 0, genotypes 1537/128, leading 239, mutants 0.001, errs w 1e-13 A 4e-15 C 1e-14, 39.0 s
  life secs: accumulate 0.2, cells 2.8, fire 0.0, eaters 0.5, seeds 0.3
  bodies 2842 (802003662 animals, 41.4% of land cells, 61% at sea), genotypes 259, births 401, splits 214, deaths [639.0, 0.0, 5.0, 15.0, 0.0, 0.0, 15.0, 0.0, 4.0], ate [8.744, 0.0, 0.689, 533.488, 0.3, 0.075], catches 246534 presses 23561 breaks 1 killed 288680 riders 22949, secs 17.4/1.9/10.3/1.8
  secs: air 1.3, water 0.8, life 29.7, sums 0.2
year  19: land 14.3 C, rain 3930 mm, evap 46, transp 44, to sea 3834, land bio 0.491, cover 0.85/0.67, h 2.1, eaters 6.76e-5, burnt 0, genotypes 1495/104, leading 240, mutants 0.001, errs w 1e-13 A 1e-15 C 1e-16, 32.0 s
  life secs: accumulate 0.1, cells 2.7, fire 0.0, eaters 0.5, seeds 0.3
  bodies 2318 (296158501 animals, 34.2% of land cells, 62% at sea), genotypes 238, births 264, splits 137, deaths [833.0, 0.0, 6.0, 25.0, 0.0, 0.0, 59.0, 0.0, 2.0], ate [5.027, 0.0, 0.4, 444.364, 0.497, 0.004], catches 313818 presses 32514 breaks 1 killed 288680 riders 32442, secs 13.7/1.4/8.6/1.2
  secs: air 1.3, water 0.8, life 24.8, sums 0.2
year  20: land 14.2 C, rain 4027 mm, evap 47, transp 41, to sea 3939, land bio 0.484, cover 0.84/0.66, h 2.1, eaters 6.17e-5, burnt 0, genotypes 1494/87, leading 234, mutants 0.001, errs w 1e-13 A 3e-14 C 6e-15, 27.0 s
  life secs: accumulate 0.1, cells 2.6, fire 0.0, eaters 0.4, seeds 0.3
  bodies 2094 (258641405 animals, 34.4% of land cells, 59% at sea), genotypes 228, births 297, splits 105, deaths [599.0, 0.0, 1.0, 24.0, 0.0, 0.0, 2.0, 0.0, 0.0], ate [4.465, 0.0, 0.379, 372.602, 0.256, 0.0], catches 494647 presses 34202 breaks 0 killed 0 riders 34202, secs 11.0/1.2/7.2/0.9
  secs: air 1.2, water 0.7, life 20.5, sums 0.2
year  21: land 14.9 C, rain 3444 mm, evap 48, transp 38, to sea 3365, land bio 0.482, cover 0.84/0.65, h 2.1, eaters 5.15e-5, burnt 0, genotypes 1494/76, leading 232, mutants 0.001, errs w 1e-13 A 1e-14 C 2e-14, 22.6 s
  life secs: accumulate 0.1, cells 2.1, fire 0.0, eaters 0.4, seeds 0.2
  bodies 1974 (224109670 animals, 36.1% of land cells, 52% at sea), genotypes 220, births 337, splits 103, deaths [517.0, 0.0, 0.0, 21.0, 0.0, 0.0, 22.0, 0.0, 0.0], ate [4.281, 0.0, 0.337, 340.58, 0.265, 0.0], catches 430745 presses 23 breaks 0 killed 0 riders 23, secs 9.0/1.0/6.0/0.8
  secs: air 1.1, water 0.7, life 18.4, sums 0.2
year  22: land 14.5 C, rain 3147 mm, evap 48, transp 37, to sea 3064, land bio 0.479, cover 0.84/0.64, h 2.2, eaters 5.34e-5, burnt 0, genotypes 1547/98, leading 231, mutants 0.001, errs w 1e-13 A 1e-14 C 1e-14, 20.3 s
  life secs: accumulate 0.1, cells 1.7, fire 0.0, eaters 0.3, seeds 0.2
  bodies 1946 (205793348 animals, 37.0% of land cells, 46% at sea), genotypes 217, births 327, splits 116, deaths [404.0, 0.0, 0.0, 13.0, 0.0, 0.0, 54.0, 0.0, 0.0], ate [4.582, 0.0, 0.366, 325.14, 0.203, 0.0], catches 286632 presses 0 breaks 0 killed 0 riders 0, secs 8.4/0.8/5.3/0.7
  secs: air 1.1, water 0.7, life 18.7, sums 0.2
year  23: land 15.6 C, rain 2802 mm, evap 50, transp 34, to sea 2721, land bio 0.477, cover 0.83/0.63, h 2.2, eaters 4.50e-5, burnt 0, genotypes 1506/125, leading 232, mutants 0.001, errs w 1e-13 A 1e-14 C 2e-14, 20.7 s
  life secs: accumulate 0.1, cells 1.7, fire 0.0, eaters 0.3, seeds 0.2
  bodies 1910 (195483429 animals, 36.9% of land cells, 46% at sea), genotypes 211, births 289, splits 116, deaths [426.0, 0.0, 0.0, 10.0, 0.0, 0.0, 5.0, 0.0, 0.0], ate [4.327, 0.0, 0.379, 323.072, 0.228, 0.0], catches 213692 presses 0 breaks 0 killed 0 riders 0, secs 8.8/0.8/5.3/0.7
  secs: air 1.1, water 0.7, life 18.3, sums 0.2
year  24: land 15.6 C, rain 2251 mm, evap 50, transp 34, to sea 2176, land bio 0.463, cover 0.83/0.62, h 2.1, eaters 4.33e-5, burnt 0, genotypes 1478/95, leading 235, mutants 0.001, errs w 7e-14 A 3e-15 C 2e-14, 20.3 s
  life secs: accumulate 0.1, cells 1.7, fire 0.0, eaters 0.3, seeds 0.2
  bodies 1960 (201232956 animals, 42.5% of land cells, 41% at sea), genotypes 219, births 394, splits 109, deaths [437.0, 0.0, 1.0, 7.0, 0.0, 0.0, 8.0, 0.0, 0.0], ate [4.783, 0.0, 0.449, 343.436, 0.363, 0.0], catches 149957 presses 0 breaks 0 killed 0 riders 0, secs 8.3/0.8/5.3/0.7
  secs: air 1.1, water 0.7, life 19.2, sums 0.2
year  25: land 14.8 C, rain 2503 mm, evap 49, transp 32, to sea 2416, land bio 0.443, cover 0.82/0.61, h 2.2, eaters 4.00e-5, burnt 0, genotypes 1452/97, leading 239, mutants 0.001, errs w 6e-14 A 7e-15 C 3e-14, 21.2 s
  life secs: accumulate 0.1, cells 1.7, fire 0.0, eaters 0.3, seeds 0.2
  bodies 2248 (239843119 animals, 50.0% of land cells, 32% at sea), genotypes 242, births 637, splits 143, deaths [456.0, 0.0, 0.0, 14.0, 0.0, 0.0, 22.0, 0.0, 0.0], ate [4.653, 0.0, 0.428, 356.111, 0.308, 0.0], catches 68947 presses 0 breaks 0 killed 0 riders 0, secs 8.7/0.8/5.7/0.7
  secs: air 1.1, water 0.7, life 21.5, sums 0.2
year  26: land 14.0 C, rain 2252 mm, evap 48, transp 29, to sea 2181, land bio 0.411, cover 0.81/0.60, h 2.3, eaters 3.46e-5, burnt 0, genotypes 1531/100, leading 236, mutants 0.001, errs w 6e-14 A 1e-15 C 2e-14, 23.5 s
  life secs: accumulate 0.1, cells 1.7, fire 0.0, eaters 0.3, seeds 0.2
  bodies 2659 (294683814 animals, 59.0% of land cells, 24% at sea), genotypes 293, births 829, splits 109, deaths [483.0, 0.0, 0.0, 11.0, 0.0, 0.0, 33.0, 0.0, 0.0], ate [3.76, 0.0, 0.35, 343.861, 0.301, 0.0], catches 14437 presses 0 breaks 0 killed 0 riders 0, secs 10.0/1.0/6.4/0.9
  secs: air 1.1, water 0.7, life 23.9, sums 0.2
year  27: land 15.7 C, rain 2450 mm, evap 51, transp 26, to sea 2368, land bio 0.386, cover 0.81/0.58, h 2.3, eaters 2.44e-5, burnt 0, genotypes 1593/123, leading 237, mutants 0.001, errs w 3e-14 A 3e-14 C 2e-14, 25.9 s
  life secs: accumulate 0.1, cells 1.6, fire 0.0, eaters 0.3, seeds 0.2
  bodies 2929 (333908260 animals, 64.3% of land cells, 22% at sea), genotypes 311, births 752, splits 83, deaths [514.0, 0.0, 0.0, 8.0, 0.0, 0.0, 43.0, 0.0, 0.0], ate [2.803, 0.0, 0.268, 330.013, 0.324, 0.0], catches 6588 presses 0 breaks 0 killed 0 riders 0, secs 11.5/1.2/7.2/1.0
  secs: air 1.1, water 0.7, life 24.7, sums 0.2
year  28: land 16.7 C, rain 2245 mm, evap 53, transp 27, to sea 2167, land bio 0.366, cover 0.80/0.57, h 2.4, eaters 1.75e-5, burnt 0, genotypes 1697/104, leading 238, mutants 0.001, errs w 4e-14 A 2e-14 C 5e-15, 26.7 s
  life secs: accumulate 0.1, cells 1.6, fire 0.0, eaters 0.2, seeds 0.2
  bodies 2991 (344966502 animals, 65.4% of land cells, 20% at sea), genotypes 307, births 579, splits 50, deaths [494.0, 4.0, 0.0, 4.0, 0.0, 0.0, 65.0, 0.0, 0.0], ate [1.974, 0.0, 0.194, 309.548, 0.195, 0.0], catches 7506 presses 0 breaks 0 killed 0 riders 0, secs 11.9/1.2/7.4/1.0
  secs: air 1.1, water 0.7, life 23.4, sums 0.2
year  29: land 16.3 C, rain 2593 mm, evap 52, transp 30, to sea 2503, land bio 0.356, cover 0.81/0.56, h 2.4, eaters 2.02e-5, burnt 0, genotypes 1705/104, leading 243, mutants 0.001, errs w 4e-14 A 3e-15 C 4e-16, 25.4 s
  life secs: accumulate 0.1, cells 1.5, fire 0.0, eaters 0.2, seeds 0.2
  bodies 2692 (323739026 animals, 63.3% of land cells, 19% at sea), genotypes 292, births 369, splits 30, deaths [409.0, 0.0, 0.0, 3.0, 0.0, 0.0, 286.0, 0.0, 0.0], ate [1.685, 0.0, 0.17, 300.402, 0.274, 0.0], catches 5682 presses 0 breaks 0 killed 0 riders 0, secs 11.2/1.2/7.1/1.0
  secs: air 1.1, water 0.7, life 21.8, sums 0.2
year  30: land 16.4 C, rain 2446 mm, evap 53, transp 29, to sea 2367, land bio 0.353, cover 0.82/0.56, h 2.4, eaters 2.00e-5, burnt 0, genotypes 1744/110, leading 241, mutants 0.001, errs w 6e-14 A 1e-14 C 1e-14, 23.8 s
  life secs: accumulate 0.1, cells 1.6, fire 0.0, eaters 0.2, seeds 0.2
  bodies 2509 (302601272 animals, 62.5% of land cells, 18% at sea), genotypes 293, births 416, splits 53, deaths [292.0, 0.0, 1.0, 6.0, 0.0, 0.0, 353.0, 0.0, 0.0], ate [1.601, 0.0, 0.148, 296.239, 0.157, 0.0], catches 1929 presses 0 breaks 0 killed 0 riders 0, secs 10.2/1.0/6.6/0.9
done: experiments/e111_holds/results/read/noreach in 448 s
