terrain: 512x512, 26215 land cells, 722 in basins, 0.2 s
  secs: air 11.9, water 4.2, life 0.0, sums 2.0
year   1: land 11.7 C, rain 1309 mm, evap 56, transp 0, to sea 1059, land bio 0.000, cover 0.00/0.00, h 0.0, eaters 0.00e0, burnt 0, genotypes 0/0, leading 0, mutants -0.000, errs w 2e-13 A 1e-14 C 0e0, 18.1 s
  life secs: accumulate 0.0, cells 0.0, fire 0.0, eaters 0.0, seeds 0.0
  secs: air 11.9, water 4.2, life 0.0, sums 2.0
year   2: land 14.5 C, rain 1413 mm, evap 67, transp 0, to sea 1334, land bio 0.000, cover 0.00/0.00, h 0.0, eaters 0.00e0, burnt 0, genotypes 0/0, leading 0, mutants -0.000, errs w 1e-13 A 3e-14 C 0e0, 18.2 s
  life secs: accumulate 0.0, cells 0.0, fire 0.0, eaters 0.0, seeds 0.0
  secs: air 12.0, water 4.2, life 0.0, sums 2.0
year   3: land 16.2 C, rain 1453 mm, evap 72, transp 0, to sea 1379, land bio 0.000, cover 0.00/0.00, h 0.0, eaters 0.00e0, burnt 0, genotypes 0/0, leading 0, mutants -0.000, errs w 2e-13 A 2e-14 C 0e0, 18.2 s
  life secs: accumulate 0.0, cells 0.0, fire 0.0, eaters 0.0, seeds 0.0
  secs: air 11.8, water 4.1, life 0.0, sums 2.0
year   4: land 17.6 C, rain 1463 mm, evap 76, transp 0, to sea 1386, land bio 0.000, cover 0.00/0.00, h 0.0, eaters 0.00e0, burnt 0, genotypes 0/0, leading 0, mutants -0.000, errs w 2e-13 A 8e-16 C 0e0, 17.9 s
  life secs: accumulate 0.0, cells 0.0, fire 0.0, eaters 0.0, seeds 0.0
  secs: air 12.0, water 4.1, life 0.0, sums 2.0
year   5: land 19.2 C, rain 1367 mm, evap 81, transp 0, to sea 1291, land bio 0.000, cover 0.00/0.00, h 0.0, eaters 0.00e0, burnt 0, genotypes 0/0, leading 0, mutants -0.000, errs w 2e-13 A 3e-14 C 0e0, 18.2 s
  life secs: accumulate 0.0, cells 0.0, fire 0.0, eaters 0.0, seeds 0.0
  secs: air 11.8, water 4.2, life 0.0, sums 2.0
year   6: land 19.3 C, rain 2016 mm, evap 83, transp 0, to sea 1910, land bio 0.000, cover 0.00/0.00, h 0.0, eaters 0.00e0, burnt 0, genotypes 0/0, leading 0, mutants -0.000, errs w 9e-14 A 3e-14 C 0e0, 18.0 s
  life secs: accumulate 0.0, cells 0.0, fire 0.0, eaters 0.0, seeds 0.0
  secs: air 11.8, water 4.1, life 0.0, sums 2.0
year   7: land 19.0 C, rain 1759 mm, evap 82, transp 0, to sea 1688, land bio 0.000, cover 0.00/0.00, h 0.0, eaters 0.00e0, burnt 0, genotypes 0/0, leading 0, mutants -0.000, errs w 2e-13 A 4e-14 C 0e0, 18.0 s
  life secs: accumulate 0.0, cells 0.0, fire 0.0, eaters 0.0, seeds 0.0
  secs: air 11.8, water 4.2, life 0.0, sums 2.0
year   8: land 18.8 C, rain 1842 mm, evap 80, transp 0, to sea 1758, land bio 0.000, cover 0.00/0.00, h 0.0, eaters 0.00e0, burnt 0, genotypes 0/0, leading 0, mutants -0.000, errs w 2e-14 A 3e-14 C 0e0, 18.0 s
  life secs: accumulate 0.0, cells 0.0, fire 0.0, eaters 0.0, seeds 0.0
  secs: air 12.0, water 4.2, life 0.0, sums 2.0
year   9: land 18.4 C, rain 2149 mm, evap 80, transp 0, to sea 2061, land bio 0.000, cover 0.00/0.00, h 0.0, eaters 0.00e0, burnt 0, genotypes 0/0, leading 0, mutants -0.000, errs w 2e-13 A 4e-15 C 0e0, 18.2 s
  life secs: accumulate 0.0, cells 0.0, fire 0.0, eaters 0.0, seeds 0.0
  secs: air 12.1, water 4.2, life 0.0, sums 2.0
year  10: land 19.3 C, rain 2069 mm, evap 84, transp 0, to sea 1989, land bio 0.000, cover 0.00/0.00, h 0.0, eaters 0.00e0, burnt 0, genotypes 0/0, leading 0, mutants -0.000, errs w 1e-13 A 3e-15 C 0e0, 18.3 s
  life secs: accumulate 0.0, cells 0.0, fire 0.0, eaters 0.0, seeds 0.0
  secs: air 11.9, water 4.2, life 30.4, sums 2.0
year  11: land 19.9 C, rain 1747 mm, evap 84, transp 2, to sea 1671, land bio 0.011, cover 0.24/0.45, h 0.9, eaters 1.41e-7, burnt 0, genotypes 8257/137, leading 324, mutants -0.000, errs w 3e-13 A 6e-14 C 5e-12, 48.7 s
  life secs: accumulate 1.1, cells 18.6, fire 0.0, eaters 6.9, seeds 3.7
  secs: air 11.4, water 4.0, life 23.0, sums 1.7
year  12: land 19.4 C, rain 2074 mm, evap 78, transp 24, to sea 1963, land bio 0.058, cover 0.60/0.45, h 1.0, eaters 6.07e-8, burnt 0, genotypes 9291/92, leading 428, mutants 0.001, errs w 2e-13 A 1e-13 C 1e-12, 40.3 s
  life secs: accumulate 1.0, cells 17.3, fire 0.0, eaters 0.9, seeds 3.8
  secs: air 11.2, water 3.8, life 20.3, sums 1.6
year  13: land 19.2 C, rain 1980 mm, evap 70, transp 53, to sea 1863, land bio 0.108, cover 0.74/0.44, h 1.2, eaters 1.74e-6, burnt 0, genotypes 10108/351, leading 496, mutants 0.002, errs w 3e-13 A 8e-14 C 9e-13, 37.0 s
  life secs: accumulate 0.9, cells 15.4, fire 0.0, eaters 0.4, seeds 3.5
  secs: air 11.3, water 3.9, life 20.6, sums 1.6
year  14: land 18.1 C, rain 1788 mm, evap 63, transp 72, to sea 1658, land bio 0.161, cover 0.81/0.43, h 1.3, eaters 7.82e-6, burnt 0, genotypes 10867/1117, leading 530, mutants 0.002, errs w 2e-13 A 7e-14 C 6e-13, 37.5 s
  life secs: accumulate 0.9, cells 15.4, fire 0.0, eaters 0.7, seeds 3.5
  secs: air 11.3, water 3.9, life 21.2, sums 1.7
year  15: land 18.4 C, rain 1877 mm, evap 61, transp 84, to sea 1729, land bio 0.218, cover 0.84/0.42, h 1.5, eaters 2.44e-5, burnt 218, genotypes 11134/1846, leading 539, mutants 0.002, errs w 2e-13 A 2e-14 C 5e-13, 38.2 s
  life secs: accumulate 0.9, cells 15.4, fire 0.0, eaters 1.4, seeds 3.4
  secs: air 11.4, water 3.9, life 22.0, sums 1.7
year  16: land 17.4 C, rain 2061 mm, evap 58, transp 88, to sea 1910, land bio 0.269, cover 0.86/0.41, h 1.6, eaters 3.78e-5, burnt 1, genotypes 11552/2492, leading 545, mutants 0.002, errs w 1e-13 A 4e-15 C 3e-13, 39.1 s
  life secs: accumulate 0.9, cells 15.5, fire 0.0, eaters 2.0, seeds 3.4
  secs: air 11.4, water 3.9, life 22.2, sums 1.7
year  17: land 17.5 C, rain 2351 mm, evap 58, transp 91, to sea 2196, land bio 0.326, cover 0.87/0.40, h 1.7, eaters 5.00e-5, burnt 6, genotypes 12131/2792, leading 555, mutants 0.002, errs w 1e-13 A 7e-14 C 3e-13, 39.3 s
  life secs: accumulate 0.9, cells 15.4, fire 0.0, eaters 2.4, seeds 3.4
  secs: air 11.4, water 3.9, life 22.1, sums 1.7
year  18: land 16.7 C, rain 2409 mm, evap 56, transp 93, to sea 2260, land bio 0.378, cover 0.88/0.39, h 1.9, eaters 5.86e-5, burnt 41, genotypes 12262/2929, leading 564, mutants 0.003, errs w 2e-13 A 2e-13 C 2e-13, 39.2 s
  life secs: accumulate 0.9, cells 15.4, fire 0.0, eaters 2.5, seeds 3.2
  secs: air 11.3, water 3.9, life 22.0, sums 1.7
year  19: land 15.5 C, rain 2637 mm, evap 54, transp 92, to sea 2485, land bio 0.426, cover 0.88/0.39, h 2.0, eaters 6.26e-5, burnt 56, genotypes 12248/2693, leading 559, mutants 0.003, errs w 2e-13 A 1e-13 C 3e-13, 39.1 s
  life secs: accumulate 0.9, cells 15.2, fire 0.0, eaters 2.7, seeds 3.1
  secs: air 11.4, water 3.9, life 21.6, sums 1.7
year  20: land 15.4 C, rain 2695 mm, evap 54, transp 93, to sea 2550, land bio 0.472, cover 0.88/0.38, h 2.0, eaters 6.93e-5, burnt 0, genotypes 12775/2338, leading 613, mutants 0.003, errs w 2e-13 A 2e-13 C 7e-14, 38.7 s
  life secs: accumulate 0.9, cells 15.0, fire 0.0, eaters 2.7, seeds 2.8
  secs: air 11.4, water 3.9, life 21.1, sums 1.7
year  21: land 16.1 C, rain 2294 mm, evap 54, transp 98, to sea 2151, land bio 0.527, cover 0.89/0.37, h 2.0, eaters 8.33e-5, burnt 5, genotypes 12835/2193, leading 561, mutants 0.003, errs w 2e-13 A 1e-13 C 2e-13, 38.2 s
  life secs: accumulate 0.9, cells 14.9, fire 0.0, eaters 2.8, seeds 2.4
  secs: air 11.4, water 3.9, life 21.2, sums 1.7
year  22: land 15.7 C, rain 2144 mm, evap 53, transp 99, to sea 1995, land bio 0.569, cover 0.89/0.36, h 2.1, eaters 9.87e-5, burnt 27, genotypes 13360/2018, leading 571, mutants 0.003, errs w 2e-13 A 1e-13 C 2e-13, 38.4 s
  life secs: accumulate 0.9, cells 14.8, fire 0.0, eaters 2.8, seeds 2.5
  secs: air 11.6, water 3.9, life 21.1, sums 1.7
year  23: land 16.9 C, rain 1884 mm, evap 55, transp 103, to sea 1734, land bio 0.609, cover 0.89/0.35, h 2.2, eaters 1.11e-4, burnt 40, genotypes 13731/1955, leading 564, mutants 0.003, errs w 5e-15 A 7e-14 C 2e-13, 38.4 s
  life secs: accumulate 0.9, cells 14.6, fire 0.0, eaters 3.0, seeds 2.5
  secs: air 11.4, water 3.9, life 21.1, sums 1.7
year  24: land 16.9 C, rain 1543 mm, evap 53, transp 102, to sea 1400, land bio 0.601, cover 0.90/0.35, h 2.3, eaters 1.28e-4, burnt 94, genotypes 14287/1819, leading 564, mutants 0.003, errs w 2e-13 A 6e-14 C 2e-14, 38.1 s
  life secs: accumulate 0.9, cells 14.6, fire 0.0, eaters 3.0, seeds 2.4
  secs: air 11.4, water 3.9, life 20.7, sums 1.7
year  25: land 16.0 C, rain 1727 mm, evap 51, transp 101, to sea 1565, land bio 0.619, cover 0.91/0.33, h 2.3, eaters 1.38e-4, burnt 18, genotypes 15152/1568, leading 566, mutants 0.003, errs w 2e-13 A 1e-13 C 3e-15, 37.8 s
  life secs: accumulate 0.9, cells 14.4, fire 0.0, eaters 3.0, seeds 2.2
  secs: air 11.3, water 3.9, life 20.8, sums 1.7
year  26: land 15.1 C, rain 1573 mm, evap 49, transp 99, to sea 1431, land bio 0.664, cover 0.91/0.32, h 2.4, eaters 1.47e-4, burnt 0, genotypes 15494/1418, leading 564, mutants 0.003, errs w 2e-13 A 2e-13 C 6e-14, 37.8 s
  life secs: accumulate 0.9, cells 14.4, fire 0.0, eaters 3.1, seeds 2.3
  secs: air 11.2, water 3.9, life 20.5, sums 1.7
year  27: land 16.9 C, rain 1642 mm, evap 52, transp 105, to sea 1483, land bio 0.738, cover 0.91/0.31, h 2.3, eaters 1.43e-4, burnt 1, genotypes 16076/1280, leading 557, mutants 0.003, errs w 2e-13 A 4e-13 C 2e-13, 37.4 s
  life secs: accumulate 0.9, cells 14.1, fire 0.0, eaters 3.2, seeds 2.2
  secs: air 11.3, water 3.9, life 20.0, sums 1.7
year  28: land 17.9 C, rain 1515 mm, evap 53, transp 111, to sea 1359, land bio 0.801, cover 0.92/0.31, h 2.3, eaters 1.51e-4, burnt 529, genotypes 16487/1065, leading 556, mutants 0.003, errs w 3e-13 A 4e-13 C 9e-14, 37.1 s
  life secs: accumulate 0.9, cells 13.9, fire 0.0, eaters 3.1, seeds 2.0
  secs: air 11.4, water 3.9, life 19.7, sums 1.7
year  29: land 17.5 C, rain 1766 mm, evap 53, transp 115, to sea 1587, land bio 0.864, cover 0.92/0.30, h 2.3, eaters 1.77e-4, burnt 21, genotypes 16762/1051, leading 561, mutants 0.003, errs w 2e-13 A 4e-13 C 1e-13, 36.9 s
  life secs: accumulate 0.9, cells 13.6, fire 0.0, eaters 3.1, seeds 2.0
  secs: air 11.6, water 4.0, life 19.7, sums 1.7
year  30: land 17.6 C, rain 1665 mm, evap 53, transp 117, to sea 1501, land bio 0.929, cover 0.92/0.29, h 2.2, eaters 1.78e-4, burnt 14, genotypes 17338/955, leading 580, mutants 0.003, errs w 2e-13 A 5e-13 C 1e-13, 37.1 s
  life secs: accumulate 0.9, cells 13.5, fire 0.0, eaters 3.2, seeds 2.0
  secs: air 11.5, water 3.9, life 19.2, sums 1.7
year  31: land 16.7 C, rain 1581 mm, evap 51, transp 116, to sea 1414, land bio 0.977, cover 0.92/0.28, h 2.2, eaters 1.98e-4, burnt 114, genotypes 17643/928, leading 567, mutants 0.003, errs w 2e-13 A 6e-13 C 3e-13, 36.4 s
  life secs: accumulate 0.9, cells 13.3, fire 0.0, eaters 3.1, seeds 1.7
  secs: air 11.4, water 3.9, life 19.3, sums 1.7
year  32: land 16.1 C, rain 1601 mm, evap 50, transp 112, to sea 1439, land bio 1.012, cover 0.93/0.28, h 2.3, eaters 2.01e-4, burnt 148, genotypes 17696/922, leading 573, mutants 0.003, errs w 2e-13 A 6e-13 C 3e-13, 36.5 s
  life secs: accumulate 0.9, cells 13.3, fire 0.0, eaters 3.2, seeds 1.9
  secs: air 11.3, water 3.9, life 19.1, sums 1.7
year  33: land 17.2 C, rain 2162 mm, evap 53, transp 113, to sea 1979, land bio 1.059, cover 0.93/0.27, h 2.2, eaters 1.93e-4, burnt 67, genotypes 18309/959, leading 585, mutants 0.003, errs w 2e-13 A 6e-13 C 5e-13, 36.1 s
  life secs: accumulate 0.9, cells 13.1, fire 0.0, eaters 3.2, seeds 1.9
  secs: air 11.4, water 3.9, life 19.1, sums 1.7
year  34: land 17.7 C, rain 1947 mm, evap 54, transp 121, to sea 1781, land bio 1.090, cover 0.93/0.27, h 2.2, eaters 2.08e-4, burnt 162, genotypes 18814/1042, leading 595, mutants 0.003, errs w 2e-13 A 8e-13 C 6e-13, 36.2 s
  life secs: accumulate 0.9, cells 13.1, fire 0.0, eaters 3.2, seeds 1.8
  secs: air 11.3, water 3.9, life 19.0, sums 1.7
year  35: land 19.0 C, rain 2158 mm, evap 57, transp 121, to sea 1973, land bio 1.117, cover 0.93/0.26, h 2.3, eaters 1.80e-4, burnt 75, genotypes 19233/941, leading 595, mutants 0.003, errs w 2e-13 A 1e-12 C 7e-13, 35.9 s
  life secs: accumulate 0.9, cells 12.8, fire 0.0, eaters 3.2, seeds 1.9
  secs: air 11.3, water 3.9, life 18.9, sums 1.7
year  36: land 19.6 C, rain 2715 mm, evap 58, transp 128, to sea 2519, land bio 1.130, cover 0.93/0.26, h 2.3, eaters 1.83e-4, burnt 55, genotypes 20494/915, leading 601, mutants 0.003, errs w 2e-13 A 9e-13 C 7e-13, 35.9 s
  life secs: accumulate 0.9, cells 12.8, fire 0.0, eaters 3.2, seeds 1.8
  secs: air 11.4, water 4.0, life 18.5, sums 1.7
year  37: land 19.9 C, rain 2084 mm, evap 57, transp 122, to sea 1921, land bio 1.152, cover 0.93/0.26, h 2.2, eaters 1.87e-4, burnt 77, genotypes 21969/977, leading 602, mutants 0.003, errs w 3e-13 A 9e-13 C 8e-13, 35.6 s
  life secs: accumulate 0.9, cells 12.6, fire 0.0, eaters 3.0, seeds 1.8
  secs: air 11.6, water 3.9, life 18.7, sums 1.7
year  38: land 18.6 C, rain 1665 mm, evap 53, transp 129, to sea 1493, land bio 1.190, cover 0.93/0.26, h 2.2, eaters 2.40e-4, burnt 90, genotypes 23403/1034, leading 599, mutants 0.003, errs w 2e-13 A 9e-13 C 7e-13, 36.0 s
  life secs: accumulate 0.9, cells 12.5, fire 0.0, eaters 3.2, seeds 1.9
  secs: air 11.4, water 4.0, life 18.4, sums 1.7
year  39: land 17.1 C, rain 1633 mm, evap 50, transp 122, to sea 1459, land bio 1.217, cover 0.93/0.25, h 2.2, eaters 2.75e-4, burnt 161, genotypes 24398/994, leading 603, mutants 0.003, errs w 3e-13 A 9e-13 C 6e-13, 35.6 s
  life secs: accumulate 0.9, cells 12.4, fire 0.0, eaters 3.1, seeds 1.8
  secs: air 11.3, water 3.9, life 18.6, sums 1.7
year  40: land 16.3 C, rain 1453 mm, evap 48, transp 114, to sea 1299, land bio 1.247, cover 0.94/0.25, h 2.2, eaters 2.77e-4, burnt 13, genotypes 26054/954, leading 634, mutants 0.003, errs w 3e-13 A 9e-13 C 6e-13, 35.6 s
  life secs: accumulate 0.9, cells 12.3, fire 0.0, eaters 3.3, seeds 1.9
bodies sown: 61 (no form 356, no soil 1583, no water 0)
  secs: air 11.4, water 3.9, life 36.0, sums 1.7
year  41: land 16.7 C, rain 1595 mm, evap 50, transp 116, to sea 1421, land bio 1.299, cover 0.94/0.25, h 2.2, eaters 2.57e-4, burnt 15, genotypes 27387/936, leading 599, mutants 0.003, errs w 3e-13 A 7e-13 C 5e-13, 53.1 s
  life secs: accumulate 0.9, cells 12.3, fire 0.0, eaters 3.3, seeds 1.7
  bodies 463 (14999478401 animals, 0.7% of land cells, 40% at sea), genotypes 69, births 517, splits 31, deaths [40.0, 63.0, 18.0, 0.0, 0.0, 1.0, 3.0, 1.0, 20.0], ate [2.354, 11.031, 4.347, 245.982, 0.089, 0.015], catches 178450 presses 158325 breaks 20 killed 8640000 riders 158316, secs 2.3/0.1/2.2/0.1
  secs: air 11.5, water 3.9, life 47.1, sums 1.7
year  42: land 17.9 C, rain 1483 mm, evap 52, transp 124, to sea 1315, land bio 1.330, cover 0.93/0.25, h 2.2, eaters 2.33e-4, burnt 184, genotypes 28376/956, leading 603, mutants 0.003, errs w 1e-13 A 6e-13 C 6e-13, 64.3 s
  life secs: accumulate 0.9, cells 12.2, fire 0.0, eaters 3.2, seeds 1.9
  bodies 5055 (11660547760 animals, 7.3% of land cells, 49% at sea), genotypes 556, births 6366, splits 678, deaths [446.0, 264.0, 10.0, 0.0, 0.0, 393.0, 87.0, 6.0, 1246.0], ate [23.921, 233.806, 72.559, 3770.739, 7.384, 4.709], catches 135384 presses 114046 breaks 1436 killed 533396056 riders 113654, secs 7.5/1.1/6.0/1.0
  secs: air 11.5, water 4.0, life 140.5, sums 1.7
year  43: land 18.0 C, rain 1922 mm, evap 53, transp 121, to sea 1730, land bio 1.203, cover 0.89/0.25, h 2.2, eaters 2.29e-4, burnt 21, genotypes 28430/1020, leading 609, mutants 0.003, errs w 3e-13 A 6e-13 C 1e-12, 157.8 s
  life secs: accumulate 1.0, cells 12.0, fire 0.0, eaters 3.2, seeds 1.9
  bodies 19817 (6263152559 animals, 28.1% of land cells, 39% at sea), genotypes 1927, births 27554, splits 4413, deaths [2675.0, 934.0, 30.0, 0.0, 0.0, 3381.0, 1116.0, 16.0, 9053.0], ate [274.058, 1616.11, 425.106, 18219.013, 85.788, 72.839], catches 135200 presses 93805 breaks 10085 killed 3586006094 riders 91495, secs 56.0/11.7/33.0/8.5
  secs: air 11.7, water 4.0, life 275.5, sums 1.7
year  44: land 18.6 C, rain 2130 mm, evap 58, transp 98, to sea 1968, land bio 0.899, cover 0.79/0.25, h 2.2, eaters 1.20e-4, burnt 28, genotypes 27345/1019, leading 624, mutants 0.003, errs w 2e-13 A 5e-13 C 2e-12, 293.0 s
  life secs: accumulate 0.9, cells 12.0, fire 0.0, eaters 3.1, seeds 1.9
  bodies 29786 (10986806968 animals, 42.3% of land cells, 31% at sea), genotypes 2644, births 30407, splits 6998, deaths [8577.0, 1932.0, 37.0, 0.0, 0.0, 3736.0, 4677.0, 20.0, 8457.0], ate [647.36, 2690.101, 732.844, 24163.737, 167.276, 101.828], catches 460213 presses 22067 breaks 9049 killed 3249759259 riders 20326, secs 128.5/29.9/66.6/19.2
  secs: air 12.4, water 4.2, life 334.8, sums 1.8
year  45: land 19.0 C, rain 2102 mm, evap 67, transp 67, to sea 1965, land bio 0.567, cover 0.59/0.26, h 2.2, eaters 5.04e-5, burnt 0, genotypes 27111/811, leading 646, mutants 0.003, errs w 2e-13 A 5e-13 C 2e-12, 353.3 s
  life secs: accumulate 1.0, cells 12.1, fire 0.0, eaters 3.1, seeds 2.1
  bodies 25001 (10061139608 animals, 40.0% of land cells, 31% at sea), genotypes 2335, births 25422, splits 3953, deaths [14306.0, 2297.0, 37.0, 0.0, 0.0, 4703.0, 2537.0, 17.0, 10263.0], ate [631.661, 3426.226, 480.096, 18793.773, 247.425, 128.881], catches 1260864 presses 10788 breaks 10788 killed 4101522382 riders 8717, secs 154.3/40.5/81.5/26.4
  secs: air 12.3, water 4.2, life 252.6, sums 1.8
year  46: land 18.7 C, rain 2214 mm, evap 71, transp 42, to sea 2095, land bio 0.322, cover 0.43/0.28, h 2.3, eaters 3.56e-5, burnt 0, genotypes 29019/753, leading 683, mutants 0.002, errs w 2e-13 A 4e-13 C 1e-12, 271.0 s
  life secs: accumulate 1.0, cells 12.1, fire 0.0, eaters 2.8, seeds 2.2
  bodies 17885 (7710455621 animals, 31.9% of land cells, 31% at sea), genotypes 1863, births 25856, splits 2860, deaths [12321.0, 1920.0, 33.0, 0.0, 0.0, 6405.0, 1810.0, 27.0, 13316.0], ate [423.654, 2732.122, 281.989, 14238.32, 273.976, 163.406], catches 1117487 presses 14023 breaks 14023 killed 5057595896 riders 11290, secs 108.0/30.4/62.9/19.5
  secs: air 12.3, water 4.2, life 176.2, sums 1.8
year  47: land 18.6 C, rain 2226 mm, evap 74, transp 20, to sea 2130, land bio 0.205, cover 0.35/0.32, h 2.5, eaters 2.64e-5, burnt 0, genotypes 35533/837, leading 700, mutants 0.002, errs w 3e-13 A 3e-13 C 1e-12, 194.7 s
  life secs: accumulate 1.0, cells 12.4, fire 0.0, eaters 2.7, seeds 2.5
  bodies 12419 (5295303791 animals, 21.2% of land cells, 37% at sea), genotypes 1318, births 14939, splits 1668, deaths [8991.0, 1668.0, 33.0, 0.0, 0.0, 3448.0, 547.0, 18.0, 7368.0], ate [256.216, 1394.428, 151.606, 9152.191, 152.747, 77.456], catches 853599 presses 7948 breaks 7948 killed 2682480608 riders 5868, secs 70.2/18.5/42.1/12.7
  secs: air 12.6, water 4.2, life 132.0, sums 1.8
year  48: land 17.9 C, rain 1703 mm, evap 74, transp 10, to sea 1633, land bio 0.133, cover 0.30/0.37, h 2.3, eaters 2.50e-5, burnt 0, genotypes 44634/1000, leading 747, mutants 0.002, errs w 3e-13 A 2e-13 C 1e-12, 150.7 s
  life secs: accumulate 1.0, cells 13.0, fire 0.0, eaters 2.6, seeds 2.8
  bodies 9673 (4089877060 animals, 15.3% of land cells, 42% at sea), genotypes 1000, births 10841, splits 1028, deaths [7400.0, 452.0, 34.0, 0.0, 0.0, 1839.0, 867.0, 14.0, 4009.0], ate [168.633, 1026.317, 100.259, 6422.602, 76.461, 32.135], catches 268769 presses 4329 breaks 4329 killed 1524515428 riders 3178, secs 48.2/12.1/29.5/8.5
  secs: air 12.9, water 4.3, life 108.1, sums 1.8
year  49: land 18.1 C, rain 1569 mm, evap 76, transp 7, to sea 1487, land bio 0.090, cover 0.29/0.41, h 2.2, eaters 2.08e-5, burnt 0, genotypes 54987/969, leading 789, mutants 0.002, errs w 3e-13 A 2e-13 C 7e-13, 127.1 s
  life secs: accumulate 1.0, cells 13.4, fire 0.0, eaters 2.6, seeds 3.2
  bodies 7909 (3291573869 animals, 12.1% of land cells, 43% at sea), genotypes 803, births 8518, splits 641, deaths [6481.0, 127.0, 23.0, 0.0, 0.0, 1017.0, 1038.0, 6.0, 2231.0], ate [132.672, 756.961, 71.978, 4627.102, 43.405, 13.306], catches 45471 presses 2376 breaks 2376 killed 897515690 riders 1755, secs 36.0/8.9/22.7/6.1
  secs: air 12.5, water 4.3, life 105.2, sums 1.8
year  50: land 18.8 C, rain 1561 mm, evap 78, transp 5, to sea 1478, land bio 0.053, cover 0.26/0.44, h 2.1, eaters 1.78e-5, burnt 0, genotypes 64380/1069, leading 875, mutants 0.002, errs w 2e-13 A 2e-13 C 3e-13, 123.9 s
  life secs: accumulate 1.0, cells 13.9, fire 0.0, eaters 2.4, seeds 3.5
  bodies 6897 (3423867660 animals, 9.5% of land cells, 50% at sea), genotypes 711, births 9636, splits 602, deaths [6892.0, 226.0, 30.0, 0.0, 0.0, 910.0, 1204.0, 8.0, 1980.0], ate [143.999, 730.459, 66.35, 4264.416, 45.893, 10.108], catches 20240 presses 2102 breaks 2102 killed 748074696 riders 1540, secs 34.6/8.1/21.3/5.7
  secs: air 12.4, water 4.2, life 87.7, sums 1.8
year  51: land 18.5 C, rain 1640 mm, evap 77, transp 5, to sea 1555, land bio 0.035, cover 0.23/0.46, h 2.0, eaters 1.79e-5, burnt 0, genotypes 71237/1115, leading 846, mutants 0.002, errs w 2e-13 A 2e-13 C 6e-13, 106.3 s
  life secs: accumulate 1.0, cells 14.1, fire 0.0, eaters 2.3, seeds 3.2
  bodies 5880 (3367062554 animals, 8.3% of land cells, 48% at sea), genotypes 641, births 9323, splits 542, deaths [5224.0, 387.0, 55.0, 0.0, 0.0, 1318.0, 1075.0, 13.0, 2810.0], ate [147.836, 429.714, 65.694, 3621.279, 37.696, 11.406], catches 46561 presses 2996 breaks 2994 killed 1084864747 riders 2233, secs 25.8/6.2/16.5/4.1
  secs: air 12.9, water 4.2, life 84.8, sums 1.8
year  52: land 17.9 C, rain 1482 mm, evap 75, transp 4, to sea 1409, land bio 0.028, cover 0.22/0.48, h 2.0, eaters 1.87e-5, burnt 0, genotypes 79173/1176, leading 840, mutants 0.002, errs w 3e-13 A 1e-13 C 7e-13, 103.8 s
  life secs: accumulate 1.0, cells 14.3, fire 0.0, eaters 2.3, seeds 3.7
  bodies 5861 (3145520398 animals, 7.9% of land cells, 48% at sea), genotypes 603, births 8206, splits 391, deaths [4308.0, 407.0, 38.0, 0.0, 0.0, 1007.0, 678.0, 8.0, 2170.0], ate [127.17, 219.682, 55.709, 3271.217, 32.543, 9.345], catches 29032 presses 2303 breaks 2303 killed 825949953 riders 1687, secs 24.1/5.5/15.4/3.8
  secs: air 12.9, water 4.3, life 85.9, sums 1.8
year  53: land 16.8 C, rain 1463 mm, evap 72, transp 4, to sea 1386, land bio 0.023, cover 0.20/0.48, h 2.0, eaters 1.96e-5, burnt 0, genotypes 84556/1109, leading 826, mutants 0.003, errs w 3e-13 A 1e-13 C 7e-13, 105.0 s
  life secs: accumulate 1.0, cells 14.4, fire 0.0, eaters 2.3, seeds 3.9
  bodies 5595 (2707009094 animals, 7.3% of land cells, 48% at sea), genotypes 601, births 7665, splits 435, deaths [4045.0, 418.0, 21.0, 0.0, 0.0, 851.0, 1184.0, 15.0, 1832.0], ate [139.187, 176.63, 59.61, 3315.948, 35.158, 7.087], catches 21382 presses 1962 breaks 1962 killed 710012599 riders 1418, secs 24.1/5.8/15.6/3.9
  secs: air 13.0, water 4.3, life 84.5, sums 1.8
year  54: land 18.0 C, rain 1910 mm, evap 76, transp 4, to sea 1815, land bio 0.019, cover 0.19/0.49, h 1.9, eaters 1.70e-5, burnt 0, genotypes 87899/1200, leading 837, mutants 0.003, errs w 2e-13 A 1e-13 C 1e-12, 103.7 s
  life secs: accumulate 1.0, cells 14.6, fire 0.0, eaters 2.3, seeds 3.9
  bodies 5835 (2503838258 animals, 7.8% of land cells, 47% at sea), genotypes 643, births 8094, splits 377, deaths [4040.0, 682.0, 17.0, 0.0, 0.0, 768.0, 1023.0, 8.0, 1693.0], ate [132.059, 158.758, 54.966, 3191.693, 33.296, 6.831], catches 15450 presses 1782 breaks 1782 killed 685928524 riders 1269, secs 23.5/5.4/15.2/3.7
  secs: air 13.0, water 4.3, life 79.8, sums 1.8
year  55: land 18.5 C, rain 1857 mm, evap 78, transp 4, to sea 1779, land bio 0.020, cover 0.23/0.49, h 1.8, eaters 1.58e-5, burnt 0, genotypes 91171/1126, leading 824, mutants 0.003, errs w 3e-13 A 3e-14 C 1e-12, 99.0 s
  life secs: accumulate 1.0, cells 14.5, fire 0.0, eaters 2.2, seeds 4.1
  bodies 4668 (2126016768 animals, 6.4% of land cells, 50% at sea), genotypes 514, births 6573, splits 304, deaths [4141.0, 462.0, 18.0, 0.0, 0.0, 703.0, 1245.0, 9.0, 1466.0], ate [123.32, 99.611, 49.134, 2712.87, 28.23, 5.74], catches 10119 presses 1548 breaks 1548 killed 936020652 riders 1187, secs 21.0/4.7/14.2/3.2
  secs: air 12.8, water 4.4, life 79.3, sums 1.8
year  56: land 18.3 C, rain 1819 mm, evap 77, transp 6, to sea 1736, land bio 0.016, cover 0.19/0.49, h 1.8, eaters 1.59e-5, burnt 0, genotypes 91438/1168, leading 821, mutants 0.003, errs w 2e-13 A 6e-14 C 1e-12, 98.4 s
  life secs: accumulate 1.0, cells 14.7, fire 0.0, eaters 2.1, seeds 3.8
  bodies 4708 (1948543884 animals, 6.6% of land cells, 50% at sea), genotypes 524, births 7335, splits 419, deaths [3524.0, 506.0, 25.0, 0.0, 0.0, 903.0, 757.0, 3.0, 1996.0], ate [175.563, 140.509, 70.739, 3048.897, 27.756, 7.893], catches 14386 presses 2094 breaks 2094 killed 819910006 riders 1586, secs 20.6/4.6/14.1/3.1
  secs: air 13.1, water 4.3, life 79.3, sums 1.8
year  57: land 17.4 C, rain 1549 mm, evap 74, transp 4, to sea 1480, land bio 0.015, cover 0.19/0.49, h 1.6, eaters 1.48e-5, burnt 1, genotypes 93450/1169, leading 801, mutants 0.002, errs w 3e-13 A 2e-13 C 1e-12, 98.7 s
  life secs: accumulate 1.0, cells 14.6, fire 0.0, eaters 2.1, seeds 3.9
  bodies 5657 (2309755414 animals, 7.3% of land cells, 49% at sea), genotypes 615, births 8098, splits 352, deaths [3649.0, 435.0, 24.0, 0.0, 0.0, 854.0, 813.0, 5.0, 1721.0], ate [137.572, 102.261, 52.851, 3006.666, 27.267, 7.318], catches 13511 presses 1837 breaks 1837 killed 696602851 riders 1409, secs 20.9/4.8/13.7/3.3
  secs: air 12.9, water 4.3, life 81.7, sums 1.8
year  58: land 18.0 C, rain 1954 mm, evap 76, transp 4, to sea 1859, land bio 0.014, cover 0.18/0.47, h 1.5, eaters 1.53e-5, burnt 0, genotypes 94086/1186, leading 807, mutants 0.003, errs w 2e-13 A 5e-14 C 1e-12, 100.9 s
  life secs: accumulate 1.0, cells 14.7, fire 0.0, eaters 2.2, seeds 3.9
  bodies 5448 (2212284240 animals, 7.2% of land cells, 48% at sea), genotypes 609, births 7434, splits 313, deaths [4214.0, 414.0, 20.0, 0.0, 0.0, 677.0, 1178.0, 12.0, 1441.0], ate [145.759, 96.725, 55.836, 2862.321, 28.935, 5.724], catches 14596 presses 1527 breaks 1527 killed 570143160 riders 1130, secs 22.0/5.1/14.5/3.4
  secs: air 13.0, water 4.2, life 77.4, sums 1.8
year  59: land 18.6 C, rain 1771 mm, evap 79, transp 5, to sea 1695, land bio 0.016, cover 0.22/0.44, h 1.4, eaters 1.62e-5, burnt 0, genotypes 95585/1229, leading 816, mutants 0.003, errs w 2e-13 A 6e-14 C 1e-12, 96.6 s
  life secs: accumulate 1.0, cells 14.6, fire 0.0, eaters 2.2, seeds 4.0
  bodies 4248 (2351523766 animals, 6.0% of land cells, 51% at sea), genotypes 447, births 6031, splits 299, deaths [4213.0, 355.0, 23.0, 0.0, 0.0, 577.0, 1125.0, 6.0, 1231.0], ate [141.964, 87.527, 55.917, 2468.668, 21.211, 4.97], catches 7948 presses 1293 breaks 1293 killed 492741824 riders 956, secs 19.7/4.4/13.6/3.0
  secs: air 12.9, water 4.3, life 74.1, sums 1.8
year  60: land 20.0 C, rain 1782 mm, evap 82, transp 7, to sea 1691, land bio 0.017, cover 0.23/0.40, h 1.3, eaters 1.45e-5, burnt 0, genotypes 96613/1102, leading 888, mutants 0.003, errs w 2e-13 A 9e-14 C 1e-12, 93.3 s
  life secs: accumulate 1.0, cells 14.7, fire 0.0, eaters 2.1, seeds 4.0
  bodies 4435 (1738461157 animals, 6.9% of land cells, 49% at sea), genotypes 456, births 6433, splits 364, deaths [3387.0, 460.0, 36.0, 0.0, 0.0, 628.0, 703.0, 8.0, 1388.0], ate [175.095, 112.162, 69.793, 2577.99, 16.437, 4.165], catches 7211 presses 1452 breaks 1452 killed 548475266 riders 1110, secs 17.9/3.9/13.0/2.6
  secs: air 12.6, water 4.3, life 78.2, sums 1.8
year  61: land 18.4 C, rain 1739 mm, evap 77, transp 6, to sea 1659, land bio 0.013, cover 0.18/0.37, h 1.3, eaters 1.35e-5, burnt 0, genotypes 96430/1277, leading 826, mutants 0.003, errs w 2e-13 A 8e-14 C 1e-12, 97.1 s
  life secs: accumulate 1.0, cells 14.5, fire 0.0, eaters 2.1, seeds 3.7
  bodies 4915 (1941210426 animals, 6.6% of land cells, 54% at sea), genotypes 540, births 7626, splits 426, deaths [3692.0, 413.0, 55.0, 0.0, 0.0, 889.0, 603.0, 7.0, 1913.0], ate [190.472, 121.296, 72.966, 2857.087, 22.307, 7.46], catches 11038 presses 2006 breaks 2006 killed 749998555 riders 1504, secs 20.1/4.5/14.1/3.1
  secs: air 13.1, water 4.3, life 77.9, sums 1.8
year  62: land 17.8 C, rain 1776 mm, evap 75, transp 4, to sea 1694, land bio 0.014, cover 0.19/0.35, h 1.3, eaters 1.56e-5, burnt 0, genotypes 97477/1378, leading 820, mutants 0.003, errs w 2e-13 A 1e-13 C 1e-12, 97.3 s
  life secs: accumulate 1.0, cells 14.6, fire 0.0, eaters 2.1, seeds 3.9
  bodies 5078 (2012745215 animals, 6.2% of land cells, 56% at sea), genotypes 548, births 7102, splits 378, deaths [3897.0, 334.0, 67.0, 0.0, 0.0, 737.0, 706.0, 15.0, 1561.0], ate [141.765, 89.418, 56.233, 2761.671, 19.803, 5.718], catches 10792 presses 1648 breaks 1648 killed 618132817 riders 1289, secs 20.2/4.5/13.6/3.0
  secs: air 12.8, water 4.3, life 78.0, sums 1.8
year  63: land 17.4 C, rain 1664 mm, evap 74, transp 5, to sea 1589, land bio 0.013, cover 0.19/0.35, h 1.2, eaters 1.60e-5, burnt 0, genotypes 97548/1353, leading 837, mutants 0.004, errs w 2e-13 A 9e-14 C 1e-12, 97.1 s
  life secs: accumulate 1.0, cells 14.6, fire 0.0, eaters 2.1, seeds 4.1
  bodies 4637 (2167878833 animals, 6.0% of land cells, 56% at sea), genotypes 464, births 6640, splits 328, deaths [4061.0, 284.0, 39.0, 0.0, 0.0, 706.0, 797.0, 6.0, 1516.0], ate [148.864, 94.487, 58.001, 2687.773, 19.133, 6.125], catches 11658 presses 1589 breaks 1589 killed 618389405 riders 1265, secs 20.1/4.6/13.5/3.0
  secs: air 12.8, water 4.3, life 77.9, sums 1.8
year  64: land 18.3 C, rain 2267 mm, evap 78, transp 4, to sea 2164, land bio 0.013, cover 0.20/0.35, h 1.2, eaters 1.52e-5, burnt 0, genotypes 97687/1394, leading 840, mutants 0.004, errs w 8e-14 A 2e-13 C 1e-12, 96.9 s
  life secs: accumulate 1.0, cells 14.7, fire 0.0, eaters 2.1, seeds 4.1
  bodies 4851 (2085178030 animals, 5.9% of land cells, 54% at sea), genotypes 507, births 6716, splits 336, deaths [3840.0, 297.0, 35.0, 0.0, 0.0, 653.0, 705.0, 9.0, 1299.0], ate [143.094, 86.399, 55.623, 2740.404, 20.334, 5.416], catches 32483 presses 1383 breaks 1383 killed 570043314 riders 1041, secs 20.0/4.4/13.5/3.0
  secs: air 12.8, water 4.3, life 74.6, sums 1.8
year  65: land 19.6 C, rain 2941 mm, evap 85, transp 6, to sea 2839, land bio 0.016, cover 0.25/0.35, h 1.2, eaters 1.45e-5, burnt 0, genotypes 98264/1263, leading 830, mutants 0.004, errs w 2e-13 A 1e-13 C 1e-12, 93.6 s
  life secs: accumulate 1.0, cells 14.5, fire 0.0, eaters 2.1, seeds 4.1
  bodies 4315 (1795453238 animals, 5.7% of land cells, 54% at sea), genotypes 450, births 5785, splits 311, deaths [3570.0, 286.0, 52.0, 0.0, 0.0, 503.0, 1152.0, 8.0, 1061.0], ate [151.09, 85.1, 60.113, 2531.401, 16.436, 3.794], catches 38091 presses 1114 breaks 1114 killed 1088925041 riders 844, secs 18.4/4.0/12.7/2.7
  secs: air 12.6, water 4.3, life 76.6, sums 1.8
year  66: land 18.0 C, rain 2352 mm, evap 78, transp 6, to sea 2284, land bio 0.012, cover 0.20/0.35, h 1.2, eaters 1.42e-5, burnt 0, genotypes 97010/1274, leading 857, mutants 0.004, errs w 2e-13 A 3e-13 C 2e-12, 95.4 s
  life secs: accumulate 1.0, cells 14.7, fire 0.0, eaters 2.1, seeds 4.0
  bodies 4591 (1896023039 animals, 6.1% of land cells, 54% at sea), genotypes 453, births 6501, splits 401, deaths [3273.0, 249.0, 41.0, 0.0, 0.0, 682.0, 882.0, 6.0, 1493.0], ate [190.039, 128.061, 78.659, 2839.248, 23.609, 8.121], catches 27952 presses 1579 breaks 1579 killed 617999563 riders 1212, secs 19.1/4.2/13.4/2.8
  secs: air 12.8, water 4.3, life 71.5, sums 1.8
year  67: land 17.8 C, rain 1879 mm, evap 76, transp 4, to sea 1808, land bio 0.013, cover 0.22/0.36, h 1.2, eaters 1.47e-5, burnt 0, genotypes 98174/1462, leading 868, mutants 0.004, errs w 9e-14 A 2e-13 C 1e-12, 90.5 s
  life secs: accumulate 1.0, cells 14.5, fire 0.0, eaters 2.1, seeds 4.0
  bodies 3802 (1549784272 animals, 5.2% of land cells, 56% at sea), genotypes 399, births 5181, splits 285, deaths [3186.0, 209.0, 81.0, 0.0, 0.0, 551.0, 1078.0, 5.0, 1145.0], ate [126.054, 74.612, 50.159, 2474.734, 17.823, 5.243], catches 20038 presses 1218 breaks 1218 killed 489760067 riders 968, secs 16.9/3.6/11.9/2.3
  secs: air 11.2, water 3.9, life 62.7, sums 1.6
year  68: land 18.0 C, rain 2027 mm, evap 77, transp 5, to sea 1940, land bio 0.014, cover 0.25/0.36, h 1.2, eaters 1.47e-5, burnt 0, genotypes 98217/1374, leading 854, mutants 0.003, errs w 2e-13 A 1e-13 C 2e-12, 79.6 s
  life secs: accumulate 0.9, cells 13.9, fire 0.0, eaters 1.8, seeds 3.5
  bodies 4031 (1624149005 animals, 5.2% of land cells, 56% at sea), genotypes 433, births 5705, splits 375, deaths [2723.0, 253.0, 70.0, 0.0, 0.0, 675.0, 759.0, 6.0, 1365.0], ate [159.497, 92.161, 67.005, 2608.398, 18.222, 6.7], catches 21997 presses 1459 breaks 1459 killed 559559849 riders 1172, secs 14.3/2.6/10.4/1.8
  secs: air 10.6, water 3.9, life 61.5, sums 1.5
year  69: land 18.2 C, rain 1499 mm, evap 77, transp 5, to sea 1436, land bio 0.012, cover 0.22/0.35, h 1.1, eaters 1.39e-5, burnt 0, genotypes 97270/1178, leading 853, mutants 0.004, errs w 2e-13 A 1e-13 C 2e-12, 77.8 s
  life secs: accumulate 0.9, cells 13.4, fire 0.0, eaters 1.7, seeds 3.3
  bodies 4217 (1701163256 animals, 6.0% of land cells, 53% at sea), genotypes 454, births 6189, splits 327, deaths [3029.0, 215.0, 62.0, 0.0, 0.0, 649.0, 939.0, 5.0, 1431.0], ate [171.192, 108.265, 67.411, 2630.738, 18.869, 5.778], catches 15801 presses 1514 breaks 1513 killed 570719482 riders 1137, secs 14.5/2.5/10.4/1.8
  secs: air 10.5, water 3.8, life 60.3, sums 1.6
year  70: land 17.9 C, rain 1245 mm, evap 75, transp 5, to sea 1173, land bio 0.012, cover 0.24/0.35, h 1.1, eaters 1.21e-5, burnt 0, genotypes 97688/1215, leading 984, mutants 0.004, errs w 2e-13 A 3e-13 C 2e-12, 76.4 s
  life secs: accumulate 0.9, cells 13.5, fire 0.0, eaters 1.7, seeds 3.4
  bodies 4232 (1698306425 animals, 6.2% of land cells, 49% at sea), genotypes 407, births 6026, splits 356, deaths [2945.0, 194.0, 49.0, 0.0, 0.0, 733.0, 1023.0, 4.0, 1419.0], ate [159.995, 96.729, 66.052, 2544.409, 19.534, 6.229], catches 14683 presses 1520 breaks 1520 killed 550728534 riders 1187, secs 13.9/2.3/10.2/1.7
done: experiments/e110_meet/results/pilot/tick1 in 5016 s
