terrain: 512x512, 26215 land cells, 722 in basins, 0.2 s
  secs: air 16.3, water 6.2, life 0.0, sums 2.5
year   1: land 11.7 C, rain 1309 mm, evap 56, transp 0, to sea 1059, land bio 0.000, cover 0.00/0.00, h 0.0, eaters 0.00e0, burnt 0, genotypes 0/0, leading 0, mutants -0.000, errs w 2e-13 A 1e-14 C 0e0, 24.9 s
  life secs: accumulate 0.0, cells 0.0, fire 0.0, eaters 0.0, seeds 0.0
  secs: air 16.2, water 6.1, life 0.0, sums 2.4
year   2: land 14.5 C, rain 1413 mm, evap 67, transp 0, to sea 1334, land bio 0.000, cover 0.00/0.00, h 0.0, eaters 0.00e0, burnt 0, genotypes 0/0, leading 0, mutants -0.000, errs w 1e-13 A 3e-14 C 0e0, 24.8 s
  life secs: accumulate 0.0, cells 0.0, fire 0.0, eaters 0.0, seeds 0.0
  secs: air 16.2, water 6.1, life 0.0, sums 2.4
year   3: land 16.2 C, rain 1453 mm, evap 72, transp 0, to sea 1379, land bio 0.000, cover 0.00/0.00, h 0.0, eaters 0.00e0, burnt 0, genotypes 0/0, leading 0, mutants -0.000, errs w 2e-13 A 2e-14 C 0e0, 24.9 s
  life secs: accumulate 0.0, cells 0.0, fire 0.0, eaters 0.0, seeds 0.0
  secs: air 16.1, water 6.1, life 0.0, sums 2.4
year   4: land 17.6 C, rain 1463 mm, evap 76, transp 0, to sea 1386, land bio 0.000, cover 0.00/0.00, h 0.0, eaters 0.00e0, burnt 0, genotypes 0/0, leading 0, mutants -0.000, errs w 2e-13 A 8e-16 C 0e0, 24.7 s
  life secs: accumulate 0.0, cells 0.0, fire 0.0, eaters 0.0, seeds 0.0
  secs: air 16.2, water 6.1, life 0.0, sums 2.4
year   5: land 19.2 C, rain 1367 mm, evap 81, transp 0, to sea 1291, land bio 0.000, cover 0.00/0.00, h 0.0, eaters 0.00e0, burnt 0, genotypes 0/0, leading 0, mutants -0.000, errs w 2e-13 A 3e-14 C 0e0, 24.8 s
  life secs: accumulate 0.0, cells 0.0, fire 0.0, eaters 0.0, seeds 0.0
  secs: air 16.2, water 6.1, life 0.0, sums 2.5
year   6: land 19.3 C, rain 2016 mm, evap 83, transp 0, to sea 1910, land bio 0.000, cover 0.00/0.00, h 0.0, eaters 0.00e0, burnt 0, genotypes 0/0, leading 0, mutants -0.000, errs w 9e-14 A 3e-14 C 0e0, 24.8 s
  life secs: accumulate 0.0, cells 0.0, fire 0.0, eaters 0.0, seeds 0.0
  secs: air 16.2, water 6.1, life 0.0, sums 2.4
year   7: land 19.0 C, rain 1759 mm, evap 82, transp 0, to sea 1688, land bio 0.000, cover 0.00/0.00, h 0.0, eaters 0.00e0, burnt 0, genotypes 0/0, leading 0, mutants -0.000, errs w 2e-13 A 4e-14 C 0e0, 24.8 s
  life secs: accumulate 0.0, cells 0.0, fire 0.0, eaters 0.0, seeds 0.0
  secs: air 15.4, water 5.9, life 0.0, sums 2.2
year   8: land 18.8 C, rain 1842 mm, evap 80, transp 0, to sea 1758, land bio 0.000, cover 0.00/0.00, h 0.0, eaters 0.00e0, burnt 0, genotypes 0/0, leading 0, mutants -0.000, errs w 2e-14 A 3e-14 C 0e0, 23.6 s
  life secs: accumulate 0.0, cells 0.0, fire 0.0, eaters 0.0, seeds 0.0
  secs: air 15.4, water 5.9, life 0.0, sums 2.1
year   9: land 18.4 C, rain 2149 mm, evap 80, transp 0, to sea 2061, land bio 0.000, cover 0.00/0.00, h 0.0, eaters 0.00e0, burnt 0, genotypes 0/0, leading 0, mutants -0.000, errs w 2e-13 A 4e-15 C 0e0, 23.4 s
  life secs: accumulate 0.0, cells 0.0, fire 0.0, eaters 0.0, seeds 0.0
  secs: air 15.7, water 6.0, life 0.0, sums 2.1
year  10: land 19.3 C, rain 2069 mm, evap 84, transp 0, to sea 1989, land bio 0.000, cover 0.00/0.00, h 0.0, eaters 0.00e0, burnt 0, genotypes 0/0, leading 0, mutants -0.000, errs w 1e-13 A 3e-15 C 0e0, 23.9 s
  life secs: accumulate 0.0, cells 0.0, fire 0.0, eaters 0.0, seeds 0.0
  secs: air 15.0, water 5.7, life 47.0, sums 2.0
year  11: land 19.9 C, rain 1747 mm, evap 84, transp 2, to sea 1671, land bio 0.011, cover 0.24/0.45, h 0.9, eaters 1.41e-7, burnt 0, genotypes 8257/137, leading 324, mutants -0.000, errs w 3e-13 A 6e-14 C 5e-12, 69.9 s
  life secs: accumulate 1.0, cells 34.1, fire 0.0, eaters 8.1, seeds 3.7
  secs: air 15.1, water 5.8, life 38.3, sums 2.0
year  12: land 19.4 C, rain 2074 mm, evap 78, transp 24, to sea 1963, land bio 0.058, cover 0.60/0.45, h 1.0, eaters 6.07e-8, burnt 0, genotypes 9291/92, leading 428, mutants 0.001, errs w 2e-13 A 1e-13 C 1e-12, 61.4 s
  life secs: accumulate 1.0, cells 31.9, fire 0.0, eaters 1.0, seeds 4.2
  secs: air 15.1, water 5.7, life 33.6, sums 1.9
year  13: land 19.2 C, rain 1980 mm, evap 70, transp 53, to sea 1863, land bio 0.108, cover 0.74/0.44, h 1.2, eaters 1.74e-6, burnt 0, genotypes 10108/351, leading 496, mutants 0.002, errs w 3e-13 A 8e-14 C 9e-13, 56.4 s
  life secs: accumulate 1.0, cells 27.9, fire 0.0, eaters 0.4, seeds 4.1
  secs: air 15.1, water 5.8, life 33.7, sums 1.9
year  14: land 18.1 C, rain 1788 mm, evap 63, transp 72, to sea 1658, land bio 0.161, cover 0.81/0.43, h 1.3, eaters 7.82e-6, burnt 0, genotypes 10867/1117, leading 530, mutants 0.002, errs w 2e-13 A 7e-14 C 6e-13, 56.7 s
  life secs: accumulate 1.0, cells 27.8, fire 0.0, eaters 0.8, seeds 4.0
  secs: air 14.9, water 5.8, life 34.3, sums 1.9
year  15: land 18.4 C, rain 1877 mm, evap 61, transp 84, to sea 1729, land bio 0.218, cover 0.84/0.42, h 1.5, eaters 2.44e-5, burnt 218, genotypes 11134/1846, leading 539, mutants 0.002, errs w 2e-13 A 2e-14 C 5e-13, 57.0 s
  life secs: accumulate 1.0, cells 27.6, fire 0.0, eaters 1.5, seeds 4.0
  secs: air 15.0, water 5.7, life 35.3, sums 1.9
year  16: land 17.4 C, rain 2061 mm, evap 58, transp 88, to sea 1910, land bio 0.269, cover 0.86/0.41, h 1.6, eaters 3.78e-5, burnt 1, genotypes 11552/2492, leading 545, mutants 0.002, errs w 1e-13 A 4e-15 C 3e-13, 58.1 s
  life secs: accumulate 1.0, cells 27.9, fire 0.0, eaters 2.2, seeds 4.0
  secs: air 15.1, water 5.8, life 35.4, sums 2.0
year  17: land 17.5 C, rain 2351 mm, evap 58, transp 91, to sea 2196, land bio 0.326, cover 0.87/0.40, h 1.7, eaters 5.00e-5, burnt 6, genotypes 12131/2792, leading 555, mutants 0.002, errs w 1e-13 A 7e-14 C 3e-13, 58.4 s
  life secs: accumulate 1.0, cells 27.9, fire 0.0, eaters 2.6, seeds 3.8
  secs: air 15.1, water 5.8, life 35.5, sums 2.0
year  18: land 16.7 C, rain 2409 mm, evap 56, transp 93, to sea 2260, land bio 0.378, cover 0.88/0.39, h 1.9, eaters 5.86e-5, burnt 41, genotypes 12262/2929, leading 564, mutants 0.003, errs w 2e-13 A 2e-13 C 2e-13, 58.6 s
  life secs: accumulate 1.1, cells 28.0, fire 0.0, eaters 2.8, seeds 3.6
  secs: air 15.0, water 5.8, life 35.1, sums 1.9
year  19: land 15.5 C, rain 2637 mm, evap 54, transp 92, to sea 2485, land bio 0.426, cover 0.88/0.39, h 2.0, eaters 6.26e-5, burnt 56, genotypes 12248/2693, leading 559, mutants 0.003, errs w 2e-13 A 1e-13 C 3e-13, 58.0 s
  life secs: accumulate 1.0, cells 27.7, fire 0.0, eaters 3.0, seeds 3.3
  secs: air 15.1, water 5.8, life 34.6, sums 2.0
year  20: land 15.4 C, rain 2695 mm, evap 54, transp 93, to sea 2550, land bio 0.472, cover 0.88/0.38, h 2.0, eaters 6.93e-5, burnt 0, genotypes 12775/2338, leading 613, mutants 0.003, errs w 2e-13 A 2e-13 C 7e-14, 57.6 s
  life secs: accumulate 1.0, cells 27.2, fire 0.0, eaters 3.0, seeds 3.2
  secs: air 15.2, water 5.8, life 34.0, sums 2.0
year  21: land 16.1 C, rain 2294 mm, evap 54, transp 98, to sea 2151, land bio 0.527, cover 0.89/0.37, h 2.0, eaters 8.33e-5, burnt 5, genotypes 12835/2193, leading 561, mutants 0.003, errs w 2e-13 A 1e-13 C 2e-13, 57.1 s
  life secs: accumulate 1.1, cells 26.9, fire 0.0, eaters 3.1, seeds 2.8
  secs: air 15.3, water 5.8, life 34.0, sums 2.0
year  22: land 15.7 C, rain 2144 mm, evap 53, transp 99, to sea 1995, land bio 0.569, cover 0.89/0.36, h 2.1, eaters 9.87e-5, burnt 27, genotypes 13360/2018, leading 571, mutants 0.003, errs w 2e-13 A 1e-13 C 2e-13, 57.1 s
  life secs: accumulate 1.0, cells 26.7, fire 0.0, eaters 3.2, seeds 3.0
  secs: air 15.2, water 5.8, life 33.6, sums 2.0
year  23: land 16.9 C, rain 1884 mm, evap 55, transp 103, to sea 1734, land bio 0.609, cover 0.89/0.35, h 2.2, eaters 1.11e-4, burnt 40, genotypes 13731/1955, leading 564, mutants 0.003, errs w 5e-15 A 7e-14 C 2e-13, 56.7 s
  life secs: accumulate 1.0, cells 26.4, fire 0.0, eaters 3.2, seeds 2.8
  secs: air 15.2, water 5.8, life 33.5, sums 2.0
year  24: land 16.9 C, rain 1543 mm, evap 53, transp 102, to sea 1400, land bio 0.601, cover 0.90/0.35, h 2.3, eaters 1.28e-4, burnt 94, genotypes 14287/1819, leading 564, mutants 0.003, errs w 2e-13 A 6e-14 C 2e-14, 56.5 s
  life secs: accumulate 1.0, cells 26.3, fire 0.0, eaters 3.3, seeds 2.7
  secs: air 15.2, water 5.9, life 33.3, sums 2.0
year  25: land 16.0 C, rain 1727 mm, evap 51, transp 101, to sea 1565, land bio 0.619, cover 0.91/0.33, h 2.3, eaters 1.38e-4, burnt 18, genotypes 15152/1568, leading 566, mutants 0.003, errs w 2e-13 A 1e-13 C 3e-15, 56.4 s
  life secs: accumulate 1.0, cells 26.1, fire 0.0, eaters 3.3, seeds 2.7
  secs: air 15.0, water 5.8, life 33.4, sums 2.0
year  26: land 15.1 C, rain 1573 mm, evap 49, transp 99, to sea 1431, land bio 0.664, cover 0.91/0.32, h 2.4, eaters 1.47e-4, burnt 0, genotypes 15494/1418, leading 564, mutants 0.003, errs w 2e-13 A 2e-13 C 6e-14, 56.3 s
  life secs: accumulate 1.1, cells 26.2, fire 0.0, eaters 3.4, seeds 2.6
  secs: air 15.0, water 5.8, life 32.7, sums 2.0
year  27: land 16.9 C, rain 1642 mm, evap 52, transp 105, to sea 1483, land bio 0.738, cover 0.91/0.31, h 2.3, eaters 1.43e-4, burnt 1, genotypes 16076/1280, leading 557, mutants 0.003, errs w 2e-13 A 4e-13 C 2e-13, 55.5 s
  life secs: accumulate 1.1, cells 25.5, fire 0.0, eaters 3.5, seeds 2.5
  secs: air 15.1, water 5.8, life 31.9, sums 2.0
year  28: land 17.9 C, rain 1515 mm, evap 53, transp 111, to sea 1359, land bio 0.801, cover 0.92/0.31, h 2.3, eaters 1.51e-4, burnt 529, genotypes 16487/1065, leading 556, mutants 0.003, errs w 3e-13 A 4e-13 C 9e-14, 54.9 s
  life secs: accumulate 1.1, cells 25.1, fire 0.0, eaters 3.3, seeds 2.3
  secs: air 15.9, water 6.0, life 32.6, sums 2.1
year  29: land 17.5 C, rain 1766 mm, evap 53, transp 115, to sea 1587, land bio 0.864, cover 0.92/0.30, h 2.3, eaters 1.77e-4, burnt 21, genotypes 16762/1051, leading 561, mutants 0.003, errs w 2e-13 A 4e-13 C 1e-13, 56.8 s
  life secs: accumulate 1.1, cells 25.5, fire 0.0, eaters 3.4, seeds 2.4
  secs: air 16.7, water 6.3, life 33.4, sums 2.3
year  30: land 17.6 C, rain 1665 mm, evap 53, transp 117, to sea 1501, land bio 0.929, cover 0.92/0.29, h 2.2, eaters 1.78e-4, burnt 14, genotypes 17338/955, leading 580, mutants 0.003, errs w 2e-13 A 5e-13 C 1e-13, 58.7 s
  life secs: accumulate 1.2, cells 26.0, fire 0.0, eaters 3.6, seeds 2.4
  secs: air 16.3, water 6.1, life 31.8, sums 2.1
year  31: land 16.7 C, rain 1581 mm, evap 51, transp 116, to sea 1414, land bio 0.977, cover 0.92/0.28, h 2.2, eaters 1.98e-4, burnt 114, genotypes 17643/928, leading 567, mutants 0.003, errs w 2e-13 A 6e-13 C 3e-13, 56.5 s
  life secs: accumulate 1.1, cells 25.0, fire 0.0, eaters 3.5, seeds 2.0
  secs: air 15.6, water 6.1, life 31.1, sums 2.0
year  32: land 16.1 C, rain 1601 mm, evap 50, transp 112, to sea 1439, land bio 1.012, cover 0.93/0.28, h 2.3, eaters 2.01e-4, burnt 148, genotypes 17696/922, leading 573, mutants 0.003, errs w 2e-13 A 6e-13 C 3e-13, 54.9 s
  life secs: accumulate 1.1, cells 24.1, fire 0.0, eaters 3.5, seeds 2.3
  secs: air 15.3, water 6.0, life 30.0, sums 2.0
year  33: land 17.2 C, rain 2162 mm, evap 53, transp 113, to sea 1979, land bio 1.059, cover 0.93/0.27, h 2.2, eaters 1.93e-4, burnt 67, genotypes 18309/959, leading 585, mutants 0.003, errs w 2e-13 A 6e-13 C 5e-13, 53.4 s
  life secs: accumulate 1.0, cells 23.2, fire 0.0, eaters 3.5, seeds 2.2
  secs: air 15.2, water 5.8, life 29.8, sums 1.9
year  34: land 17.7 C, rain 1947 mm, evap 54, transp 121, to sea 1781, land bio 1.090, cover 0.93/0.27, h 2.2, eaters 2.08e-4, burnt 162, genotypes 18814/1042, leading 595, mutants 0.003, errs w 2e-13 A 8e-13 C 6e-13, 52.8 s
  life secs: accumulate 1.0, cells 23.0, fire 0.0, eaters 3.5, seeds 2.1
  secs: air 15.0, water 6.0, life 29.6, sums 1.9
year  35: land 19.0 C, rain 2158 mm, evap 57, transp 121, to sea 1973, land bio 1.117, cover 0.93/0.26, h 2.3, eaters 1.80e-4, burnt 75, genotypes 19233/941, leading 595, mutants 0.003, errs w 2e-13 A 1e-12 C 7e-13, 52.6 s
  life secs: accumulate 1.0, cells 22.9, fire 0.0, eaters 3.4, seeds 2.1
  secs: air 15.2, water 6.0, life 29.5, sums 2.0
year  36: land 19.6 C, rain 2715 mm, evap 58, transp 128, to sea 2519, land bio 1.130, cover 0.93/0.26, h 2.3, eaters 1.83e-4, burnt 55, genotypes 20494/915, leading 601, mutants 0.003, errs w 2e-13 A 9e-13 C 7e-13, 52.8 s
  life secs: accumulate 1.1, cells 22.9, fire 0.0, eaters 3.4, seeds 2.1
  secs: air 15.0, water 5.9, life 28.9, sums 2.0
year  37: land 19.9 C, rain 2084 mm, evap 57, transp 122, to sea 1921, land bio 1.152, cover 0.93/0.26, h 2.2, eaters 1.87e-4, burnt 77, genotypes 21969/977, leading 602, mutants 0.003, errs w 3e-13 A 9e-13 C 8e-13, 52.0 s
  life secs: accumulate 1.1, cells 22.3, fire 0.0, eaters 3.3, seeds 2.1
  secs: air 15.0, water 5.9, life 28.7, sums 2.0
year  38: land 18.6 C, rain 1665 mm, evap 53, transp 129, to sea 1493, land bio 1.190, cover 0.93/0.26, h 2.2, eaters 2.40e-4, burnt 90, genotypes 23403/1034, leading 599, mutants 0.003, errs w 2e-13 A 9e-13 C 7e-13, 51.7 s
  life secs: accumulate 1.1, cells 22.1, fire 0.0, eaters 3.3, seeds 2.1
  secs: air 14.9, water 5.8, life 28.6, sums 1.9
year  39: land 17.1 C, rain 1633 mm, evap 50, transp 122, to sea 1459, land bio 1.217, cover 0.93/0.25, h 2.2, eaters 2.75e-4, burnt 161, genotypes 24398/994, leading 603, mutants 0.003, errs w 3e-13 A 9e-13 C 6e-13, 51.4 s
  life secs: accumulate 1.0, cells 22.0, fire 0.0, eaters 3.4, seeds 2.1
  secs: air 15.1, water 5.9, life 28.6, sums 2.0
year  40: land 16.3 C, rain 1453 mm, evap 48, transp 114, to sea 1299, land bio 1.247, cover 0.94/0.25, h 2.2, eaters 2.77e-4, burnt 13, genotypes 26054/954, leading 634, mutants 0.003, errs w 3e-13 A 9e-13 C 6e-13, 51.8 s
  life secs: accumulate 1.1, cells 21.8, fire 0.0, eaters 3.6, seeds 2.1
bodies sown: 61 (no form 356, no soil 1583, no water 0)
  secs: air 16.3, water 6.1, life 48.0, sums 2.1
year  41: land 16.7 C, rain 1595 mm, evap 50, transp 115, to sea 1421, land bio 1.288, cover 0.94/0.25, h 2.2, eaters 2.59e-4, burnt 186, genotypes 27119/955, leading 602, mutants 0.003, errs w 2e-13 A 8e-13 C 6e-13, 72.7 s
  life secs: accumulate 1.2, cells 22.1, fire 0.0, eaters 3.6, seeds 2.0
  bodies 460 (596327747 animals, 1.1% of land cells, 26% at sea), genotypes 63, births 502, splits 48, deaths [24.0, 86.0, 28.0, 0.0, 0.0, 3.0, 2.0, 0.0, 8.0], ate [2.395, 8.519, 6.155, 262.2, 0.039, 0.017], catches 19855 presses 16945 breaks 9 killed 3448046 riders 16915, secs 0.9/0.1/0.7/0.0
  secs: air 16.0, water 6.2, life 104.5, sums 2.2
year  42: land 17.9 C, rain 1483 mm, evap 53, transp 121, to sea 1315, land bio 1.166, cover 0.90/0.25, h 2.2, eaters 2.20e-4, burnt 250, genotypes 26599/946, leading 605, mutants 0.003, errs w 9e-14 A 5e-13 C 8e-13, 129.0 s
  life secs: accumulate 1.2, cells 21.9, fire 0.0, eaters 3.5, seeds 2.2
  bodies 41431 (20259300397 animals, 53.3% of land cells, 21% at sea), genotypes 3682, births 38015, splits 5969, deaths [545.0, 870.0, 20.0, 0.0, 0.0, 299.0, 173.0, 3.0, 1103.0], ate [413.941, 1233.973, 572.359, 17806.189, 17.17, 9.963], catches 24359 presses 13224 breaks 1177 killed 465025371 riders 12878, secs 29.5/5.2/18.7/5.3
  secs: air 15.9, water 6.0, life 315.2, sums 2.2
year  43: land 18.0 C, rain 1908 mm, evap 60, transp 79, to sea 1745, land bio 0.735, cover 0.72/0.24, h 2.4, eaters 9.05e-5, burnt 4, genotypes 23352/1028, leading 606, mutants 0.002, errs w 2e-13 A 7e-13 C 2e-12, 339.5 s
  life secs: accumulate 1.1, cells 21.5, fire 0.0, eaters 3.4, seeds 2.3
  bodies 43623 (20411885177 animals, 57.4% of land cells, 25% at sea), genotypes 3847, births 24233, splits 6658, deaths [13804.0, 4544.0, 16.0, 0.0, 0.0, 2744.0, 1124.0, 7.0, 6460.0], ate [1105.128, 3137.868, 933.334, 25819.863, 206.192, 74.4], catches 115217 presses 16438 breaks 6818 killed 2470201015 riders 14611, secs 154.2/24.8/70.4/20.3
  secs: air 16.4, water 6.4, life 220.8, sums 2.2
year  44: land 18.6 C, rain 2109 mm, evap 70, transp 41, to sea 1991, land bio 0.599, cover 0.60/0.25, h 2.5, eaters 3.43e-5, burnt 0, genotypes 24094/788, leading 626, mutants 0.002, errs w 2e-13 A 5e-13 C 2e-12, 245.9 s
  life secs: accumulate 1.2, cells 21.9, fire 0.0, eaters 3.2, seeds 2.3
  bodies 24164 (11263854011 animals, 43.2% of land cells, 22% at sea), genotypes 2273, births 5753, splits 1418, deaths [21100.0, 2375.0, 6.0, 0.0, 0.0, 835.0, 424.0, 3.0, 1887.0], ate [263.294, 1289.103, 268.128, 11843.183, 131.503, 19.911], catches 62626 presses 2679 breaks 2018 killed 735649967 riders 2224, secs 96.3/17.1/50.3/10.6
  secs: air 16.6, water 6.4, life 147.5, sums 2.2
year  45: land 19.0 C, rain 2090 mm, evap 74, transp 34, to sea 1980, land bio 0.461, cover 0.53/0.27, h 2.5, eaters 2.44e-5, burnt 1, genotypes 26462/689, leading 658, mutants 0.002, errs w 2e-13 A 3e-13 C 2e-12, 172.9 s
  life secs: accumulate 1.3, cells 22.2, fire 0.0, eaters 2.9, seeds 2.5
  bodies 16213 (7240425566 animals, 33.7% of land cells, 19% at sea), genotypes 1690, births 11784, splits 1406, deaths [11777.0, 973.0, 2.0, 0.0, 0.0, 2329.0, 534.0, 15.0, 5511.0], ate [212.501, 1850.514, 216.072, 8847.936, 145.602, 81.578], catches 52718 presses 5715 breaks 5715 killed 2362344372 riders 3928, secs 52.3/9.7/32.0/6.6
  secs: air 16.8, water 6.5, life 116.7, sums 2.2
year  46: land 18.7 C, rain 2208 mm, evap 74, transp 27, to sea 2102, land bio 0.339, cover 0.46/0.32, h 2.5, eaters 2.84e-5, burnt 0, genotypes 32915/813, leading 695, mutants 0.002, errs w 2e-13 A 3e-13 C 2e-12, 142.4 s
  life secs: accumulate 1.3, cells 22.9, fire 0.0, eaters 2.7, seeds 2.9
  bodies 12616 (5204104965 animals, 26.7% of land cells, 22% at sea), genotypes 1373, births 10877, splits 1487, deaths [7631.0, 924.0, 10.0, 0.0, 0.0, 2023.0, 356.0, 6.0, 5011.0], ate [204.502, 1674.682, 193.024, 7886.799, 131.236, 74.898], catches 50819 presses 5342 breaks 5342 killed 1912833897 riders 3642, secs 35.4/6.3/22.6/4.5
  secs: air 16.9, water 6.4, life 104.6, sums 2.2
year  47: land 18.6 C, rain 2224 mm, evap 75, transp 16, to sea 2131, land bio 0.222, cover 0.37/0.37, h 2.6, eaters 2.44e-5, burnt 0, genotypes 43726/1034, leading 724, mutants 0.002, errs w 3e-13 A 3e-13 C 8e-13, 130.3 s
  life secs: accumulate 1.3, cells 24.1, fire 0.0, eaters 2.8, seeds 3.2
  bodies 11656 (4605649444 animals, 21.8% of land cells, 26% at sea), genotypes 1302, births 11609, splits 1330, deaths [5653.0, 778.0, 12.0, 0.0, 0.0, 1755.0, 965.0, 8.0, 4728.0], ate [183.986, 1675.23, 154.953, 7628.795, 130.988, 73.93], catches 35710 presses 5058 breaks 5058 killed 1634071378 riders 3517, secs 28.3/4.9/17.9/3.6
  secs: air 17.1, water 6.5, life 94.8, sums 2.2
year  48: land 17.9 C, rain 1702 mm, evap 74, transp 8, to sea 1634, land bio 0.138, cover 0.30/0.43, h 2.6, eaters 2.15e-5, burnt 0, genotypes 57659/1146, leading 734, mutants 0.002, errs w 3e-13 A 1e-13 C 5e-13, 120.8 s
  life secs: accumulate 1.3, cells 25.5, fire 0.0, eaters 2.8, seeds 3.8
  bodies 7316 (2873739971 animals, 14.4% of land cells, 33% at sea), genotypes 866, births 8307, splits 1025, deaths [5934.0, 612.0, 72.0, 0.0, 0.0, 1306.0, 2321.0, 10.0, 3417.0], ate [157.806, 1196.247, 99.013, 6495.022, 146.037, 61.469], catches 26706 presses 3791 breaks 3791 killed 1142584806 riders 2744, secs 22.4/3.8/13.9/2.8
  secs: air 17.1, water 6.4, life 83.9, sums 2.2
year  49: land 18.1 C, rain 1568 mm, evap 76, transp 5, to sea 1488, land bio 0.102, cover 0.30/0.49, h 2.5, eaters 1.93e-5, burnt 0, genotypes 72762/1248, leading 733, mutants 0.002, errs w 3e-13 A 1e-13 C 4e-13, 109.8 s
  life secs: accumulate 1.3, cells 26.6, fire 0.0, eaters 2.8, seeds 4.0
  bodies 6747 (2802796908 animals, 13.1% of land cells, 33% at sea), genotypes 762, births 6691, splits 544, deaths [3300.0, 482.0, 22.0, 0.0, 0.0, 528.0, 2094.0, 7.0, 1371.0], ate [123.909, 596.272, 76.231, 4666.88, 65.516, 13.827], catches 13065 presses 1494 breaks 1493 killed 530513077 riders 1106, secs 15.5/2.5/10.2/1.9
  secs: air 16.8, water 6.4, life 82.9, sums 2.2
year  50: land 18.8 C, rain 1560 mm, evap 78, transp 4, to sea 1479, land bio 0.066, cover 0.29/0.53, h 2.3, eaters 2.17e-5, burnt 0, genotypes 86987/1393, leading 829, mutants 0.002, errs w 2e-13 A 8e-14 C 1e-14, 108.5 s
  life secs: accumulate 1.2, cells 27.6, fire 0.0, eaters 2.7, seeds 4.6
  bodies 6692 (2760856354 animals, 12.4% of land cells, 31% at sea), genotypes 732, births 6987, splits 563, deaths [2993.0, 642.0, 25.0, 0.0, 0.0, 517.0, 2088.0, 11.0, 1329.0], ate [137.478, 646.728, 71.974, 4330.911, 59.527, 13.813], catches 11325 presses 1436 breaks 1431 killed 535459257 riders 1013, secs 14.1/2.3/9.4/1.7
  secs: air 16.9, water 6.5, life 82.0, sums 2.2
year  51: land 18.5 C, rain 1639 mm, evap 77, transp 3, to sea 1555, land bio 0.046, cover 0.27/0.56, h 2.4, eaters 1.83e-5, burnt 0, genotypes 97751/1365, leading 760, mutants 0.003, errs w 2e-13 A 2e-13 C 2e-13, 107.7 s
  life secs: accumulate 1.2, cells 28.2, fire 0.0, eaters 2.5, seeds 4.2
  bodies 6310 (2630839250 animals, 12.2% of land cells, 35% at sea), genotypes 633, births 6320, splits 504, deaths [3122.0, 622.0, 54.0, 0.0, 0.0, 315.0, 2302.0, 4.0, 787.0], ate [149.54, 471.879, 71.598, 4108.881, 51.32, 7.011], catches 6278 presses 826 breaks 825 killed 301990599 riders 566, secs 13.8/2.2/9.3/1.7
  secs: air 17.0, water 6.5, life 83.9, sums 2.2
year  52: land 17.9 C, rain 1482 mm, evap 75, transp 3, to sea 1409, land bio 0.033, cover 0.24/0.58, h 2.5, eaters 1.46e-5, burnt 0, genotypes 107173/1402, leading 769, mutants 0.003, errs w 3e-13 A 3e-13 C 7e-13, 109.7 s
  life secs: accumulate 1.3, cells 28.3, fire 0.0, eaters 2.5, seeds 4.8
  bodies 6922 (3057974231 animals, 12.3% of land cells, 40% at sea), genotypes 711, births 6817, splits 353, deaths [3285.0, 631.0, 41.0, 0.0, 0.0, 195.0, 1894.0, 5.0, 507.0], ate [131.047, 330.265, 60.832, 3875.325, 39.731, 3.315], catches 4744 presses 529 breaks 529 killed 195709699 riders 348, secs 13.8/2.3/9.2/1.7
  secs: air 17.2, water 6.5, life 82.4, sums 2.2
year  53: land 16.8 C, rain 1463 mm, evap 72, transp 2, to sea 1387, land bio 0.025, cover 0.23/0.58, h 2.6, eaters 1.52e-5, burnt 0, genotypes 113099/1261, leading 777, mutants 0.003, errs w 3e-13 A 1e-13 C 9e-13, 108.4 s
  life secs: accumulate 1.3, cells 28.0, fire 0.0, eaters 2.4, seeds 5.0
  bodies 6583 (2871995286 animals, 11.6% of land cells, 42% at sea), genotypes 636, births 6019, splits 320, deaths [4026.0, 519.0, 24.0, 0.0, 0.0, 133.0, 1680.0, 2.0, 294.0], ate [113.97, 225.838, 50.836, 3473.267, 33.974, 2.251], catches 2820 presses 316 breaks 313 killed 116761601 riders 262, secs 13.5/2.3/8.8/1.6
  secs: air 17.1, water 6.5, life 81.9, sums 2.2
year  54: land 18.0 C, rain 1910 mm, evap 77, transp 3, to sea 1815, land bio 0.024, cover 0.26/0.59, h 2.4, eaters 1.52e-5, burnt 0, genotypes 117262/1210, leading 773, mutants 0.004, errs w 2e-13 A 9e-14 C 1e-12, 107.9 s
  life secs: accumulate 1.3, cells 28.6, fire 0.0, eaters 2.3, seeds 5.1
  bodies 6438 (2779989513 animals, 11.4% of land cells, 39% at sea), genotypes 621, births 5654, splits 248, deaths [4044.0, 458.0, 22.0, 0.0, 0.0, 92.0, 1230.0, 3.0, 198.0], ate [109.626, 146.495, 50.744, 3003.935, 21.922, 1.363], catches 1765 presses 210 breaks 209 killed 74532695 riders 148, secs 12.8/2.3/8.5/1.5
  secs: air 17.2, water 6.4, life 81.7, sums 2.2
year  55: land 18.5 C, rain 1858 mm, evap 78, transp 5, to sea 1779, land bio 0.024, cover 0.28/0.59, h 2.2, eaters 1.52e-5, burnt 0, genotypes 119551/1079, leading 793, mutants 0.004, errs w 3e-13 A 1e-13 C 1e-12, 107.7 s
  life secs: accumulate 1.2, cells 28.3, fire 0.0, eaters 2.3, seeds 5.1
  bodies 5995 (2574721043 animals, 11.2% of land cells, 37% at sea), genotypes 566, births 4830, splits 280, deaths [3669.0, 486.0, 32.0, 0.0, 0.0, 91.0, 1073.0, 9.0, 193.0], ate [145.615, 138.212, 70.618, 2860.972, 18.359, 1.223], catches 1227 presses 207 breaks 206 killed 77662113 riders 154, secs 12.9/2.3/8.9/1.6
  secs: air 17.1, water 6.6, life 82.3, sums 2.2
year  56: land 18.3 C, rain 1819 mm, evap 77, transp 6, to sea 1736, land bio 0.025, cover 0.30/0.59, h 2.1, eaters 1.53e-5, burnt 0, genotypes 120819/1048, leading 793, mutants 0.004, errs w 2e-13 A 2e-14 C 1e-12, 108.3 s
  life secs: accumulate 1.3, cells 28.9, fire 0.0, eaters 2.3, seeds 4.9
  bodies 6240 (2704702171 animals, 11.8% of land cells, 37% at sea), genotypes 611, births 4778, splits 291, deaths [3074.0, 454.0, 43.0, 0.0, 0.0, 65.0, 1031.0, 2.0, 155.0], ate [160.956, 125.477, 77.862, 2879.158, 17.08, 0.842], catches 868 presses 166 breaks 164 killed 59359582 riders 108, secs 12.8/2.3/9.1/1.6
  secs: air 17.4, water 6.6, life 83.4, sums 2.2
year  57: land 17.4 C, rain 1550 mm, evap 74, transp 6, to sea 1479, land bio 0.026, cover 0.30/0.58, h 2.1, eaters 1.54e-5, burnt 0, genotypes 121557/1093, leading 790, mutants 0.004, errs w 3e-13 A 9e-14 C 1e-12, 109.8 s
  life secs: accumulate 1.3, cells 28.1, fire 0.0, eaters 2.2, seeds 5.1
  bodies 6507 (2789410493 animals, 12.4% of land cells, 37% at sea), genotypes 624, births 4532, splits 293, deaths [2870.0, 380.0, 33.0, 0.0, 0.0, 56.0, 1108.0, 2.0, 109.0], ate [168.329, 126.976, 85.153, 2881.785, 16.32, 0.63], catches 742 presses 119 breaks 119 killed 44540806 riders 91, secs 13.7/2.4/9.7/1.7
  secs: air 17.2, water 6.6, life 84.1, sums 2.2
year  58: land 18.0 C, rain 1955 mm, evap 75, transp 6, to sea 1858, land bio 0.026, cover 0.31/0.58, h 2.0, eaters 1.73e-5, burnt 0, genotypes 121804/997, leading 776, mutants 0.005, errs w 2e-13 A 8e-14 C 1e-12, 110.2 s
  life secs: accumulate 1.3, cells 28.4, fire 0.0, eaters 2.3, seeds 4.9
  bodies 6219 (2594771628 animals, 11.9% of land cells, 36% at sea), genotypes 587, births 3978, splits 287, deaths [2980.0, 368.0, 40.0, 0.0, 0.0, 25.0, 1091.0, 1.0, 48.0], ate [165.381, 137.107, 89.944, 2863.326, 16.682, 0.349], catches 543 presses 55 breaks 55 killed 17332247 riders 41, secs 14.0/2.4/9.8/1.6
  secs: air 17.4, water 6.5, life 83.0, sums 2.3
year  59: land 18.6 C, rain 1772 mm, evap 79, transp 7, to sea 1694, land bio 0.026, cover 0.32/0.56, h 2.0, eaters 1.50e-5, burnt 0, genotypes 121674/1083, leading 768, mutants 0.005, errs w 2e-13 A 2e-13 C 1e-12, 109.3 s
  life secs: accumulate 1.3, cells 28.1, fire 0.0, eaters 2.3, seeds 5.0
  bodies 5809 (2352305068 animals, 11.4% of land cells, 37% at sea), genotypes 562, births 3619, splits 274, deaths [2726.0, 435.0, 96.0, 0.0, 0.0, 10.0, 1010.0, 2.0, 24.0], ate [174.719, 139.904, 95.315, 2826.7, 16.011, 0.09], catches 372 presses 26 breaks 25 killed 8124366 riders 19, secs 13.4/2.3/9.7/1.6
  secs: air 17.2, water 6.6, life 81.6, sums 2.2
year  60: land 20.0 C, rain 1782 mm, evap 82, transp 8, to sea 1690, land bio 0.029, cover 0.36/0.52, h 1.9, eaters 1.43e-5, burnt 0, genotypes 122010/1109, leading 854, mutants 0.006, errs w 2e-13 A 4e-14 C 1e-12, 107.8 s
  life secs: accumulate 1.3, cells 28.5, fire 0.0, eaters 2.3, seeds 5.0
  bodies 5843 (2340540638 animals, 11.9% of land cells, 35% at sea), genotypes 540, births 3704, splits 294, deaths [2370.0, 489.0, 157.0, 0.0, 0.0, 11.0, 912.0, 3.0, 22.0], ate [183.136, 133.924, 100.247, 2713.746, 11.604, 0.147], catches 207 presses 23 breaks 23 killed 10672755 riders 16, secs 12.5/2.1/9.1/1.5
  secs: air 17.2, water 6.6, life 84.0, sums 2.2
year  61: land 18.4 C, rain 1739 mm, evap 77, transp 8, to sea 1658, land bio 0.023, cover 0.30/0.49, h 2.0, eaters 1.52e-5, burnt 0, genotypes 120514/1117, leading 746, mutants 0.005, errs w 2e-13 A 6e-14 C 1e-12, 110.2 s
  life secs: accumulate 1.3, cells 28.4, fire 0.0, eaters 2.2, seeds 4.5
  bodies 6792 (2730372334 animals, 13.1% of land cells, 34% at sea), genotypes 634, births 4580, splits 332, deaths [2258.0, 547.0, 258.0, 0.0, 0.0, 2.0, 889.0, 2.0, 7.0], ate [239.284, 185.58, 124.788, 3103.238, 14.872, 0.029], catches 49 presses 7 breaks 7 killed 3516966 riders 4, secs 13.6/2.3/9.9/1.7
  secs: air 17.2, water 6.5, life 82.8, sums 2.2
year  62: land 17.8 C, rain 1777 mm, evap 75, transp 5, to sea 1694, land bio 0.020, cover 0.30/0.46, h 1.8, eaters 1.68e-5, burnt 0, genotypes 120103/1248, leading 743, mutants 0.005, errs w 3e-13 A 6e-14 C 1e-12, 108.8 s
  life secs: accumulate 1.3, cells 28.2, fire 0.0, eaters 2.3, seeds 4.9
  bodies 6207 (2506704589 animals, 12.0% of land cells, 35% at sea), genotypes 566, births 3676, splits 281, deaths [3081.0, 208.0, 202.0, 0.0, 0.0, 4.0, 1039.0, 5.0, 3.0], ate [164.826, 141.741, 84.369, 2876.175, 18.855, 0.029], catches 30 presses 3 breaks 3 killed 1436454 riders 1, secs 13.6/2.3/9.6/1.6
  secs: air 13.9, water 5.4, life 63.9, sums 1.7
year  63: land 17.4 C, rain 1664 mm, evap 74, transp 5, to sea 1589, land bio 0.019, cover 0.32/0.46, h 1.7, eaters 1.34e-5, burnt 0, genotypes 119250/1266, leading 761, mutants 0.005, errs w 3e-13 A 3e-14 C 1e-12, 85.0 s
  life secs: accumulate 1.0, cells 22.0, fire 0.0, eaters 1.8, seeds 3.9
  bodies 5476 (2158429399 animals, 11.1% of land cells, 36% at sea), genotypes 528, births 2895, splits 256, deaths [2585.0, 180.0, 179.0, 0.0, 0.0, 4.0, 932.0, 2.0, 0.0], ate [158.642, 119.554, 89.212, 2693.032, 14.975, 0.0], catches 0 presses 0 breaks 0 killed 0 riders 0, secs 10.2/1.4/7.4/1.0
  secs: air 13.9, water 5.2, life 63.4, sums 1.8
year  64: land 18.3 C, rain 2267 mm, evap 78, transp 6, to sea 2164, land bio 0.021, cover 0.36/0.46, h 1.7, eaters 1.34e-5, burnt 0, genotypes 119121/1224, leading 759, mutants 0.005, errs w 1e-13 A 4e-14 C 1e-12, 84.5 s
  life secs: accumulate 1.0, cells 21.9, fire 0.0, eaters 1.9, seeds 4.0
  bodies 5520 (2213479999 animals, 11.4% of land cells, 35% at sea), genotypes 529, births 2864, splits 254, deaths [1910.0, 231.0, 176.0, 0.0, 0.0, 0.0, 756.0, 1.0, 0.0], ate [158.836, 124.457, 94.688, 2588.032, 11.696, 0.0], catches 89 presses 0 breaks 0 killed 0 riders 0, secs 9.7/1.3/7.1/1.0
  secs: air 11.6, water 4.4, life 53.7, sums 1.5
year  65: land 19.6 C, rain 2941 mm, evap 84, transp 7, to sea 2839, land bio 0.021, cover 0.38/0.46, h 1.6, eaters 1.37e-5, burnt 0, genotypes 117737/1297, leading 754, mutants 0.006, errs w 3e-13 A 1e-13 C 1e-12, 71.3 s
  life secs: accumulate 0.9, cells 19.0, fire 0.0, eaters 1.6, seeds 3.5
  bodies 5952 (2432380265 animals, 11.9% of land cells, 34% at sea), genotypes 587, births 3233, splits 252, deaths [1943.0, 313.0, 205.0, 0.0, 0.0, 1.0, 587.0, 4.0, 0.0], ate [194.599, 140.817, 107.151, 2586.728, 9.562, 0.0], catches 1423 presses 0 breaks 0 killed 0 riders 0, secs 8.2/1.0/6.3/0.8
  secs: air 10.4, water 3.7, life 47.9, sums 1.4
year  66: land 18.0 C, rain 2353 mm, evap 78, transp 7, to sea 2283, land bio 0.019, cover 0.35/0.46, h 1.7, eaters 1.39e-5, burnt 0, genotypes 115779/1239, leading 768, mutants 0.005, errs w 2e-13 A 1e-13 C 1e-12, 63.5 s
  life secs: accumulate 0.7, cells 17.2, fire 0.0, eaters 1.5, seeds 3.1
  bodies 6150 (2586613484 animals, 12.3% of land cells, 35% at sea), genotypes 608, births 3232, splits 249, deaths [1856.0, 367.0, 337.0, 0.0, 0.0, 0.0, 717.0, 6.0, 0.0], ate [217.051, 147.079, 108.834, 2720.858, 12.126, 0.0], catches 17271 presses 0 breaks 0 killed 0 riders 0, secs 7.4/0.8/5.7/0.7
  secs: air 10.4, water 3.7, life 47.4, sums 1.4
year  67: land 17.8 C, rain 1880 mm, evap 76, transp 5, to sea 1807, land bio 0.020, cover 0.38/0.46, h 1.7, eaters 1.17e-5, burnt 0, genotypes 114317/1101, leading 780, mutants 0.005, errs w 1e-13 A 2e-13 C 1e-12, 63.1 s
  life secs: accumulate 0.7, cells 17.0, fire 0.0, eaters 1.5, seeds 3.1
  bodies 5773 (2450246193 animals, 11.4% of land cells, 37% at sea), genotypes 621, births 2505, splits 253, deaths [1949.0, 178.0, 261.0, 0.0, 0.0, 0.0, 747.0, 0.0, 0.0], ate [163.586, 112.648, 90.102, 2567.227, 11.436, 0.0], catches 29058 presses 0 breaks 0 killed 0 riders 0, secs 7.4/0.8/5.6/0.7
  secs: air 10.4, water 3.7, life 47.6, sums 1.4
year  68: land 18.0 C, rain 2028 mm, evap 76, transp 8, to sea 1939, land bio 0.022, cover 0.41/0.46, h 1.6, eaters 1.18e-5, burnt 0, genotypes 112776/1035, leading 784, mutants 0.006, errs w 2e-13 A 1e-13 C 1e-12, 63.1 s
  life secs: accumulate 0.7, cells 17.0, fire 0.0, eaters 1.4, seeds 3.1
  bodies 6330 (2698298216 animals, 12.2% of land cells, 36% at sea), genotypes 649, births 2945, splits 262, deaths [1683.0, 153.0, 209.0, 0.0, 0.0, 1.0, 601.0, 3.0, 0.0], ate [198.456, 130.258, 114.891, 2565.305, 9.769, 0.0], catches 18235 presses 0 breaks 0 killed 0 riders 0, secs 7.5/0.8/5.7/0.7
  secs: air 10.4, water 3.7, life 47.9, sums 1.4
year  69: land 18.2 C, rain 1500 mm, evap 76, transp 8, to sea 1434, land bio 0.023, cover 0.45/0.44, h 1.6, eaters 1.12e-5, burnt 0, genotypes 112286/951, leading 767, mutants 0.006, errs w 2e-13 A 7e-14 C 1e-12, 63.5 s
  life secs: accumulate 0.7, cells 16.8, fire 0.0, eaters 1.4, seeds 3.0
  bodies 6051 (2543253775 animals, 11.9% of land cells, 36% at sea), genotypes 623, births 2604, splits 244, deaths [1959.0, 130.0, 305.0, 0.0, 0.0, 0.0, 730.0, 3.0, 0.0], ate [209.137, 141.741, 116.655, 2427.074, 10.596, 0.0], catches 21225 presses 0 breaks 0 killed 0 riders 0, secs 7.8/0.8/5.8/0.8
  secs: air 10.4, water 3.7, life 47.7, sums 1.4
year  70: land 17.9 C, rain 1246 mm, evap 74, transp 8, to sea 1171, land bio 0.022, cover 0.43/0.43, h 1.5, eaters 1.06e-5, burnt 0, genotypes 111638/809, leading 860, mutants 0.006, errs w 2e-13 A 3e-14 C 1e-12, 63.3 s
  life secs: accumulate 0.7, cells 16.9, fire 0.0, eaters 1.5, seeds 3.0
  bodies 6253 (2634179364 animals, 12.3% of land cells, 34% at sea), genotypes 637, births 2920, splits 256, deaths [1784.0, 56.0, 376.0, 0.0, 0.0, 1.0, 755.0, 2.0, 0.0], ate [224.707, 172.961, 121.866, 2373.274, 10.945, 0.0], catches 25682 presses 0 breaks 0 killed 0 riders 0, secs 7.7/0.8/5.7/0.7
done: experiments/e110_meet/results/pilot/tick3 in 5372 s
