terrain: 512x512, 26215 land cells, 722 in basins, 0.2 s
  secs: air 16.1, water 6.2, life 0.0, sums 2.4
year   1: land 11.7 C, rain 1309 mm, evap 56, transp 0, to sea 1059, land bio 0.000, cover 0.00/0.00, h 0.0, eaters 0.00e0, burnt 0, genotypes 0/0, leading 0, mutants -0.000, errs w 2e-13 A 1e-14 C 0e0, 24.9 s
  life secs: accumulate 0.0, cells 0.0, fire 0.0, eaters 0.0, seeds 0.0
  secs: air 16.1, water 6.2, life 0.0, sums 2.4
year   2: land 14.5 C, rain 1413 mm, evap 67, transp 0, to sea 1334, land bio 0.000, cover 0.00/0.00, h 0.0, eaters 0.00e0, burnt 0, genotypes 0/0, leading 0, mutants -0.000, errs w 1e-13 A 3e-14 C 0e0, 24.8 s
  life secs: accumulate 0.0, cells 0.0, fire 0.0, eaters 0.0, seeds 0.0
  secs: air 16.3, water 6.1, life 0.0, sums 2.4
year   3: land 16.2 C, rain 1453 mm, evap 72, transp 0, to sea 1379, land bio 0.000, cover 0.00/0.00, h 0.0, eaters 0.00e0, burnt 0, genotypes 0/0, leading 0, mutants -0.000, errs w 2e-13 A 2e-14 C 0e0, 24.9 s
  life secs: accumulate 0.0, cells 0.0, fire 0.0, eaters 0.0, seeds 0.0
  secs: air 16.1, water 6.2, life 0.0, sums 2.4
year   4: land 17.6 C, rain 1463 mm, evap 76, transp 0, to sea 1386, land bio 0.000, cover 0.00/0.00, h 0.0, eaters 0.00e0, burnt 0, genotypes 0/0, leading 0, mutants -0.000, errs w 2e-13 A 8e-16 C 0e0, 24.7 s
  life secs: accumulate 0.0, cells 0.0, fire 0.0, eaters 0.0, seeds 0.0
  secs: air 16.2, water 6.1, life 0.0, sums 2.4
year   5: land 19.2 C, rain 1367 mm, evap 81, transp 0, to sea 1291, land bio 0.000, cover 0.00/0.00, h 0.0, eaters 0.00e0, burnt 0, genotypes 0/0, leading 0, mutants -0.000, errs w 2e-13 A 3e-14 C 0e0, 24.7 s
  life secs: accumulate 0.0, cells 0.0, fire 0.0, eaters 0.0, seeds 0.0
  secs: air 16.0, water 6.2, life 0.0, sums 2.5
year   6: land 19.3 C, rain 2016 mm, evap 83, transp 0, to sea 1910, land bio 0.000, cover 0.00/0.00, h 0.0, eaters 0.00e0, burnt 0, genotypes 0/0, leading 0, mutants -0.000, errs w 9e-14 A 3e-14 C 0e0, 24.8 s
  life secs: accumulate 0.0, cells 0.0, fire 0.0, eaters 0.0, seeds 0.0
  secs: air 16.0, water 6.2, life 0.0, sums 2.4
year   7: land 19.0 C, rain 1759 mm, evap 82, transp 0, to sea 1688, land bio 0.000, cover 0.00/0.00, h 0.0, eaters 0.00e0, burnt 0, genotypes 0/0, leading 0, mutants -0.000, errs w 2e-13 A 4e-14 C 0e0, 24.7 s
  life secs: accumulate 0.0, cells 0.0, fire 0.0, eaters 0.0, seeds 0.0
  secs: air 15.3, water 5.9, life 0.0, sums 2.2
year   8: land 18.8 C, rain 1842 mm, evap 80, transp 0, to sea 1758, land bio 0.000, cover 0.00/0.00, h 0.0, eaters 0.00e0, burnt 0, genotypes 0/0, leading 0, mutants -0.000, errs w 2e-14 A 3e-14 C 0e0, 23.5 s
  life secs: accumulate 0.0, cells 0.0, fire 0.0, eaters 0.0, seeds 0.0
  secs: air 15.4, water 5.8, life 0.0, sums 2.1
year   9: land 18.4 C, rain 2149 mm, evap 80, transp 0, to sea 2061, land bio 0.000, cover 0.00/0.00, h 0.0, eaters 0.00e0, burnt 0, genotypes 0/0, leading 0, mutants -0.000, errs w 2e-13 A 4e-15 C 0e0, 23.3 s
  life secs: accumulate 0.0, cells 0.0, fire 0.0, eaters 0.0, seeds 0.0
  secs: air 15.7, water 5.9, life 0.0, sums 2.1
year  10: land 19.3 C, rain 2069 mm, evap 84, transp 0, to sea 1989, land bio 0.000, cover 0.00/0.00, h 0.0, eaters 0.00e0, burnt 0, genotypes 0/0, leading 0, mutants -0.000, errs w 1e-13 A 3e-15 C 0e0, 23.8 s
  life secs: accumulate 0.0, cells 0.0, fire 0.0, eaters 0.0, seeds 0.0
  secs: air 15.1, water 5.9, life 46.8, sums 2.0
year  11: land 19.9 C, rain 1747 mm, evap 84, transp 2, to sea 1671, land bio 0.011, cover 0.24/0.45, h 0.9, eaters 1.41e-7, burnt 0, genotypes 8257/137, leading 324, mutants -0.000, errs w 3e-13 A 6e-14 C 5e-12, 70.0 s
  life secs: accumulate 1.0, cells 34.2, fire 0.0, eaters 7.9, seeds 3.6
  secs: air 15.2, water 5.8, life 38.0, sums 2.0
year  12: land 19.4 C, rain 2074 mm, evap 78, transp 24, to sea 1963, land bio 0.058, cover 0.60/0.45, h 1.0, eaters 6.07e-8, burnt 0, genotypes 9291/92, leading 428, mutants 0.001, errs w 2e-13 A 1e-13 C 1e-12, 61.1 s
  life secs: accumulate 1.0, cells 31.7, fire 0.0, eaters 1.1, seeds 4.1
  secs: air 15.2, water 5.7, life 33.5, sums 1.9
year  13: land 19.2 C, rain 1980 mm, evap 70, transp 53, to sea 1863, land bio 0.108, cover 0.74/0.44, h 1.2, eaters 1.74e-6, burnt 0, genotypes 10108/351, leading 496, mutants 0.002, errs w 3e-13 A 8e-14 C 9e-13, 56.5 s
  life secs: accumulate 1.0, cells 27.9, fire 0.0, eaters 0.4, seeds 4.1
  secs: air 15.1, water 5.8, life 33.7, sums 1.9
year  14: land 18.1 C, rain 1788 mm, evap 63, transp 72, to sea 1658, land bio 0.161, cover 0.81/0.43, h 1.3, eaters 7.82e-6, burnt 0, genotypes 10867/1117, leading 530, mutants 0.002, errs w 2e-13 A 7e-14 C 6e-13, 56.6 s
  life secs: accumulate 1.0, cells 27.7, fire 0.0, eaters 0.8, seeds 4.1
  secs: air 15.0, water 5.7, life 34.2, sums 1.9
year  15: land 18.4 C, rain 1877 mm, evap 61, transp 84, to sea 1729, land bio 0.218, cover 0.84/0.42, h 1.5, eaters 2.44e-5, burnt 218, genotypes 11134/1846, leading 539, mutants 0.002, errs w 2e-13 A 2e-14 C 5e-13, 57.0 s
  life secs: accumulate 1.0, cells 27.6, fire 0.0, eaters 1.6, seeds 4.0
  secs: air 15.1, water 5.8, life 35.3, sums 1.9
year  16: land 17.4 C, rain 2061 mm, evap 58, transp 88, to sea 1910, land bio 0.269, cover 0.86/0.41, h 1.6, eaters 3.78e-5, burnt 1, genotypes 11552/2492, leading 545, mutants 0.002, errs w 1e-13 A 4e-15 C 3e-13, 58.3 s
  life secs: accumulate 1.0, cells 27.9, fire 0.0, eaters 2.2, seeds 4.0
  secs: air 15.1, water 5.8, life 35.3, sums 1.9
year  17: land 17.5 C, rain 2351 mm, evap 58, transp 91, to sea 2196, land bio 0.326, cover 0.87/0.40, h 1.7, eaters 5.00e-5, burnt 6, genotypes 12131/2792, leading 555, mutants 0.002, errs w 1e-13 A 7e-14 C 3e-13, 58.2 s
  life secs: accumulate 1.0, cells 27.9, fire 0.0, eaters 2.5, seeds 3.7
  secs: air 15.3, water 5.8, life 35.7, sums 2.0
year  18: land 16.7 C, rain 2409 mm, evap 56, transp 93, to sea 2260, land bio 0.378, cover 0.88/0.39, h 1.9, eaters 5.86e-5, burnt 41, genotypes 12262/2929, leading 564, mutants 0.003, errs w 2e-13 A 2e-13 C 2e-13, 58.9 s
  life secs: accumulate 1.1, cells 28.1, fire 0.0, eaters 2.8, seeds 3.6
  secs: air 15.0, water 5.7, life 34.9, sums 2.0
year  19: land 15.5 C, rain 2637 mm, evap 54, transp 92, to sea 2485, land bio 0.426, cover 0.88/0.39, h 2.0, eaters 6.26e-5, burnt 56, genotypes 12248/2693, leading 559, mutants 0.003, errs w 2e-13 A 1e-13 C 3e-13, 57.7 s
  life secs: accumulate 1.0, cells 27.4, fire 0.0, eaters 3.0, seeds 3.3
  secs: air 15.2, water 5.8, life 34.6, sums 2.0
year  20: land 15.4 C, rain 2695 mm, evap 54, transp 93, to sea 2550, land bio 0.472, cover 0.88/0.38, h 2.0, eaters 6.93e-5, burnt 0, genotypes 12775/2338, leading 613, mutants 0.003, errs w 2e-13 A 2e-13 C 7e-14, 57.7 s
  life secs: accumulate 1.0, cells 27.2, fire 0.0, eaters 3.0, seeds 3.3
  secs: air 15.2, water 5.8, life 33.6, sums 2.0
year  21: land 16.1 C, rain 2294 mm, evap 54, transp 98, to sea 2151, land bio 0.527, cover 0.89/0.37, h 2.0, eaters 8.33e-5, burnt 5, genotypes 12835/2193, leading 561, mutants 0.003, errs w 2e-13 A 1e-13 C 2e-13, 56.8 s
  life secs: accumulate 1.1, cells 26.5, fire 0.0, eaters 3.1, seeds 2.9
  secs: air 15.2, water 5.7, life 33.9, sums 2.0
year  22: land 15.7 C, rain 2144 mm, evap 53, transp 99, to sea 1995, land bio 0.569, cover 0.89/0.36, h 2.1, eaters 9.87e-5, burnt 27, genotypes 13360/2018, leading 571, mutants 0.003, errs w 2e-13 A 1e-13 C 2e-13, 57.0 s
  life secs: accumulate 1.0, cells 26.8, fire 0.0, eaters 3.2, seeds 2.9
  secs: air 15.1, water 5.8, life 33.4, sums 2.0
year  23: land 16.9 C, rain 1884 mm, evap 55, transp 103, to sea 1734, land bio 0.609, cover 0.89/0.35, h 2.2, eaters 1.11e-4, burnt 40, genotypes 13731/1955, leading 564, mutants 0.003, errs w 5e-15 A 7e-14 C 2e-13, 56.4 s
  life secs: accumulate 1.0, cells 26.1, fire 0.0, eaters 3.3, seeds 2.9
  secs: air 15.0, water 5.8, life 33.4, sums 2.0
year  24: land 16.9 C, rain 1543 mm, evap 53, transp 102, to sea 1400, land bio 0.601, cover 0.90/0.35, h 2.3, eaters 1.28e-4, burnt 94, genotypes 14287/1819, leading 564, mutants 0.003, errs w 2e-13 A 6e-14 C 2e-14, 56.3 s
  life secs: accumulate 1.0, cells 26.2, fire 0.0, eaters 3.3, seeds 2.7
  secs: air 15.1, water 5.8, life 32.9, sums 2.0
year  25: land 16.0 C, rain 1727 mm, evap 51, transp 101, to sea 1565, land bio 0.619, cover 0.91/0.33, h 2.3, eaters 1.38e-4, burnt 18, genotypes 15152/1568, leading 566, mutants 0.003, errs w 2e-13 A 1e-13 C 3e-15, 55.9 s
  life secs: accumulate 1.0, cells 25.9, fire 0.0, eaters 3.3, seeds 2.5
  secs: air 15.3, water 5.9, life 33.4, sums 2.1
year  26: land 15.1 C, rain 1573 mm, evap 49, transp 99, to sea 1431, land bio 0.664, cover 0.91/0.32, h 2.4, eaters 1.47e-4, burnt 0, genotypes 15494/1418, leading 564, mutants 0.003, errs w 2e-13 A 2e-13 C 6e-14, 56.8 s
  life secs: accumulate 1.1, cells 26.3, fire 0.0, eaters 3.4, seeds 2.5
  secs: air 15.1, water 5.8, life 32.9, sums 2.0
year  27: land 16.9 C, rain 1642 mm, evap 52, transp 105, to sea 1483, land bio 0.738, cover 0.91/0.31, h 2.3, eaters 1.43e-4, burnt 1, genotypes 16076/1280, leading 557, mutants 0.003, errs w 2e-13 A 4e-13 C 2e-13, 56.0 s
  life secs: accumulate 1.0, cells 25.9, fire 0.0, eaters 3.5, seeds 2.5
  secs: air 15.0, water 5.8, life 32.0, sums 2.0
year  28: land 17.9 C, rain 1515 mm, evap 53, transp 111, to sea 1359, land bio 0.801, cover 0.92/0.31, h 2.3, eaters 1.51e-4, burnt 529, genotypes 16487/1065, leading 556, mutants 0.003, errs w 3e-13 A 4e-13 C 9e-14, 55.0 s
  life secs: accumulate 1.1, cells 25.2, fire 0.0, eaters 3.3, seeds 2.4
  secs: air 16.0, water 6.2, life 32.5, sums 2.2
year  29: land 17.5 C, rain 1766 mm, evap 53, transp 115, to sea 1587, land bio 0.864, cover 0.92/0.30, h 2.3, eaters 1.77e-4, burnt 21, genotypes 16762/1051, leading 561, mutants 0.003, errs w 2e-13 A 4e-13 C 1e-13, 56.9 s
  life secs: accumulate 1.1, cells 25.6, fire 0.0, eaters 3.4, seeds 2.3
  secs: air 16.8, water 6.3, life 33.7, sums 2.3
year  30: land 17.6 C, rain 1665 mm, evap 53, transp 117, to sea 1501, land bio 0.929, cover 0.92/0.29, h 2.2, eaters 1.78e-4, burnt 14, genotypes 17338/955, leading 580, mutants 0.003, errs w 2e-13 A 5e-13 C 1e-13, 59.1 s
  life secs: accumulate 1.2, cells 26.4, fire 0.0, eaters 3.6, seeds 2.3
  secs: air 16.2, water 6.2, life 32.0, sums 2.1
year  31: land 16.7 C, rain 1581 mm, evap 51, transp 116, to sea 1414, land bio 0.977, cover 0.92/0.28, h 2.2, eaters 1.98e-4, burnt 114, genotypes 17643/928, leading 567, mutants 0.003, errs w 2e-13 A 6e-13 C 3e-13, 56.5 s
  life secs: accumulate 1.2, cells 25.1, fire 0.0, eaters 3.6, seeds 2.0
  secs: air 15.7, water 6.0, life 31.1, sums 2.0
year  32: land 16.1 C, rain 1601 mm, evap 50, transp 112, to sea 1439, land bio 1.012, cover 0.93/0.28, h 2.3, eaters 2.01e-4, burnt 148, genotypes 17696/922, leading 573, mutants 0.003, errs w 2e-13 A 6e-13 C 3e-13, 54.9 s
  life secs: accumulate 1.1, cells 24.3, fire 0.0, eaters 3.4, seeds 2.2
  secs: air 15.2, water 5.9, life 30.2, sums 2.0
year  33: land 17.2 C, rain 2162 mm, evap 53, transp 113, to sea 1979, land bio 1.059, cover 0.93/0.27, h 2.2, eaters 1.93e-4, burnt 67, genotypes 18309/959, leading 585, mutants 0.003, errs w 2e-13 A 6e-13 C 5e-13, 53.4 s
  life secs: accumulate 1.1, cells 23.5, fire 0.0, eaters 3.5, seeds 2.1
  secs: air 15.2, water 5.9, life 29.6, sums 2.0
year  34: land 17.7 C, rain 1947 mm, evap 54, transp 121, to sea 1781, land bio 1.090, cover 0.93/0.27, h 2.2, eaters 2.08e-4, burnt 162, genotypes 18814/1042, leading 595, mutants 0.003, errs w 2e-13 A 8e-13 C 6e-13, 52.8 s
  life secs: accumulate 1.0, cells 23.0, fire 0.0, eaters 3.5, seeds 2.1
  secs: air 15.0, water 5.9, life 29.7, sums 2.0
year  35: land 19.0 C, rain 2158 mm, evap 57, transp 121, to sea 1973, land bio 1.117, cover 0.93/0.26, h 2.3, eaters 1.80e-4, burnt 75, genotypes 19233/941, leading 595, mutants 0.003, errs w 2e-13 A 1e-12 C 7e-13, 52.7 s
  life secs: accumulate 1.0, cells 23.2, fire 0.0, eaters 3.4, seeds 2.0
  secs: air 15.1, water 5.9, life 29.7, sums 2.0
year  36: land 19.6 C, rain 2715 mm, evap 58, transp 128, to sea 2519, land bio 1.130, cover 0.93/0.26, h 2.3, eaters 1.83e-4, burnt 55, genotypes 20494/915, leading 601, mutants 0.003, errs w 2e-13 A 9e-13 C 7e-13, 52.8 s
  life secs: accumulate 1.1, cells 23.1, fire 0.0, eaters 3.4, seeds 2.0
  secs: air 15.0, water 6.0, life 28.8, sums 2.0
year  37: land 19.9 C, rain 2084 mm, evap 57, transp 122, to sea 1921, land bio 1.152, cover 0.93/0.26, h 2.2, eaters 1.87e-4, burnt 77, genotypes 21969/977, leading 602, mutants 0.003, errs w 3e-13 A 9e-13 C 8e-13, 51.9 s
  life secs: accumulate 1.1, cells 22.4, fire 0.0, eaters 3.2, seeds 2.0
  secs: air 15.0, water 5.8, life 28.8, sums 2.0
year  38: land 18.6 C, rain 1665 mm, evap 53, transp 129, to sea 1493, land bio 1.190, cover 0.93/0.26, h 2.2, eaters 2.40e-4, burnt 90, genotypes 23403/1034, leading 599, mutants 0.003, errs w 2e-13 A 9e-13 C 7e-13, 51.8 s
  life secs: accumulate 1.0, cells 22.3, fire 0.0, eaters 3.3, seeds 2.0
  secs: air 15.0, water 5.8, life 28.6, sums 2.0
year  39: land 17.1 C, rain 1633 mm, evap 50, transp 122, to sea 1459, land bio 1.217, cover 0.93/0.25, h 2.2, eaters 2.75e-4, burnt 161, genotypes 24398/994, leading 603, mutants 0.003, errs w 3e-13 A 9e-13 C 6e-13, 51.5 s
  life secs: accumulate 1.0, cells 22.1, fire 0.0, eaters 3.3, seeds 2.0
  secs: air 15.0, water 5.8, life 28.8, sums 2.1
year  40: land 16.3 C, rain 1453 mm, evap 48, transp 114, to sea 1299, land bio 1.247, cover 0.94/0.25, h 2.2, eaters 2.77e-4, burnt 13, genotypes 26054/954, leading 634, mutants 0.003, errs w 3e-13 A 9e-13 C 6e-13, 51.8 s
  life secs: accumulate 1.1, cells 22.1, fire 0.0, eaters 3.5, seeds 2.0
bodies sown: 61 (no form 356, no soil 1583, no water 0)
  secs: air 16.3, water 6.2, life 47.4, sums 2.3
year  41: land 16.7 C, rain 1595 mm, evap 50, transp 115, to sea 1421, land bio 1.295, cover 0.93/0.25, h 2.2, eaters 2.56e-4, burnt 20, genotypes 27339/962, leading 599, mutants 0.003, errs w 2e-13 A 8e-13 C 5e-13, 72.4 s
  life secs: accumulate 1.2, cells 22.4, fire 0.0, eaters 3.6, seeds 1.9
  bodies 881 (16871465187 animals, 2.3% of land cells, 16% at sea), genotypes 104, births 841, splits 104, deaths [21.0, 48.0, 24.0, 0.0, 0.0, 1.0, 3.0, 0.0, 28.0], ate [5.627, 63.128, 20.535, 590.089, 0.605, 0.241], catches 14839 presses 11663 breaks 28 killed 12624869 riders 11646, secs 0.4/0.0/0.4/0.0
  secs: air 16.1, water 6.1, life 80.5, sums 2.3
year  42: land 17.9 C, rain 1482 mm, evap 53, transp 118, to sea 1316, land bio 0.926, cover 0.84/0.25, h 2.2, eaters 1.86e-4, burnt 28, genotypes 24915/886, leading 608, mutants 0.003, errs w 9e-14 A 7e-13 C 8e-13, 105.1 s
  life secs: accumulate 1.2, cells 22.0, fire 0.0, eaters 3.5, seeds 2.1
  bodies 52542 (43806456218 animals, 66.6% of land cells, 22% at sea), genotypes 4593, births 53009, splits 9703, deaths [904.0, 682.0, 10.0, 0.0, 0.0, 2409.0, 114.0, 20.0, 6912.0], ate [709.418, 3683.4, 1098.709, 28355.968, 191.472, 140.224], catches 96622 presses 32378 breaks 7309 killed 3418564090 riders 29428, secs 16.7/2.8/9.8/5.4
  secs: air 15.4, water 5.9, life 137.7, sums 2.1
year  43: land 18.0 C, rain 1898 mm, evap 65, transp 52, to sea 1757, land bio 0.449, cover 0.55/0.25, h 2.3, eaters 5.22e-5, burnt 0, genotypes 22821/862, leading 646, mutants 0.002, errs w 2e-13 A 6e-13 C 2e-12, 161.2 s
  life secs: accumulate 1.1, cells 21.3, fire 0.0, eaters 3.3, seeds 2.1
  bodies 40206 (31416705307 animals, 59.7% of land cells, 21% at sea), genotypes 3750, births 29040, splits 4365, deaths [17713.0, 2734.0, 9.0, 0.0, 0.0, 7286.0, 364.0, 21.0, 17614.0], ate [1008.527, 4445.087, 561.207, 23073.828, 546.058, 275.714], catches 214677 presses 21192 breaks 18267 killed 6499753925 riders 13990, secs 56.3/8.3/23.5/5.7
  secs: air 15.6, water 5.9, life 93.3, sums 2.0
year  44: land 18.6 C, rain 2103 mm, evap 73, transp 23, to sea 2000, land bio 0.362, cover 0.47/0.26, h 2.4, eaters 2.53e-5, burnt 0, genotypes 25053/778, leading 634, mutants 0.002, errs w 2e-13 A 5e-13 C 2e-12, 116.9 s
  life secs: accumulate 1.1, cells 21.7, fire 0.0, eaters 3.1, seeds 2.2
  bodies 20781 (9918503550 animals, 40.9% of land cells, 19% at sea), genotypes 2173, births 7605, splits 615, deaths [19927.0, 1434.0, 5.0, 0.0, 0.0, 1672.0, 861.0, 8.0, 3738.0], ate [207.685, 1124.809, 200.721, 9545.725, 158.006, 35.441], catches 90180 presses 5341 breaks 3910 killed 1435909226 riders 4067, secs 26.7/4.5/14.5/3.0
  secs: air 15.6, water 6.0, life 70.5, sums 2.1
year  45: land 19.0 C, rain 2086 mm, evap 76, transp 23, to sea 1986, land bio 0.316, cover 0.47/0.30, h 2.4, eaters 2.75e-5, burnt 1, genotypes 30091/808, leading 656, mutants 0.002, errs w 2e-13 A 2e-13 C 1e-12, 94.3 s
  life secs: accumulate 1.1, cells 21.6, fire 0.0, eaters 2.8, seeds 2.5
  bodies 13061 (6377187952 animals, 28.8% of land cells, 20% at sea), genotypes 1501, births 7031, splits 467, deaths [10229.0, 682.0, 8.0, 0.0, 0.0, 1009.0, 934.0, 14.0, 2342.0], ate [143.481, 787.175, 186.21, 6038.63, 65.566, 17.015], catches 53348 presses 2441 breaks 2441 killed 922362715 riders 1563, secs 13.1/2.4/8.9/1.7
  secs: air 15.7, water 6.1, life 63.6, sums 2.1
year  46: land 18.7 C, rain 2208 mm, evap 75, transp 24, to sea 2105, land bio 0.277, cover 0.47/0.34, h 2.3, eaters 3.35e-5, burnt 1, genotypes 39054/838, leading 706, mutants 0.002, errs w 2e-13 A 3e-13 C 9e-13, 87.6 s
  life secs: accumulate 1.1, cells 22.5, fire 0.0, eaters 2.8, seeds 2.9
  bodies 10633 (4624074314 animals, 23.7% of land cells, 22% at sea), genotypes 1195, births 8022, splits 568, deaths [5658.0, 564.0, 4.0, 0.0, 0.0, 1154.0, 1095.0, 11.0, 2532.0], ate [147.856, 743.656, 192.609, 5418.551, 53.415, 17.995], catches 38904 presses 2630 breaks 2630 killed 1038877246 riders 1808, secs 8.8/1.5/6.2/1.2
  secs: air 16.0, water 6.1, life 63.5, sums 2.1
year  47: land 18.6 C, rain 2226 mm, evap 74, transp 22, to sea 2130, land bio 0.231, cover 0.45/0.40, h 2.3, eaters 3.13e-5, burnt 0, genotypes 50885/926, leading 765, mutants 0.002, errs w 3e-13 A 2e-13 C 4e-13, 87.9 s
  life secs: accumulate 1.2, cells 23.7, fire 0.0, eaters 2.9, seeds 3.4
  bodies 9643 (4077039393 animals, 21.1% of land cells, 26% at sea), genotypes 1049, births 9075, splits 783, deaths [4518.0, 363.0, 8.0, 0.0, 0.0, 1397.0, 1204.0, 10.0, 3348.0], ate [184.611, 825.285, 216.888, 5844.264, 75.953, 28.949], catches 34229 presses 3493 breaks 3492 killed 1269444364 riders 2376, secs 7.5/1.2/5.3/1.1
  secs: air 16.2, water 6.2, life 61.9, sums 2.1
year  48: land 17.9 C, rain 1706 mm, evap 73, transp 19, to sea 1628, land bio 0.201, cover 0.46/0.45, h 2.3, eaters 2.72e-5, burnt 0, genotypes 63704/967, leading 759, mutants 0.002, errs w 3e-13 A 1e-13 C 3e-13, 86.5 s
  life secs: accumulate 1.2, cells 24.3, fire 0.0, eaters 3.0, seeds 3.9
  bodies 8048 (3397921563 animals, 18.6% of land cells, 27% at sea), genotypes 884, births 6902, splits 631, deaths [3455.0, 199.0, 8.0, 0.0, 0.0, 1196.0, 1402.0, 6.0, 2862.0], ate [170.557, 562.606, 193.663, 5304.452, 69.279, 23.599], catches 25111 presses 3040 breaks 3040 killed 1104558200 riders 1994, secs 6.3/1.0/4.4/0.9
  secs: air 16.3, water 6.3, life 63.1, sums 2.1
year  49: land 18.1 C, rain 1572 mm, evap 73, transp 18, to sea 1481, land bio 0.173, cover 0.46/0.50, h 2.2, eaters 2.49e-5, burnt 0, genotypes 75492/1017, leading 771, mutants 0.003, errs w 3e-13 A 7e-14 C 2e-13, 88.0 s
  life secs: accumulate 1.2, cells 25.2, fire 0.0, eaters 3.0, seeds 4.2
  bodies 7351 (3463025524 animals, 17.3% of land cells, 25% at sea), genotypes 802, births 6466, splits 634, deaths [2845.0, 212.0, 3.0, 0.0, 0.0, 1012.0, 1341.0, 6.0, 2378.0], ate [170.955, 587.67, 199.732, 5132.045, 53.57, 17.416], catches 20143 presses 2498 breaks 2498 killed 920426825 riders 1675, secs 5.8/0.9/4.1/0.8
  secs: air 16.4, water 6.3, life 63.3, sums 2.2
year  50: land 18.8 C, rain 1564 mm, evap 75, transp 18, to sea 1472, land bio 0.156, cover 0.48/0.54, h 2.2, eaters 2.41e-5, burnt 0, genotypes 86296/927, leading 878, mutants 0.003, errs w 2e-13 A 2e-14 C 2e-13, 88.4 s
  life secs: accumulate 1.2, cells 26.4, fire 0.0, eaters 3.0, seeds 4.3
  bodies 7093 (3607212077 animals, 16.6% of land cells, 25% at sea), genotypes 761, births 6420, splits 563, deaths [2390.0, 313.0, 3.0, 0.0, 0.0, 929.0, 1399.0, 7.0, 2200.0], ate [181.233, 451.955, 196.565, 4896.181, 44.034, 14.388], catches 15485 presses 2312 breaks 2310 killed 858485266 riders 1545, secs 5.3/0.8/3.8/0.8
  secs: air 16.3, water 6.4, life 63.5, sums 2.2
year  51: land 18.5 C, rain 1644 mm, evap 74, transp 18, to sea 1548, land bio 0.146, cover 0.50/0.58, h 2.2, eaters 2.54e-5, burnt 0, genotypes 94694/1028, leading 799, mutants 0.003, errs w 2e-13 A 5e-14 C 2e-14, 88.6 s
  life secs: accumulate 1.2, cells 26.4, fire 0.0, eaters 2.9, seeds 4.0
  bodies 7201 (3096848395 animals, 16.0% of land cells, 29% at sea), genotypes 829, births 6159, splits 547, deaths [2029.0, 335.0, 8.0, 0.0, 0.0, 763.0, 1731.0, 5.0, 1727.0], ate [189.973, 351.107, 209.594, 5108.929, 42.344, 11.405], catches 13156 presses 1844 breaks 1842 killed 673999966 riders 1256, secs 5.4/0.9/3.8/0.8
  secs: air 16.6, water 6.5, life 64.6, sums 2.1
year  52: land 17.9 C, rain 1486 mm, evap 72, transp 18, to sea 1402, land bio 0.140, cover 0.50/0.61, h 2.2, eaters 2.45e-5, burnt 0, genotypes 102331/1101, leading 796, mutants 0.003, errs w 3e-13 A 8e-14 C 8e-14, 90.0 s
  life secs: accumulate 1.2, cells 27.2, fire 0.0, eaters 2.9, seeds 4.8
  bodies 6309 (2722003205 animals, 14.6% of land cells, 26% at sea), genotypes 715, births 5857, splits 538, deaths [1840.0, 411.0, 6.0, 0.0, 0.0, 721.0, 2766.0, 3.0, 1540.0], ate [194.197, 319.762, 214.769, 5079.943, 47.877, 11.253], catches 11776 presses 1646 breaks 1642 killed 608652597 riders 1147, secs 5.2/0.8/3.7/0.7
  secs: air 16.9, water 6.4, life 65.2, sums 2.2
year  53: land 16.8 C, rain 1467 mm, evap 69, transp 17, to sea 1379, land bio 0.126, cover 0.49/0.65, h 2.2, eaters 2.38e-5, burnt 0, genotypes 109592/1038, leading 804, mutants 0.004, errs w 3e-13 A 1e-13 C 2e-14, 90.9 s
  life secs: accumulate 1.2, cells 27.5, fire 0.0, eaters 2.9, seeds 4.8
  bodies 7206 (3025788628 animals, 15.3% of land cells, 32% at sea), genotypes 745, births 6736, splits 665, deaths [1490.0, 458.0, 15.0, 0.0, 0.0, 681.0, 2197.0, 7.0, 1656.0], ate [218.892, 393.815, 216.589, 5881.596, 57.158, 11.999], catches 12564 presses 1767 breaks 1741 killed 652448747 riders 1249, secs 5.2/0.8/3.6/0.8
  secs: air 17.0, water 6.4, life 66.1, sums 2.2
year  54: land 18.0 C, rain 1914 mm, evap 74, transp 15, to sea 1809, land bio 0.118, cover 0.49/0.68, h 2.1, eaters 2.17e-5, burnt 0, genotypes 115859/1187, leading 818, mutants 0.004, errs w 2e-13 A 3e-14 C 2e-14, 91.9 s
  life secs: accumulate 1.2, cells 28.1, fire 0.0, eaters 2.8, seeds 5.1
  bodies 5883 (2479753684 animals, 13.0% of land cells, 31% at sea), genotypes 651, births 5386, splits 534, deaths [1635.0, 496.0, 7.0, 0.0, 0.0, 723.0, 2624.0, 7.0, 1751.0], ate [190.88, 343.654, 192.104, 5538.282, 50.182, 11.764], catches 11041 presses 1866 breaks 1838 killed 693648755 riders 1362, secs 5.1/0.8/3.5/0.7
  secs: air 17.0, water 6.4, life 65.2, sums 2.2
year  55: land 18.5 C, rain 1861 mm, evap 75, transp 18, to sea 1772, land bio 0.118, cover 0.51/0.70, h 2.1, eaters 2.25e-5, burnt 0, genotypes 121944/1040, leading 804, mutants 0.004, errs w 4e-13 A 2e-13 C 6e-14, 91.0 s
  life secs: accumulate 1.2, cells 28.3, fire 0.0, eaters 2.7, seeds 5.1
  bodies 5795 (2393315684 animals, 12.8% of land cells, 33% at sea), genotypes 640, births 5590, splits 613, deaths [1234.0, 499.0, 6.0, 0.0, 0.0, 825.0, 1817.0, 5.0, 1905.0], ate [185.016, 260.372, 207.468, 5566.953, 37.917, 12.818], catches 9851 presses 2054 breaks 1996 killed 735066973 riders 1514, secs 4.7/0.7/3.3/0.6
  secs: air 17.0, water 6.5, life 65.9, sums 2.2
year  56: land 18.3 C, rain 1823 mm, evap 74, transp 20, to sea 1728, land bio 0.120, cover 0.54/0.72, h 2.0, eaters 2.36e-5, burnt 0, genotypes 127150/897, leading 822, mutants 0.005, errs w 2e-13 A 7e-14 C 6e-14, 91.8 s
  life secs: accumulate 1.2, cells 28.4, fire 0.0, eaters 2.6, seeds 5.4
  bodies 6359 (2618467136 animals, 13.1% of land cells, 37% at sea), genotypes 680, births 5792, splits 693, deaths [906.0, 635.0, 7.0, 0.0, 0.0, 883.0, 1481.0, 3.0, 2006.0], ate [195.131, 231.393, 224.819, 5961.447, 31.229, 13.008], catches 9828 presses 2218 breaks 2101 killed 769513177 riders 1701, secs 4.8/0.7/3.3/0.7
  secs: air 17.0, water 6.4, life 66.7, sums 2.2
year  57: land 17.4 C, rain 1554 mm, evap 71, transp 21, to sea 1471, land bio 0.120, cover 0.55/0.74, h 2.0, eaters 2.35e-5, burnt 0, genotypes 131135/929, leading 812, mutants 0.005, errs w 4e-13 A 2e-14 C 1e-13, 92.5 s
  life secs: accumulate 1.2, cells 28.3, fire 0.0, eaters 2.7, seeds 5.2
  bodies 6363 (2637615777 animals, 13.6% of land cells, 34% at sea), genotypes 665, births 4873, splits 652, deaths [924.0, 626.0, 7.0, 0.0, 0.0, 673.0, 1717.0, 3.0, 1571.0], ate [199.603, 234.272, 235.396, 6025.745, 33.538, 10.391], catches 10179 presses 1829 breaks 1669 killed 621174827 riders 1357, secs 5.4/0.9/3.6/0.7
  secs: air 16.9, water 6.4, life 68.2, sums 2.2
year  58: land 18.0 C, rain 1959 mm, evap 72, transp 22, to sea 1851, land bio 0.125, cover 0.58/0.75, h 1.9, eaters 1.72e-5, burnt 0, genotypes 134191/1003, leading 804, mutants 0.006, errs w 3e-13 A 5e-14 C 2e-13, 93.9 s
  life secs: accumulate 1.2, cells 28.8, fire 0.0, eaters 2.6, seeds 5.4
  bodies 6741 (2845667191 animals, 14.0% of land cells, 37% at sea), genotypes 676, births 4514, splits 548, deaths [902.0, 579.0, 6.0, 0.0, 0.0, 598.0, 1203.0, 4.0, 1392.0], ate [177.877, 187.799, 226.218, 5803.22, 22.339, 8.8], catches 11087 presses 1598 breaks 1439 killed 558830857 riders 1264, secs 5.6/0.9/3.8/0.7
  secs: air 17.3, water 6.4, life 68.4, sums 2.2
year  59: land 18.6 C, rain 1777 mm, evap 75, transp 24, to sea 1685, land bio 0.135, cover 0.62/0.76, h 1.9, eaters 2.18e-5, burnt 0, genotypes 137335/927, leading 806, mutants 0.006, errs w 3e-13 A 7e-14 C 2e-13, 94.4 s
  life secs: accumulate 1.2, cells 28.9, fire 0.0, eaters 2.6, seeds 5.2
  bodies 6646 (2850751648 animals, 14.0% of land cells, 36% at sea), genotypes 675, births 3813, splits 474, deaths [973.0, 559.0, 12.0, 0.0, 0.0, 477.0, 1259.0, 2.0, 1100.0], ate [180.215, 143.434, 240.456, 5581.159, 18.165, 6.322], catches 8636 presses 1349 breaks 1145 killed 441129059 riders 1075, secs 5.7/1.0/3.9/0.7
  secs: air 17.0, water 6.4, life 68.0, sums 2.2
year  60: land 20.0 C, rain 1788 mm, evap 78, transp 27, to sea 1681, land bio 0.150, cover 0.67/0.77, h 1.9, eaters 1.91e-5, burnt 1, genotypes 139996/1015, leading 855, mutants 0.007, errs w 3e-13 A 6e-14 C 1e-13, 93.8 s
  life secs: accumulate 1.2, cells 28.9, fire 0.0, eaters 2.6, seeds 5.4
  bodies 6771 (2956322507 animals, 14.5% of land cells, 34% at sea), genotypes 647, births 3651, splits 430, deaths [937.0, 627.0, 10.0, 0.0, 0.0, 358.0, 1140.0, 7.0, 877.0], ate [179.257, 117.599, 251.713, 5277.872, 12.382, 4.944], catches 6661 presses 1173 breaks 923 killed 354885812 riders 973, secs 5.5/0.9/3.8/0.7
  secs: air 16.8, water 6.4, life 68.4, sums 2.3
year  61: land 18.4 C, rain 1745 mm, evap 72, transp 28, to sea 1647, land bio 0.158, cover 0.69/0.78, h 1.9, eaters 1.91e-5, burnt 0, genotypes 141760/1225, leading 791, mutants 0.007, errs w 2e-13 A 9e-15 C 3e-13, 94.0 s
  life secs: accumulate 1.2, cells 29.2, fire 0.0, eaters 2.6, seeds 4.6
  bodies 7463 (3220271971 animals, 15.7% of land cells, 36% at sea), genotypes 712, births 3836, splits 567, deaths [851.0, 566.0, 19.0, 0.0, 0.0, 335.0, 899.0, 5.0, 1036.0], ate [208.664, 174.421, 278.573, 5621.272, 15.075, 6.788], catches 6867 presses 1373 breaks 1075 killed 418791857 riders 1146, secs 5.9/1.0/4.1/0.7
  secs: air 17.1, water 6.5, life 71.8, sums 2.2
year  62: land 17.8 C, rain 1783 mm, evap 71, transp 25, to sea 1683, land bio 0.137, cover 0.63/0.79, h 1.9, eaters 1.81e-5, burnt 0, genotypes 143725/1241, leading 795, mutants 0.008, errs w 3e-13 A 1e-13 C 2e-13, 97.9 s
  life secs: accumulate 1.2, cells 29.7, fire 0.0, eaters 2.6, seeds 5.6
  bodies 9633 (4417263700 animals, 19.0% of land cells, 30% at sea), genotypes 941, births 6084, splits 651, deaths [1016.0, 498.0, 17.0, 0.0, 0.0, 461.0, 974.0, 6.0, 1593.0], ate [261.011, 499.617, 274.662, 6228.001, 30.198, 12.751], catches 9823 presses 2072 breaks 1646 killed 1279315255 riders 1705, secs 6.9/1.2/4.8/0.9
  secs: air 17.0, water 6.4, life 73.8, sums 2.2
year  63: land 17.4 C, rain 1668 mm, evap 71, transp 17, to sea 1582, land bio 0.095, cover 0.47/0.79, h 1.9, eaters 1.33e-5, burnt 0, genotypes 145612/1066, leading 820, mutants 0.008, errs w 3e-13 A 4e-14 C 3e-13, 99.6 s
  life secs: accumulate 1.2, cells 29.2, fire 0.0, eaters 2.6, seeds 5.3
  bodies 8824 (3746236816 animals, 17.4% of land cells, 35% at sea), genotypes 892, births 4904, splits 586, deaths [2807.0, 426.0, 9.0, 0.0, 0.0, 492.0, 1127.0, 5.0, 1433.0], ate [255.023, 672.842, 204.368, 6284.355, 57.082, 16.325], catches 10690 presses 2042 breaks 1490 killed 572702616 riders 1729, secs 8.1/1.4/5.2/1.0
  secs: air 17.1, water 6.4, life 71.5, sums 2.2
year  64: land 18.3 C, rain 2269 mm, evap 77, transp 13, to sea 2159, land bio 0.060, cover 0.40/0.80, h 2.0, eaters 1.37e-5, burnt 0, genotypes 147715/977, leading 830, mutants 0.007, errs w 8e-14 A 2e-15 C 1e-13, 97.4 s
  life secs: accumulate 1.2, cells 29.7, fire 0.0, eaters 2.4, seeds 5.6
  bodies 8408 (3515673914 animals, 15.3% of land cells, 35% at sea), genotypes 818, births 5478, splits 652, deaths [3129.0, 414.0, 26.0, 0.0, 0.0, 406.0, 1438.0, 7.0, 1126.0], ate [193.628, 687.775, 161.578, 5579.183, 44.772, 9.399], catches 7739 presses 1855 breaks 1167 killed 1447173115 riders 1670, secs 6.8/1.1/4.4/0.9
  secs: air 17.1, water 6.5, life 71.1, sums 2.2
year  65: land 19.6 C, rain 2943 mm, evap 83, transp 12, to sea 2836, land bio 0.044, cover 0.41/0.82, h 1.8, eaters 1.56e-5, burnt 0, genotypes 150865/979, leading 819, mutants 0.008, errs w 2e-13 A 1e-13 C 3e-13, 97.1 s
  life secs: accumulate 1.3, cells 29.8, fire 0.0, eaters 2.3, seeds 5.7
  bodies 7304 (3023400013 animals, 12.4% of land cells, 41% at sea), genotypes 758, births 4913, splits 524, deaths [3105.0, 506.0, 25.0, 0.0, 0.0, 515.0, 1146.0, 4.0, 1240.0], ate [173.609, 466.995, 145.769, 5334.878, 33.506, 7.347], catches 9467 presses 2767 breaks 1311 killed 490595384 riders 2529, secs 6.6/1.1/4.1/0.8
  secs: air 17.1, water 6.4, life 69.8, sums 2.2
year  66: land 18.0 C, rain 2355 mm, evap 76, transp 13, to sea 2280, land bio 0.042, cover 0.44/0.83, h 1.8, eaters 1.75e-5, burnt 0, genotypes 154352/1152, leading 832, mutants 0.009, errs w 3e-13 A 2e-13 C 3e-13, 95.7 s
  life secs: accumulate 1.2, cells 30.0, fire 0.0, eaters 2.3, seeds 5.6
  bodies 6786 (3658989660 animals, 12.2% of land cells, 40% at sea), genotypes 701, births 4083, splits 491, deaths [1487.0, 715.0, 37.0, 0.0, 0.0, 373.0, 1468.0, 4.0, 1008.0], ate [186.032, 246.037, 163.67, 5067.473, 21.715, 5.74], catches 10941 presses 3428 breaks 1050 killed 400588428 riders 3230, secs 5.9/1.0/3.7/0.7
  secs: air 17.1, water 6.4, life 69.7, sums 2.2
year  67: land 17.8 C, rain 1882 mm, evap 74, transp 13, to sea 1803, land bio 0.042, cover 0.48/0.84, h 1.7, eaters 1.27e-5, burnt 0, genotypes 158079/1233, leading 819, mutants 0.010, errs w 9e-14 A 2e-13 C 3e-13, 95.6 s
  life secs: accumulate 1.3, cells 30.2, fire 0.0, eaters 2.4, seeds 5.7
  bodies 6599 (2607388691 animals, 10.8% of land cells, 46% at sea), genotypes 669, births 3992, splits 536, deaths [1178.0, 604.0, 32.0, 0.0, 0.0, 376.0, 1521.0, 4.0, 1000.0], ate [185.409, 224.86, 160.032, 5124.34, 22.815, 5.1], catches 13977 presses 3690 breaks 1044 killed 384791504 riders 3440, secs 5.7/0.9/3.5/0.7
  secs: air 17.1, water 6.4, life 70.1, sums 2.2
year  68: land 18.0 C, rain 2030 mm, evap 74, transp 15, to sea 1935, land bio 0.046, cover 0.53/0.86, h 1.7, eaters 1.21e-5, burnt 0, genotypes 161404/1264, leading 820, mutants 0.011, errs w 2e-13 A 2e-13 C 4e-13, 96.1 s
  life secs: accumulate 1.2, cells 30.8, fire 0.0, eaters 2.4, seeds 5.7
  bodies 5874 (2581159530 animals, 10.0% of land cells, 46% at sea), genotypes 595, births 2967, splits 453, deaths [680.0, 681.0, 24.0, 0.0, 0.0, 299.0, 1747.0, 5.0, 709.0], ate [188.043, 205.372, 175.597, 4973.583, 15.817, 3.96], catches 14765 presses 3896 breaks 748 killed 272154975 riders 3713, secs 5.5/0.8/3.3/0.6
  secs: air 17.1, water 6.4, life 68.5, sums 2.2
year  69: land 18.2 C, rain 1502 mm, evap 74, transp 17, to sea 1430, land bio 0.048, cover 0.55/0.86, h 1.6, eaters 1.20e-5, burnt 0, genotypes 165264/1123, leading 809, mutants 0.013, errs w 2e-13 A 7e-14 C 4e-13, 94.4 s
  life secs: accumulate 1.2, cells 30.3, fire 0.0, eaters 2.3, seeds 5.9
  bodies 5295 (1963843038 animals, 9.3% of land cells, 46% at sea), genotypes 532, births 2691, splits 575, deaths [546.0, 539.0, 29.0, 0.0, 0.0, 237.0, 1935.0, 1.0, 558.0], ate [217.322, 237.089, 194.485, 4853.08, 17.198, 3.346], catches 12018 presses 3367 breaks 585 killed 215546909 riders 3225, secs 4.9/0.7/3.0/0.5
  secs: air 17.0, water 6.5, life 68.9, sums 2.3
year  70: land 17.9 C, rain 1248 mm, evap 72, transp 18, to sea 1166, land bio 0.048, cover 0.56/0.87, h 1.5, eaters 1.04e-5, burnt 0, genotypes 168100/1216, leading 853, mutants 0.016, errs w 2e-13 A 5e-14 C 3e-13, 94.8 s
  life secs: accumulate 1.3, cells 30.8, fire 0.0, eaters 2.3, seeds 6.0
  bodies 5394 (1984452064 animals, 9.6% of land cells, 46% at sea), genotypes 546, births 2804, splits 597, deaths [507.0, 493.0, 31.0, 0.0, 0.0, 219.0, 1570.0, 5.0, 477.0], ate [228.493, 270.036, 209.508, 4995.783, 17.639, 2.862], catches 10950 presses 3668 breaks 504 killed 179721499 riders 3524, secs 4.8/0.7/3.0/0.5
done: experiments/e110_meet/results/pilot/tick10 in 4807 s
