terrain: 512x512, 110625 land cells, 7681 in basins, 0.3 s
  secs: air 5.2, water 5.1, life 0.0, sums 1.8
year   1: land 21.4 C, rain 1266 mm, evap 1226, transp 0, to sea 42, land bio 0.000, cover 0.00/0.00, h 0.0, eaters 0.00e0, burnt 0, genotypes 0/0, leading 0, mutants -0.000, errs w 3e-14 A 3e-14 C 0e0, 12.1 s
  life secs: accumulate 0.0, cells 0.0, fire 0.0, eaters 0.0, seeds 0.0
  secs: air 4.0, water 3.5, life 0.0, sums 1.3
year   2: land 21.4 C, rain 1618 mm, evap 1514, transp 0, to sea 85, land bio 0.000, cover 0.00/0.00, h 0.0, eaters 0.00e0, burnt 0, genotypes 0/0, leading 0, mutants -0.000, errs w 1e-14 A 9e-16 C 0e0, 8.8 s
  life secs: accumulate 0.0, cells 0.0, fire 0.0, eaters 0.0, seeds 0.0
  secs: air 4.0, water 3.5, life 0.0, sums 1.3
year   3: land 21.7 C, rain 1885 mm, evap 1745, transp 0, to sea 130, land bio 0.000, cover 0.00/0.00, h 0.0, eaters 0.00e0, burnt 0, genotypes 0/0, leading 0, mutants -0.000, errs w 1e-14 A 1e-14 C 0e0, 8.8 s
  life secs: accumulate 0.0, cells 0.0, fire 0.0, eaters 0.0, seeds 0.0
  secs: air 4.0, water 3.5, life 0.0, sums 1.3
year   4: land 21.8 C, rain 1905 mm, evap 1748, transp 0, to sea 159, land bio 0.000, cover 0.00/0.00, h 0.0, eaters 0.00e0, burnt 0, genotypes 0/0, leading 0, mutants -0.000, errs w 1e-14 A 4e-15 C 0e0, 8.8 s
  life secs: accumulate 0.0, cells 0.0, fire 0.0, eaters 0.0, seeds 0.0
  secs: air 4.0, water 3.5, life 0.0, sums 1.3
year   5: land 21.7 C, rain 1931 mm, evap 1753, transp 0, to sea 173, land bio 0.000, cover 0.00/0.00, h 0.0, eaters 0.00e0, burnt 0, genotypes 0/0, leading 0, mutants -0.000, errs w 2e-14 A 2e-14 C 0e0, 8.8 s
  life secs: accumulate 0.0, cells 0.0, fire 0.0, eaters 0.0, seeds 0.0
  secs: air 4.0, water 3.5, life 0.0, sums 1.3
year   6: land 21.5 C, rain 1892 mm, evap 1709, transp 0, to sea 180, land bio 0.000, cover 0.00/0.00, h 0.0, eaters 0.00e0, burnt 0, genotypes 0/0, leading 0, mutants -0.000, errs w 4e-14 A 4e-15 C 0e0, 8.8 s
  life secs: accumulate 0.0, cells 0.0, fire 0.0, eaters 0.0, seeds 0.0
  secs: air 4.0, water 3.5, life 0.0, sums 1.3
year   7: land 21.2 C, rain 1888 mm, evap 1709, transp 0, to sea 175, land bio 0.000, cover 0.00/0.00, h 0.0, eaters 0.00e0, burnt 0, genotypes 0/0, leading 0, mutants -0.000, errs w 2e-14 A 2e-14 C 0e0, 8.8 s
  life secs: accumulate 0.0, cells 0.0, fire 0.0, eaters 0.0, seeds 0.0
  secs: air 4.0, water 3.5, life 0.0, sums 1.3
year   8: land 21.0 C, rain 1929 mm, evap 1743, transp 0, to sea 184, land bio 0.000, cover 0.00/0.00, h 0.0, eaters 0.00e0, burnt 0, genotypes 0/0, leading 0, mutants -0.000, errs w 3e-14 A 1e-14 C 0e0, 8.8 s
  life secs: accumulate 0.0, cells 0.0, fire 0.0, eaters 0.0, seeds 0.0
  secs: air 4.0, water 3.5, life 0.0, sums 1.3
year   9: land 20.9 C, rain 1889 mm, evap 1711, transp 0, to sea 179, land bio 0.000, cover 0.00/0.00, h 0.0, eaters 0.00e0, burnt 0, genotypes 0/0, leading 0, mutants -0.000, errs w 4e-14 A 1e-14 C 0e0, 8.8 s
  life secs: accumulate 0.0, cells 0.0, fire 0.0, eaters 0.0, seeds 0.0
  secs: air 4.0, water 3.5, life 0.0, sums 1.3
year  10: land 21.0 C, rain 1899 mm, evap 1724, transp 0, to sea 175, land bio 0.000, cover 0.00/0.00, h 0.0, eaters 0.00e0, burnt 0, genotypes 0/0, leading 0, mutants -0.000, errs w 4e-14 A 1e-14 C 0e0, 8.8 s
  life secs: accumulate 0.0, cells 0.0, fire 0.0, eaters 0.0, seeds 0.0
  secs: air 4.0, water 3.5, life 15.5, sums 1.4
year  11: land 21.1 C, rain 1970 mm, evap 1789, transp 4, to sea 174, land bio 0.003, cover 0.04/0.26, h 0.8, eaters 1.27e-7, burnt 1, genotypes 6677/75, leading 368, mutants -0.000, errs w 4e-14 A 7e-14 C 4e-12, 24.5 s
  life secs: accumulate 0.7, cells 11.6, fire 0.0, eaters 1.8, seeds 1.4
  secs: air 4.0, water 3.5, life 11.9, sums 1.3
year  12: land 21.2 C, rain 1993 mm, evap 1780, transp 32, to sea 180, land bio 0.017, cover 0.21/0.28, h 0.8, eaters 1.88e-6, burnt 23, genotypes 9586/134, leading 474, mutants 0.000, errs w 5e-14 A 4e-14 C 1e-12, 20.8 s
  life secs: accumulate 0.7, cells 9.3, fire 0.0, eaters 0.4, seeds 1.4
  secs: air 4.0, water 3.5, life 11.1, sums 1.3
year  13: land 21.1 C, rain 1976 mm, evap 1695, transp 90, to sea 191, land bio 0.041, cover 0.35/0.28, h 0.9, eaters 1.70e-5, burnt 148, genotypes 13187/238, leading 520, mutants 0.001, errs w 3e-14 A 6e-14 C 7e-13, 20.0 s
  life secs: accumulate 0.7, cells 8.6, fire 0.0, eaters 0.3, seeds 1.5
  secs: air 4.0, water 3.5, life 10.9, sums 1.3
year  14: land 21.0 C, rain 1938 mm, evap 1615, transp 141, to sea 184, land bio 0.068, cover 0.47/0.27, h 1.1, eaters 6.25e-5, burnt 346, genotypes 16863/404, leading 536, mutants 0.001, errs w 5e-14 A 3e-15 C 4e-13, 19.8 s
  life secs: accumulate 0.7, cells 8.4, fire 0.0, eaters 0.3, seeds 1.4
  secs: air 4.0, water 3.6, life 10.8, sums 1.3
year  15: land 21.0 C, rain 1956 mm, evap 1579, transp 185, to sea 189, land bio 0.098, cover 0.56/0.27, h 1.2, eaters 6.75e-5, burnt 493, genotypes 20082/589, leading 550, mutants 0.001, errs w 3e-14 A 7e-14 C 3e-13, 19.8 s
  life secs: accumulate 0.7, cells 8.3, fire 0.0, eaters 0.3, seeds 1.4
  secs: air 4.0, water 3.5, life 10.8, sums 1.3
year  16: land 21.2 C, rain 1961 mm, evap 1546, transp 230, to sea 190, land bio 0.130, cover 0.62/0.27, h 1.4, eaters 6.81e-5, burnt 741, genotypes 23067/791, leading 569, mutants 0.002, errs w 3e-14 A 5e-14 C 2e-13, 19.7 s
  life secs: accumulate 0.7, cells 8.3, fire 0.0, eaters 0.3, seeds 1.4
  secs: air 4.0, water 3.5, life 10.7, sums 1.3
year  17: land 21.3 C, rain 1965 mm, evap 1524, transp 253, to sea 186, land bio 0.164, cover 0.66/0.26, h 1.5, eaters 6.81e-5, burnt 1005, genotypes 25540/997, leading 584, mutants 0.002, errs w 3e-14 A 1e-13 C 2e-13, 19.6 s
  life secs: accumulate 0.7, cells 8.1, fire 0.0, eaters 0.3, seeds 1.5
  secs: air 4.0, water 3.5, life 10.8, sums 1.3
year  18: land 21.3 C, rain 2030 mm, evap 1521, transp 313, to sea 196, land bio 0.200, cover 0.70/0.26, h 1.6, eaters 7.97e-5, burnt 1232, genotypes 28117/1282, leading 586, mutants 0.002, errs w 4e-14 A 5e-14 C 2e-13, 19.7 s
  life secs: accumulate 0.7, cells 8.2, fire 0.0, eaters 0.4, seeds 1.4
  secs: air 4.0, water 3.5, life 10.6, sums 1.3
year  19: land 21.3 C, rain 1999 mm, evap 1466, transp 339, to sea 196, land bio 0.227, cover 0.72/0.26, h 1.7, eaters 7.06e-5, burnt 1516, genotypes 30389/1430, leading 567, mutants 0.002, errs w 2e-14 A 7e-14 C 1e-13, 19.5 s
  life secs: accumulate 0.7, cells 8.1, fire 0.0, eaters 0.4, seeds 1.4
  secs: air 4.0, water 3.5, life 10.6, sums 1.3
year  20: land 21.2 C, rain 1933 mm, evap 1378, transp 362, to sea 198, land bio 0.250, cover 0.73/0.26, h 1.8, eaters 7.02e-5, burnt 2155, genotypes 32276/1625, leading 607, mutants 0.002, errs w 3e-14 A 2e-13 C 2e-14, 19.5 s
  life secs: accumulate 0.7, cells 8.1, fire 0.0, eaters 0.4, seeds 1.4
  secs: air 4.0, water 3.5, life 10.4, sums 1.3
year  21: land 21.2 C, rain 1900 mm, evap 1318, transp 377, to sea 202, land bio 0.279, cover 0.75/0.25, h 1.9, eaters 6.23e-5, burnt 2232, genotypes 33900/1724, leading 559, mutants 0.002, errs w 3e-14 A 3e-15 C 2e-13, 19.3 s
  life secs: accumulate 0.7, cells 8.0, fire 0.0, eaters 0.4, seeds 1.2
  secs: air 4.0, water 3.5, life 10.5, sums 1.3
year  22: land 21.3 C, rain 1906 mm, evap 1288, transp 412, to sea 207, land bio 0.306, cover 0.76/0.25, h 1.9, eaters 7.45e-5, burnt 2622, genotypes 35898/1811, leading 551, mutants 0.002, errs w 3e-14 A 2e-13 C 1e-13, 19.4 s
  life secs: accumulate 0.7, cells 8.0, fire 0.0, eaters 0.4, seeds 1.3
  secs: air 4.0, water 3.5, life 10.4, sums 1.3
year  23: land 21.4 C, rain 1862 mm, evap 1252, transp 415, to sea 192, land bio 0.330, cover 0.77/0.25, h 2.0, eaters 7.92e-5, burnt 2944, genotypes 37592/1739, leading 540, mutants 0.002, errs w 3e-14 A 9e-14 C 7e-14, 19.3 s
  life secs: accumulate 0.7, cells 7.9, fire 0.0, eaters 0.4, seeds 1.3
  secs: air 4.0, water 3.5, life 10.5, sums 1.3
year  24: land 21.3 C, rain 1872 mm, evap 1250, transp 435, to sea 191, land bio 0.356, cover 0.78/0.24, h 2.1, eaters 8.35e-5, burnt 2876, genotypes 39330/1839, leading 533, mutants 0.002, errs w 3e-14 A 4e-14 C 1e-13, 19.4 s
  life secs: accumulate 0.7, cells 8.0, fire 0.0, eaters 0.4, seeds 1.3
  secs: air 4.0, water 3.5, life 10.4, sums 1.3
year  25: land 21.3 C, rain 1889 mm, evap 1248, transp 451, to sea 192, land bio 0.379, cover 0.79/0.24, h 2.1, eaters 8.59e-5, burnt 3095, genotypes 40772/1883, leading 521, mutants 0.002, errs w 3e-14 A 1e-14 C 5e-14, 19.3 s
  life secs: accumulate 0.7, cells 7.9, fire 0.0, eaters 0.4, seeds 1.3
  secs: air 4.0, water 3.5, life 10.4, sums 1.3
year  26: land 21.3 C, rain 1906 mm, evap 1237, transp 473, to sea 193, land bio 0.407, cover 0.80/0.24, h 2.1, eaters 8.84e-5, burnt 3075, genotypes 42919/1877, leading 528, mutants 0.002, errs w 4e-14 A 1e-13 C 3e-14, 19.3 s
  life secs: accumulate 0.7, cells 7.9, fire 0.0, eaters 0.4, seeds 1.3
  secs: air 4.0, water 3.5, life 10.3, sums 1.3
year  27: land 21.4 C, rain 1915 mm, evap 1225, transp 486, to sea 208, land bio 0.428, cover 0.80/0.24, h 2.2, eaters 9.35e-5, burnt 3535, genotypes 44842/1941, leading 509, mutants 0.002, errs w 5e-14 A 2e-13 C 3e-14, 19.2 s
  life secs: accumulate 0.7, cells 7.8, fire 0.0, eaters 0.4, seeds 1.3
  secs: air 4.0, water 3.5, life 10.5, sums 1.3
year  28: land 21.2 C, rain 1838 mm, evap 1152, transp 487, to sea 203, land bio 0.443, cover 0.81/0.23, h 2.2, eaters 9.45e-5, burnt 4108, genotypes 46633/2024, leading 499, mutants 0.002, errs w 7e-14 A 2e-13 C 6e-14, 19.4 s
  life secs: accumulate 0.7, cells 7.9, fire 0.0, eaters 0.5, seeds 1.3
  secs: air 4.0, water 3.5, life 10.3, sums 1.3
year  29: land 21.2 C, rain 1798 mm, evap 1109, transp 487, to sea 201, land bio 0.453, cover 0.81/0.23, h 2.3, eaters 1.14e-4, burnt 4472, genotypes 48415/2007, leading 490, mutants 0.002, errs w 5e-14 A 2e-13 C 3e-14, 19.1 s
  life secs: accumulate 0.7, cells 7.8, fire 0.0, eaters 0.5, seeds 1.3
  secs: air 4.0, water 3.5, life 10.3, sums 1.3
year  30: land 20.9 C, rain 1799 mm, evap 1127, transp 492, to sea 176, land bio 0.466, cover 0.82/0.23, h 2.3, eaters 1.22e-4, burnt 4390, genotypes 49843/2123, leading 486, mutants 0.002, errs w 6e-14 A 1e-13 C 6e-14, 19.2 s
  life secs: accumulate 0.7, cells 7.8, fire 0.0, eaters 0.5, seeds 1.3
  secs: air 4.0, water 3.5, life 10.1, sums 1.3
year  31: land 20.9 C, rain 1855 mm, evap 1161, transp 508, to sea 182, land bio 0.491, cover 0.83/0.23, h 2.3, eaters 1.38e-4, burnt 4059, genotypes 51337/2166, leading 462, mutants 0.002, errs w 6e-14 A 2e-13 C 8e-16, 19.0 s
  life secs: accumulate 0.7, cells 7.7, fire 0.0, eaters 0.5, seeds 1.1
  secs: air 4.0, water 3.5, life 10.3, sums 1.3
year  32: land 21.0 C, rain 1867 mm, evap 1142, transp 538, to sea 191, land bio 0.511, cover 0.83/0.23, h 2.4, eaters 1.32e-4, burnt 4183, genotypes 53116/2228, leading 465, mutants 0.002, errs w 6e-14 A 2e-13 C 4e-14, 19.2 s
  life secs: accumulate 0.7, cells 7.8, fire 0.0, eaters 0.5, seeds 1.3
  secs: air 4.0, water 3.5, life 10.3, sums 1.3
year  33: land 21.2 C, rain 1889 mm, evap 1137, transp 553, to sea 194, land bio 0.533, cover 0.84/0.22, h 2.4, eaters 1.42e-4, burnt 4714, genotypes 55325/2202, leading 455, mutants 0.001, errs w 7e-14 A 2e-13 C 8e-14, 19.2 s
  life secs: accumulate 0.7, cells 7.7, fire 0.0, eaters 0.5, seeds 1.3
  secs: air 4.0, water 3.5, life 10.3, sums 1.3
year  34: land 21.0 C, rain 1866 mm, evap 1121, transp 557, to sea 190, land bio 0.553, cover 0.84/0.22, h 2.4, eaters 1.54e-4, burnt 4610, genotypes 56789/2122, leading 452, mutants 0.001, errs w 7e-14 A 3e-13 C 1e-13, 19.2 s
  life secs: accumulate 0.7, cells 7.8, fire 0.0, eaters 0.5, seeds 1.3
  secs: air 4.0, water 3.5, life 10.3, sums 1.3
year  35: land 21.1 C, rain 1848 mm, evap 1096, transp 557, to sea 196, land bio 0.565, cover 0.84/0.22, h 2.5, eaters 1.28e-4, burnt 5113, genotypes 58473/2250, leading 445, mutants 0.001, errs w 6e-14 A 2e-13 C 1e-13, 19.2 s
  life secs: accumulate 0.7, cells 7.8, fire 0.0, eaters 0.5, seeds 1.2
  secs: air 4.0, water 3.5, life 10.2, sums 1.3
year  36: land 21.0 C, rain 1781 mm, evap 1031, transp 552, to sea 205, land bio 0.561, cover 0.85/0.22, h 2.6, eaters 1.06e-4, burnt 8106, genotypes 59703/2297, leading 448, mutants 0.001, errs w 8e-14 A 2e-13 C 3e-13, 19.2 s
  life secs: accumulate 0.7, cells 7.7, fire 0.0, eaters 0.5, seeds 1.2
  secs: air 4.0, water 3.5, life 10.2, sums 1.3
year  37: land 20.9 C, rain 1803 mm, evap 1039, transp 558, to sea 202, land bio 0.572, cover 0.85/0.22, h 2.7, eaters 1.00e-4, burnt 6777, genotypes 61019/2169, leading 450, mutants 0.001, errs w 7e-14 A 4e-13 C 2e-13, 19.2 s
  life secs: accumulate 0.7, cells 7.7, fire 0.0, eaters 0.5, seeds 1.2
  secs: air 4.0, water 3.5, life 10.2, sums 1.3
year  38: land 20.9 C, rain 1862 mm, evap 1079, transp 588, to sea 191, land bio 0.595, cover 0.85/0.22, h 2.7, eaters 1.50e-4, burnt 5447, genotypes 62014/2125, leading 436, mutants 0.002, errs w 5e-14 A 3e-13 C 3e-13, 19.2 s
  life secs: accumulate 0.7, cells 7.7, fire 0.0, eaters 0.5, seeds 1.2
  secs: air 4.0, water 3.5, life 10.1, sums 1.3
year  39: land 20.8 C, rain 1909 mm, evap 1115, transp 587, to sea 202, land bio 0.606, cover 0.85/0.22, h 2.7, eaters 1.71e-4, burnt 5330, genotypes 63053/2374, leading 422, mutants 0.002, errs w 7e-14 A 2e-13 C 2e-13, 19.0 s
  life secs: accumulate 0.7, cells 7.5, fire 0.0, eaters 0.5, seeds 1.3
  secs: air 4.0, water 3.6, life 10.2, sums 1.3
year  40: land 20.7 C, rain 1839 mm, evap 1062, transp 578, to sea 205, land bio 0.610, cover 0.86/0.22, h 2.7, eaters 1.58e-4, burnt 7135, genotypes 64864/2466, leading 439, mutants 0.002, errs w 8e-14 A 2e-13 C 2e-13, 19.1 s
  life secs: accumulate 0.7, cells 7.6, fire 0.0, eaters 0.6, seeds 1.2
  secs: air 4.0, water 3.5, life 10.0, sums 1.3
year  41: land 21.1 C, rain 1827 mm, evap 1048, transp 573, to sea 205, land bio 0.619, cover 0.86/0.22, h 2.7, eaters 1.41e-4, burnt 8073, genotypes 66114/2636, leading 416, mutants 0.002, errs w 7e-14 A 3e-13 C 3e-13, 18.9 s
  life secs: accumulate 0.7, cells 7.6, fire 0.0, eaters 0.6, seeds 1.1
  secs: air 4.0, water 3.5, life 10.1, sums 1.3
year  42: land 21.2 C, rain 1799 mm, evap 1035, transp 566, to sea 200, land bio 0.624, cover 0.86/0.22, h 2.7, eaters 1.45e-4, burnt 9241, genotypes 66913/2790, leading 412, mutants 0.002, errs w 6e-14 A 2e-13 C 1e-13, 19.0 s
  life secs: accumulate 0.7, cells 7.5, fire 0.0, eaters 0.6, seeds 1.3
  secs: air 4.0, water 3.5, life 10.2, sums 1.3
year  43: land 21.4 C, rain 1879 mm, evap 1092, transp 586, to sea 192, land bio 0.640, cover 0.86/0.21, h 2.7, eaters 1.43e-4, burnt 7031, genotypes 68087/2906, leading 403, mutants 0.002, errs w 6e-14 A 2e-13 C 2e-13, 19.1 s
  life secs: accumulate 0.7, cells 7.6, fire 0.0, eaters 0.6, seeds 1.2
  secs: air 4.0, water 3.5, life 10.3, sums 1.3
year  44: land 21.2 C, rain 1951 mm, evap 1111, transp 634, to sea 207, land bio 0.664, cover 0.86/0.21, h 2.7, eaters 1.90e-4, burnt 5732, genotypes 68828/2962, leading 401, mutants 0.002, errs w 7e-14 A 2e-13 C 1e-13, 19.2 s
  life secs: accumulate 0.7, cells 7.7, fire 0.0, eaters 0.6, seeds 1.3
  secs: air 4.0, water 3.5, life 10.2, sums 1.3
year  45: land 21.4 C, rain 1958 mm, evap 1110, transp 643, to sea 203, land bio 0.688, cover 0.87/0.21, h 2.6, eaters 2.11e-4, burnt 5792, genotypes 70042/3034, leading 398, mutants 0.002, errs w 6e-14 A 1e-13 C 8e-14, 19.1 s
  life secs: accumulate 0.7, cells 7.5, fire 0.0, eaters 0.6, seeds 1.3
  secs: air 4.0, water 3.5, life 10.2, sums 1.3
year  46: land 21.2 C, rain 1926 mm, evap 1084, transp 650, to sea 202, land bio 0.708, cover 0.87/0.21, h 2.6, eaters 2.07e-4, burnt 5770, genotypes 71465/3226, leading 409, mutants 0.002, errs w 7e-14 A 2e-13 C 7e-14, 19.1 s
  life secs: accumulate 0.7, cells 7.6, fire 0.0, eaters 0.6, seeds 1.3
  secs: air 4.0, water 3.5, life 10.1, sums 1.3
year  47: land 21.2 C, rain 1876 mm, evap 1058, transp 622, to sea 197, land bio 0.721, cover 0.87/0.21, h 2.6, eaters 1.89e-4, burnt 6082, genotypes 72662/3345, leading 396, mutants 0.002, errs w 7e-14 A 2e-13 C 5e-14, 19.1 s
  life secs: accumulate 0.7, cells 7.5, fire 0.0, eaters 0.6, seeds 1.3
  secs: air 4.0, water 3.5, life 10.1, sums 1.3
year  48: land 21.3 C, rain 1873 mm, evap 1066, transp 621, to sea 186, land bio 0.733, cover 0.87/0.21, h 2.6, eaters 2.21e-4, burnt 6545, genotypes 73804/3505, leading 403, mutants 0.002, errs w 7e-14 A 1e-13 C 5e-15, 19.0 s
  life secs: accumulate 0.7, cells 7.4, fire 0.0, eaters 0.6, seeds 1.3
  secs: air 3.9, water 3.5, life 10.1, sums 1.3
year  49: land 21.2 C, rain 1887 mm, evap 1059, transp 627, to sea 195, land bio 0.740, cover 0.87/0.21, h 2.6, eaters 1.92e-4, burnt 6820, genotypes 74816/3570, leading 398, mutants 0.002, errs w 7e-14 A 2e-13 C 9e-14, 19.0 s
  life secs: accumulate 0.7, cells 7.4, fire 0.0, eaters 0.6, seeds 1.3
  secs: air 4.0, water 3.5, life 10.1, sums 1.3
year  50: land 21.2 C, rain 1848 mm, evap 1034, transp 634, to sea 185, land bio 0.754, cover 0.88/0.21, h 2.7, eaters 2.24e-4, burnt 6691, genotypes 75714/3664, leading 419, mutants 0.002, errs w 7e-14 A 2e-13 C 6e-14, 19.0 s
  life secs: accumulate 0.7, cells 7.4, fire 0.0, eaters 0.6, seeds 1.3
bodies sown: 16309 (no form 3691, no soil 0, no water 0)
  secs: air 4.1, water 3.6, life 22.7, sums 1.4
year  51: land 21.1 C, rain 1835 mm, evap 1028, transp 617, to sea 188, land bio 0.760, cover 0.88/0.21, h 2.7, eaters 2.30e-4, burnt 7870, genotypes 76278/3699, leading 390, mutants 0.002, errs w 8e-14 A 1e-13 C 5e-14, 31.9 s
  life secs: accumulate 0.7, cells 7.5, fire 0.0, eaters 0.6, seeds 1.1
  bodies 8779 (0.5% of land cells, 45% at sea), genotypes 924, births 54673, deaths [5438.0, 43328.0, 5005.0, 7996.0, 12.0, 14.0, 404.0, 6.0], splits 0, ate 1.29e1/5.42e0/1.41e0/1.63e2, moves 195468, 12.7 s
  secs: air 4.1, water 3.6, life 21.6, sums 1.4
year  52: land 21.1 C, rain 1837 mm, evap 1051, transp 613, to sea 174, land bio 0.769, cover 0.88/0.21, h 2.7, eaters 2.45e-4, burnt 7072, genotypes 77096/3786, leading 386, mutants 0.002, errs w 7e-14 A 2e-13 C 4e-14, 30.7 s
  life secs: accumulate 0.7, cells 7.4, fire 0.0, eaters 0.7, seeds 1.3
  bodies 7937 (0.6% of land cells, 25% at sea), genotypes 854, births 20593, deaths [2146.0, 16270.0, 176.0, 2090.0, 0.0, 0.0, 747.0, 6.0], splits 0, ate 1.23e1/3.83e0/2.05e0/1.97e2, moves 93127, 11.4 s
  secs: air 4.1, water 3.5, life 22.1, sums 1.4
year  53: land 21.0 C, rain 1904 mm, evap 1071, transp 644, to sea 184, land bio 0.786, cover 0.88/0.22, h 2.7, eaters 2.53e-4, burnt 6286, genotypes 77691/3819, leading 391, mutants 0.002, errs w 8e-14 A 8e-14 C 7e-14, 31.2 s
  life secs: accumulate 0.7, cells 7.4, fire 0.0, eaters 0.7, seeds 1.3
  bodies 10622 (0.8% of land cells, 12% at sea), genotypes 1101, births 11966, deaths [989.0, 6194.0, 181.0, 1160.0, 0.0, 0.0, 756.0, 1.0], splits 0, ate 2.33e1/2.32e0/5.68e0/3.34e2, moves 78538, 12.0 s
  secs: air 4.1, water 3.5, life 22.7, sums 1.4
year  54: land 21.1 C, rain 1897 mm, evap 1048, transp 666, to sea 188, land bio 0.796, cover 0.88/0.22, h 2.8, eaters 2.28e-4, burnt 6619, genotypes 79138/4000, leading 397, mutants 0.002, errs w 9e-14 A 2e-13 C 2e-14, 31.8 s
  life secs: accumulate 0.7, cells 7.5, fire 0.0, eaters 0.7, seeds 1.3
  bodies 12914 (1.0% of land cells, 6% at sea), genotypes 1305, births 9805, deaths [1461.0, 3911.0, 423.0, 1292.0, 0.0, 0.0, 423.0, 3.0], splits 0, ate 3.12e1/5.39e0/7.60e0/5.29e2, moves 118662, 12.6 s
  secs: air 4.1, water 3.5, life 23.3, sums 1.4
year  55: land 21.1 C, rain 1888 mm, evap 1024, transp 671, to sea 189, land bio 0.807, cover 0.88/0.22, h 2.8, eaters 2.53e-4, burnt 7264, genotypes 80207/4028, leading 390, mutants 0.002, errs w 8e-14 A 1e-13 C 2e-14, 32.4 s
  life secs: accumulate 0.7, cells 7.4, fire 0.0, eaters 0.7, seeds 1.3
  bodies 15631 (1.3% of land cells, 4% at sea), genotypes 1542, births 8715, deaths [507.0, 2979.0, 676.0, 1660.0, 0.0, 0.0, 172.0, 4.0], splits 0, ate 3.48e1/5.00e0/8.12e0/7.29e2, moves 115792, 13.1 s
  secs: air 4.1, water 3.5, life 24.9, sums 1.4
year  56: land 21.1 C, rain 1890 mm, evap 1025, transp 671, to sea 193, land bio 0.810, cover 0.88/0.22, h 2.9, eaters 2.32e-4, burnt 8436, genotypes 80789/3977, leading 382, mutants 0.002, errs w 7e-14 A 1e-13 C 9e-14, 33.9 s
  life secs: accumulate 0.7, cells 7.5, fire 0.0, eaters 0.7, seeds 1.3
  bodies 18389 (1.7% of land cells, 3% at sea), genotypes 1773, births 10432, deaths [681.0, 3998.0, 527.0, 2125.0, 0.0, 0.0, 339.0, 4.0], splits 0, ate 4.62e1/6.23e0/9.44e0/9.76e2, moves 100436, 14.6 s
  secs: air 4.1, water 3.5, life 24.8, sums 1.4
year  57: land 21.3 C, rain 1927 mm, evap 1063, transp 675, to sea 185, land bio 0.831, cover 0.88/0.22, h 2.9, eaters 2.35e-4, burnt 6436, genotypes 81791/4026, leading 386, mutants 0.003, errs w 7e-14 A 4e-14 C 4e-14, 34.0 s
  life secs: accumulate 0.7, cells 7.5, fire 0.0, eaters 0.7, seeds 1.3
  bodies 20376 (2.2% of land cells, 3% at sea), genotypes 1989, births 10343, deaths [1451.0, 3248.0, 622.0, 2755.0, 0.0, 0.0, 272.0, 8.0], splits 0, ate 6.97e1/1.77e1/1.28e1/1.29e3, moves 124478, 14.6 s
  secs: air 4.2, water 3.6, life 25.0, sums 1.4
year  58: land 21.3 C, rain 1942 mm, evap 1063, transp 690, to sea 189, land bio 0.843, cover 0.88/0.22, h 2.9, eaters 2.61e-4, burnt 6198, genotypes 82232/4037, leading 383, mutants 0.002, errs w 6e-14 A 9e-14 C 8e-14, 34.2 s
  life secs: accumulate 0.7, cells 7.6, fire 0.0, eaters 0.7, seeds 1.3
  bodies 25861 (2.8% of land cells, 2% at sea), genotypes 2642, births 11951, deaths [1113.0, 1437.0, 572.0, 2994.0, 0.0, 0.0, 341.0, 9.0], splits 0, ate 1.72e2/6.79e1/3.23e1/1.89e3, moves 162198, 14.6 s
  secs: air 4.2, water 3.6, life 26.3, sums 1.4
year  59: land 21.3 C, rain 1899 mm, evap 1046, transp 664, to sea 190, land bio 0.828, cover 0.88/0.22, h 3.0, eaters 2.13e-4, burnt 7696, genotypes 82734/4063, leading 387, mutants 0.003, errs w 7e-14 A 1e-13 C 7e-14, 35.5 s
  life secs: accumulate 0.7, cells 7.5, fire 0.0, eaters 0.7, seeds 1.3
  bodies 33851 (3.8% of land cells, 1% at sea), genotypes 3460, births 16393, deaths [2416.0, 1254.0, 684.0, 3765.0, 0.0, 0.0, 280.0, 15.0], splits 11, ate 3.36e2/1.60e2/5.85e1/3.15e3, moves 250345, 16.0 s
  secs: air 4.1, water 3.5, life 27.7, sums 1.4
year  60: land 21.2 C, rain 1844 mm, evap 993, transp 669, to sea 189, land bio 0.813, cover 0.87/0.22, h 3.0, eaters 2.07e-4, burnt 8203, genotypes 83388/3952, leading 407, mutants 0.003, errs w 6e-14 A 1e-13 C 2e-13, 36.8 s
  life secs: accumulate 0.7, cells 7.5, fire 0.0, eaters 0.7, seeds 1.3
  bodies 39135 (4.8% of land cells, 1% at sea), genotypes 4152, births 18961, deaths [6181.0, 1555.0, 893.0, 4776.0, 0.0, 0.0, 263.0, 20.0], splits 11, ate 4.13e2/1.90e2/6.57e1/3.93e3, moves 388138, 17.5 s
  secs: air 4.1, water 3.5, life 29.4, sums 1.4
year  61: land 20.9 C, rain 1871 mm, evap 1015, transp 665, to sea 183, land bio 0.821, cover 0.87/0.22, h 3.0, eaters 2.13e-4, burnt 7957, genotypes 83595/3903, leading 373, mutants 0.003, errs w 5e-14 A 2e-13 C 5e-14, 38.5 s
  life secs: accumulate 0.7, cells 7.4, fire 0.0, eaters 0.7, seeds 1.1
  bodies 44236 (5.7% of land cells, 1% at sea), genotypes 4712, births 22700, deaths [7669.0, 1910.0, 1160.0, 6492.0, 0.0, 0.0, 350.0, 30.0], splits 12, ate 5.15e2/2.21e2/9.66e1/5.04e3, moves 440894, 19.4 s
  secs: air 4.2, water 3.5, life 31.2, sums 1.4
year  62: land 21.0 C, rain 1913 mm, evap 1076, transp 655, to sea 179, land bio 0.805, cover 0.87/0.22, h 3.0, eaters 1.98e-4, burnt 6916, genotypes 83989/3761, leading 374, mutants 0.003, errs w 5e-14 A 1e-13 C 3e-14, 40.4 s
  life secs: accumulate 0.7, cells 7.4, fire 0.0, eaters 0.7, seeds 1.3
  bodies 48928 (6.5% of land cells, 1% at sea), genotypes 5200, births 22311, deaths [8020.0, 1908.0, 1265.0, 6161.0, 0.0, 1.0, 251.0, 25.0], splits 12, ate 7.76e2/2.82e2/1.56e2/5.86e3, moves 471785, 21.0 s
  secs: air 4.2, water 3.5, life 31.7, sums 1.4
year  63: land 21.1 C, rain 1921 mm, evap 1101, transp 631, to sea 181, land bio 0.787, cover 0.88/0.22, h 3.0, eaters 1.70e-4, burnt 6855, genotypes 84754/3668, leading 364, mutants 0.003, errs w 5e-14 A 4e-14 C 7e-14, 40.9 s
  life secs: accumulate 0.7, cells 7.4, fire 0.0, eaters 0.7, seeds 1.2
  bodies 50343 (7.4% of land cells, 1% at sea), genotypes 5390, births 22358, deaths [9940.0, 1690.0, 1826.0, 7134.0, 0.0, 0.0, 371.0, 35.0], splits 53, ate 1.03e3/3.49e2/1.93e2/6.97e3, moves 507702, 21.5 s
  secs: air 4.1, water 3.5, life 31.7, sums 1.4
year  64: land 21.4 C, rain 1931 mm, evap 1140, transp 610, to sea 183, land bio 0.772, cover 0.88/0.22, h 2.9, eaters 1.76e-4, burnt 6291, genotypes 85345/3790, leading 366, mutants 0.004, errs w 7e-14 A 1e-13 C 1e-13, 40.8 s
  life secs: accumulate 0.7, cells 7.4, fire 0.0, eaters 0.7, seeds 1.2
  bodies 50086 (7.9% of land cells, 1% at sea), genotypes 5388, births 19984, deaths [9120.0, 1816.0, 2492.0, 6370.0, 0.0, 1.0, 442.0, 21.0], splits 21, ate 9.29e2/2.81e2/1.74e2/6.91e3, moves 510176, 21.6 s
  secs: air 4.1, water 3.5, life 32.4, sums 1.4
year  65: land 21.4 C, rain 1936 mm, evap 1138, transp 601, to sea 191, land bio 0.754, cover 0.87/0.22, h 2.8, eaters 1.76e-4, burnt 6509, genotypes 86148/3810, leading 381, mutants 0.005, errs w 5e-14 A 1e-13 C 8e-14, 41.6 s
  life secs: accumulate 0.7, cells 7.6, fire 0.0, eaters 0.7, seeds 1.2
  bodies 53087 (8.1% of land cells, 1% at sea), genotypes 5817, births 24491, deaths [9784.0, 2418.0, 3235.0, 5614.0, 0.0, 0.0, 418.0, 43.0], splits 22, ate 8.43e2/3.07e2/1.57e2/6.65e3, moves 546516, 22.1 s
  secs: air 4.2, water 3.6, life 34.1, sums 1.5
year  66: land 21.3 C, rain 1942 mm, evap 1157, transp 588, to sea 199, land bio 0.728, cover 0.87/0.22, h 2.7, eaters 1.57e-4, burnt 7111, genotypes 86480/3675, leading 365, mutants 0.003, errs w 5e-14 A 6e-14 C 1e-13, 43.4 s
  life secs: accumulate 0.7, cells 7.5, fire 0.0, eaters 0.7, seeds 1.2
  bodies 61291 (8.3% of land cells, 0% at sea), genotypes 6678, births 34489, deaths [11272.0, 4602.0, 4504.0, 5625.0, 0.0, 0.0, 258.0, 55.0], splits 31, ate 1.09e3/4.00e2/1.87e2/7.10e3, moves 624009, 23.9 s
  secs: air 4.2, water 3.6, life 36.0, sums 1.5
year  67: land 21.2 C, rain 1913 mm, evap 1153, transp 554, to sea 200, land bio 0.708, cover 0.87/0.23, h 2.6, eaters 1.52e-4, burnt 6643, genotypes 86708/3625, leading 371, mutants 0.004, errs w 5e-14 A 1e-13 C 5e-14, 45.4 s
  life secs: accumulate 0.7, cells 7.6, fire 0.0, eaters 0.7, seeds 1.2
  bodies 75069 (8.7% of land cells, 0% at sea), genotypes 8217, births 47110, deaths [17065.0, 6693.0, 3916.0, 5317.0, 0.0, 1.0, 307.0, 82.0], splits 49, ate 1.18e3/4.84e2/2.08e2/7.24e3, moves 781652, 25.8 s
  secs: air 4.2, water 3.6, life 38.7, sums 1.5
year  68: land 21.2 C, rain 1907 mm, evap 1185, transp 524, to sea 201, land bio 0.667, cover 0.86/0.23, h 2.5, eaters 1.97e-4, burnt 7819, genotypes 86483/3659, leading 393, mutants 0.004, errs w 6e-14 A 2e-14 C 7e-14, 48.0 s
  life secs: accumulate 0.7, cells 7.7, fire 0.0, eaters 0.7, seeds 1.2
  bodies 87859 (9.4% of land cells, 0% at sea), genotypes 9662, births 60095, deaths [27225.0, 9469.0, 3112.0, 7008.0, 0.0, 1.0, 420.0, 94.0], splits 24, ate 1.25e3/6.19e2/2.24e2/7.60e3, moves 1181020, 28.3 s
  secs: air 4.2, water 3.6, life 41.5, sums 1.5
year  69: land 21.2 C, rain 1906 mm, evap 1216, transp 494, to sea 189, land bio 0.642, cover 0.86/0.23, h 2.4, eaters 1.79e-4, burnt 6271, genotypes 86689/3765, leading 388, mutants 0.004, errs w 6e-14 A 7e-14 C 6e-14, 50.8 s
  life secs: accumulate 0.7, cells 7.6, fire 0.0, eaters 0.7, seeds 1.2
  bodies 98110 (10.4% of land cells, 0% at sea), genotypes 10762, births 75073, deaths [35644.0, 13993.0, 4685.0, 9903.0, 0.0, 3.0, 505.0, 117.0], splits 28, ate 1.35e3/7.04e2/2.58e2/8.73e3, moves 1175914, 31.1 s
  secs: air 4.3, water 3.6, life 51.5, sums 1.5
year  70: land 21.2 C, rain 1926 mm, evap 1251, transp 486, to sea 189, land bio 0.621, cover 0.84/0.23, h 2.3, eaters 1.52e-4, burnt 5065, genotypes 86656/3848, leading 415, mutants 0.004, errs w 5e-14 A 1e-13 C 3e-14, 61.0 s
  life secs: accumulate 0.7, cells 7.7, fire 0.0, eaters 0.7, seeds 1.2
  bodies 133443 (12.3% of land cells, 0% at sea), genotypes 14538, births 123530, deaths [41765.0, 26091.0, 2554.0, 17282.0, 0.0, 3.0, 311.0, 197.0], splits 6, ate 1.66e3/9.00e2/3.38e2/9.93e3, moves 1293262, 41.1 s
  secs: air 4.3, water 3.6, life 58.2, sums 1.5
year  71: land 21.1 C, rain 1893 mm, evap 1241, transp 451, to sea 203, land bio 0.591, cover 0.83/0.23, h 2.3, eaters 1.71e-4, burnt 4781, genotypes 85907/3889, leading 382, mutants 0.004, errs w 6e-14 A 2e-13 C 1e-13, 67.6 s
  life secs: accumulate 0.7, cells 7.8, fire 0.0, eaters 0.7, seeds 1.1
  bodies 142050 (14.0% of land cells, 0% at sea), genotypes 15204, births 142559, deaths [68688.0, 33435.0, 5598.0, 25755.0, 0.0, 3.0, 251.0, 229.0], splits 7, ate 1.96e3/1.16e3/3.76e2/1.19e4, moves 1498325, 47.8 s
  secs: air 4.2, water 3.6, life 47.3, sums 1.4
year  72: land 21.0 C, rain 1847 mm, evap 1238, transp 409, to sea 199, land bio 0.562, cover 0.81/0.23, h 2.3, eaters 1.53e-4, burnt 4752, genotypes 85178/3959, leading 387, mutants 0.004, errs w 6e-14 A 2e-13 C 9e-14, 56.6 s
  life secs: accumulate 0.7, cells 7.5, fire 0.0, eaters 0.7, seeds 1.2
  bodies 108099 (14.7% of land cells, 1% at sea), genotypes 11903, births 91494, deaths [64280.0, 22822.0, 10060.0, 27782.0, 0.0, 18.0, 372.0, 114.0], splits 3, ate 1.56e3/9.78e2/3.21e2/1.06e4, moves 1449150, 37.1 s
  secs: air 4.2, water 3.5, life 43.7, sums 1.4
year  73: land 21.0 C, rain 1937 mm, evap 1350, transp 382, to sea 193, land bio 0.547, cover 0.80/0.24, h 2.2, eaters 1.32e-4, burnt 3641, genotypes 85219/3701, leading 399, mutants 0.004, errs w 6e-14 A 1e-13 C 1e-13, 52.9 s
  life secs: accumulate 0.7, cells 7.3, fire 0.0, eaters 0.7, seeds 1.2
  bodies 95685 (15.3% of land cells, 1% at sea), genotypes 10795, births 78166, deaths [37579.0, 21648.0, 9562.0, 21148.0, 0.0, 6.0, 498.0, 141.0], splits 2, ate 1.62e3/9.60e2/2.97e2/9.23e3, moves 1310630, 33.7 s
  secs: air 4.2, water 3.5, life 45.7, sums 1.4
year  74: land 20.9 C, rain 1923 mm, evap 1360, transp 374, to sea 187, land bio 0.536, cover 0.80/0.24, h 2.1, eaters 1.39e-4, burnt 3646, genotypes 85699/3726, leading 396, mutants 0.004, errs w 6e-14 A 9e-14 C 6e-14, 54.9 s
  life secs: accumulate 0.7, cells 7.7, fire 0.0, eaters 0.7, seeds 1.2
  bodies 98874 (16.0% of land cells, 1% at sea), genotypes 11212, births 81408, deaths [32570.0, 13447.0, 4912.0, 26820.0, 0.0, 1.0, 335.0, 134.0], splits 0, ate 1.66e3/9.15e2/3.26e2/9.17e3, moves 1671146, 35.3 s
  secs: air 4.2, water 3.6, life 44.7, sums 1.5
year  75: land 21.1 C, rain 1920 mm, evap 1372, transp 362, to sea 186, land bio 0.524, cover 0.80/0.24, h 2.0, eaters 1.54e-4, burnt 3196, genotypes 86082/3709, leading 408, mutants 0.005, errs w 6e-14 A 2e-13 C 2e-13, 54.0 s
  life secs: accumulate 0.7, cells 7.6, fire 0.0, eaters 0.7, seeds 1.2
  bodies 90905 (16.1% of land cells, 1% at sea), genotypes 10623, births 69878, deaths [37343.0, 15052.0, 5247.0, 19866.0, 0.0, 2.0, 243.0, 95.0], splits 1, ate 1.54e3/8.86e2/3.09e2/7.91e3, moves 1572736, 34.4 s
  secs: air 4.2, water 3.6, life 42.2, sums 1.5
year  76: land 21.3 C, rain 1947 mm, evap 1400, transp 364, to sea 186, land bio 0.505, cover 0.81/0.24, h 2.0, eaters 1.69e-4, burnt 4300, genotypes 86803/3764, leading 392, mutants 0.004, errs w 6e-14 A 8e-14 C 1e-13, 51.6 s
  life secs: accumulate 0.7, cells 7.5, fire 0.0, eaters 0.7, seeds 1.2
  bodies 83675 (15.5% of land cells, 1% at sea), genotypes 9934, births 66323, deaths [31691.0, 17744.0, 5519.0, 18094.0, 0.0, 3.0, 415.0, 89.0], splits 2, ate 1.46e3/8.17e2/2.77e2/6.94e3, moves 1387672, 32.1 s
  secs: air 4.2, water 3.6, life 42.6, sums 1.4
year  77: land 21.6 C, rain 1931 mm, evap 1401, transp 351, to sea 182, land bio 0.489, cover 0.80/0.25, h 2.0, eaters 1.64e-4, burnt 3325, genotypes 87628/3720, leading 392, mutants 0.005, errs w 5e-14 A 1e-13 C 2e-13, 51.9 s
  life secs: accumulate 0.7, cells 7.4, fire 0.0, eaters 0.7, seeds 1.2
  bodies 91090 (16.2% of land cells, 1% at sea), genotypes 10885, births 87348, deaths [29465.0, 28363.0, 4812.0, 16557.0, 0.0, 4.0, 585.0, 147.0], splits 0, ate 1.55e3/1.11e3/3.07e2/7.88e3, moves 1522864, 32.5 s
  secs: air 4.2, water 3.6, life 41.5, sums 1.5
year  78: land 21.4 C, rain 1874 mm, evap 1343, transp 342, to sea 191, land bio 0.472, cover 0.80/0.25, h 2.0, eaters 1.33e-4, burnt 3695, genotypes 88464/3622, leading 397, mutants 0.006, errs w 4e-14 A 2e-13 C 2e-13, 50.9 s
  life secs: accumulate 0.7, cells 7.6, fire 0.0, eaters 0.7, seeds 1.2
  bodies 86792 (16.6% of land cells, 1% at sea), genotypes 10495, births 79850, deaths [33940.0, 20895.0, 5177.0, 23671.0, 0.0, 1.0, 346.0, 119.0], splits 1, ate 1.35e3/1.12e3/2.55e2/6.96e3, moves 1528997, 31.2 s
  secs: air 4.2, water 3.6, life 42.2, sums 1.5
year  79: land 21.2 C, rain 1886 mm, evap 1345, transp 342, to sea 195, land bio 0.458, cover 0.79/0.25, h 2.0, eaters 1.49e-4, burnt 3928, genotypes 89261/3483, leading 380, mutants 0.006, errs w 4e-14 A 2e-13 C 2e-13, 51.5 s
  life secs: accumulate 0.7, cells 7.5, fire 0.0, eaters 0.7, seeds 1.2
  bodies 88971 (17.2% of land cells, 1% at sea), genotypes 10613, births 85372, deaths [29954.0, 23039.0, 7009.0, 22564.0, 0.0, 3.0, 498.0, 126.0], splits 0, ate 1.39e3/1.02e3/2.63e2/6.26e3, moves 1552970, 32.0 s
  secs: air 4.2, water 3.6, life 44.3, sums 1.5
year  80: land 21.2 C, rain 1957 mm, evap 1415, transp 345, to sea 194, land bio 0.459, cover 0.79/0.25, h 1.9, eaters 1.84e-4, burnt 3307, genotypes 90064/3578, leading 437, mutants 0.006, errs w 6e-14 A 2e-13 C 1e-13, 53.7 s
  life secs: accumulate 0.7, cells 7.6, fire 0.0, eaters 0.7, seeds 1.2
  bodies 94644 (17.5% of land cells, 1% at sea), genotypes 11292, births 89298, deaths [28636.0, 25307.0, 7111.0, 21854.0, 0.0, 2.0, 576.0, 139.0], splits 0, ate 1.31e3/8.05e2/2.26e2/5.57e3, moves 1617248, 34.1 s
done: experiments/e106_bodies/results/pilot3/c1225_life1 in 2203 s
