terrain: 512x512, 110625 land cells, 7681 in basins, 0.2 s
  secs: air 4.1, water 3.4, life 0.0, sums 1.3
year   1: land 21.4 C, rain 1266 mm, evap 1226, transp 0, to sea 42, land bio 0.000, cover 0.00/0.00, h 0.0, eaters 0.00e0, burnt 0, genotypes 0/0, leading 0, mutants -0.000, errs w 3e-14 A 3e-14 C 0e0, 8.8 s
  life secs: accumulate 0.0, cells 0.0, fire 0.0, eaters 0.0, seeds 0.0
  secs: air 4.0, water 3.5, life 0.0, sums 1.3
year   2: land 21.4 C, rain 1618 mm, evap 1514, transp 0, to sea 85, land bio 0.000, cover 0.00/0.00, h 0.0, eaters 0.00e0, burnt 0, genotypes 0/0, leading 0, mutants -0.000, errs w 1e-14 A 9e-16 C 0e0, 8.8 s
  life secs: accumulate 0.0, cells 0.0, fire 0.0, eaters 0.0, seeds 0.0
  secs: air 4.0, water 3.4, life 0.0, sums 1.3
year   3: land 21.7 C, rain 1885 mm, evap 1745, transp 0, to sea 130, land bio 0.000, cover 0.00/0.00, h 0.0, eaters 0.00e0, burnt 0, genotypes 0/0, leading 0, mutants -0.000, errs w 1e-14 A 1e-14 C 0e0, 8.8 s
  life secs: accumulate 0.0, cells 0.0, fire 0.0, eaters 0.0, seeds 0.0
  secs: air 4.0, water 3.4, life 0.0, sums 1.3
year   4: land 21.8 C, rain 1905 mm, evap 1748, transp 0, to sea 159, land bio 0.000, cover 0.00/0.00, h 0.0, eaters 0.00e0, burnt 0, genotypes 0/0, leading 0, mutants -0.000, errs w 1e-14 A 4e-15 C 0e0, 8.8 s
  life secs: accumulate 0.0, cells 0.0, fire 0.0, eaters 0.0, seeds 0.0
  secs: air 4.0, water 3.4, life 0.0, sums 1.3
year   5: land 21.7 C, rain 1931 mm, evap 1753, transp 0, to sea 173, land bio 0.000, cover 0.00/0.00, h 0.0, eaters 0.00e0, burnt 0, genotypes 0/0, leading 0, mutants -0.000, errs w 2e-14 A 2e-14 C 0e0, 8.8 s
  life secs: accumulate 0.0, cells 0.0, fire 0.0, eaters 0.0, seeds 0.0
  secs: air 4.0, water 3.5, life 0.0, sums 1.3
year   6: land 21.5 C, rain 1892 mm, evap 1709, transp 0, to sea 180, land bio 0.000, cover 0.00/0.00, h 0.0, eaters 0.00e0, burnt 0, genotypes 0/0, leading 0, mutants -0.000, errs w 4e-14 A 4e-15 C 0e0, 8.8 s
  life secs: accumulate 0.0, cells 0.0, fire 0.0, eaters 0.0, seeds 0.0
  secs: air 4.0, water 3.4, life 0.0, sums 1.3
year   7: land 21.2 C, rain 1888 mm, evap 1709, transp 0, to sea 175, land bio 0.000, cover 0.00/0.00, h 0.0, eaters 0.00e0, burnt 0, genotypes 0/0, leading 0, mutants -0.000, errs w 2e-14 A 2e-14 C 0e0, 8.8 s
  life secs: accumulate 0.0, cells 0.0, fire 0.0, eaters 0.0, seeds 0.0
  secs: air 4.0, water 3.4, life 0.0, sums 1.3
year   8: land 21.0 C, rain 1929 mm, evap 1743, transp 0, to sea 184, land bio 0.000, cover 0.00/0.00, h 0.0, eaters 0.00e0, burnt 0, genotypes 0/0, leading 0, mutants -0.000, errs w 3e-14 A 1e-14 C 0e0, 8.8 s
  life secs: accumulate 0.0, cells 0.0, fire 0.0, eaters 0.0, seeds 0.0
  secs: air 4.0, water 3.5, life 0.0, sums 1.3
year   9: land 20.9 C, rain 1889 mm, evap 1711, transp 0, to sea 179, land bio 0.000, cover 0.00/0.00, h 0.0, eaters 0.00e0, burnt 0, genotypes 0/0, leading 0, mutants -0.000, errs w 4e-14 A 1e-14 C 0e0, 8.8 s
  life secs: accumulate 0.0, cells 0.0, fire 0.0, eaters 0.0, seeds 0.0
  secs: air 4.0, water 3.4, life 0.0, sums 1.3
year  10: land 21.0 C, rain 1899 mm, evap 1724, transp 0, to sea 175, land bio 0.000, cover 0.00/0.00, h 0.0, eaters 0.00e0, burnt 0, genotypes 0/0, leading 0, mutants -0.000, errs w 4e-14 A 1e-14 C 0e0, 8.8 s
  life secs: accumulate 0.0, cells 0.0, fire 0.0, eaters 0.0, seeds 0.0
  secs: air 4.0, water 3.5, life 15.5, sums 1.4
year  11: land 21.1 C, rain 1970 mm, evap 1789, transp 4, to sea 174, land bio 0.003, cover 0.04/0.26, h 0.8, eaters 1.27e-7, burnt 1, genotypes 6677/75, leading 368, mutants -0.000, errs w 4e-14 A 7e-14 C 4e-12, 24.4 s
  life secs: accumulate 0.7, cells 11.6, fire 0.0, eaters 1.7, seeds 1.4
  secs: air 4.0, water 3.5, life 11.9, sums 1.4
year  12: land 21.2 C, rain 1993 mm, evap 1780, transp 32, to sea 180, land bio 0.017, cover 0.21/0.28, h 0.8, eaters 1.88e-6, burnt 23, genotypes 9586/134, leading 474, mutants 0.000, errs w 5e-14 A 4e-14 C 1e-12, 20.8 s
  life secs: accumulate 0.7, cells 9.3, fire 0.0, eaters 0.4, seeds 1.4
  secs: air 4.0, water 3.5, life 11.1, sums 1.3
year  13: land 21.1 C, rain 1976 mm, evap 1695, transp 90, to sea 191, land bio 0.041, cover 0.35/0.28, h 0.9, eaters 1.70e-5, burnt 148, genotypes 13187/238, leading 520, mutants 0.001, errs w 3e-14 A 6e-14 C 7e-13, 20.0 s
  life secs: accumulate 0.7, cells 8.7, fire 0.0, eaters 0.2, seeds 1.4
  secs: air 4.0, water 3.5, life 10.9, sums 1.3
year  14: land 21.0 C, rain 1938 mm, evap 1615, transp 141, to sea 184, land bio 0.068, cover 0.47/0.27, h 1.1, eaters 6.25e-5, burnt 346, genotypes 16863/404, leading 536, mutants 0.001, errs w 5e-14 A 3e-15 C 4e-13, 19.8 s
  life secs: accumulate 0.7, cells 8.4, fire 0.0, eaters 0.2, seeds 1.4
  secs: air 4.0, water 3.5, life 10.8, sums 1.3
year  15: land 21.0 C, rain 1956 mm, evap 1579, transp 185, to sea 189, land bio 0.098, cover 0.56/0.27, h 1.2, eaters 6.75e-5, burnt 493, genotypes 20082/589, leading 550, mutants 0.001, errs w 3e-14 A 7e-14 C 3e-13, 19.7 s
  life secs: accumulate 0.7, cells 8.3, fire 0.0, eaters 0.3, seeds 1.4
  secs: air 4.0, water 3.5, life 10.8, sums 1.3
year  16: land 21.2 C, rain 1961 mm, evap 1546, transp 230, to sea 190, land bio 0.130, cover 0.62/0.27, h 1.4, eaters 6.81e-5, burnt 741, genotypes 23067/791, leading 569, mutants 0.002, errs w 3e-14 A 5e-14 C 2e-13, 19.7 s
  life secs: accumulate 0.7, cells 8.3, fire 0.0, eaters 0.3, seeds 1.4
  secs: air 4.0, water 3.5, life 10.7, sums 1.3
year  17: land 21.3 C, rain 1965 mm, evap 1524, transp 253, to sea 186, land bio 0.164, cover 0.66/0.26, h 1.5, eaters 6.81e-5, burnt 1005, genotypes 25540/997, leading 584, mutants 0.002, errs w 3e-14 A 1e-13 C 2e-13, 19.6 s
  life secs: accumulate 0.7, cells 8.1, fire 0.0, eaters 0.3, seeds 1.4
  secs: air 4.0, water 3.5, life 10.6, sums 1.3
year  18: land 21.3 C, rain 2030 mm, evap 1521, transp 313, to sea 196, land bio 0.200, cover 0.70/0.26, h 1.6, eaters 7.97e-5, burnt 1232, genotypes 28117/1282, leading 586, mutants 0.002, errs w 4e-14 A 5e-14 C 2e-13, 19.5 s
  life secs: accumulate 0.7, cells 8.1, fire 0.0, eaters 0.3, seeds 1.4
  secs: air 4.0, water 3.5, life 10.7, sums 1.3
year  19: land 21.3 C, rain 1999 mm, evap 1466, transp 339, to sea 196, land bio 0.227, cover 0.72/0.26, h 1.7, eaters 7.06e-5, burnt 1516, genotypes 30389/1430, leading 567, mutants 0.002, errs w 2e-14 A 7e-14 C 1e-13, 19.6 s
  life secs: accumulate 0.7, cells 8.1, fire 0.0, eaters 0.3, seeds 1.4
  secs: air 4.0, water 3.5, life 10.7, sums 1.3
year  20: land 21.2 C, rain 1933 mm, evap 1378, transp 362, to sea 198, land bio 0.250, cover 0.73/0.26, h 1.8, eaters 7.02e-5, burnt 2155, genotypes 32276/1625, leading 607, mutants 0.002, errs w 3e-14 A 2e-13 C 2e-14, 19.6 s
  life secs: accumulate 0.7, cells 8.1, fire 0.0, eaters 0.4, seeds 1.4
  secs: air 4.0, water 3.5, life 10.3, sums 1.3
year  21: land 21.2 C, rain 1900 mm, evap 1318, transp 377, to sea 202, land bio 0.279, cover 0.75/0.25, h 1.9, eaters 6.23e-5, burnt 2232, genotypes 33900/1724, leading 559, mutants 0.002, errs w 3e-14 A 3e-15 C 2e-13, 19.2 s
  life secs: accumulate 0.7, cells 8.0, fire 0.0, eaters 0.4, seeds 1.2
  secs: air 4.0, water 3.5, life 10.6, sums 1.3
year  22: land 21.3 C, rain 1906 mm, evap 1288, transp 412, to sea 207, land bio 0.306, cover 0.76/0.25, h 1.9, eaters 7.45e-5, burnt 2622, genotypes 35898/1811, leading 551, mutants 0.002, errs w 3e-14 A 2e-13 C 1e-13, 19.5 s
  life secs: accumulate 0.7, cells 8.1, fire 0.0, eaters 0.4, seeds 1.3
  secs: air 4.0, water 3.5, life 10.3, sums 1.3
year  23: land 21.4 C, rain 1862 mm, evap 1252, transp 415, to sea 192, land bio 0.330, cover 0.77/0.25, h 2.0, eaters 7.92e-5, burnt 2944, genotypes 37592/1739, leading 540, mutants 0.002, errs w 3e-14 A 9e-14 C 7e-14, 19.2 s
  life secs: accumulate 0.7, cells 7.8, fire 0.0, eaters 0.4, seeds 1.3
  secs: air 4.0, water 3.5, life 10.5, sums 1.3
year  24: land 21.3 C, rain 1872 mm, evap 1250, transp 435, to sea 191, land bio 0.356, cover 0.78/0.24, h 2.1, eaters 8.35e-5, burnt 2876, genotypes 39330/1839, leading 533, mutants 0.002, errs w 3e-14 A 4e-14 C 1e-13, 19.4 s
  life secs: accumulate 0.7, cells 8.0, fire 0.0, eaters 0.4, seeds 1.3
  secs: air 4.0, water 3.5, life 10.3, sums 1.3
year  25: land 21.3 C, rain 1889 mm, evap 1248, transp 451, to sea 192, land bio 0.379, cover 0.79/0.24, h 2.1, eaters 8.59e-5, burnt 3095, genotypes 40772/1883, leading 521, mutants 0.002, errs w 3e-14 A 1e-14 C 5e-14, 19.2 s
  life secs: accumulate 0.7, cells 7.8, fire 0.0, eaters 0.4, seeds 1.3
  secs: air 4.0, water 3.5, life 10.4, sums 1.3
year  26: land 21.3 C, rain 1906 mm, evap 1237, transp 473, to sea 193, land bio 0.407, cover 0.80/0.24, h 2.1, eaters 8.84e-5, burnt 3075, genotypes 42919/1877, leading 528, mutants 0.002, errs w 4e-14 A 1e-13 C 3e-14, 19.3 s
  life secs: accumulate 0.7, cells 7.9, fire 0.0, eaters 0.4, seeds 1.3
  secs: air 4.0, water 3.5, life 10.4, sums 1.3
year  27: land 21.4 C, rain 1915 mm, evap 1225, transp 486, to sea 208, land bio 0.428, cover 0.80/0.24, h 2.2, eaters 9.35e-5, burnt 3535, genotypes 44842/1941, leading 509, mutants 0.002, errs w 5e-14 A 2e-13 C 3e-14, 19.2 s
  life secs: accumulate 0.7, cells 7.9, fire 0.0, eaters 0.4, seeds 1.3
  secs: air 4.0, water 3.5, life 10.3, sums 1.3
year  28: land 21.2 C, rain 1838 mm, evap 1152, transp 487, to sea 203, land bio 0.443, cover 0.81/0.23, h 2.2, eaters 9.45e-5, burnt 4108, genotypes 46633/2024, leading 499, mutants 0.002, errs w 7e-14 A 2e-13 C 6e-14, 19.2 s
  life secs: accumulate 0.7, cells 7.8, fire 0.0, eaters 0.4, seeds 1.3
  secs: air 4.0, water 3.5, life 10.2, sums 1.3
year  29: land 21.2 C, rain 1798 mm, evap 1109, transp 487, to sea 201, land bio 0.453, cover 0.81/0.23, h 2.3, eaters 1.14e-4, burnt 4472, genotypes 48415/2007, leading 490, mutants 0.002, errs w 5e-14 A 2e-13 C 3e-14, 19.1 s
  life secs: accumulate 0.7, cells 7.7, fire 0.0, eaters 0.4, seeds 1.3
  secs: air 4.0, water 3.5, life 10.3, sums 1.3
year  30: land 20.9 C, rain 1799 mm, evap 1127, transp 492, to sea 176, land bio 0.466, cover 0.82/0.23, h 2.3, eaters 1.22e-4, burnt 4390, genotypes 49843/2123, leading 486, mutants 0.002, errs w 6e-14 A 1e-13 C 6e-14, 19.2 s
  life secs: accumulate 0.7, cells 7.8, fire 0.0, eaters 0.5, seeds 1.3
  secs: air 4.0, water 3.5, life 10.2, sums 1.3
year  31: land 20.9 C, rain 1855 mm, evap 1161, transp 508, to sea 182, land bio 0.491, cover 0.83/0.23, h 2.3, eaters 1.38e-4, burnt 4059, genotypes 51337/2166, leading 462, mutants 0.002, errs w 6e-14 A 2e-13 C 8e-16, 19.1 s
  life secs: accumulate 0.7, cells 7.8, fire 0.0, eaters 0.5, seeds 1.1
  secs: air 4.0, water 3.5, life 10.3, sums 1.3
year  32: land 21.0 C, rain 1867 mm, evap 1142, transp 538, to sea 191, land bio 0.511, cover 0.83/0.23, h 2.4, eaters 1.32e-4, burnt 4183, genotypes 53116/2228, leading 465, mutants 0.002, errs w 6e-14 A 2e-13 C 4e-14, 19.1 s
  life secs: accumulate 0.7, cells 7.7, fire 0.0, eaters 0.5, seeds 1.3
  secs: air 4.0, water 3.5, life 10.1, sums 1.3
year  33: land 21.2 C, rain 1889 mm, evap 1137, transp 553, to sea 194, land bio 0.533, cover 0.84/0.22, h 2.4, eaters 1.42e-4, burnt 4714, genotypes 55325/2202, leading 455, mutants 0.001, errs w 7e-14 A 2e-13 C 8e-14, 19.1 s
  life secs: accumulate 0.7, cells 7.6, fire 0.0, eaters 0.5, seeds 1.3
  secs: air 4.0, water 3.5, life 10.3, sums 1.3
year  34: land 21.0 C, rain 1866 mm, evap 1121, transp 557, to sea 190, land bio 0.553, cover 0.84/0.22, h 2.4, eaters 1.54e-4, burnt 4610, genotypes 56789/2122, leading 452, mutants 0.001, errs w 7e-14 A 3e-13 C 1e-13, 19.2 s
  life secs: accumulate 0.7, cells 7.8, fire 0.0, eaters 0.5, seeds 1.3
  secs: air 4.0, water 3.5, life 10.2, sums 1.3
year  35: land 21.1 C, rain 1848 mm, evap 1096, transp 557, to sea 196, land bio 0.565, cover 0.84/0.22, h 2.5, eaters 1.28e-4, burnt 5113, genotypes 58473/2250, leading 445, mutants 0.001, errs w 6e-14 A 2e-13 C 1e-13, 19.1 s
  life secs: accumulate 0.7, cells 7.7, fire 0.0, eaters 0.5, seeds 1.3
  secs: air 4.0, water 3.5, life 10.2, sums 1.3
year  36: land 21.0 C, rain 1781 mm, evap 1031, transp 552, to sea 205, land bio 0.561, cover 0.85/0.22, h 2.6, eaters 1.06e-4, burnt 8106, genotypes 59703/2297, leading 448, mutants 0.001, errs w 8e-14 A 2e-13 C 3e-13, 19.1 s
  life secs: accumulate 0.7, cells 7.7, fire 0.0, eaters 0.5, seeds 1.2
  secs: air 4.0, water 3.5, life 10.1, sums 1.3
year  37: land 20.9 C, rain 1803 mm, evap 1039, transp 558, to sea 202, land bio 0.572, cover 0.85/0.22, h 2.7, eaters 1.00e-4, burnt 6777, genotypes 61019/2169, leading 450, mutants 0.001, errs w 7e-14 A 4e-13 C 2e-13, 19.0 s
  life secs: accumulate 0.7, cells 7.6, fire 0.0, eaters 0.5, seeds 1.2
  secs: air 4.0, water 3.5, life 10.3, sums 1.3
year  38: land 20.9 C, rain 1862 mm, evap 1079, transp 588, to sea 191, land bio 0.595, cover 0.85/0.22, h 2.7, eaters 1.50e-4, burnt 5447, genotypes 62014/2125, leading 436, mutants 0.002, errs w 5e-14 A 3e-13 C 3e-13, 19.2 s
  life secs: accumulate 0.7, cells 7.7, fire 0.0, eaters 0.5, seeds 1.3
  secs: air 4.0, water 3.5, life 10.1, sums 1.4
year  39: land 20.8 C, rain 1909 mm, evap 1115, transp 587, to sea 202, land bio 0.606, cover 0.85/0.22, h 2.7, eaters 1.71e-4, burnt 5330, genotypes 63053/2374, leading 422, mutants 0.002, errs w 7e-14 A 2e-13 C 2e-13, 19.0 s
  life secs: accumulate 0.7, cells 7.5, fire 0.0, eaters 0.5, seeds 1.3
  secs: air 4.0, water 3.5, life 10.3, sums 1.4
year  40: land 20.7 C, rain 1839 mm, evap 1062, transp 578, to sea 205, land bio 0.610, cover 0.86/0.22, h 2.7, eaters 1.58e-4, burnt 7135, genotypes 64864/2466, leading 439, mutants 0.002, errs w 8e-14 A 2e-13 C 2e-13, 19.2 s
  life secs: accumulate 0.7, cells 7.7, fire 0.0, eaters 0.5, seeds 1.3
  secs: air 4.0, water 3.5, life 10.0, sums 1.4
year  41: land 21.1 C, rain 1827 mm, evap 1048, transp 573, to sea 205, land bio 0.619, cover 0.86/0.22, h 2.7, eaters 1.41e-4, burnt 8073, genotypes 66114/2636, leading 416, mutants 0.002, errs w 7e-14 A 3e-13 C 3e-13, 18.9 s
  life secs: accumulate 0.7, cells 7.6, fire 0.0, eaters 0.5, seeds 1.1
  secs: air 4.0, water 3.5, life 10.2, sums 1.4
year  42: land 21.2 C, rain 1799 mm, evap 1035, transp 566, to sea 200, land bio 0.624, cover 0.86/0.22, h 2.7, eaters 1.45e-4, burnt 9241, genotypes 66913/2790, leading 412, mutants 0.002, errs w 6e-14 A 2e-13 C 1e-13, 19.1 s
  life secs: accumulate 0.7, cells 7.6, fire 0.0, eaters 0.5, seeds 1.3
  secs: air 4.0, water 3.5, life 10.1, sums 1.3
year  43: land 21.4 C, rain 1879 mm, evap 1092, transp 586, to sea 192, land bio 0.640, cover 0.86/0.21, h 2.7, eaters 1.43e-4, burnt 7031, genotypes 68087/2906, leading 403, mutants 0.002, errs w 6e-14 A 2e-13 C 2e-13, 19.0 s
  life secs: accumulate 0.7, cells 7.5, fire 0.0, eaters 0.5, seeds 1.3
  secs: air 4.0, water 3.5, life 10.3, sums 1.3
year  44: land 21.2 C, rain 1951 mm, evap 1111, transp 634, to sea 207, land bio 0.664, cover 0.86/0.21, h 2.7, eaters 1.90e-4, burnt 5732, genotypes 68828/2962, leading 401, mutants 0.002, errs w 7e-14 A 2e-13 C 1e-13, 19.1 s
  life secs: accumulate 0.7, cells 7.6, fire 0.0, eaters 0.6, seeds 1.3
  secs: air 4.0, water 3.5, life 10.2, sums 1.3
year  45: land 21.4 C, rain 1958 mm, evap 1110, transp 643, to sea 203, land bio 0.688, cover 0.87/0.21, h 2.6, eaters 2.11e-4, burnt 5792, genotypes 70042/3034, leading 398, mutants 0.002, errs w 6e-14 A 1e-13 C 8e-14, 19.1 s
  life secs: accumulate 0.7, cells 7.6, fire 0.0, eaters 0.6, seeds 1.3
  secs: air 4.0, water 3.5, life 10.3, sums 1.3
year  46: land 21.2 C, rain 1926 mm, evap 1084, transp 650, to sea 202, land bio 0.708, cover 0.87/0.21, h 2.6, eaters 2.07e-4, burnt 5770, genotypes 71465/3226, leading 409, mutants 0.002, errs w 7e-14 A 2e-13 C 7e-14, 19.2 s
  life secs: accumulate 0.7, cells 7.6, fire 0.0, eaters 0.6, seeds 1.3
  secs: air 4.0, water 3.5, life 10.3, sums 1.3
year  47: land 21.2 C, rain 1876 mm, evap 1058, transp 622, to sea 197, land bio 0.721, cover 0.87/0.21, h 2.6, eaters 1.89e-4, burnt 6082, genotypes 72662/3345, leading 396, mutants 0.002, errs w 7e-14 A 2e-13 C 5e-14, 19.2 s
  life secs: accumulate 0.7, cells 7.6, fire 0.0, eaters 0.6, seeds 1.3
  secs: air 4.0, water 3.5, life 10.2, sums 1.3
year  48: land 21.3 C, rain 1873 mm, evap 1066, transp 621, to sea 186, land bio 0.733, cover 0.87/0.21, h 2.6, eaters 2.21e-4, burnt 6545, genotypes 73804/3505, leading 403, mutants 0.002, errs w 7e-14 A 1e-13 C 5e-15, 19.1 s
  life secs: accumulate 0.7, cells 7.6, fire 0.0, eaters 0.6, seeds 1.3
  secs: air 4.0, water 3.5, life 10.1, sums 1.4
year  49: land 21.2 C, rain 1887 mm, evap 1059, transp 627, to sea 195, land bio 0.740, cover 0.87/0.21, h 2.6, eaters 1.92e-4, burnt 6820, genotypes 74816/3570, leading 398, mutants 0.002, errs w 7e-14 A 2e-13 C 9e-14, 19.0 s
  life secs: accumulate 0.7, cells 7.4, fire 0.0, eaters 0.6, seeds 1.3
  secs: air 4.0, water 3.5, life 10.1, sums 1.4
year  50: land 21.2 C, rain 1848 mm, evap 1034, transp 634, to sea 185, land bio 0.754, cover 0.88/0.21, h 2.7, eaters 2.24e-4, burnt 6691, genotypes 75714/3664, leading 419, mutants 0.002, errs w 7e-14 A 2e-13 C 6e-14, 19.0 s
  life secs: accumulate 0.7, cells 7.5, fire 0.0, eaters 0.6, seeds 1.3
bodies sown: 350 (no form 372, no soil 1242, no water 36)
  secs: air 4.0, water 3.5, life 19.0, sums 1.2
year  51: land 21.1 C, rain 1834 mm, evap 1029, transp 615, to sea 188, land bio 0.755, cover 0.88/0.21, h 2.7, eaters 2.32e-4, burnt 8350, genotypes 76361/3726, leading 384, mutants 0.002, errs w 6e-14 A 3e-4 C 1e-14, 27.9 s
  life secs: accumulate 0.7, cells 7.5, fire 0.0, eaters 0.6, seeds 1.1
  bodies 28 (0.0% of land cells, 75% at sea), genotypes 19, births 654, deaths [78.0, 684.0, 99.0, 109.0, 0.0, 0.0, 6.0, 0.0], splits 0, ate 1.63e1/8.85e0/1.62e0/4.76e1, moves 1226, 9.0 s
  secs: air 4.0, water 3.5, life 19.2, sums 1.2
year  52: land 21.1 C, rain 1836 mm, evap 1055, transp 608, to sea 174, land bio 0.760, cover 0.88/0.22, h 2.7, eaters 2.47e-4, burnt 7706, genotypes 77076/3822, leading 380, mutants 0.002, errs w 7e-14 A 3e-4 C 8e-14, 28.0 s
  life secs: accumulate 0.7, cells 7.5, fire 0.0, eaters 0.6, seeds 1.3
  bodies 14 (0.0% of land cells, 43% at sea), genotypes 10, births 38, deaths [13.0, 31.0, 0.0, 6.0, 0.0, 0.0, 2.0, 0.0], splits 0, ate 2.68e0/5.38e0/3.67e-1/1.13e1, moves 185, 9.0 s
  secs: air 4.0, water 3.5, life 19.1, sums 1.2
year  53: land 21.0 C, rain 1903 mm, evap 1075, transp 640, to sea 184, land bio 0.786, cover 0.88/0.22, h 2.7, eaters 2.45e-4, burnt 6047, genotypes 78025/3787, leading 385, mutants 0.002, errs w 7e-14 A 3e-4 C 2e-14, 28.0 s
  life secs: accumulate 0.7, cells 7.5, fire 0.0, eaters 0.6, seeds 1.3
  bodies 11 (0.0% of land cells, 18% at sea), genotypes 6, births 25, deaths [3.0, 22.0, 1.0, 0.0, 0.0, 0.0, 2.0, 0.0], splits 0, ate 1.86e0/1.58e0/2.52e-1/8.31e0, moves 81, 9.0 s
  secs: air 4.0, water 3.5, life 19.2, sums 1.2
year  54: land 21.1 C, rain 1897 mm, evap 1046, transp 667, to sea 188, land bio 0.793, cover 0.88/0.22, h 2.8, eaters 2.36e-4, burnt 7696, genotypes 79530/3911, leading 383, mutants 0.003, errs w 6e-14 A 3e-4 C 1e-13, 28.0 s
  life secs: accumulate 0.7, cells 7.5, fire 0.0, eaters 0.6, seeds 1.3
  bodies 10 (0.0% of land cells, 20% at sea), genotypes 6, births 22, deaths [1.0, 22.0, 0.0, 0.0, 0.0, 0.0, 0.0, 0.0], splits 0, ate 9.20e-1/1.10e0/7.43e-2/8.75e0, moves 54, 9.0 s
  secs: air 4.0, water 3.5, life 19.2, sums 1.2
year  55: land 21.1 C, rain 1889 mm, evap 1026, transp 671, to sea 189, land bio 0.803, cover 0.88/0.22, h 2.8, eaters 2.55e-4, burnt 7408, genotypes 80445/3975, leading 389, mutants 0.003, errs w 6e-14 A 3e-4 C 9e-14, 28.0 s
  life secs: accumulate 0.7, cells 7.5, fire 0.0, eaters 0.6, seeds 1.3
  bodies 6 (0.0% of land cells, 0% at sea), genotypes 4, births 22, deaths [1.0, 22.0, 0.0, 2.0, 0.0, 0.0, 1.0, 0.0], splits 0, ate 1.07e0/1.06e0/1.27e-1/6.83e0, moves 44, 9.0 s
  secs: air 4.0, water 3.5, life 19.2, sums 1.2
year  56: land 21.1 C, rain 1893 mm, evap 1022, transp 676, to sea 193, land bio 0.815, cover 0.88/0.22, h 2.8, eaters 2.39e-4, burnt 7635, genotypes 81348/4033, leading 386, mutants 0.003, errs w 7e-14 A 3e-4 C 3e-15, 28.0 s
  life secs: accumulate 0.7, cells 7.5, fire 0.0, eaters 0.7, seeds 1.3
  bodies 6 (0.0% of land cells, 0% at sea), genotypes 3, births 34, deaths [0.0, 32.0, 0.0, 1.0, 0.0, 0.0, 1.0, 0.0], splits 0, ate 2.15e0/8.95e-1/2.01e-1/6.28e0, moves 44, 9.0 s
  secs: air 4.0, water 3.5, life 19.1, sums 1.2
year  57: land 21.3 C, rain 1927 mm, evap 1053, transp 687, to sea 185, land bio 0.836, cover 0.88/0.22, h 2.9, eaters 2.44e-4, burnt 6412, genotypes 82307/3917, leading 380, mutants 0.003, errs w 6e-14 A 3e-4 C 7e-15, 27.9 s
  life secs: accumulate 0.7, cells 7.4, fire 0.0, eaters 0.7, seeds 1.3
  bodies 3 (0.0% of land cells, 0% at sea), genotypes 3, births 26, deaths [1.0, 26.0, 0.0, 2.0, 0.0, 0.0, 0.0, 0.0], splits 0, ate 1.56e0/1.05e0/2.60e-1/5.98e0, moves 39, 9.0 s
  secs: air 4.0, water 3.5, life 19.2, sums 1.2
year  58: land 21.3 C, rain 1943 mm, evap 1053, transp 702, to sea 189, land bio 0.851, cover 0.88/0.22, h 2.9, eaters 2.77e-4, burnt 6812, genotypes 82920/3997, leading 375, mutants 0.003, errs w 7e-14 A 3e-4 C 5e-14, 28.0 s
  life secs: accumulate 0.7, cells 7.5, fire 0.0, eaters 0.7, seeds 1.3
  bodies 3 (0.0% of land cells, 0% at sea), genotypes 3, births 22, deaths [0.0, 22.0, 0.0, 0.0, 0.0, 0.0, 0.0, 0.0], splits 0, ate 1.53e0/1.12e0/2.65e-1/6.26e0, moves 26, 9.0 s
  secs: air 4.0, water 3.5, life 19.1, sums 1.2
year  59: land 21.3 C, rain 1900 mm, evap 1029, transp 682, to sea 190, land bio 0.842, cover 0.88/0.22, h 2.9, eaters 2.42e-4, burnt 8451, genotypes 84065/4005, leading 370, mutants 0.003, errs w 7e-14 A 3e-4 C 7e-14, 27.9 s
  life secs: accumulate 0.7, cells 7.4, fire 0.0, eaters 0.7, seeds 1.3
  bodies 1 (0.0% of land cells, 0% at sea), genotypes 1, births 6, deaths [0.0, 6.0, 0.0, 0.0, 0.0, 0.0, 2.0, 0.0], splits 0, ate 4.50e-1/3.15e-1/4.68e-2/2.21e0, moves 5, 9.0 s
  secs: air 4.0, water 3.5, life 19.2, sums 1.2
year  60: land 21.2 C, rain 1846 mm, evap 973, transp 692, to sea 190, land bio 0.839, cover 0.88/0.22, h 3.0, eaters 2.24e-4, burnt 9939, genotypes 85117/3954, leading 398, mutants 0.003, errs w 6e-14 A 2e-4 C 5e-14, 28.0 s
  life secs: accumulate 0.7, cells 7.5, fire 0.0, eaters 0.7, seeds 1.3
  bodies 1 (0.0% of land cells, 0% at sea), genotypes 1, births 0, deaths [0.0, 0.0, 0.0, 0.0, 0.0, 0.0, 0.0, 0.0], splits 0, ate 3.32e-1/3.69e-2/3.30e-2/1.43e0, moves 1, 8.9 s
  secs: air 4.0, water 3.5, life 19.0, sums 1.2
year  61: land 20.9 C, rain 1876 mm, evap 980, transp 706, to sea 183, land bio 0.864, cover 0.88/0.22, h 2.9, eaters 2.53e-4, burnt 8798, genotypes 85290/3960, leading 378, mutants 0.004, errs w 7e-14 A 2e-4 C 7e-14, 27.8 s
  life secs: accumulate 0.7, cells 7.4, fire 0.0, eaters 0.7, seeds 1.1
  bodies 1 (0.0% of land cells, 0% at sea), genotypes 1, births 0, deaths [0.0, 0.0, 0.0, 0.0, 0.0, 0.0, 0.0, 0.0], splits 0, ate 2.89e-1/2.22e-2/6.29e-2/5.49e-1, moves 2, 8.9 s
  secs: air 4.0, water 3.5, life 19.1, sums 1.2
year  62: land 21.0 C, rain 1918 mm, evap 1020, transp 719, to sea 179, land bio 0.866, cover 0.88/0.22, h 3.0, eaters 2.80e-4, burnt 8688, genotypes 85974/3818, leading 368, mutants 0.003, errs w 5e-14 A 2e-4 C 4e-14, 27.9 s
  life secs: accumulate 0.7, cells 7.4, fire 0.0, eaters 0.7, seeds 1.3
  bodies 1 (0.0% of land cells, 0% at sea), genotypes 1, births 0, deaths [0.0, 0.0, 0.0, 0.0, 0.0, 0.0, 0.0, 0.0], splits 0, ate 4.20e-1/1.05e-1/6.76e-2/1.29e0, moves 0, 8.9 s
  secs: air 4.0, water 3.5, life 19.0, sums 1.2
year  63: land 21.1 C, rain 1918 mm, evap 1028, transp 703, to sea 182, land bio 0.873, cover 0.88/0.22, h 3.0, eaters 2.58e-4, burnt 7924, genotypes 87041/3720, leading 369, mutants 0.004, errs w 6e-14 A 2e-4 C 2e-13, 27.8 s
  life secs: accumulate 0.7, cells 7.4, fire 0.0, eaters 0.7, seeds 1.3
  bodies 1 (0.0% of land cells, 0% at sea), genotypes 1, births 0, deaths [0.0, 0.0, 0.0, 0.0, 0.0, 0.0, 0.0, 0.0], splits 0, ate 6.10e-1/5.40e-2/6.29e-2/1.16e0, moves 1, 8.9 s
  secs: air 4.0, water 3.5, life 19.0, sums 1.2
year  64: land 21.4 C, rain 1916 mm, evap 1042, transp 693, to sea 183, land bio 0.880, cover 0.89/0.22, h 2.9, eaters 2.94e-4, burnt 8087, genotypes 87938/3779, leading 363, mutants 0.004, errs w 7e-14 A 2e-4 C 4e-14, 27.8 s
  life secs: accumulate 0.7, cells 7.3, fire 0.0, eaters 0.7, seeds 1.3
  bodies 0 (0.0% of land cells, 0% at sea), genotypes 0, births 0, deaths [0.0, 0.0, 0.0, 0.0, 0.0, 0.0, 1.0, 0.0], splits 0, ate 1.64e-1/4.55e-2/1.12e-2/1.36e0, moves 0, 8.9 s
  secs: air 4.0, water 3.5, life 19.0, sums 1.2
year  65: land 21.4 C, rain 1920 mm, evap 1031, transp 692, to sea 192, land bio 0.882, cover 0.89/0.22, h 2.9, eaters 2.83e-4, burnt 8309, genotypes 89030/3870, leading 354, mutants 0.004, errs w 9e-14 A 2e-4 C 4e-15, 27.8 s
  life secs: accumulate 0.7, cells 7.4, fire 0.0, eaters 0.7, seeds 1.3
  bodies 0 (0.0% of land cells, 0% at sea), genotypes 0, births 0, deaths [0.0, 0.0, 0.0, 0.0, 0.0, 0.0, 0.0, 0.0], splits 0, ate 0.00e0/0.00e0/0.00e0/0.00e0, moves 0, 8.9 s
  secs: air 4.0, water 3.5, life 19.0, sums 1.2
year  66: land 21.3 C, rain 1927 mm, evap 1037, transp 693, to sea 201, land bio 0.880, cover 0.89/0.22, h 2.9, eaters 2.81e-4, burnt 8973, genotypes 89711/3758, leading 355, mutants 0.004, errs w 6e-14 A 2e-4 C 1e-13, 27.8 s
  life secs: accumulate 0.7, cells 7.4, fire 0.0, eaters 0.7, seeds 1.3
  bodies 0 (0.0% of land cells, 0% at sea), genotypes 0, births 0, deaths [0.0, 0.0, 0.0, 0.0, 0.0, 0.0, 0.0, 0.0], splits 0, ate 0.00e0/0.00e0/0.00e0/0.00e0, moves 0, 8.9 s
  secs: air 4.0, water 3.5, life 19.1, sums 1.2
year  67: land 21.2 C, rain 1894 mm, evap 1010, transp 679, to sea 202, land bio 0.878, cover 0.89/0.23, h 2.9, eaters 2.70e-4, burnt 10031, genotypes 90745/3744, leading 354, mutants 0.004, errs w 7e-14 A 2e-4 C 2e-14, 27.9 s
  life secs: accumulate 0.7, cells 7.4, fire 0.0, eaters 0.7, seeds 1.3
  bodies 0 (0.0% of land cells, 0% at sea), genotypes 0, births 0, deaths [0.0, 0.0, 0.0, 0.0, 0.0, 0.0, 0.0, 0.0], splits 0, ate 0.00e0/0.00e0/0.00e0/0.00e0, moves 0, 8.9 s
